D/MtpServer(  733): path: /storage/emulated/0/Download/Stuff/Battle/MattIdle.png parent: 8720 storageID: 00010001
D/MtpServer(  733): path: /storage/emulated/0/Download/Stuff/Battle/NOSEND parent: 8720 storageID: 00010001
D/MtpServer(  733): path: /storage/emulated/0/Download/Stuff/Battle/NOSEND/EnemyTestAttack1.png parent: 8724 storageID: 00010001
D/dalvikvm(  733): GC_FOR_ALLOC freed 367K, 8% free 7959K/8588K, paused 20ms, total 20ms
D/dalvikvm(  516): GC_EXPLICIT freed 118K, 11% free 16341K/18200K, paused 3ms+6ms, total 81ms
D/MtpServer(  733): path: /storage/emulated/0/Download/Stuff/Battle/NOSEND/EnemyTestAttack2.png parent: 8724 storageID: 00010001
D/MtpServer(  733): path: /storage/emulated/0/Download/Stuff/Battle/NOSEND/Swing_Frame_1.png parent: 8724 storageID: 00010001
D/MtpServer(  733): path: /storage/emulated/0/Download/Stuff/Battle/NOSEND/Swing_Frame_2.png parent: 8724 storageID: 00010001
D/MtpServer(  733): path: /storage/emulated/0/Download/Stuff/Battle/NOSEND/Swing_Frame_3.png parent: 8724 storageID: 00010001
D/dalvikvm(  733): GC_FOR_ALLOC freed 331K, 8% free 7932K/8588K, paused 17ms, total 17ms
D/MtpServer(  733): path: /storage/emulated/0/Download/Stuff/Battle/NOSEND/Swing_Frame_4.png parent: 8724 storageID: 00010001
D/FileLister( 2967): listFiles() called with: path = [/sdcard/Android/data]
D/MtpServer(  733): path: /storage/emulated/0/Download/Stuff/Battle/NOSEND/Swing_Frame_5.png parent: 8724 storageID: 00010001
D/dalvikvm( 2967): GC_CONCURRENT freed 775K, 9% free 10710K/11664K, paused 4ms+4ms, total 53ms
D/dalvikvm( 2967): WAIT_FOR_CONCURRENT_GC blocked 22ms
D/dalvikvm( 2967): WAIT_FOR_CONCURRENT_GC blocked 20ms
D/dalvikvm( 2967): WAIT_FOR_CONCURRENT_GC blocked 19ms
D/dalvikvm( 2967): WAIT_FOR_CONCURRENT_GC blocked 17ms
D/dalvikvm( 2967): WAIT_FOR_CONCURRENT_GC blocked 20ms
D/MtpServer(  733): path: /storage/emulated/0/Download/Stuff/Battle/NOSEND/TstGuy2ATK1.png parent: 8724 storageID: 00010001
D/MtpServer(  733): path: /storage/emulated/0/Download/Stuff/Battle/NOSEND/TstGuy2ATK2.png parent: 8724 storageID: 00010001
D/dalvikvm( 2967): GC_FOR_ALLOC freed 625K, 11% free 10576K/11776K, paused 33ms, total 33ms
D/dalvikvm(  733): GC_FOR_ALLOC freed 307K, 8% free 7929K/8588K, paused 36ms, total 36ms
D/dalvikvm(  516): GC_EXPLICIT freed 117K, 11% free 16341K/18200K, paused 9ms+8ms, total 107ms
D/MtpServer(  733): path: /storage/emulated/0/Download/Stuff/Battle/PlayerAttack.png parent: 8720 storageID: 00010001
D/MtpServer(  733): path: /storage/emulated/0/Download/Stuff/Battle/PlayerIdle.png parent: 8720 storageID: 00010001
D/MtpServer(  733): path: /storage/emulated/0/Download/Stuff/Battle/TestEnemyAttack.png parent: 8720 storageID: 00010001
D/MtpServer(  733): path: /storage/emulated/0/Download/Stuff/Battle/TestMemberAttack.png parent: 8720 storageID: 00010001
D/dalvikvm(  733): GC_FOR_ALLOC freed 293K, 8% free 7933K/8588K, paused 19ms, total 19ms
D/MtpServer(  733): path: /storage/emulated/0/Download/Stuff/Battle/Win.png parent: 8720 storageID: 00010001
D/MtpServer(  733): path: /storage/emulated/0/Download/Stuff/BattleLua parent: 8716 storageID: 00010001
D/MtpServer(  733): path: /storage/emulated/0/Download/Stuff/BattleLua/Slime.lua parent: 8739 storageID: 00010001
D/MtpServer(  733): path: /storage/emulated/0/Download/Stuff/BattleLua/Snowman.lua parent: 8739 storageID: 00010001
D/FileLister( 2967): listFiles() called with: path = [/sdcard/Android]
D/MtpServer(  733): path: /storage/emulated/0/Download/Stuff/BattleLua/TestEnemy.lua parent: 8739 storageID: 00010001
D/dalvikvm(  516): GC_EXPLICIT freed 118K, 11% free 16341K/18200K, paused 4ms+7ms, total 100ms
D/MtpServer(  733): path: /storage/emulated/0/Download/Stuff/Enemies parent: 8716 storageID: 00010001
D/MtpServer(  733): path: /storage/emulated/0/Download/Stuff/Enemies/AngryTree.png parent: 8743 storageID: 00010001
D/dalvikvm(  733): GC_CONCURRENT freed 344K, 8% free 7983K/8588K, paused 3ms+2ms, total 25ms
D/MtpServer(  733): path: /storage/emulated/0/Download/Stuff/Enemies/AngryTreeAttack.png parent: 8743 storageID: 00010001
D/MtpServer(  733): path: /storage/emulated/0/Download/Stuff/Enemies/BigFoot.png parent: 8743 storageID: 00010001
D/MtpServer(  733): path: /storage/emulated/0/Download/Stuff/Enemies/BigFootAttack.png parent: 8743 storageID: 00010001
D/FileLister( 2967): listFiles() called with: path = [/sdcard/Android/data]
D/MtpServer(  733): path: /storage/emulated/0/Download/Stuff/Enemies/BlueBigFoot.png parent: 8743 storageID: 00010001
D/dalvikvm( 2967): GC_FOR_ALLOC freed 845K, 11% free 10571K/11776K, paused 37ms, total 37ms
D/MtpServer(  733): path: /storage/emulated/0/Download/Stuff/Enemies/BlueBigFootAttack.png parent: 8743 storageID: 00010001
D/dalvikvm(  733): GC_FOR_ALLOC freed 373K, 8% free 7938K/8588K, paused 18ms, total 18ms
D/MtpServer(  733): path: /storage/emulated/0/Download/Stuff/Enemies/Nameless.png parent: 8743 storageID: 00010001
D/dalvikvm(  516): GC_EXPLICIT freed 129K, 11% free 16347K/18200K, paused 8ms+6ms, total 88ms
D/MtpServer(  733): path: /storage/emulated/0/Download/Stuff/Enemies/NamelessAttack.png parent: 8743 storageID: 00010001
D/MtpServer(  733): path: /storage/emulated/0/Download/Stuff/Enemies/Slime.png parent: 8743 storageID: 00010001
D/MtpServer(  733): path: /storage/emulated/0/Download/Stuff/Enemies/SlimeAttack.png parent: 8743 storageID: 00010001
D/dalvikvm(  733): GC_FOR_ALLOC freed 302K, 8% free 7932K/8588K, paused 17ms, total 17ms
D/MtpServer(  733): path: /storage/emulated/0/Download/Stuff/Enemies/Snowman.png parent: 8743 storageID: 00010001
D/MtpServer(  733): path: /storage/emulated/0/Download/Stuff/Enemies/SnowmanAttack.png parent: 8743 storageID: 00010001
D/MtpServer(  733): path: /storage/emulated/0/Download/Stuff/Font.png parent: 8716 storageID: 00010001
D/MtpServer(  733): path: /storage/emulated/0/Download/Stuff/Happy.lua parent: 8716 storageID: 00010001
D/MtpServer(  733): path: /storage/emulated/0/Download/Stuff/ItemIcon.png parent: 8716 storageID: 00010001
D/dalvikvm(  733): GC_FOR_ALLOC freed 321K, 8% free 7943K/8588K, paused 18ms, total 18ms
D/FileLister( 2967): listFiles() called with: path = [/sdcard/Android]
D/MtpServer(  733): path: /storage/emulated/0/Download/Stuff/LiberationSans-Regular.ttf parent: 8716 storageID: 00010001
D/dalvikvm(  516): GC_EXPLICIT freed 120K, 11% free 16347K/18200K, paused 4ms+8ms, total 109ms
D/MtpServer(  733): path: /storage/emulated/0/Download/Stuff/MagicIcon.png parent: 8716 storageID: 00010001
D/MtpServer(  733): path: /storage/emulated/0/Download/Stuff/Maps parent: 8716 storageID: 00010001
D/MtpServer(  733): path: /storage/emulated/0/Download/Stuff/Maps/BigFootChamber parent: 8761 storageID: 00010001
D/MtpServer(  733): path: /storage/emulated/0/Download/Stuff/Maps/BigFootChamber.lua parent: 8761 storageID: 00010001
D/MtpServer(  733): path: /storage/emulated/0/Download/Stuff/Maps/BigFootLand parent: 8761 storageID: 00010001
D/MtpServer(  733): path: /storage/emulated/0/Download/Stuff/Maps/BigFootLand.lua parent: 8761 storageID: 00010001
D/MtpServer(  733): path: /storage/emulated/0/Download/Stuff/Maps/NathansHouse parent: 8761 storageID: 00010001
D/dalvikvm(  733): GC_CONCURRENT freed 340K, 7% free 7998K/8588K, paused 2ms+5ms, total 30ms
D/FileLister( 2967): listFiles() called with: path = [/sdcard]
D/MtpServer(  733): path: /storage/emulated/0/Download/Stuff/Maps/NathansHouse.lua parent: 8761 storageID: 00010001
D/MtpServer(  733): path: /storage/emulated/0/Download/Stuff/Maps/SnowLand parent: 8761 storageID: 00010001
D/dalvikvm(  516): GC_EXPLICIT freed 115K, 11% free 16347K/18200K, paused 4ms+7ms, total 95ms
D/MtpServer(  733): path: /storage/emulated/0/Download/Stuff/Maps/SnowLand.lua parent: 8761 storageID: 00010001
D/MtpServer(  733): path: /storage/emulated/0/Download/Stuff/Maps/StartTown parent: 8761 storageID: 00010001
D/MtpServer(  733): path: /storage/emulated/0/Download/Stuff/Maps/StartTown.lua parent: 8761 storageID: 00010001
D/MtpServer(  733): path: /storage/emulated/0/Download/Stuff/Maps/TestLand parent: 8761 storageID: 00010001
D/MtpServer(  733): path: /storage/emulated/0/Download/Stuff/Maps/TestLand.lua parent: 8761 storageID: 00010001
D/MtpServer(  733): path: /storage/emulated/0/Download/Stuff/No.png parent: 8716 storageID: 00010001
D/MtpServer(  733): path: /storage/emulated/0/Download/Stuff/PlayerDown.png parent: 8716 storageID: 00010001
I/Ads     ( 2967): Starting ad request.
I/Ads     ( 2967): Use AdRequest.Builder.addTestDevice("418720CE84D4C561FD15D476322C15AB") to get test ads on this device.
W/Ads     ( 1072): App does not have the required permissions to get location
D/dalvikvm(  733): GC_CONCURRENT freed 391K, 7% free 8022K/8588K, paused 3ms+6ms, total 72ms
W/Herrevad( 1072): [78] pss.b: Invalid mccmnc 
W/Herrevad( 1072): [78] pss.b: Invalid mccmnc 
D/MtpServer(  733): path: /storage/emulated/0/Download/Stuff/PlayerLeft.png parent: 8716 storageID: 00010001
D/FileLister( 2967): listFiles() called with: path = [/sdcard/Download]
D/dalvikvm(  516): GC_EXPLICIT freed 175K, 11% free 16357K/18200K, paused 6ms+10ms, total 148ms
D/MtpServer(  733): path: /storage/emulated/0/Download/Stuff/PlayerRight.png parent: 8716 storageID: 00010001
D/MtpServer(  733): path: /storage/emulated/0/Download/Stuff/PlayerUp.png parent: 8716 storageID: 00010001
I/Ads     ( 2967): Trying mediation network: 
I/Ads     ( 2967): Instantiating mediation adapter: com.google.DummyAdapter
I/Ads     ( 2967): No fill from any mediation ad networks.
I/Ads     ( 2967): Scheduling ad refresh 30000 milliseconds from now.
W/Ads     ( 2967): Failed to load ad: 3
I/Ad      ( 2967): Failed to receive admob ad. ErrorCode: 3
I/Ad      ( 2967): setDefaultAd
D/dalvikvm( 2967): GC_CONCURRENT freed 1016K, 11% free 10485K/11768K, paused 3ms+4ms, total 51ms
D/MtpServer(  733): path: /storage/emulated/0/Download/Stuff/Portraits parent: 8716 storageID: 00010001
D/MtpServer(  733): path: /storage/emulated/0/Download/Stuff/Portraits/AngryBasicMan.png parent: 8779 storageID: 00010001
D/dalvikvm(  733): GC_FOR_ALLOC freed 373K, 8% free 7947K/8588K, paused 17ms, total 17ms
D/MtpServer(  733): path: /storage/emulated/0/Download/Stuff/Portraits/AngryTree.png parent: 8779 storageID: 00010001
D/MtpServer(  733): path: /storage/emulated/0/Download/Stuff/Portraits/BasicMan.png parent: 8779 storageID: 00010001
D/MtpServer(  733): path: /storage/emulated/0/Download/Stuff/Portraits/BigFoot.png parent: 8779 storageID: 00010001
D/MtpServer(  733): path: /storage/emulated/0/Download/Stuff/Portraits/BigFootBlue.png parent: 8779 storageID: 00010001
D/dalvikvm(  733): GC_FOR_ALLOC freed 340K, 8% free 7938K/8588K, paused 16ms, total 16ms
D/dalvikvm(  516): GC_EXPLICIT freed 118K, 11% free 16358K/18200K, paused 3ms+8ms, total 84ms
D/MtpServer(  733): path: /storage/emulated/0/Download/Stuff/Portraits/BigFootDead.png parent: 8779 storageID: 00010001
D/MtpServer(  733): path: /storage/emulated/0/Download/Stuff/Portraits/BigFootPack.png parent: 8779 storageID: 00010001
D/MtpServer(  733): path: /storage/emulated/0/Download/Stuff/Portraits/BigFootSurprised.png parent: 8779 storageID: 00010001
D/MtpServer(  733): path: /storage/emulated/0/Download/Stuff/Portraits/BigFoot_Base.png parent: 8779 storageID: 00010001
D/dalvikvm(  733): GC_CONCURRENT freed 354K, 8% free 7973K/8588K, paused 6ms+2ms, total 28ms
D/MtpServer(  733): path: /storage/emulated/0/Download/Stuff/Portraits/Chair.png parent: 8779 storageID: 00010001
D/MtpServer(  733): path: /storage/emulated/0/Download/Stuff/Portraits/ChestMan.png parent: 8779 storageID: 00010001
D/dalvikvm(  516): GC_EXPLICIT freed 126K, 11% free 16363K/18200K, paused 3ms+7ms, total 83ms
D/MtpServer(  733): path: /storage/emulated/0/Download/Stuff/Portraits/Flower.png parent: 8779 storageID: 00010001
D/MtpServer(  733): path: /storage/emulated/0/Download/Stuff/Portraits/HurtBasicMan.png parent: 8779 storageID: 00010001
D/dalvikvm(  733): GC_CONCURRENT freed 400K, 8% free 7966K/8588K, paused 4ms+3ms, total 33ms
D/dalvikvm(  733): WAIT_FOR_CONCURRENT_GC blocked 12ms
D/MtpServer(  733): path: /storage/emulated/0/Download/Stuff/Portraits/Lump.png parent: 8779 storageID: 00010001
D/MtpServer(  733): path: /storage/emulated/0/Download/Stuff/Portraits/Matt.png parent: 8779 storageID: 00010001
D/MtpServer(  733): path: /storage/emulated/0/Download/Stuff/Portraits/Note.png parent: 8779 storageID: 00010001
D/MtpServer(  733): path: /storage/emulated/0/Download/Stuff/Portraits/Player.png parent: 8779 storageID: 00010001
D/dalvikvm(  733): GC_FOR_ALLOC freed 383K, 8% free 7962K/8588K, paused 19ms, total 19ms
D/dalvikvm(  516): GC_EXPLICIT freed 115K, 11% free 16363K/18200K, paused 3ms+6ms, total 89ms
D/MtpServer(  733): path: /storage/emulated/0/Download/Stuff/Portraits/PlayerAngry.png parent: 8779 storageID: 00010001
D/MtpServer(  733): path: /storage/emulated/0/Download/Stuff/Portraits/PlayerEat.png parent: 8779 storageID: 00010001
D/MtpServer(  733): path: /storage/emulated/0/Download/Stuff/Portraits/PlayerSad.png parent: 8779 storageID: 00010001
D/dalvikvm( 1072): GC_EXPLICIT freed 1020K, 13% free 13195K/15140K, paused 6ms+7ms, total 70ms
D/MtpServer(  733): path: /storage/emulated/0/Download/Stuff/Portraits/PlayerSurprised.png parent: 8779 storageID: 00010001
D/dalvikvm(  733): GC_FOR_ALLOC freed 374K, 8% free 7968K/8588K, paused 18ms, total 18ms
D/MtpServer(  733): path: /storage/emulated/0/Download/Stuff/Portraits/Sign.png parent: 8779 storageID: 00010001
D/MtpServer(  733): path: /storage/emulated/0/Download/Stuff/Portraits/SmileyFace.png parent: 8779 storageID: 00010001
D/dalvikvm(  516): GC_EXPLICIT freed 107K, 11% free 16364K/18200K, paused 4ms+6ms, total 94ms
D/MtpServer(  733): path: /storage/emulated/0/Download/Stuff/Portraits/ThumbsDown.png parent: 8779 storageID: 00010001
D/MtpServer(  733): path: /storage/emulated/0/Download/Stuff/Portraits/WaterBottle.png parent: 8779 storageID: 00010001
D/dalvikvm(  733): GC_CONCURRENT freed 385K, 8% free 7970K/8588K, paused 2ms+3ms, total 22ms
D/MtpServer(  733): path: /storage/emulated/0/Download/Stuff/RunIcon.png parent: 8716 storageID: 00010001
D/MtpServer(  733): path: /storage/emulated/0/Download/Stuff/Selector - Copy.png parent: 8716 storageID: 00010001
D/MtpServer(  733): path: /storage/emulated/0/Download/Stuff/Selector.png parent: 8716 storageID: 00010001
D/MtpServer(  733): path: /storage/emulated/0/Download/Stuff/Spell parent: 8716 storageID: 00010001
D/dalvikvm(  733): GC_CONCURRENT freed 392K, 8% free 7978K/8588K, paused 3ms+3ms, total 30ms
D/dalvikvm(  516): GC_EXPLICIT freed 114K, 11% free 16360K/18200K, paused 3ms+6ms, total 77ms
D/MtpServer(  733): path: /storage/emulated/0/Download/Stuff/Spell/BigHeal.png parent: 8808 storageID: 00010001
D/MtpServer(  733): path: /storage/emulated/0/Download/Stuff/Spell/CarrotDrill.png parent: 8808 storageID: 00010001
D/MtpServer(  733): path: /storage/emulated/0/Download/Stuff/Spell/DrinkWater.png parent: 8808 storageID: 00010001
D/MtpServer(  733): path: /storage/emulated/0/Download/Stuff/Spell/Heal.png parent: 8808 storageID: 00010001
D/MtpServer(  733): path: /storage/emulated/0/Download/Stuff/Spell/Ice.png parent: 8808 storageID: 00010001
D/dalvikvm(  733): GC_CONCURRENT freed 398K, 8% free 7981K/8588K, paused 5ms+3ms, total 41ms
D/MtpServer(  733): path: /storage/emulated/0/Download/Stuff/Spell/ThrowTree.png parent: 8808 storageID: 00010001
D/MtpServer(  733): path: /storage/emulated/0/Download/Stuff/test parent: 8716 storageID: 00010001
D/dalvikvm(  516): GC_EXPLICIT freed 115K, 11% free 16359K/18200K, paused 4ms+6ms, total 79ms
D/MtpServer(  733): path: /storage/emulated/0/Download/Stuff/test.lua parent: 8716 storageID: 00010001
D/MtpServer(  733): path: /storage/emulated/0/Download/Stuff/testObject.png parent: 8716 storageID: 00010001
D/MtpServer(  733): path: /storage/emulated/0/Download/Stuff/Tilde parent: 8716 storageID: 00010001
D/dalvikvm(  733): GC_CONCURRENT freed 382K, 8% free 7986K/8588K, paused 2ms+4ms, total 29ms
D/MtpServer(  733): path: /storage/emulated/0/Download/Stuff/Tilde/a.png parent: 8818 storageID: 00010001
D/MtpServer(  733): path: /storage/emulated/0/Download/Stuff/Tilde/e.png parent: 8818 storageID: 00010001
D/MtpServer(  733): path: /storage/emulated/0/Download/Stuff/Tilde/EsclimationPoint.png parent: 8818 storageID: 00010001
D/dalvikvm(  516): GC_EXPLICIT freed 109K, 11% free 16360K/18200K, paused 3ms+6ms, total 80ms
D/MtpServer(  733): path: /storage/emulated/0/Download/Stuff/Tilde/i.png parent: 8818 storageID: 00010001
D/dalvikvm(  733): GC_CONCURRENT freed 395K, 7% free 7991K/8588K, paused 4ms+3ms, total 26ms
D/MtpServer(  733): path: /storage/emulated/0/Download/Stuff/Tilde/n.png parent: 8818 storageID: 00010001
D/MtpServer(  733): path: /storage/emulated/0/Download/Stuff/Tilde/o.png parent: 8818 storageID: 00010001
D/dalvikvm( 1072): GC_EXPLICIT freed 593K, 13% free 13183K/15140K, paused 6ms+9ms, total 72ms
D/MtpServer(  733): path: /storage/emulated/0/Download/Stuff/Tilde/QuestionMark.png parent: 8818 storageID: 00010001
D/MtpServer(  733): path: /storage/emulated/0/Download/Stuff/Tilde/u.png parent: 8818 storageID: 00010001
D/dalvikvm(  733): GC_FOR_ALLOC freed 374K, 8% free 7964K/8588K, paused 24ms, total 24ms
D/MtpServer(  733): path: /storage/emulated/0/Download/Stuff/Tilesets parent: 8716 storageID: 00010001
D/MtpServer(  733): path: /storage/emulated/0/Download/Stuff/Tilesets/BigFootChamber.png parent: 8827 storageID: 00010001
D/dalvikvm(  516): GC_EXPLICIT freed 106K, 11% free 16361K/18200K, paused 4ms+6ms, total 82ms
D/MtpServer(  733): path: /storage/emulated/0/Download/Stuff/Tilesets/BigFootLand.png parent: 8827 storageID: 00010001
D/MtpServer(  733): path: /storage/emulated/0/Download/Stuff/Tilesets/Inside1.png parent: 8827 storageID: 00010001
D/dalvikvm(  733): GC_CONCURRENT freed 371K, 7% free 7990K/8588K, paused 1ms+2ms, total 24ms
D/MtpServer(  733): path: /storage/emulated/0/Download/Stuff/Tilesets/SnowyTilesetA.png parent: 8827 storageID: 00010001
D/MtpServer(  733): path: /storage/emulated/0/Download/Stuff/Tilesets/TestLand.png parent: 8827 storageID: 00010001
D/MtpServer(  733): path: /storage/emulated/0/Download/Stuff/Tilesets/Town1.png parent: 8827 storageID: 00010001
D/MtpServer(  733): path: /storage/emulated/0/Download/Stuff/Title.png parent: 8716 storageID: 00010001
D/dalvikvm(  516): GC_EXPLICIT freed 138K, 11% free 16352K/18200K, paused 3ms+6ms, total 80ms
D/dalvikvm(  733): GC_CONCURRENT freed 411K, 8% free 7979K/8588K, paused 2ms+4ms, total 24ms
D/MtpServer(  733): path: /storage/emulated/0/Download/Stuff/Yes.png parent: 8716 storageID: 00010001
D/MtpServer(  733): path: /storage/emulated/0/Download/OtherStuff parent: 16 storageID: 00010001
D/MtpServer(  733): path: /storage/emulated/0/Download/OtherStuff/LICENSE AND CREDITS parent: 8836 storageID: 00010001
D/MtpServer(  733): path: /storage/emulated/0/Download/OtherStuff/LICENSE AND CREDITS/CREDITS.txt parent: 8837 storageID: 00010001
D/MtpServer(  733): path: /storage/emulated/0/Download/OtherStuff/LICENSE AND CREDITS/Libvita2d_License.txt parent: 8837 storageID: 00010001
D/MtpServer(  733): path: /storage/emulated/0/Download/OtherStuff/LICENSE AND CREDITS/Lua_License.txt parent: 8837 storageID: 00010001
D/dalvikvm(  733): GC_CONCURRENT freed 370K, 7% free 8000K/8588K, paused 1ms+3ms, total 21ms
D/dalvikvm(  516): GC_EXPLICIT freed 106K, 11% free 16352K/18200K, paused 3ms+6ms, total 84ms
D/MtpServer(  733): path: /storage/emulated/0/Download/OtherStuff/Splash.png parent: 8836 storageID: 00010001
D/dalvikvm( 1072): GC_EXPLICIT freed 588K, 14% free 13167K/15140K, paused 5ms+7ms, total 64ms
D/dalvikvm(  733): GC_CONCURRENT freed 375K, 7% free 8009K/8588K, paused 1ms+3ms, total 22ms
D/dalvikvm(  516): GC_EXPLICIT freed 95K, 11% free 16353K/18200K, paused 3ms+6ms, total 83ms
D/FileLister( 2967): listFiles() called with: path = [/sdcard]
D/dalvikvm( 2039): GC_CONCURRENT freed 1323K, 11% free 12110K/13524K, paused 11ms+8ms, total 94ms
D/dalvikvm(  873): GC_CONCURRENT freed 900K, 20% free 10195K/12604K, paused 4ms+3ms, total 50ms
D/FileLister( 2967): listFiles() called with: path = [/sdcard/Download]
I/VacuumService(  759): Vacuum at: now=1500777991777 tag=VacuumService
D/dalvikvm( 1072): GC_EXPLICIT freed 753K, 13% free 13190K/15140K, paused 9ms+15ms, total 116ms
D/dalvikvm(  733): GC_EXPLICIT freed 354K, 7% free 7997K/8588K, paused 4ms+4ms, total 32ms
D/dalvikvm(  516): GC_EXPLICIT freed 312K, 11% free 16376K/18200K, paused 2ms+6ms, total 113ms
D/dalvikvm( 2967): GC_CONCURRENT freed 571K, 9% free 10748K/11728K, paused 4ms+4ms, total 57ms
D/dalvikvm(  873): GC_CONCURRENT freed 727K, 19% free 10286K/12604K, paused 4ms+4ms, total 49ms
I/iu.UploadsManager( 1072): End new media; added: 98, uploading: 0, time: 14621 ms
I/ActivityManager(  516): Start proc com.google.android.gms.unstable for service com.google.android.gms/.droidguard.DroidGuardService: pid=3538 uid=10008 gids={50008, 3003, 1007, 1028, 1015, 3002, 3001, 3007, 2001, 3006}
W/dalvikvm( 3538): VFY: unable to resolve static field 819 (PR_SET_DUMPABLE) in Landroid/system/OsConstants;
D/dalvikvm( 3538): VFY: replacing opcode 0x60 at 0x0009
I/dalvikvm( 3538): Could not find method android.os.PowerManager.isInteractive, referenced from method iip.a
W/dalvikvm( 3538): VFY: unable to resolve virtual method 2825: Landroid/os/PowerManager;.isInteractive ()Z
D/dalvikvm( 3538): VFY: replacing opcode 0x6e at 0x0012
I/dalvikvm( 3538): Could not find method android.content.ContextWrapper.createCredentialProtectedStorageContext, referenced from method com.google.android.chimera.ModuleContext.createCredentialProtectedStorageContext
W/dalvikvm( 3538): VFY: unable to resolve virtual method 2291: Landroid/content/ContextWrapper;.createCredentialProtectedStorageContext ()Landroid/content/Context;
D/dalvikvm( 3538): VFY: replacing opcode 0x6f at 0x0002
I/dalvikvm( 3538): Could not find method android.content.ContextWrapper.createDeviceProtectedStorageContext, referenced from method com.google.android.chimera.ModuleContext.createDeviceProtectedStorageContext
W/dalvikvm( 3538): VFY: unable to resolve virtual method 2292: Landroid/content/ContextWrapper;.createDeviceProtectedStorageContext ()Landroid/content/Context;
D/dalvikvm( 3538): VFY: replacing opcode 0x6f at 0x0002
I/dalvikvm( 3538): Could not find method android.content.Context.isCredentialProtectedStorage, referenced from method bvv.a
W/dalvikvm( 3538): VFY: unable to resolve virtual method 2271: Landroid/content/Context;.isCredentialProtectedStorage ()Z
D/dalvikvm( 3538): VFY: replacing opcode 0x6e at 0x0000
I/dalvikvm( 3538): Could not find method android.os.UserManager.isUserUnlocked, referenced from method bvv.a
W/dalvikvm( 3538): VFY: unable to resolve virtual method 2867: Landroid/os/UserManager;.isUserUnlocked ()Z
D/dalvikvm( 3538): VFY: replacing opcode 0x6e at 0x001a
I/dalvikvm( 3538): Could not find method android.content.Context.isDeviceProtectedStorage, referenced from method bvv.b
W/dalvikvm( 3538): VFY: unable to resolve virtual method 2272: Landroid/content/Context;.isDeviceProtectedStorage ()Z
D/dalvikvm( 3538): VFY: replacing opcode 0x6e at 0x0000
I/dalvikvm( 3538): Could not find method android.content.Context.isDeviceProtectedStorage, referenced from method bvv.c
W/dalvikvm( 3538): VFY: unable to resolve virtual method 2272: Landroid/content/Context;.isDeviceProtectedStorage ()Z
D/dalvikvm( 3538): VFY: replacing opcode 0x6e at 0x0000
I/MultiDex( 3538): VM with version 1.6.0 does not have multidex support
I/MultiDex( 3538): install
I/MultiDex( 3538): MultiDexExtractor.load(/data/app/com.google.android.gms-1.apk, false)
I/MultiDex( 3538): Blocking on lock /data/data/com.google.android.gms/code_cache/secondary-dexes/MultiDex.lock
I/MultiDex( 3538): /data/data/com.google.android.gms/code_cache/secondary-dexes/MultiDex.lock locked
I/MultiDex( 3538): loading existing secondary dex files
I/MultiDex( 3538): load found 3 secondary dex files
I/MultiDex( 3538): install done
I/dalvikvm( 3538): Could not find method android.content.Context.isDeviceProtectedStorage, referenced from method jdo.d
W/dalvikvm( 3538): VFY: unable to resolve virtual method 2272: Landroid/content/Context;.isDeviceProtectedStorage ()Z
D/dalvikvm( 3538): VFY: replacing opcode 0x6e at 0x0006
I/dalvikvm( 3538): Could not find method android.os.UserHandle.isOwner, referenced from method jdo.i
W/dalvikvm( 3538): VFY: unable to resolve virtual method 2860: Landroid/os/UserHandle;.isOwner ()Z
D/dalvikvm( 3538): VFY: replacing opcode 0x6e at 0x000a
I/dalvikvm( 3538): Could not find method android.content.ContextWrapper.createCredentialProtectedStorageContext, referenced from method ivs.createCredentialProtectedStorageContext
W/dalvikvm( 3538): VFY: unable to resolve virtual method 2291: Landroid/content/ContextWrapper;.createCredentialProtectedStorageContext ()Landroid/content/Context;
D/dalvikvm( 3538): VFY: replacing opcode 0x6f at 0x0002
I/dalvikvm( 3538): Could not find method android.content.ContextWrapper.createDeviceProtectedStorageContext, referenced from method ivs.createDeviceProtectedStorageContext
W/dalvikvm( 3538): VFY: unable to resolve virtual method 2292: Landroid/content/ContextWrapper;.createDeviceProtectedStorageContext ()Landroid/content/Context;
D/dalvikvm( 3538): VFY: replacing opcode 0x6f at 0x0002
D/dalvikvm( 3538): DexOpt: couldn't find static field Landroid/os/Build;.SUPPORTED_ABIS
W/dalvikvm( 3538): VFY: unable to resolve static field 800 (SUPPORTED_ABIS) in Landroid/os/Build;
D/dalvikvm( 3538): VFY: replacing opcode 0x62 at 0x0008
D/dalvikvm( 3538): DexOpt: couldn't find static field Landroid/os/Build;.SUPPORTED_ABIS
W/dalvikvm( 3538): VFY: unable to resolve static field 800 (SUPPORTED_ABIS) in Landroid/os/Build;
D/dalvikvm( 3538): VFY: replacing opcode 0x62 at 0x0097
D/dalvikvm( 3538): DexOpt: couldn't find field Landroid/content/pm/ApplicationInfo;.splitSourceDirs
W/dalvikvm( 3538): VFY: unable to resolve instance field 728
D/dalvikvm( 3538): VFY: replacing opcode 0x54 at 0x0053
D/dalvikvm( 3538): DexOpt: couldn't find field Landroid/content/pm/ApplicationInfo;.splitSourceDirs
I/dalvikvm( 3538): DexOpt: unable to optimize instance field ref 0x02d8 at 0x57 in Ljfs;.d
D/dalvikvm( 3538): Trying to load lib /data/app-lib/com.google.android.gms-1/libgmscore.so 0x420166e8
D/dalvikvm( 3538): Added shared lib /data/app-lib/com.google.android.gms-1/libgmscore.so 0x420166e8
D/dalvikvm( 3538): No JNI_OnLoad found in /data/app-lib/com.google.android.gms-1/libgmscore.so 0x420166e8, skipping init
D/dalvikvm( 3538): Trying to load lib /data/app-lib/com.google.android.gms-1/libconscrypt_gmscore_jni.so 0x420166e8
D/dalvikvm( 3538): Added shared lib /data/app-lib/com.google.android.gms-1/libconscrypt_gmscore_jni.so 0x420166e8
V/NativeCrypto( 3538): Registering com/google/android/gms/org/conscrypt/NativeCrypto's 259 native methods...
E/dalvikvm( 3538): Could not find class 'javax.net.ssl.SNIServerName', referenced from method unj.a
W/dalvikvm( 3538): VFY: unable to resolve check-cast 3026 (Ljavax/net/ssl/SNIServerName;) in Lunj;
D/dalvikvm( 3538): VFY: replacing opcode 0x1f at 0x0025
W/dalvikvm( 3538): Unable to resolve superclass of Lcom/google/android/gms/org/conscrypt/OpenSSLExtendedSessionImpl; (3016)
W/dalvikvm( 3538): Link of class 'Lcom/google/android/gms/org/conscrypt/OpenSSLExtendedSessionImpl;' failed
E/dalvikvm( 3538): Could not find class 'com.google.android.gms.org.conscrypt.OpenSSLExtendedSessionImpl', referenced from method unj.a
W/dalvikvm( 3538): VFY: unable to resolve new-instance 1621 (Lcom/google/android/gms/org/conscrypt/OpenSSLExtendedSessionImpl;) in Lunj;
D/dalvikvm( 3538): VFY: replacing opcode 0x22 at 0x0007
W/dalvikvm( 3538): Unable to resolve superclass of Lcom/google/android/gms/org/conscrypt/OpenSSLExtendedSessionImpl; (3016)
W/dalvikvm( 3538): Link of class 'Lcom/google/android/gms/org/conscrypt/OpenSSLExtendedSessionImpl;' failed
E/dalvikvm( 3538): Could not find class 'com.google.android.gms.org.conscrypt.OpenSSLExtendedSessionImpl', referenced from method unj.a
W/dalvikvm( 3538): VFY: unable to resolve instanceof 1621 (Lcom/google/android/gms/org/conscrypt/OpenSSLExtendedSessionImpl;) in Lunj;
D/dalvikvm( 3538): VFY: replacing opcode 0x20 at 0x0007
I/ActivityManager(  516): Start proc com.google.android.videos for service com.google.android.videos/.service.drm.RefreshLicenseTaskService: pid=3560 uid=10071 gids={50071, 3003}
E/dalvikvm( 3538): Could not find class 'javax.net.ssl.SNIHostName', referenced from method unj.b
W/dalvikvm( 3538): VFY: unable to resolve new-instance 3025 (Ljavax/net/ssl/SNIHostName;) in Lunj;
D/dalvikvm( 3538): VFY: replacing opcode 0x22 at 0x002f
E/dalvikvm( 3538): Could not find class 'javax.net.ssl.SNIHostName', referenced from method unj.b
W/dalvikvm( 3538): VFY: unable to resolve new-instance 3025 (Ljavax/net/ssl/SNIHostName;) in Lunj;
D/dalvikvm( 3538): VFY: replacing opcode 0x22 at 0x002f
D/dalvikvm( 3538): GC_CONCURRENT freed 423K, 6% free 7697K/8156K, paused 3ms+2ms, total 30ms
D/dalvikvm( 3538): WAIT_FOR_CONCURRENT_GC blocked 8ms
W/dalvikvm( 3538): Unable to resolve superclass of Lcom/google/android/gms/org/conscrypt/OpenSSLExtendedSessionImpl; (3016)
W/dalvikvm( 3538): Link of class 'Lcom/google/android/gms/org/conscrypt/OpenSSLExtendedSessionImpl;' failed
D/dalvikvm( 3538): DexOpt: unable to opt direct call 0x234e at 0x09 in Lunj;.a
D/dalvikvm( 3538): DexOpt: unable to opt direct call 0x3c75 at 0x35 in Lunj;.b
D/dalvikvm( 3538): DexOpt: unable to opt direct call 0x3c75 at 0x35 in Lunj;.b
D/dalvikvm( 3538): Trying to load lib /data/app-lib/com.google.android.gms-1/libgmscore.so 0x420166e8
D/dalvikvm( 3538): Shared lib '/data/app-lib/com.google.android.gms-1/libgmscore.so' already loaded in same CL 0x420166e8
D/dalvikvm( 3538): GC_CONCURRENT freed 328K, 5% free 7878K/8244K, paused 9ms+3ms, total 48ms
D/dalvikvm( 3538): WAIT_FOR_CONCURRENT_GC blocked 18ms
D/dalvikvm( 3538): Trying to load lib /data/app-lib/com.google.android.gms-1/libconscrypt_gmscore_jni.so 0x420166e8
D/dalvikvm( 3538): Shared lib '/data/app-lib/com.google.android.gms-1/libconscrypt_gmscore_jni.so' already loaded in same CL 0x420166e8
W/View    ( 2967): requestLayout() improperly called by android.widget.TextView{422944a0 V.ED.... ......ID 1036,0-1195,18 #7f0d00a0 app:id/file_date} during layout: running second layout pass
W/View    ( 2967): requestLayout() improperly called by android.widget.TextView{42294750 V.ED.... ......ID 8,0-1031,18 #7f0d00a1 app:id/file_info} during layout: running second layout pass
I/ProviderInstaller( 3538): Installed default security provider GmsCore_OpenSSL
D/dalvikvm( 3538): GC_FOR_ALLOC freed 120K, 4% free 8063K/8364K, paused 37ms, total 38ms
D/dalvikvm( 3538): GC_CONCURRENT freed 88K, 2% free 8478K/8612K, paused 6ms+1ms, total 29ms
D/dalvikvm( 3538): WAIT_FOR_CONCURRENT_GC blocked 11ms
D/dalvikvm( 3538): WAIT_FOR_CONCURRENT_GC blocked 7ms
I/MultiDex( 3560): VM with version 1.6.0 does not have multidex support
I/MultiDex( 3560): install
I/MultiDex( 3560): MultiDexExtractor.load(/data/app/com.google.android.videos-1.apk, false)
D/dalvikvm( 3538): GC_CONCURRENT freed 78K, 2% free 8906K/9028K, paused 3ms+3ms, total 32ms
D/dalvikvm( 3538): WAIT_FOR_CONCURRENT_GC blocked 13ms
I/dalvikvm( 3538): Could not find method android.content.ContextWrapper.createCredentialProtectedStorageContext, referenced from method iii.createCredentialProtectedStorageContext
W/dalvikvm( 3538): VFY: unable to resolve virtual method 2291: Landroid/content/ContextWrapper;.createCredentialProtectedStorageContext ()Landroid/content/Context;
D/dalvikvm( 3538): VFY: replacing opcode 0x6f at 0x0002
I/dalvikvm( 3538): Could not find method android.content.ContextWrapper.createDeviceProtectedStorageContext, referenced from method iii.createDeviceProtectedStorageContext
W/dalvikvm( 3538): VFY: unable to resolve virtual method 2292: Landroid/content/ContextWrapper;.createDeviceProtectedStorageContext ()Landroid/content/Context;
D/dalvikvm( 3538): VFY: replacing opcode 0x6f at 0x0002
D/dalvikvm( 3538): WAIT_FOR_CONCURRENT_GC blocked 15ms
I/MultiDex( 3560): loading existing secondary dex files
I/MultiDex( 3560): load found 1 secondary dex files
I/dalvikvm( 3538): Could not find method android.content.pm.PackageManager.getPackageInstaller, referenced from method hzw.a
W/dalvikvm( 3538): VFY: unable to resolve virtual method 2385: Landroid/content/pm/PackageManager;.getPackageInstaller ()Landroid/content/pm/PackageInstaller;
D/dalvikvm( 3538): VFY: replacing opcode 0x6e at 0x001c
I/MultiDex( 3560): install done
I/dalvikvm( 3560): Could not find method android.view.Display.getMode, referenced from method com.google.android.videos.service.config.GservicesConfig.getDisplaySize
W/dalvikvm( 3560): VFY: unable to resolve virtual method 17609: Landroid/view/Display;.getMode ()Landroid/view/Display$Mode;
D/dalvikvm( 3560): VFY: replacing opcode 0x6e at 0x000b
D/dalvikvm( 3538): GC_CONCURRENT freed 297K, 4% free 9119K/9456K, paused 4ms+3ms, total 33ms
D/dalvikvm( 3538): WAIT_FOR_CONCURRENT_GC blocked 10ms
D/dalvikvm( 3538): WAIT_FOR_CONCURRENT_GC blocked 10ms
I/dalvikvm( 3560): Could not find method android.app.admin.DevicePolicyManager.isLockTaskPermitted, referenced from method com.google.android.videos.service.config.GservicesConfig.isScreenLockDirectV21
W/dalvikvm( 3560): VFY: unable to resolve virtual method 543: Landroid/app/admin/DevicePolicyManager;.isLockTaskPermitted (Ljava/lang/String;)Z
D/dalvikvm( 3560): VFY: replacing opcode 0x6e at 0x0013
I/dalvikvm( 3538): Could not find method android.content.Context.checkSelfPermission, referenced from method ivk.a
W/dalvikvm( 3538): VFY: unable to resolve virtual method 2240: Landroid/content/Context;.checkSelfPermission (Ljava/lang/String;)I
D/dalvikvm( 3538): VFY: replacing opcode 0x6e at 0x0034
I/dalvikvm( 3538): Failed resolving Livl; interface 1108 'Landroid/content/pm/PackageManager$OnPermissionsChangedListener;'
W/dalvikvm( 3538): Link of class 'Livl;' failed
E/dalvikvm( 3538): Could not find class 'ivl', referenced from method ivk.a
W/dalvikvm( 3538): VFY: unable to resolve new-instance 2624 (Livl;) in Livk;
D/dalvikvm( 3538): VFY: replacing opcode 0x22 at 0x0000
I/dalvikvm( 3538): Failed resolving Livl; interface 1108 'Landroid/content/pm/PackageManager$OnPermissionsChangedListener;'
W/dalvikvm( 3538): Link of class 'Livl;' failed
D/dalvikvm( 3538): DexOpt: unable to opt direct call 0x35a6 at 0x02 in Livk;.a
I/dalvikvm( 3560): Could not find method android.text.Html.fromHtml, referenced from method com.google.android.videos.utils.Util.fromHtml
W/dalvikvm( 3560): VFY: unable to resolve static method 17358: Landroid/text/Html;.fromHtml (Ljava/lang/String;I)Landroid/text/Spanned;
D/dalvikvm( 3560): VFY: replacing opcode 0x71 at 0x0007
I/dalvikvm( 3560): Could not find method android.content.Context.startForegroundService, referenced from method com.google.android.videos.utils.Util.startForegroundCompat
W/dalvikvm( 3560): VFY: unable to resolve virtual method 649: Landroid/content/Context;.startForegroundService (Landroid/content/Intent;)Landroid/content/ComponentName;
D/dalvikvm( 3560): VFY: replacing opcode 0x6e at 0x0006
D/WVCdm   (  125): Instantiating CDM.
I/WVCdm   (  125): Level3 Library Nov 20 2013 18:09:31
W/WVCdm   (  125): Could not load liboemcrypto.so. Falling Back to L3.  dlopen failed: library "liboemcrypto.so" not found
D/dalvikvm( 3560): GC_CONCURRENT freed 325K, 5% free 7749K/8100K, paused 3ms+8ms, total 64ms
I/WVCdm   (  125): CdmEngine::OpenSession
I/dalvikvm( 3560): Could not find method android.accounts.AccountManager.newChooseAccountIntent, referenced from method com.google.android.videos.service.accounts.AccountManagerWrapper.createAddNewAccountIntent
W/dalvikvm( 3560): VFY: unable to resolve static method 100: Landroid/accounts/AccountManager;.newChooseAccountIntent (Landroid/accounts/Account;Ljava/util/List;[Ljava/lang/String;Ljava/lang/String;Ljava/lang/String;[Ljava/lang/String;Landroid/os/Bundle;)Landroid/content/Intent;
D/dalvikvm( 3560): VFY: replacing opcode 0x77 at 0x0047
I/WVCdm   (  125): CdmEngine::QueryKeyControlInfo
D/dalvikvm( 3538): GC_CONCURRENT freed 203K, 3% free 9422K/9668K, paused 5ms+2ms, total 58ms
D/dalvikvm( 3538): WAIT_FOR_CONCURRENT_GC blocked 1ms
D/dalvikvm( 3538): WAIT_FOR_CONCURRENT_GC blocked 22ms
D/dalvikvm( 3538): WAIT_FOR_CONCURRENT_GC blocked 22ms
I/WVCdm   (  125): CdmEngine::GenerateKeyRequest
D/FileLister( 2967): listFiles() called with: path = [/sdcard]
I/dalvikvm( 3560): Could not find method android.view.Window.setStatusBarColor, referenced from method com.google.android.videos.utils.DisplayUtil.setStatusBarColor
W/dalvikvm( 3560): VFY: unable to resolve virtual method 18268: Landroid/view/Window;.setStatusBarColor (I)V
D/dalvikvm( 3560): VFY: replacing opcode 0x6e at 0x0010
E/dalvikvm( 3560): Could not find class 'android.app.ActivityManager$TaskDescription', referenced from method com.google.android.videos.utils.DisplayUtil.updateRecentTitleBarColor
W/dalvikvm( 3560): VFY: unable to resolve new-instance 41 (Landroid/app/ActivityManager$TaskDescription;) in Lcom/google/android/videos/utils/DisplayUtil;
D/dalvikvm( 3560): VFY: replacing opcode 0x22 at 0x0007
D/dalvikvm( 3560): DexOpt: unable to opt direct call 0x012d at 0x0f in Lcom/google/android/videos/utils/DisplayUtil;.updateRecentTitleBarColor
D/dalvikvm( 3538): GC_CONCURRENT freed 218K, 3% free 9801K/10068K, paused 5ms+3ms, total 63ms
D/dalvikvm( 3538): WAIT_FOR_CONCURRENT_GC blocked 40ms
I/dalvikvm( 3538): Could not find method android.net.Network.openConnection, referenced from method lvt.a
W/dalvikvm( 3538): VFY: unable to resolve virtual method 4849: Landroid/net/Network;.openConnection (Ljava/net/URL;)Ljava/net/URLConnection;
D/dalvikvm( 3538): VFY: replacing opcode 0x6e at 0x000a
D/dalvikvm( 3538): WAIT_FOR_CONCURRENT_GC blocked 40ms
I/dalvikvm( 3538): Could not find method android.os.PowerManager.isInteractive, referenced from method jer.a
W/dalvikvm( 3538): VFY: unable to resolve virtual method 5176: Landroid/os/PowerManager;.isInteractive ()Z
D/dalvikvm( 3538): VFY: replacing opcode 0x6e at 0x0006
D/WVCdm   (  125): PrepareKeyRequest: nonce=1963661833
D/dalvikvm( 3560): GC_CONCURRENT freed 290K, 4% free 7911K/8240K, paused 3ms+10ms, total 41ms
D/dalvikvm( 3538): GC_CONCURRENT freed 221K, 3% free 10302K/10572K, paused 4ms+5ms, total 49ms
D/dalvikvm( 3538): WAIT_FOR_CONCURRENT_GC blocked 16ms
D/dalvikvm( 3538): WAIT_FOR_CONCURRENT_GC blocked 32ms
I/WVCdm   (  125): CdmEngine::CloseSession
D/dalvikvm( 3538): WAIT_FOR_CONCURRENT_GC blocked 33ms
D/dalvikvm( 3560): GC_CONCURRENT freed 297K, 4% free 8066K/8400K, paused 7ms+14ms, total 51ms
D/dalvikvm( 3560): DexOpt: couldn't find field Landroid/os/Message;.sendingUid
W/dalvikvm( 3560): VFY: unable to resolve instance field 404
D/dalvikvm( 3560): VFY: replacing opcode 0x52 at 0x0002
I/Finsky  ( 1751): [105] com.google.android.finsky.contentfilter.impl.q.a(8): Received content filters request from com.google.android.videos
I/PlayMovies( 3560): RefreshLicenseTaskService.onRunTask:91 On run task refresh_license
I/PlayMovies( 3560): 
D/dalvikvm( 3538): GC_CONCURRENT freed 551K, 6% free 10635K/11232K, paused 15ms+4ms, total 87ms
D/dalvikvm( 3538): WAIT_FOR_CONCURRENT_GC blocked 37ms
I/PlayMovies( 3560): RefreshLicenseTaskService.forceLicenseRefreshNow:67 Scheduled task now refresh_license_forced
I/PlayMovies( 3560): 
D/PlayMovies( 3560): PersistentCache.cleanup:104 Cache is below limit, no need to shrink: [size=0, limit=5242880]
D/PlayMovies( 3560): 
D/PlayMovies( 3560): TransferService.onCreate:64 creating transfer service
D/PlayMovies( 3560): 
I/dalvikvm( 3560): Could not find method android.content.pm.PackageManager.getPackageInstaller, referenced from method com.google.android.gms.common.GooglePlayServicesUtilLight.zzB
W/dalvikvm( 3560): VFY: unable to resolve virtual method 784: Landroid/content/pm/PackageManager;.getPackageInstaller ()Landroid/content/pm/PackageInstaller;
D/dalvikvm( 3560): VFY: replacing opcode 0x6e at 0x0013
D/Primes  ( 3560): Package metric disabled.
D/Primes  ( 3560): Battery metric disabled
D/Primes  ( 3560): MagicEye logging metric disabled
I/dalvikvm( 3560): Could not find method android.content.Context.getColor, referenced from method android.support.v4.content.ContextCompat.getColor
W/dalvikvm( 3560): VFY: unable to resolve virtual method 615: Landroid/content/Context;.getColor (I)I
D/dalvikvm( 3560): VFY: replacing opcode 0x6e at 0x0006
I/dalvikvm( 3560): Could not find method android.content.Context.getColorStateList, referenced from method android.support.v4.content.ContextCompat.getColorStateList
W/dalvikvm( 3560): VFY: unable to resolve virtual method 616: Landroid/content/Context;.getColorStateList (I)Landroid/content/res/ColorStateList;
D/dalvikvm( 3560): VFY: replacing opcode 0x6e at 0x0006
I/dalvikvm( 3560): Could not find method android.content.Context.getDrawable, referenced from method android.support.v4.content.ContextCompat.getDrawable
W/dalvikvm( 3560): VFY: unable to resolve virtual method 618: Landroid/content/Context;.getDrawable (I)Landroid/graphics/drawable/Drawable;
D/dalvikvm( 3560): VFY: replacing opcode 0x6e at 0x0006
I/PlayMovies( 3560): UnpinContentCleaner.startCleanUp:84 Start cleanup unpinned content
I/PlayMovies( 3560): 
I/dalvikvm( 3560): Could not find method android.os.PowerManager.isInteractive, referenced from method com.google.android.libraries.performance.primes.metriccapture.ProcessStats.isScreenOn
W/dalvikvm( 3560): VFY: unable to resolve virtual method 2685: Landroid/os/PowerManager;.isInteractive ()Z
D/dalvikvm( 3560): VFY: replacing opcode 0x6e at 0x000f
D/dalvikvm( 3560): GC_CONCURRENT freed 323K, 4% free 8204K/8544K, paused 2ms+7ms, total 48ms
I/dalvikvm( 3560): Could not find method android.media.MediaCodecInfo$CodecCapabilities.getVideoCapabilities, referenced from method com.google.android.exoplayer.MediaCodecUtil.getVideoCapabilitiesV21
W/dalvikvm( 3560): VFY: unable to resolve virtual method 2144: Landroid/media/MediaCodecInfo$CodecCapabilities;.getVideoCapabilities ()Landroid/media/MediaCodecInfo$VideoCapabilities;
D/dalvikvm( 3560): VFY: replacing opcode 0x6e at 0x000a
I/dalvikvm( 3560): Could not find method android.media.MediaCodecInfo$VideoCapabilities.areSizeAndRateSupported, referenced from method com.google.android.exoplayer.MediaCodecUtil.isSizeAndRateSupportedV21
W/dalvikvm( 3560): VFY: unable to resolve virtual method 2146: Landroid/media/MediaCodecInfo$VideoCapabilities;.areSizeAndRateSupported (IID)Z
D/dalvikvm( 3560): VFY: replacing opcode 0x6e at 0x0012
I/dalvikvm( 3560): Could not find method android.media.MediaCodecInfo$VideoCapabilities.isSizeSupported, referenced from method com.google.android.exoplayer.MediaCodecUtil.isSizeSupportedV21
W/dalvikvm( 3560): VFY: unable to resolve virtual method 2147: Landroid/media/MediaCodecInfo$VideoCapabilities;.isSizeSupported (II)Z
D/dalvikvm( 3560): VFY: replacing opcode 0x6e at 0x0012
I/dalvikvm( 3560): Could not find method android.view.Display.getMode, referenced from method com.google.android.exoplayer.util.Util.getDisplaySizeV23
W/dalvikvm( 3560): VFY: unable to resolve virtual method 17609: Landroid/view/Display;.getMode ()Landroid/view/Display$Mode;
D/dalvikvm( 3560): VFY: replacing opcode 0x6e at 0x0000
I/OMXClient( 3560): Using client-side OMX mux.
D/NvOsDebugPrintf(  125): NvxLiteH264DecoderInit : Opening TVMR H264 block 
D/NvOsDebugPrintf(  125): NvMMLiteOpen : Block : BlockType = 261 
D/NvOsDebugPrintf(  125): ++++++ NvAvpOpen +++++++
D/NvOsDebugPrintf(  125): ++++++++++++ TVMRFrameDelivery +++++++++++++++
D/NvOsDebugPrintf(  125): NvMMLiteBlockCreate : Block : BlockType = 261 
E/OMXNodeInstance(  125): OMX_SetParameter() failed for StoreMetaDataInBuffers: 0x80001006
W/OMXNodeInstance(  125): OMX_GetExtensionIndex OMX.google.android.index.prepareForAdaptivePlayback failed
D/NvOsDebugPrintf(  125): NvMMDecTVMRDestroyParser Begin 
D/NvOsDebugPrintf(  125): --------- Closing TVMR Frame Delivery Thread -------------
D/NvOsDebugPrintf(  125): ------- NvAvpClose -------
D/NvOsDebugPrintf(  125): NvMMDecTVMRDestroyParser Done 
D/NvOsDebugPrintf(  125): NvMMLiteTVMRDecPrivateClose Done 
I/OMXClient( 3560): Using client-side OMX mux.
D/NvOsDebugPrintf(  125): NvxLiteH264DecoderInit : Opening TVMR H264 block 
D/NvOsDebugPrintf(  125): NvMMLiteOpen : Block : BlockType = 261 
D/NvOsDebugPrintf(  125): ++++++ NvAvpOpen +++++++
D/dalvikvm( 3538): GC_CONCURRENT freed 419K, 5% free 11204K/11684K, paused 2ms+20ms, total 55ms
D/dalvikvm( 3538): WAIT_FOR_CONCURRENT_GC blocked 42ms
D/NvOsDebugPrintf(  125): ++++++++++++ TVMRFrameDelivery +++++++++++++++
D/NvOsDebugPrintf(  125): NvMMLiteBlockCreate : Block : BlockType = 261 
E/OMXNodeInstance(  125): OMX_SetParameter() failed for StoreMetaDataInBuffers: 0x80001006
W/OMXNodeInstance(  125): OMX_GetExtensionIndex OMX.google.android.index.prepareForAdaptivePlayback failed
D/NvOsDebugPrintf(  125): NvMMDecTVMRDestroyParser Begin 
D/NvOsDebugPrintf(  125): --------- Closing TVMR Frame Delivery Thread -------------
D/NvOsDebugPrintf(  125): ------- NvAvpClose -------
D/NvOsDebugPrintf(  125): NvMMDecTVMRDestroyParser Done 
D/NvOsDebugPrintf(  125): NvMMLiteTVMRDecPrivateClose Done 
I/OMXClient( 3560): Using client-side OMX mux.
E/OMXNodeInstance( 3560): OMX_GetExtensionIndex OMX.google.android.index.storeMetaDataInBuffers failed
W/OMXNodeInstance( 3560): OMX_GetExtensionIndex OMX.google.android.index.prepareForAdaptivePlayback failed
I/OMXClient( 3560): Using client-side OMX mux.
D/dalvikvm( 3538): GC_CONCURRENT freed 2252K, 19% free 10114K/12444K, paused 2ms+3ms, total 44ms
D/dalvikvm( 3538): WAIT_FOR_CONCURRENT_GC blocked 33ms
D/dalvikvm( 3538): GC_CONCURRENT freed 276K, 15% free 10652K/12444K, paused 4ms+2ms, total 41ms
D/dalvikvm( 3538): Trying to load lib /data/data/com.google.android.gms/app_dg_cache/968AD22C864CF721C90F9F4D9E0A307D6B5A2DD8/libdFDC8771471AC.so 0x422bd608
D/dalvikvm( 3538): Added shared lib /data/data/com.google.android.gms/app_dg_cache/968AD22C864CF721C90F9F4D9E0A307D6B5A2DD8/libdFDC8771471AC.so 0x422bd608
D/dalvikvm( 3538): No JNI_OnLoad found in /data/data/com.google.android.gms/app_dg_cache/968AD22C864CF721C90F9F4D9E0A307D6B5A2DD8/libdFDC8771471AC.so 0x422bd608, skipping init
D/dalvikvm( 3538): GC_FOR_ALLOC freed 242K, 15% free 10649K/12444K, paused 36ms, total 36ms
D/FileLister( 2967): listFiles() called with: path = [/sdcard/Android]
W/Settings( 3538): Setting install_non_market_apps has moved from android.provider.Settings.Secure to android.provider.Settings.Global.
D/dalvikvm( 3538): DexOpt: --- BEGIN 'f.apk' (bootstrap=0) ---
D/dalvikvm( 3644): DexOpt: load 4ms, verify+opt 5ms, 123436 bytes
D/dalvikvm( 3538): DexOpt: --- END 'f.apk' (success) ---
D/dalvikvm( 3538): DEX prep '/data/data/com.google.android.gms/app_fb/f.apk': unzip in 0ms, rewrite 129ms
D/libEGL  ( 3538): loaded /system/lib/egl/libEGL_tegra.so
D/libEGL  ( 3538): loaded /system/lib/egl/libGLESv1_CM_tegra.so
D/libEGL  ( 3538): loaded /system/lib/egl/libGLESv2_tegra.so
D/dalvikvm( 1072): GC_FOR_ALLOC freed 452K, 13% free 13253K/15140K, paused 56ms, total 56ms
D/FileLister( 2967): listFiles() called with: path = [/sdcard/Android/data]
D/dalvikvm(  873): GC_CONCURRENT freed 846K, 18% free 10356K/12604K, paused 5ms+5ms, total 52ms
D/dalvikvm(  873): WAIT_FOR_CONCURRENT_GC blocked 26ms
I/WVCdm   (  125): CdmEngine::OpenSession
I/WVCdm   (  125): CdmEngine::QueryKeyControlInfo
I/WVCdm   (  125): CdmEngine::GenerateKeyRequest
D/dalvikvm( 2967): GC_CONCURRENT freed 866K, 9% free 10809K/11820K, paused 4ms+5ms, total 46ms
D/dalvikvm( 2967): WAIT_FOR_CONCURRENT_GC blocked 36ms
D/WVCdm   (  125): PrepareKeyRequest: nonce=3763626598
D/dalvikvm( 3538): GC_CONCURRENT freed 600K, 12% free 11005K/12444K, paused 4ms+5ms, total 56ms
D/dalvikvm( 3538): WAIT_FOR_CONCURRENT_GC blocked 28ms
I/dalvikvm-heap( 3538): Grow heap (frag case) to 10.821MB for 42314-byte allocation
D/dalvikvm( 3538): GC_FOR_ALLOC freed 22K, 12% free 11023K/12488K, paused 40ms, total 40ms
D/dalvikvm( 3538): GC_FOR_ALLOC freed 44K, 13% free 10988K/12488K, paused 50ms, total 50ms
I/dalvikvm-heap( 3538): Grow heap (frag case) to 10.845MB for 85090-byte allocation
D/dalvikvm( 3538): GC_FOR_ALLOC freed 42K, 13% free 11029K/12572K, paused 60ms, total 60ms
I/WVCdm   (  125): CdmEngine::CloseSession
D/dalvikvm( 3538): GC_FOR_ALLOC freed 83K, 13% free 10953K/12572K, paused 55ms, total 55ms
I/dalvikvm-heap( 3538): Grow heap (frag case) to 10.772MB for 44250-byte allocation
D/dalvikvm( 2967): GC_FOR_ALLOC freed 494K, 9% free 10868K/11912K, paused 36ms, total 37ms
D/dalvikvm( 3538): GC_FOR_ALLOC freed 233K, 15% free 10763K/12616K, paused 44ms, total 44ms
W/Settings( 3538): Setting install_non_market_apps has moved from android.provider.Settings.Secure to android.provider.Settings.Global.
I/dalvikvm(  873): Could not find method android.content.Context.getNoBackupFilesDir, referenced from method jgz.a
W/dalvikvm(  873): VFY: unable to resolve virtual method 3950: Landroid/content/Context;.getNoBackupFilesDir ()Ljava/io/File;
D/dalvikvm(  873): VFY: replacing opcode 0x6e at 0x0006
W/Conscrypt(  873): Could not set socket write timeout:
W/Conscrypt(  873):    java.lang.reflect.Method.invokeNative(Native Method)
W/Conscrypt(  873):    java.lang.reflect.Method.invoke(Method.java:515)
