D/dalvikvm( 3871): VFY: replacing opcode 0x71 at 0x00d8
I/dalvikvm( 3871): Could not find method android.content.pm.PackageManager.getPackageInstaller, referenced from method kg.a
W/dalvikvm( 3871): VFY: unable to resolve virtual method 1131: Landroid/content/pm/PackageManager;.getPackageInstaller ()Landroid/content/pm/PackageInstaller;
D/dalvikvm( 3871): VFY: replacing opcode 0x6e at 0x0017
D/dalvikvm( 3871): GC_CONCURRENT freed 427K, 5% free 8879K/9344K, paused 3ms+3ms, total 23ms
E/dalvikvm( 3871): Could not find class 'com.google.android.chimera.Activity', referenced from method kz.b
W/dalvikvm( 3871): VFY: unable to resolve instanceof 549 (Lcom/google/android/chimera/Activity;) in Lkz;
D/dalvikvm( 3871): VFY: replacing opcode 0x20 at 0x0176
D/dalvikvm( 3871): GC_CONCURRENT freed 281K, 4% free 9084K/9424K, paused 3ms+2ms, total 22ms
D/dalvikvm( 3871): WAIT_FOR_CONCURRENT_GC blocked 12ms
I/Ads     ( 3871): Starting ad request.
I/Ads     ( 3871): Use AdRequest.Builder.addTestDevice("418720CE84D4C561FD15D476322C15AB") to get test ads on this device.
D/dalvikvm( 3871): GC_CONCURRENT freed 509K, 6% free 9056K/9560K, paused 3ms+3ms, total 26ms
I/CrashlyticsCore( 3871): Initializing Crashlytics 2.3.16.dev
D/dalvikvm( 3871): GC_CONCURRENT freed 351K, 5% free 9217K/9604K, paused 4ms+3ms, total 30ms
D/dalvikvm( 3871): WAIT_FOR_CONCURRENT_GC blocked 17ms
D/dalvikvm( 3871): WAIT_FOR_CONCURRENT_GC blocked 25ms
D/dalvikvm( 3871): WAIT_FOR_CONCURRENT_GC blocked 20ms
D/dalvikvm( 3871): WAIT_FOR_CONCURRENT_GC blocked 20ms
D/dalvikvm( 3871): WAIT_FOR_CONCURRENT_GC blocked 20ms
I/dalvikvm( 3871): Could not find method android.app.Notification$Builder.setLocalOnly, referenced from method com.google.android.gms.common.GooglePlayServicesUtil.zza
W/dalvikvm( 3871): VFY: unable to resolve virtual method 1091: Landroid/app/Notification$Builder;.setLocalOnly (Z)Landroid/app/Notification$Builder;
D/dalvikvm( 3871): VFY: replacing opcode 0x6e at 0x00c5
D/dalvikvm( 3871): GC_CONCURRENT freed 320K, 4% free 9435K/9792K, paused 7ms+4ms, total 38ms
D/dalvikvm( 3871): WAIT_FOR_CONCURRENT_GC blocked 17ms
D/dalvikvm( 3871): WAIT_FOR_CONCURRENT_GC blocked 18ms
D/dalvikvm( 3871): WAIT_FOR_CONCURRENT_GC blocked 18ms
D/dalvikvm( 3871): WAIT_FOR_CONCURRENT_GC blocked 18ms
D/dalvikvm( 3871): WAIT_FOR_CONCURRENT_GC blocked 17ms
D/dalvikvm( 3871): WAIT_FOR_CONCURRENT_GC blocked 17ms
D/dalvikvm( 3871): WAIT_FOR_CONCURRENT_GC blocked 18ms
D/dalvikvm( 3871): WAIT_FOR_CONCURRENT_GC blocked 18ms
D/dalvikvm( 3871): WAIT_FOR_CONCURRENT_GC blocked 19ms
I/FileListFragment( 3871): onCreate()
I/FileListFragment( 3871): onCreateView()
W/Ads     ( 1072): App does not have the required permissions to get location
D/dalvikvm( 3871): GC_CONCURRENT freed 365K, 5% free 9626K/10032K, paused 4ms+8ms, total 45ms
D/FileLister( 3871): listFiles() called with: path = [/]
I/FileListFragment( 3871): onCreate()
I/FileListFragment( 3871): onCreateView()
D/dalvikvm( 1072): GC_EXPLICIT freed 1150K, 12% free 13402K/15220K, paused 7ms+11ms, total 96ms
W/Herrevad( 1072): [80] pss.b: Invalid mccmnc 
W/Herrevad( 1072): [80] pss.b: Invalid mccmnc 
D/FileLister( 3871): listFiles() called with: path = [/storage/emulated/0]
D/dalvikvm( 3871): GC_CONCURRENT freed 627K, 7% free 9677K/10340K, paused 5ms+4ms, total 49ms
D/dalvikvm( 3871): WAIT_FOR_CONCURRENT_GC blocked 27ms
D/dalvikvm( 3871): WAIT_FOR_CONCURRENT_GC blocked 27ms
D/dalvikvm( 3871): WAIT_FOR_CONCURRENT_GC blocked 19ms
D/dalvikvm( 3871): WAIT_FOR_CONCURRENT_GC blocked 27ms
D/dalvikvm( 3871): WAIT_FOR_CONCURRENT_GC blocked 15ms
D/libEGL  ( 3871): loaded /system/lib/egl/libEGL_tegra.so
D/libEGL  ( 3871): loaded /system/lib/egl/libGLESv1_CM_tegra.so
D/libEGL  ( 3871): loaded /system/lib/egl/libGLESv2_tegra.so
W/ActivityThread( 3871): ClassLoader.loadClass: The class loader returned by Thread.getContextClassLoader() may fail for processes that host multiple applications. You should explicitly specify a context class loader. For example: Thread.setContextClassLoader(getClass().getClassLoader());
D/dalvikvm( 3871): GC_FOR_ALLOC freed 131K, 7% free 9749K/10392K, paused 34ms, total 34ms
D/dalvikvm( 3871): GC_FOR_ALLOC freed 1K, 7% free 9787K/10432K, paused 32ms, total 32ms
D/OpenGLRenderer( 3871): Enabling debug mode 0
I/ActivityManager(  516): Displayed com.jrummy.root.browserfree/com.jrummy.apps.root.browser.activities.RootBrowserActivity: +1s297ms
I/Ads     ( 3871): Trying mediation network: 
D/dalvikvm(  733): GC_FOR_ALLOC freed 206K, 8% free 7917K/8596K, paused 26ms, total 26ms
D/dalvikvm( 3871): GC_CONCURRENT freed 368K, 4% free 10148K/10552K, paused 3ms+4ms, total 47ms
D/dalvikvm( 3871): WAIT_FOR_CONCURRENT_GC blocked 10ms
D/dalvikvm( 3871): WAIT_FOR_CONCURRENT_GC blocked 6ms
W/InputMethodManager( 3871): Ignoring onBind: cur seq=22, given seq=21
I/Ads     ( 3871): Instantiating mediation adapter: com.google.DummyAdapter
I/Ads     ( 3871): No fill from any mediation ad networks.
I/Ads     ( 3871): Scheduling ad refresh 30000 milliseconds from now.
W/Ads     ( 3871): Failed to load ad: 3
I/Ad      ( 3871): Failed to receive admob ad. ErrorCode: 3
I/Ad      ( 3871): setDefaultAd
D/dalvikvm( 3871): GC_CONCURRENT freed 591K, 6% free 10409K/11036K, paused 4ms+5ms, total 42ms
D/dalvikvm( 3871): WAIT_FOR_CONCURRENT_GC blocked 14ms
D/dalvikvm( 3871): WAIT_FOR_CONCURRENT_GC blocked 13ms
D/dalvikvm(  516): GC_EXPLICIT freed 1598K, 15% free 16257K/18944K, paused 3ms+8ms, total 111ms
D/dalvikvm(  733): GC_FOR_ALLOC freed 210K, 8% free 7980K/8596K, paused 18ms, total 18ms
D/FileLister( 3871): listFiles() called with: path = [/sdcard]
D/dalvikvm( 1072): GC_EXPLICIT freed 931K, 13% free 13336K/15220K, paused 10ms+9ms, total 85ms
D/dalvikvm(  733): GC_FOR_ALLOC freed 310K, 7% free 8006K/8596K, paused 31ms, total 31ms
D/FileLister( 3871): listFiles() called with: path = [/sdcard/Android]
D/dalvikvm(  516): GC_EXPLICIT freed 141K, 15% free 16212K/18944K, paused 6ms+7ms, total 104ms
D/FileLister( 3871): listFiles() called with: path = [/sdcard/Android/data]
D/dalvikvm( 3871): GC_CONCURRENT freed 891K, 9% free 10385K/11312K, paused 1ms+5ms, total 62ms
D/dalvikvm( 3871): GC_FOR_ALLOC freed 131K, 9% free 10418K/11332K, paused 34ms, total 34ms
D/dalvikvm( 3871): GC_FOR_ALLOC freed 146K, 8% free 10502K/11376K, paused 37ms, total 37ms
D/dalvikvm( 1072): GC_EXPLICIT freed 567K, 13% free 13334K/15220K, paused 4ms+12ms, total 78ms
D/dalvikvm(  733): GC_FOR_ALLOC freed 328K, 7% free 8006K/8596K, paused 31ms, total 31ms
D/dalvikvm( 3871): GC_FOR_ALLOC freed 284K, 9% free 10519K/11496K, paused 33ms, total 35ms
D/dalvikvm( 3871): GC_FOR_ALLOC freed 210K, 8% free 10610K/11520K, paused 28ms, total 28ms
D/dalvikvm(  516): GC_EXPLICIT freed 108K, 15% free 16207K/18944K, paused 3ms+8ms, total 93ms
D/dalvikvm(  733): GC_EXPLICIT freed 351K, 7% free 8001K/8596K, paused 3ms+4ms, total 42ms
D/FileLister( 3871): listFiles() called with: path = [/sdcard/Android/data/com.mylegguy.happy.land]
D/dalvikvm( 1072): GC_EXPLICIT freed 575K, 13% free 13324K/15220K, paused 7ms+8ms, total 73ms
D/FileLister( 3871): listFiles() called with: path = [/sdcard/Android/data/com.mylegguy.happy.land/Stuff]
D/dalvikvm(  733): WAIT_FOR_CONCURRENT_GC blocked 1ms
D/dalvikvm(  733): GC_EXPLICIT freed 347K, 7% free 8005K/8596K, paused 3ms+3ms, total 32ms
D/FileLister( 3871): listFiles() called with: path = [/sdcard/Android/data/com.mylegguy.happy.land/Stuff/Battle]
D/dalvikvm( 3871): GC_CONCURRENT freed 1064K, 11% free 10447K/11640K, paused 3ms+6ms, total 51ms
D/dalvikvm( 3871): WAIT_FOR_CONCURRENT_GC blocked 42ms
D/dalvikvm( 3871): WAIT_FOR_CONCURRENT_GC blocked 24ms
D/dalvikvm( 3871): WAIT_FOR_CONCURRENT_GC blocked 26ms
D/dalvikvm( 3871): WAIT_FOR_CONCURRENT_GC blocked 33ms
D/dalvikvm( 3871): WAIT_FOR_CONCURRENT_GC blocked 35ms
D/dalvikvm( 3871): WAIT_FOR_CONCURRENT_GC blocked 42ms
D/dalvikvm(  516): GC_EXPLICIT freed 107K, 15% free 16201K/18944K, paused 4ms+7ms, total 107ms
D/dalvikvm( 1072): GC_EXPLICIT freed 573K, 13% free 13317K/15220K, paused 7ms+8ms, total 71ms
D/dalvikvm( 3871): GC_FOR_ALLOC freed 267K, 8% free 10782K/11640K, paused 29ms, total 29ms
D/dalvikvm( 3871): GC_FOR_ALLOC freed 13K, 7% free 11037K/11844K, paused 27ms, total 27ms
V/WebViewChromiumFactoryProvider( 3871): Binding Chromium to main looper Looper (main, tid 1) {4200a480}
I/LibraryLoader( 3871): Expected native library version number "",actual native library version number ""
I/chromium( 3871): [INFO:library_loader_hooks.cc(116)] Chromium logging enabled: level = 0, default verbosity = 0
I/BrowserStartupController( 3871): Initializing chromium process, renderers=0
E/AudioManagerAndroid( 3871): BLUETOOTH permission is missing!
W/chromium( 3871): [WARNING:proxy_service.cc(890)] PAC support disabled because there is no system implementation
D/AudioManagerAndroid( 3871): ==> onReceive: s=1, m=0, n=h2w, sb=true
D/AudioManagerAndroid( 3871): reportUpdate: state=3, devices=[Speakerphone, Wired headset]
D/dalvikvm(  733): GC_EXPLICIT freed 349K, 7% free 8007K/8596K, paused 3ms+7ms, total 36ms
I/ActivityManager(  516): START u0 {act=android.intent.action.VIEW dat=file:///sdcard/Android/data/com.mylegguy.happy.land/Stuff/Battle/MattAttack.png typ=image/png cmp=com.google.android.gallery3d/com.android.gallery3d.app.GalleryActivity} from pid 3871
D/dalvikvm(  516): GC_EXPLICIT freed 107K, 15% free 16226K/18944K, paused 7ms+26ms, total 145ms
I/ActivityManager(  516): Start proc com.google.android.gallery3d for activity com.google.android.gallery3d/com.android.gallery3d.app.GalleryActivity: pid=4103 uid=10041 gids={50041, 3003, 1028, 1015}
W/SurfaceFlinger(  122): couldn't log to binary event log: overflow.
D/dalvikvm( 4103): GC_CONCURRENT freed 311K, 5% free 7808K/8156K, paused 13ms+2ms, total 54ms
D/dalvikvm( 4103): WAIT_FOR_CONCURRENT_GC blocked 18ms
W/SurfaceFlinger(  122): couldn't log to binary event log: overflow.
V/StateManager( 4103): startState class com.android.gallery3d.app.SinglePhotoPage
D/dalvikvm( 4103): GC_CONCURRENT freed 226K, 4% free 8045K/8308K, paused 3ms+33ms, total 52ms
I/PanoMetadata( 4103): Image has no metadata and no 2:1 aspect ratio. Not a pano!
D/libEGL  ( 4103): loaded /system/lib/egl/libEGL_tegra.so
D/libEGL  ( 4103): loaded /system/lib/egl/libGLESv1_CM_tegra.so
D/libEGL  ( 4103): loaded /system/lib/egl/libGLESv2_tegra.so
D/OpenGLRenderer( 4103): Enabling debug mode 0
I/GLRootView( 4103): onSurfaceChanged: 1280x736, gl10: com.google.android.gles_jni.GLImpl@420400d0
I/GLRootView( 4103): layout content pane 1280x736 (compensation 0)
D/PhotoView( 4103): compensation = 0, CameraRelativeFrame = Rect(0, 0 - 0, 0), mCameraRect = Rect(0, 0 - 0, 0)
I/ActivityManager(  516): Displayed com.google.android.gallery3d/com.android.gallery3d.app.GalleryActivity: +888ms
D/dalvikvm( 4103): GC_CONCURRENT freed 160K, 3% free 8343K/8540K, paused 5ms+13ms, total 73ms
D/dalvikvm( 4103): GC_FOR_ALLOC freed 17K, 3% free 8331K/8540K, paused 33ms, total 33ms
I/dalvikvm-heap( 4103): Grow heap (frag case) to 8.646MB for 500416-byte allocation
D/dalvikvm( 4103): GC_FOR_ALLOC freed <1K, 3% free 8819K/9032K, paused 24ms, total 24ms
D/dalvikvm( 4103): GC_CONCURRENT freed <1K, 3% free 8864K/9076K, paused 4ms+4ms, total 34ms
D/dalvikvm( 4103): WAIT_FOR_CONCURRENT_GC blocked 1ms
I/dalvikvm-heap( 4103): Grow heap (frag case) to 9.166MB for 500416-byte allocation
D/dalvikvm( 4103): GC_FOR_ALLOC freed <1K, 3% free 9353K/9568K, paused 24ms, total 24ms
D/dalvikvm( 4103): GC_CONCURRENT freed <1K, 3% free 9397K/9612K, paused 1ms+2ms, total 23ms
D/dalvikvm(  733): GC_EXPLICIT freed 344K, 7% free 8002K/8596K, paused 1ms+3ms, total 31ms
D/dalvikvm( 4103): GC_FOR_ALLOC freed <1K, 3% free 9397K/9612K, paused 17ms, total 17ms
I/dalvikvm-heap( 4103): Grow heap (frag case) to 9.687MB for 500416-byte allocation
D/dalvikvm( 4103): GC_FOR_ALLOC freed <1K, 3% free 9885K/10104K, paused 25ms, total 25ms
D/dalvikvm( 4103): GC_CONCURRENT freed <1K, 3% free 10418K/10640K, paused 4ms+2ms, total 33ms
D/dalvikvm( 1072): GC_EXPLICIT freed 564K, 13% free 13324K/15220K, paused 7ms+8ms, total 66ms
D/dalvikvm(  516): GC_EXPLICIT freed 158K, 14% free 16304K/18944K, paused 4ms+7ms, total 99ms
V/StateManager( 4103): no more state, finish activity
V/StateManager( 4103): finishState com.android.gallery3d.app.SinglePhotoPage@4209d738
I/FileLists( 3871): onRestart()
D/dalvikvm(  733): WAIT_FOR_CONCURRENT_GC blocked 1ms
D/dalvikvm(  733): GC_EXPLICIT freed 346K, 7% free 8006K/8596K, paused 3ms+8ms, total 39ms
D/FileLister( 3871): listFiles() called with: path = [/sdcard/Android/data/com.mylegguy.happy.land/Stuff]
V/StateManager( 4103): destroy
D/dalvikvm( 3871): GC_CONCURRENT freed 618K, 6% free 11481K/12140K, paused 4ms+9ms, total 68ms
D/dalvikvm( 1072): GC_EXPLICIT freed 571K, 13% free 13320K/15220K, paused 6ms+13ms, total 106ms
I/GAV2    ( 4103): Thread[GAThread,5,main]: No campaign data found.
D/dalvikvm(  733): GC_EXPLICIT freed 353K, 7% free 8004K/8596K, paused 2ms+4ms, total 31ms
D/dalvikvm(  516): GC_EXPLICIT freed 180K, 15% free 16242K/18944K, paused 3ms+9ms, total 120ms
D/FileLister( 3871): listFiles() called with: path = [/sdcard/Android/data/com.mylegguy.happy.land/Stuff/Maps]
D/dalvikvm( 1072): GC_EXPLICIT freed 630K, 13% free 13328K/15220K, paused 6ms+12ms, total 103ms
D/dalvikvm(  733): GC_EXPLICIT freed 348K, 7% free 8008K/8596K, paused 1ms+6ms, total 31ms
I/ActivityManager(  516): START u0 {act=com.android.systemui.recent.action.TOGGLE_RECENTS flg=0x10800000 cmp=com.android.systemui/.recent.RecentsActivity (has extras)} from pid 632
I/ActivityManager(  516): Displayed com.android.systemui/.recent.RecentsActivity: +137ms
W/SurfaceFlinger(  122): couldn't log to binary event log: overflow.
D/dalvikvm(  516): GC_EXPLICIT freed 1361K, 13% free 16486K/18944K, paused 11ms+15ms, total 162ms
I/ActivityManager(  516): Killing 1996:com.google.android.apps.plus/u0a66 (adj 15): empty #17
I/ActivityManager(  516): Killing 3871:com.jrummy.root.browserfree/u0a77 (adj 9): remove task
I/WindowState(  516): WIN DEATH: Window{4279e6c0 u0 com.jrummy.root.browserfree/com.jrummy.apps.root.browser.activities.RootBrowserActivity}
D/dalvikvm(  733): GC_EXPLICIT freed 344K, 7% free 8002K/8596K, paused 1ms+5ms, total 27ms
D/dalvikvm( 1072): GC_EXPLICIT freed 778K, 13% free 13343K/15220K, paused 11ms+8ms, total 73ms
D/dalvikvm(  516): GC_EXPLICIT freed 1138K, 16% free 15978K/18944K, paused 4ms+6ms, total 81ms
D/dalvikvm(  733): GC_FOR_ALLOC freed 334K, 7% free 8008K/8596K, paused 22ms, total 22ms
D/dalvikvm( 1072): GC_EXPLICIT freed 577K, 13% free 13333K/15220K, paused 10ms+7ms, total 71ms
D/dalvikvm(  733): GC_EXPLICIT freed 352K, 7% free 8006K/8596K, paused 2ms+3ms, total 28ms
D/dalvikvm(  516): GC_EXPLICIT freed 114K, 16% free 15955K/18944K, paused 5ms+6ms, total 86ms
D/dalvikvm( 1072): GC_EXPLICIT freed 559K, 13% free 13337K/15220K, paused 8ms+7ms, total 70ms
D/dalvikvm(  733): GC_EXPLICIT freed 352K, 7% free 8008K/8596K, paused 4ms+4ms, total 32ms
D/dalvikvm(  516): GC_EXPLICIT freed 97K, 16% free 15950K/18944K, paused 4ms+7ms, total 80ms
D/dalvikvm(  733): GC_EXPLICIT freed 357K, 7% free 8001K/8596K, paused 2ms+3ms, total 24ms
D/dalvikvm( 1072): GC_EXPLICIT freed 564K, 13% free 13336K/15220K, paused 8ms+8ms, total 69ms
D/dalvikvm(  733): GC_EXPLICIT freed 347K, 7% free 8005K/8596K, paused 2ms+3ms, total 30ms
D/dalvikvm(  516): GC_EXPLICIT freed 89K, 16% free 15951K/18944K, paused 5ms+6ms, total 86ms
D/dalvikvm( 1072): GC_EXPLICIT freed 563K, 13% free 13334K/15220K, paused 4ms+7ms, total 60ms
D/dalvikvm(  733): GC_EXPLICIT freed 351K, 7% free 8006K/8596K, paused 5ms+3ms, total 36ms
D/dalvikvm(  516): GC_EXPLICIT freed 92K, 16% free 15950K/18944K, paused 5ms+6ms, total 84ms
D/dalvikvm(  733): GC_EXPLICIT freed 351K, 7% free 8006K/8596K, paused 1ms+3ms, total 25ms
D/dalvikvm( 1072): GC_EXPLICIT freed 564K, 13% free 13341K/15220K, paused 9ms+7ms, total 66ms
D/dalvikvm(  516): GC_EXPLICIT freed 90K, 16% free 15950K/18944K, paused 5ms+6ms, total 82ms
D/dalvikvm(  733): GC_EXPLICIT freed 338K, 7% free 8010K/8596K, paused 1ms+3ms, total 21ms
D/dalvikvm( 1072): GC_EXPLICIT freed 577K, 13% free 13330K/15220K, paused 11ms+7ms, total 72ms
D/dalvikvm(  733): GC_EXPLICIT freed 357K, 7% free 8006K/8596K, paused 1ms+4ms, total 26ms
D/dalvikvm(  516): GC_EXPLICIT freed 88K, 16% free 15950K/18944K, paused 6ms+6ms, total 87ms
D/dalvikvm( 1072): GC_EXPLICIT freed 557K, 13% free 13335K/15220K, paused 4ms+7ms, total 60ms
D/dalvikvm(  733): GC_EXPLICIT freed 351K, 7% free 8004K/8596K, paused 3ms+3ms, total 24ms
D/dalvikvm(  516): GC_EXPLICIT freed 87K, 16% free 15950K/18944K, paused 2ms+7ms, total 75ms
D/dalvikvm(  733): GC_EXPLICIT freed 355K, 7% free 8001K/8596K, paused 4ms+4ms, total 31ms
D/dalvikvm( 1072): GC_EXPLICIT freed 563K, 13% free 13338K/15220K, paused 12ms+7ms, total 73ms
D/dalvikvm(  733): GC_EXPLICIT freed 349K, 7% free 8005K/8596K, paused 4ms+3ms, total 32ms
D/dalvikvm(  516): GC_EXPLICIT freed 91K, 16% free 15951K/18944K, paused 7ms+6ms, total 82ms
D/dalvikvm( 1072): GC_EXPLICIT freed 568K, 13% free 13335K/15220K, paused 5ms+8ms, total 65ms
D/dalvikvm(  733): GC_EXPLICIT freed 350K, 7% free 8007K/8596K, paused 4ms+3ms, total 38ms
D/dalvikvm(  516): GC_EXPLICIT freed 91K, 16% free 15950K/18944K, paused 7ms+6ms, total 87ms
D/dalvikvm(  733): GC_EXPLICIT freed 354K, 7% free 8005K/8596K, paused 2ms+4ms, total 27ms
D/dalvikvm( 1072): GC_EXPLICIT freed 564K, 13% free 13338K/15220K, paused 6ms+7ms, total 67ms
D/dalvikvm(  516): GC_EXPLICIT freed 89K, 16% free 15950K/18944K, paused 6ms+6ms, total 87ms
D/dalvikvm(  733): GC_EXPLICIT freed 338K, 7% free 8009K/8596K, paused 2ms+3ms, total 24ms
D/dalvikvm( 1072): GC_EXPLICIT freed 569K, 13% free 13334K/15220K, paused 8ms+7ms, total 70ms
D/dalvikvm(  733): GC_EXPLICIT freed 357K, 7% free 8002K/8596K, paused 2ms+4ms, total 28ms
D/dalvikvm(  516): GC_EXPLICIT freed 93K, 16% free 15950K/18944K, paused 4ms+6ms, total 87ms
D/dalvikvm(  733): GC_EXPLICIT freed 350K, 7% free 8004K/8596K, paused 3ms+3ms, total 30ms
D/dalvikvm( 1072): GC_EXPLICIT freed 572K, 13% free 13333K/15220K, paused 4ms+7ms, total 61ms
D/dalvikvm(  516): GC_EXPLICIT freed 96K, 16% free 15951K/18944K, paused 5ms+7ms, total 100ms
D/dalvikvm(  733): GC_EXPLICIT freed 350K, 7% free 8008K/8596K, paused 4ms+3ms, total 25ms
D/dalvikvm( 1072): GC_EXPLICIT freed 575K, 13% free 13329K/15220K, paused 11ms+7ms, total 73ms
D/dalvikvm(  733): GC_EXPLICIT freed 357K, 7% free 8004K/8596K, paused 3ms+3ms, total 31ms
D/dalvikvm(  516): GC_EXPLICIT freed 93K, 16% free 15950K/18944K, paused 3ms+6ms, total 82ms
D/dalvikvm( 1072): GC_EXPLICIT freed 568K, 13% free 13332K/15220K, paused 7ms+7ms, total 71ms
D/dalvikvm(  733): GC_EXPLICIT freed 352K, 7% free 8006K/8596K, paused 4ms+4ms, total 33ms
D/dalvikvm(  516): GC_EXPLICIT freed 92K, 16% free 15950K/18944K, paused 4ms+6ms, total 82ms
I/PlayCommon( 1751): [110] com.google.android.play.a.g.e(222): Preparing logs for uploading
I/PlayCommon( 1751): [110] com.google.android.play.a.g.e(226): No file ready to send
D/dalvikvm(  733): GC_EXPLICIT freed 357K, 7% free 8001K/8596K, paused 5ms+4ms, total 34ms
D/dalvikvm( 1072): GC_EXPLICIT freed 567K, 13% free 13334K/15220K, paused 4ms+7ms, total 64ms
D/dalvikvm(  733): GC_EXPLICIT freed 348K, 7% free 8005K/8596K, paused 3ms+4ms, total 32ms
D/dalvikvm(  516): GC_EXPLICIT freed 90K, 16% free 15951K/18944K, paused 5ms+7ms, total 80ms
D/dalvikvm( 1072): GC_EXPLICIT freed 568K, 13% free 13326K/15220K, paused 5ms+7ms, total 65ms
D/dalvikvm(  733): GC_EXPLICIT freed 352K, 7% free 8006K/8596K, paused 3ms+3ms, total 32ms
D/dalvikvm(  516): GC_EXPLICIT freed 92K, 16% free 15951K/18944K, paused 6ms+7ms, total 89ms
D/dalvikvm(  733): GC_EXPLICIT freed 357K, 7% free 8003K/8596K, paused 5ms+3ms, total 34ms
D/dalvikvm( 1072): GC_EXPLICIT freed 563K, 13% free 13334K/15220K, paused 5ms+7ms, total 66ms
D/dalvikvm(  516): GC_EXPLICIT freed 100K, 16% free 15951K/18944K, paused 3ms+6ms, total 74ms
D/dalvikvm(  733): GC_EXPLICIT freed 350K, 7% free 8007K/8596K, paused 3ms+3ms, total 28ms
D/dalvikvm( 1072): GC_EXPLICIT freed 571K, 13% free 13324K/15220K, paused 4ms+7ms, total 60ms
D/dalvikvm(  733): GC_EXPLICIT freed 357K, 7% free 8004K/8596K, paused 4ms+3ms, total 35ms
D/dalvikvm(  516): GC_EXPLICIT freed 89K, 16% free 15951K/18944K, paused 5ms+6ms, total 81ms
D/dalvikvm( 1072): GC_EXPLICIT freed 562K, 13% free 13330K/15220K, paused 6ms+6ms, total 63ms
D/dalvikvm(  733): GC_EXPLICIT freed 352K, 7% free 8006K/8596K, paused 3ms+3ms, total 32ms
D/dalvikvm(  516): GC_EXPLICIT freed 90K, 16% free 15951K/18944K, paused 5ms+6ms, total 84ms
D/dalvikvm(  733): GC_EXPLICIT freed 357K, 7% free 8002K/8596K, paused 4ms+3ms, total 36ms
D/dalvikvm( 1072): GC_EXPLICIT freed 569K, 13% free 13330K/15220K, paused 5ms+8ms, total 68ms
D/dalvikvm(  516): GC_EXPLICIT freed 92K, 16% free 15952K/18944K, paused 3ms+7ms, total 80ms
D/dalvikvm(  733): GC_EXPLICIT freed 350K, 7% free 8006K/8596K, paused 2ms+3ms, total 33ms
D/dalvikvm( 1072): GC_EXPLICIT freed 569K, 13% free 13325K/15220K, paused 5ms+7ms, total 68ms
D/dalvikvm(  733): GC_EXPLICIT freed 357K, 7% free 8003K/8596K, paused 4ms+3ms, total 34ms
D/dalvikvm(  516): GC_EXPLICIT freed 91K, 16% free 15952K/18944K, paused 3ms+6ms, total 85ms
D/dalvikvm( 1072): GC_EXPLICIT freed 564K, 13% free 13330K/15220K, paused 4ms+7ms, total 60ms
D/dalvikvm(  733): GC_EXPLICIT freed 352K, 7% free 8004K/8596K, paused 4ms+3ms, total 30ms
D/dalvikvm(  516): GC_EXPLICIT freed 134K, 16% free 15917K/18944K, paused 5ms+6ms, total 80ms
D/dalvikvm(  733): GC_EXPLICIT freed 357K, 7% free 8001K/8596K, paused 4ms+3ms, total 35ms
D/dalvikvm( 1072): GC_EXPLICIT freed 561K, 13% free 13330K/15220K, paused 5ms+7ms, total 67ms
D/dalvikvm(  733): GC_EXPLICIT freed 350K, 7% free 8005K/8596K, paused 4ms+3ms, total 30ms
D/dalvikvm(  516): GC_EXPLICIT freed 95K, 17% free 15912K/18944K, paused 7ms+6ms, total 86ms
D/dalvikvm( 1072): GC_EXPLICIT freed 575K, 13% free 13329K/15220K, paused 9ms+7ms, total 73ms
D/dalvikvm(  733): GC_EXPLICIT freed 348K, 7% free 8009K/8596K, paused 3ms+3ms, total 33ms
D/dalvikvm(  516): GC_EXPLICIT freed 93K, 17% free 15911K/18944K, paused 4ms+6ms, total 83ms
D/dalvikvm(  733): GC_EXPLICIT freed 346K, 7% free 8006K/8596K, paused 2ms+3ms, total 26ms
D/dalvikvm( 1072): GC_EXPLICIT freed 560K, 13% free 13332K/15220K, paused 8ms+8ms, total 70ms
D/dalvikvm(  733): GC_EXPLICIT freed 350K, 7% free 8009K/8596K, paused 2ms+5ms, total 30ms
D/dalvikvm(  516): GC_EXPLICIT freed 93K, 17% free 15911K/18944K, paused 4ms+6ms, total 83ms
D/dalvikvm( 1072): GC_EXPLICIT freed 576K, 13% free 13328K/15220K, paused 4ms+8ms, total 62ms
D/dalvikvm(  733): GC_EXPLICIT freed 352K, 7% free 8011K/8596K, paused 2ms+4ms, total 23ms
I/PlayCommon( 2681): [182] PlayEventLogger.uploadEventsImpl: Preparing logs for uploading
I/PlayCommon( 2681): [182] PlayEventLogger.uploadEventsImpl: No file ready to send
D/dalvikvm(  516): GC_EXPLICIT freed 91K, 17% free 15911K/18944K, paused 2ms+6ms, total 72ms
D/dalvikvm( 1072): GC_EXPLICIT freed 561K, 13% free 13326K/15220K, paused 5ms+7ms, total 60ms
D/dalvikvm(  733): GC_EXPLICIT freed 358K, 7% free 8007K/8596K, paused 2ms+3ms, total 25ms
D/dalvikvm(  516): GC_EXPLICIT freed 91K, 17% free 15912K/18944K, paused 2ms+6ms, total 77ms
D/dalvikvm(  733): GC_EXPLICIT freed 357K, 7% free 8003K/8596K, paused 2ms+4ms, total 26ms
D/dalvikvm( 1072): GC_EXPLICIT freed 569K, 13% free 13335K/15220K, paused 10ms+7ms, total 67ms
D/dalvikvm(  733): GC_EXPLICIT freed 350K, 7% free 8004K/8596K, paused 2ms+3ms, total 25ms
D/dalvikvm(  516): GC_EXPLICIT freed 89K, 17% free 15911K/18944K, paused 3ms+6ms, total 78ms
D/dalvikvm( 1072): GC_EXPLICIT freed 569K, 13% free 13326K/15220K, paused 7ms+7ms, total 66ms
D/dalvikvm(  733): GC_EXPLICIT freed 350K, 7% free 8006K/8596K, paused 4ms+4ms, total 25ms
D/dalvikvm(  516): GC_EXPLICIT freed 90K, 16% free 15913K/18944K, paused 3ms+5ms, total 75ms
D/dalvikvm(  733): GC_EXPLICIT freed 357K, 7% free 8002K/8596K, paused 3ms+3ms, total 29ms
D/dalvikvm( 1072): GC_EXPLICIT freed 562K, 13% free 13328K/15220K, paused 8ms+7ms, total 67ms
D/dalvikvm(  516): GC_EXPLICIT freed 90K, 16% free 15913K/18944K, paused 4ms+6ms, total 89ms
D/dalvikvm(  733): GC_EXPLICIT freed 348K, 7% free 8006K/8596K, paused 2ms+4ms, total 28ms
D/dalvikvm( 1072): GC_EXPLICIT freed 571K, 13% free 13327K/15220K, paused 16ms+7ms, total 74ms
D/dalvikvm(  733): GC_EXPLICIT freed 357K, 7% free 8003K/8596K, paused 1ms+3ms, total 22ms
I/PlayCommon( 1751): [145] com.google.android.play.a.g.e(222): Preparing logs for uploading
I/PlayCommon( 1751): [145] com.google.android.play.a.g.e(226): No file ready to send
D/dalvikvm(  516): GC_EXPLICIT freed 88K, 16% free 15913K/18944K, paused 3ms+5ms, total 72ms
D/dalvikvm( 1072): GC_EXPLICIT freed 564K, 13% free 13327K/15220K, paused 8ms+7ms, total 71ms
D/dalvikvm(  733): GC_EXPLICIT freed 352K, 7% free 8004K/8596K, paused 3ms+3ms, total 31ms
D/dalvikvm(  516): GC_EXPLICIT freed 90K, 16% free 15913K/18944K, paused 5ms+6ms, total 79ms
D/dalvikvm(  733): GC_EXPLICIT freed 354K, 7% free 8004K/8596K, paused 1ms+26ms, total 74ms
D/dalvikvm( 1072): GC_EXPLICIT freed 559K, 13% free 13330K/15220K, paused 6ms+8ms, total 66ms
D/dalvikvm(  733): GC_EXPLICIT freed 338K, 7% free 8008K/8596K, paused 2ms+3ms, total 22ms
D/dalvikvm(  516): GC_EXPLICIT freed 93K, 16% free 15914K/18944K, paused 6ms+6ms, total 85ms
D/dalvikvm( 1072): GC_EXPLICIT freed 572K, 13% free 13327K/15220K, paused 11ms+7ms, total 72ms
D/dalvikvm(  733): GC_EXPLICIT freed 352K, 7% free 8006K/8596K, paused 3ms+4ms, total 32ms
I/ActivityManager(  516): START u0 {act=android.intent.action.MAIN cat=[android.intent.category.LAUNCHER] flg=0x10200000 cmp=com.mylegguy.happy.land/.HelloSDL2Activity} from pid 809
D/dalvikvm( 4361): Late-enabling CheckJNI
I/ActivityManager(  516): Start proc com.mylegguy.happy.land for activity com.mylegguy.happy.land/.HelloSDL2Activity: pid=4361 uid=10093 gids={50093, 1028, 1015}
I/dalvikvm( 4361): Enabling JNI app bug workarounds for target SDK version 12...
D/dalvikvm(  516): GC_EXPLICIT freed 105K, 14% free 16426K/18944K, paused 3ms+17ms, total 184ms
V/SDL     ( 4361): Device: grouper
V/SDL     ( 4361): Model: Nexus 7
V/SDL     ( 4361): onCreate(): null
D/dalvikvm( 4361): Trying to load lib /data/app-lib/com.mylegguy.happy.land-2/liblua.so 0x420114f8
D/dalvikvm( 4361): Added shared lib /data/app-lib/com.mylegguy.happy.land-2/liblua.so 0x420114f8
D/dalvikvm( 4361): No JNI_OnLoad found in /data/app-lib/com.mylegguy.happy.land-2/liblua.so 0x420114f8, skipping init
D/dalvikvm( 4361): Trying to load lib /data/app-lib/com.mylegguy.happy.land-2/libSDL2.so 0x420114f8
D/dalvikvm( 4361): Added shared lib /data/app-lib/com.mylegguy.happy.land-2/libSDL2.so 0x420114f8
D/dalvikvm( 4361): Trying to load lib /data/app-lib/com.mylegguy.happy.land-2/libSDL2_image.so 0x420114f8
D/dalvikvm( 4361): Added shared lib /data/app-lib/com.mylegguy.happy.land-2/libSDL2_image.so 0x420114f8
D/dalvikvm( 4361): No JNI_OnLoad found in /data/app-lib/com.mylegguy.happy.land-2/libSDL2_image.so 0x420114f8, skipping init
D/dalvikvm( 4361): Trying to load lib /data/app-lib/com.mylegguy.happy.land-2/libSDL2_mixer.so 0x420114f8
D/dalvikvm( 4361): Added shared lib /data/app-lib/com.mylegguy.happy.land-2/libSDL2_mixer.so 0x420114f8
D/dalvikvm( 4361): No JNI_OnLoad found in /data/app-lib/com.mylegguy.happy.land-2/libSDL2_mixer.so 0x420114f8, skipping init
D/dalvikvm( 4361): Trying to load lib /data/app-lib/com.mylegguy.happy.land-2/libSDL2_ttf.so 0x420114f8
D/dalvikvm( 4361): Added shared lib /data/app-lib/com.mylegguy.happy.land-2/libSDL2_ttf.so 0x420114f8
D/dalvikvm( 4361): No JNI_OnLoad found in /data/app-lib/com.mylegguy.happy.land-2/libSDL2_ttf.so 0x420114f8, skipping init
D/dalvikvm( 4361): Trying to load lib /data/app-lib/com.mylegguy.happy.land-2/libmain.so 0x420114f8
D/dalvikvm( 4361): Added shared lib /data/app-lib/com.mylegguy.happy.land-2/libmain.so 0x420114f8
D/dalvikvm( 4361): No JNI_OnLoad found in /data/app-lib/com.mylegguy.happy.land-2/libmain.so 0x420114f8, skipping init
V/SDL     ( 4361): onResume()
D/libEGL  ( 4361): loaded /system/lib/egl/libEGL_tegra.so
D/libEGL  ( 4361): loaded /system/lib/egl/libGLESv1_CM_tegra.so
D/libEGL  ( 4361): loaded /system/lib/egl/libGLESv2_tegra.so
I/dalvikvm(  516): Jit: resizing JitTable from 8192 to 16384
D/OpenGLRenderer( 4361): Enabling debug mode 0
V/SDL     ( 4361): surfaceCreated()
V/SDL     ( 4361): surfaceChanged()
V/SDL     ( 4361): pixel format RGB_565
V/SDL     ( 4361): Window size: 1280x736
I/SDL     ( 4361): SDL_Android_Init()
I/SDL     ( 4361): SDL_Android_Init() finished!
D/dalvikvm( 4361): GC_CONCURRENT freed 452K, 6% free 7667K/8156K, paused 4ms+2ms, total 25ms
D/dalvikvm( 4361): WAIT_FOR_CONCURRENT_GC blocked 11ms
D/dalvikvm( 4361): GC_CONCURRENT freed 467K, 7% free 7670K/8212K, paused 3ms+2ms, total 19ms
D/dalvikvm( 4361): WAIT_FOR_CONCURRENT_GC blocked 11ms
V/SDL     ( 4361): onWindowFocusChanged(): true
I/ActivityManager(  516): Displayed com.mylegguy.happy.land/.HelloSDL2Activity: +575ms
D/dalvikvm( 4361): GC_CONCURRENT freed 505K, 7% free 7674K/8220K, paused 2ms+2ms, total 25ms
D/dalvikvm( 4361): WAIT_FOR_CONCURRENT_GC blocked 5ms
D/dalvikvm( 4361): GC_CONCURRENT freed 458K, 7% free 7676K/8220K, paused 2ms+3ms, total 26ms
D/dalvikvm( 4361): GC_CONCURRENT freed 481K, 7% free 7683K/8220K, paused 3ms+2ms, total 24ms
D/dalvikvm( 4361): GC_CONCURRENT freed 482K, 7% free 7676K/8220K, paused 2ms+1ms, total 17ms
D/dalvikvm( 4361): GC_CONCURRENT freed 488K, 7% free 7700K/8220K, paused 3ms+2ms, total 17ms
D/dalvikvm( 4361): GC_CONCURRENT freed 523K, 7% free 7687K/8244K, paused 2ms+1ms, total 17ms
D/dalvikvm( 4361): GC_CONCURRENT freed 527K, 7% free 7671K/8244K, paused 3ms+2ms, total 17ms
D/dalvikvm( 4361): WAIT_FOR_CONCURRENT_GC blocked 3ms
D/dalvikvm( 4361): GC_CONCURRENT freed 498K, 7% free 7681K/8244K, paused 1ms+1ms, total 16ms
D/dalvikvm( 4361): GC_CONCURRENT freed 513K, 7% free 7682K/8244K, paused 2ms+1ms, total 16ms
D/dalvikvm( 4361): GC_CONCURRENT freed 519K, 7% free 7671K/8244K, paused 2ms+2ms, total 18ms
D/dalvikvm( 4361): WAIT_FOR_CONCURRENT_GC blocked 2ms
D/dalvikvm(  733): GC_EXPLICIT freed 355K, 7% free 8002K/8596K, paused 1ms+3ms, total 24ms
D/dalvikvm( 4361): GC_CONCURRENT freed 493K, 7% free 7675K/8244K, paused 3ms+1ms, total 22ms
D/dalvikvm( 4361): GC_CONCURRENT freed 500K, 7% free 7673K/8244K, paused 2ms+2ms, total 16ms
D/dalvikvm( 4361): GC_CONCURRENT freed 507K, 7% free 7672K/8244K, paused 2ms+2ms, total 16ms
D/dalvikvm( 4361): GC_CONCURRENT freed 511K, 7% free 7672K/8244K, paused 2ms+1ms, total 16ms
D/dalvikvm( 4361): WAIT_FOR_CONCURRENT_GC blocked 4ms
D/dalvikvm( 1072): GC_EXPLICIT freed 560K, 13% free 13326K/15220K, paused 4ms+8ms, total 69ms
D/dalvikvm( 4361): GC_CONCURRENT freed 497K, 7% free 7675K/8244K, paused 2ms+1ms, total 16ms
D/dalvikvm( 4361): GC_CONCURRENT freed 513K, 7% free 7671K/8244K, paused 1ms+2ms, total 18ms
D/dalvikvm( 4361): WAIT_FOR_CONCURRENT_GC blocked 3ms
D/dalvikvm( 4361): GC_CONCURRENT freed 506K, 7% free 7671K/8244K, paused 1ms+1ms, total 15ms
D/dalvikvm( 4361): GC_CONCURRENT freed 507K, 7% free 7675K/8244K, paused 3ms+2ms, total 18ms
D/dalvikvm( 4361): WAIT_FOR_CONCURRENT_GC blocked 4ms
D/dalvikvm( 4361): GC_CONCURRENT freed 508K, 7% free 7672K/8244K, paused 1ms+3ms, total 17ms
D/dalvikvm( 4361): GC_CONCURRENT freed 506K, 7% free 7674K/8244K, paused 3ms+2ms, total 19ms
D/dalvikvm( 4361): WAIT_FOR_CONCURRENT_GC blocked 4ms
D/dalvikvm( 4361): GC_CONCURRENT freed 513K, 7% free 7671K/8244K, paused 3ms+1ms, total 17ms
D/dalvikvm( 4361): WAIT_FOR_CONCURRENT_GC blocked 2ms
D/dalvikvm( 4361): GC_CONCURRENT freed 511K, 7% free 7671K/8244K, paused 3ms+2ms, total 16ms
D/dalvikvm( 4361): WAIT_FOR_CONCURRENT_GC blocked 4ms
D/dalvikvm( 4361): GC_CONCURRENT freed 511K, 7% free 7671K/8244K, paused 2ms+2ms, total 19ms
D/dalvikvm( 4361): WAIT_FOR_CONCURRENT_GC blocked 6ms
D/dalvikvm( 4361): GC_CONCURRENT freed 482K, 7% free 7675K/8244K, paused 3ms+1ms, total 19ms
D/dalvikvm( 4361): GC_CONCURRENT freed 508K, 7% free 7675K/8244K, paused 2ms+1ms, total 16ms
D/dalvikvm( 4361): WAIT_FOR_CONCURRENT_GC blocked 11ms
D/dalvikvm( 4361): GC_CONCURRENT freed 514K, 7% free 7670K/8244K, paused 2ms+2ms, total 16ms
D/dalvikvm( 4361): WAIT_FOR_CONCURRENT_GC blocked 4ms
D/dalvikvm( 4361): GC_CONCURRENT freed 495K, 7% free 7683K/8244K, paused 2ms+1ms, total 19ms
D/dalvikvm( 4361): GC_CONCURRENT freed 518K, 7% free 7675K/8244K, paused 1ms+1ms, total 15ms
D/dalvikvm( 4361): WAIT_FOR_CONCURRENT_GC blocked 3ms
D/dalvikvm( 4361): GC_CONCURRENT freed 510K, 7% free 7675K/8244K, paused 1ms+1ms, total 15ms
D/dalvikvm( 4361): WAIT_FOR_CONCURRENT_GC blocked 4ms
D/dalvikvm( 4361): GC_CONCURRENT freed 509K, 7% free 7675K/8244K, paused 2ms+1ms, total 17ms
D/dalvikvm( 4361): WAIT_FOR_CONCURRENT_GC blocked 4ms
D/dalvikvm( 4361): GC_CONCURRENT freed 511K, 7% free 7683K/8244K, paused 3ms+2ms, total 17ms
D/dalvikvm( 4361): GC_CONCURRENT freed 516K, 7% free 7675K/8244K, paused 1ms+1ms, total 16ms
D/dalvikvm( 4361): WAIT_FOR_CONCURRENT_GC blocked 4ms
D/dalvikvm( 4361): GC_CONCURRENT freed 505K, 7% free 7680K/8244K, paused 2ms+2ms, total 16ms
D/dalvikvm( 4361): GC_CONCURRENT freed 516K, 7% free 7679K/8244K, paused 3ms+1ms, total 17ms
D/dalvikvm( 4361): GC_CONCURRENT freed 516K, 7% free 7671K/8244K, paused 2ms+1ms, total 16ms
D/dalvikvm( 4361): WAIT_FOR_CONCURRENT_GC blocked 3ms
D/dalvikvm( 4361): GC_CONCURRENT freed 510K, 7% free 7671K/8244K, paused 2ms+2ms, total 19ms
D/dalvikvm( 4361): WAIT_FOR_CONCURRENT_GC blocked 4ms
D/dalvikvm( 4361): GC_CONCURRENT freed 504K, 7% free 7675K/8244K, paused 2ms+1ms, total 16ms
D/dalvikvm( 4361): WAIT_FOR_CONCURRENT_GC blocked 3ms
D/dalvikvm( 4361): GC_CONCURRENT freed 514K, 7% free 7671K/8244K, paused 3ms+2ms, total 18ms
D/dalvikvm( 4361): WAIT_FOR_CONCURRENT_GC blocked 5ms
D/dalvikvm( 4361): GC_CONCURRENT freed 506K, 7% free 7675K/8244K, paused 1ms+1ms, total 16ms
D/dalvikvm( 4361): WAIT_FOR_CONCURRENT_GC blocked 3ms
D/dalvikvm( 4361): GC_CONCURRENT freed 515K, 7% free 7671K/8244K, paused 3ms+1ms, total 17ms
D/dalvikvm( 4361): WAIT_FOR_CONCURRENT_GC blocked 3ms
D/dalvikvm( 4361): GC_CONCURRENT freed 511K, 7% free 7671K/8244K, paused 1ms+1ms, total 22ms
D/dalvikvm( 4361): WAIT_FOR_CONCURRENT_GC blocked 11ms
D/dalvikvm(  516): GC_EXPLICIT freed 382K, 15% free 16158K/18944K, paused 2ms+9ms, total 87ms
D/dalvikvm( 4361): GC_CONCURRENT freed 504K, 7% free 7675K/8244K, paused 3ms+2ms, total 20ms
D/dalvikvm( 4361): WAIT_FOR_CONCURRENT_GC blocked 7ms
D/dalvikvm( 4361): GC_CONCURRENT freed 512K, 7% free 7671K/8244K, paused 2ms+1ms, total 17ms
D/dalvikvm( 4361): WAIT_FOR_CONCURRENT_GC blocked 2ms
D/dalvikvm( 4361): GC_CONCURRENT freed 511K, 7% free 7671K/8244K, paused 1ms+2ms, total 15ms
D/dalvikvm( 4361): WAIT_FOR_CONCURRENT_GC blocked 3ms
D/dalvikvm( 4361): GC_CONCURRENT freed 505K, 7% free 7675K/8244K, paused 3ms+2ms, total 16ms
D/dalvikvm( 4361): WAIT_FOR_CONCURRENT_GC blocked 3ms
D/dalvikvm( 4361): GC_CONCURRENT freed 513K, 7% free 7672K/8244K, paused 3ms+2ms, total 16ms
D/dalvikvm( 4361): GC_CONCURRENT freed 509K, 7% free 7671K/8244K, paused 2ms+1ms, total 22ms
D/dalvikvm( 4361): WAIT_FOR_CONCURRENT_GC blocked 8ms
D/dalvikvm( 4361): GC_CONCURRENT freed 501K, 7% free 7683K/8244K, paused 1ms+1ms, total 14ms
D/dalvikvm( 4361): GC_CONCURRENT freed 519K, 7% free 7675K/8244K, paused 2ms+1ms, total 15ms
D/dalvikvm( 4361): WAIT_FOR_CONCURRENT_GC blocked 5ms
D/dalvikvm(  733): GC_EXPLICIT freed 347K, 7% free 8007K/8596K, paused 1ms+3ms, total 26ms
D/dalvikvm( 1072): GC_EXPLICIT freed 563K, 13% free 13324K/15220K, paused 9ms+8ms, total 79ms
D/dalvikvm(  733): GC_EXPLICIT freed 356K, 7% free 8004K/8596K, paused 6ms+4ms, total 45ms
D/dalvikvm(  516): GC_EXPLICIT freed 144K, 15% free 16129K/18944K, paused 8ms+8ms, total 92ms
I/SDL/APP ( 4361): !!!!!!!!!!!!!!
I/SDL/APP ( 4361): Trying /sdcard/Android/data/com.mylegguy.happy.land/Stuff/Maps/NathansHouse
F/libc    ( 4361): invalid address or address of corrupt block 0x688affff passed to try_realloc_chunk
F/libc    ( 4361): Fatal signal 11 (SIGSEGV) at 0xdeadbaad (code=1), thread 4379 (SDLThread)
I/DEBUG   (  121): *** *** *** *** *** *** *** *** *** *** *** *** *** *** *** ***
I/DEBUG   (  121): Build fingerprint: 'google/nakasi/grouper:4.4.4/KTU84P/1227136:user/release-keys'
I/DEBUG   (  121): Revision: '0'
I/DEBUG   (  121): pid: 4361, tid: 4379, name: SDLThread  >>> com.mylegguy.happy.land <<<
I/DEBUG   (  121): signal 11 (SIGSEGV), code 1 (SEGV_MAPERR), fault addr deadbaad
I/DEBUG   (  121): Abort message: 'invalid address or address of corrupt block 0x688affff passed to try_realloc_chunk'
I/DEBUG   (  121):     r0 00000000  r1 4015602e  r2 6afe895c  r3 deadbaad
I/DEBUG   (  121):     r4 688affff  r5 6ae2fe17  r6 00000010  r7 0257fe22
I/DEBUG   (  121):     r8 00000002  r9 66f710b0  sl 00000001  fp 00000002
I/DEBUG   (  121):     ip 00000001  sp 6afe8968  lr 40125e05  pc 40125e06  cpsr 600f0030
I/DEBUG   (  121):     d0  6c6165725f797274  d1  6e7568635f636f6c
I/DEBUG   (  121):     d2  657264646120726f  d3  6f6320666f207373
I/DEBUG   (  121):     d4  61642f64696f7264  d5  6d2e6d6f632f6174
I/DEBUG   (  121):     d6  2e79756767656c79  d7  616c2e7970706168
I/DEBUG   (  121):     d8  0000000044800000  d9  0000000044400000
I/DEBUG   (  121):     d10 0000000044700000  d11 0000000000000000
I/DEBUG   (  121):     d12 0000000000000000  d13 0000000000000000
I/DEBUG   (  121):     d14 0000000000000000  d15 0000000000000000
I/DEBUG   (  121):     d16 000000669c20abbb  d17 0000000000000000
I/DEBUG   (  121):     d18 0000000000000000  d19 0000000000000000
I/DEBUG   (  121):     d20 0000000000000000  d21 000f000f000f000f
I/DEBUG   (  121):     d22 0000000000000000  d23 0000000000000000
I/DEBUG   (  121):     d24 0000000000000000  d25 0000002300000022
I/DEBUG   (  121):     d26 0707070703030303  d27 991f1f1f991f1f1f
I/DEBUG   (  121):     d28 991f1f1f991f1f1f  d29 0079c01f0075401e
I/DEBUG   (  121):     d30 0082c021007e4020  d31 008bc02300874022
I/DEBUG   (  121):     scr 20000010
I/DEBUG   (  121): 
I/DEBUG   (  121): backtrace:
I/DEBUG   (  121):     #00  pc 0000fe06  /system/lib/libc.so
I/DEBUG   (  121):     #01  pc 000118d3  /system/lib/libc.so (dlrealloc+78)
I/DEBUG   (  121):     #02  pc 0000dceb  /system/lib/libc.so (realloc+10)
I/DEBUG   (  121):     #03  pc 0000e2fb  /data/app-lib/com.mylegguy.happy.land-2/libmain.so (LoadMap+386)
I/DEBUG   (  121):     #04  pc 0001490b  /data/app-lib/com.mylegguy.happy.land-2/libmain.so (TitleLoop+762)
I/DEBUG   (  121):     #05  pc 0001648f  /data/app-lib/com.mylegguy.happy.land-2/libmain.so (SDL_main+62)
I/DEBUG   (  121):     #06  pc 00007383  /data/app-lib/com.mylegguy.happy.land-2/libmain.so (Java_org_libsdl_app_SDLActivity_nativeInit+230)
I/DEBUG   (  121):     #07  pc 0001dbcc  /system/lib/libdvm.so (dvmPlatformInvoke+112)
I/DEBUG   (  121):     #08  pc 0004e123  /system/lib/libdvm.so (dvmCallJNIMethod(unsigned int const*, JValue*, Method const*, Thread*)+398)
I/DEBUG   (  121):     #09  pc 0004fb0d  /system/lib/libdvm.so (dvmResolveNativeMethod(unsigned int const*, JValue*, Method const*, Thread*)+184)
I/DEBUG   (  121):     #10  pc 00026fe0  /system/lib/libdvm.so
I/DEBUG   (  121):     #11  pc 0002dfa0  /system/lib/libdvm.so (dvmMterpStd(Thread*)+76)
I/DEBUG   (  121):     #12  pc 0002b638  /system/lib/libdvm.so (dvmInterpret(Thread*, Method const*, JValue*)+184)
I/DEBUG   (  121):     #13  pc 0006057d  /system/lib/libdvm.so (dvmCallMethodV(Thread*, Method const*, Object*, bool, JValue*, std::__va_list)+336)
I/DEBUG   (  121):     #14  pc 000605a1  /system/lib/libdvm.so (dvmCallMethod(Thread*, Method const*, Object*, JValue*, ...)+20)
I/DEBUG   (  121):     #15  pc 00055287  /system/lib/libdvm.so
I/DEBUG   (  121):     #16  pc 0000d228  /system/lib/libc.so (__thread_entry+72)
I/DEBUG   (  121):     #17  pc 0000d3c0  /system/lib/libc.so (pthread_create+240)
I/DEBUG   (  121): 
I/DEBUG   (  121): stack:
I/DEBUG   (  121):          6afe8928  40125e85  /system/lib/libc.so (dlmalloc)
I/DEBUG   (  121):          6afe892c  4016dd8c  
I/DEBUG   (  121):          6afe8930  4015ffd8  /system/lib/libc.so
I/DEBUG   (  121):          6afe8934  d082f8b3  
I/DEBUG   (  121):          6afe8938  688affff  
I/DEBUG   (  121):          6afe893c  6ae2fe17  
I/DEBUG   (  121):          6afe8940  00000010  
I/DEBUG   (  121):          6afe8944  40128af9  /system/lib/libc.so
I/DEBUG   (  121):          6afe8948  4015602e  /system/lib/libc.so
I/DEBUG   (  121):          6afe894c  6afe895c  
I/DEBUG   (  121):          6afe8950  40159b9c  /system/lib/libc.so
I/DEBUG   (  121):          6afe8954  40125e05  /system/lib/libc.so
I/DEBUG   (  121):          6afe8958  4015602e  /system/lib/libc.so
I/DEBUG   (  121):          6afe895c  688affff  
I/DEBUG   (  121):          6afe8960  40159b9c  /system/lib/libc.so
I/DEBUG   (  121):          6afe8964  00000001  
I/DEBUG   (  121):     #00  6afe8968  00000001  
I/DEBUG   (  121):          6afe896c  00000010  
I/DEBUG   (  121):          6afe8970  688affff  
I/DEBUG   (  121):          6afe8974  688afff7  
I/DEBUG   (  121):          6afe8978  66f71ba4  /data/app-lib/com.mylegguy.happy.land-2/libmain.so
I/DEBUG   (  121):          6afe897c  66f710b0  /data/app-lib/com.mylegguy.happy.land-2/libmain.so
I/DEBUG   (  121):          6afe8980  00000001  
I/DEBUG   (  121):          6afe8984  401278d7  /system/lib/libc.so (dlrealloc+82)
I/DEBUG   (  121):     #01  6afe8988  40127885  /system/lib/libc.so (dlrealloc)
I/DEBUG   (  121):          6afe898c  66f71b00  /data/app-lib/com.mylegguy.happy.land-2/libmain.so
I/DEBUG   (  121):          6afe8990  4016dd8c  
I/DEBUG   (  121):          6afe8994  00000003  
I/DEBUG   (  121):          6afe8998  6afe89e0  
I/DEBUG   (  121):          6afe899c  40123ced  /system/lib/libc.so (realloc+12)
I/DEBUG   (  121):     #02  6afe89a0  4016dd8c  
I/DEBUG   (  121):          6afe89a4  66f632ff  /data/app-lib/com.mylegguy.happy.land-2/libmain.so (LoadMap+390)
I/DEBUG   (  121): 
I/DEBUG   (  121): memory near r1:
I/DEBUG   (  121):     4015600c 69747075 64206e6f 63657465 20646574  
I/DEBUG   (  121):     4015601c 25207962 696c0073 6d5f6362 6f6c6c61  
I/DEBUG   (  121):     4015602c 6e690063 696c6176 64612064 73657264  
I/DEBUG   (  121):     4015603c 726f2073 64646120 73736572 20666f20  
I/DEBUG   (  121):     4015604c 72726f63 20747075 636f6c62 7025206b  
I/DEBUG   (  121):     4015605c 73617020 20646573 25206f74 616d0073  
I/DEBUG   (  121):     4015606c 79732078 6d657473 74796220 3d207365  
I/DEBUG   (  121):     4015607c 30312520 000a756c 74737973 62206d65  
I/DEBUG   (  121):     4015608c 73657479 20202020 25203d20 756c3031  
I/DEBUG   (  121):     4015609c 6e69000a 65737520 74796220 20207365  
I/DEBUG   (  121):     401560ac 3d202020 30312520 000a756c 63617473  
I/DEBUG   (  121):     401560bc 6f63206b 70757272 6e6f6974 74656420  
I/DEBUG   (  121):     401560cc 65746365 73250064 3a64253a 73736120  
I/DEBUG   (  121):     401560dc 69747265 22206e6f 20227325 6c696166  
I/DEBUG   (  121):     401560ec 25006465 64253a73 7325203a 7361203a  
I/DEBUG   (  121):     401560fc 74726573 206e6f69 22732522 69616620  
I/DEBUG   (  121): 
I/DEBUG   (  121): memory near r2:
I/DEBUG   (  121):     6afe893c 6ae2fe17 00000010 40128af9 4015602e  
I/DEBUG   (  121):     6afe894c 6afe895c 40159b9c 40125e05 4015602e  
I/DEBUG   (  121):     6afe895c 688affff 40159b9c 00000001 00000001  
I/DEBUG   (  121):     6afe896c 00000010 688affff 688afff7 66f71ba4  
I/DEBUG   (  121):     6afe897c 66f710b0 00000001 401278d7 40127885  
I/DEBUG   (  121):     6afe898c 66f71b00 4016dd8c 00000003 6afe89e0  
I/DEBUG   (  121):     6afe899c 40123ced 4016dd8c 66f632ff 6f732074  
I/DEBUG   (  121):     6afe89ac 66f71760 20646e61 6f6d6572 20736576  
I/DEBUG   (  121):     6afe89bc 0000000f 0000000f 7665206b 000f000f  
I/DEBUG   (  121):     6afe89cc d082f8b3 6f697463 00000000 66f71760  
I/DEBUG   (  121):     6afe89dc 00000000 6afe8a70 6afe8a30 66f71038  
I/DEBUG   (  121):     6afe89ec 6afe8a40 66f71c20 66f6990f 44334000  
I/DEBUG   (  121):     6afe89fc 66f6de35 66f6e55a 66f7103c 66f7101c  
I/DEBUG   (  121):     6afe8a0c 66f710a4 66f710a0 66f710ac 66f71010  
I/DEBUG   (  121):     6afe8a1c 66f71068 66f71bb0 687443c0 66f71070  
I/DEBUG   (  121):     6afe8a2c 66f71088 0000003b 000002cd 00000168  
I/DEBUG   (  121): 
I/DEBUG   (  121): memory near r4:
I/DEBUG   (  121):     688affdc 71717171 2f007171 0112113f 13303139  
I/DEBUG   (  121):     688affec b7113311 074efea6 0082f87e 22000100  
I/DEBUG   (  121):     688afffc 870257fe 2300cc05 3a405f00 0416160b  
I/DEBUG   (  121):     688b000c 231d1a1d 25240410 191a1907 0f59f51a  
I/DEBUG   (  121):     688b001c 02194f19 19bf192f 0f0319cf 4f192f19  
I/DEBUG   (  121):     688b002c 0419ef19 1919030b 23222211 1b2259f5  
I/DEBUG   (  121):     688b003c 59f51011 3f000011 3f18002b 0012112b  
I/DEBUG   (  121):     688b004c 5f2f1839 72715d5e 0012112b 01121139  
I/DEBUG   (  121):     688b005c 33113917 31331133 36321330 36341135  
I/DEBUG   (  121):     688b006c 012e3537 26341135 3335012b 11151632  
I/DEBUG   (  121):     688b007c 15171614 1115010e 012b0614 4f5b5e35  
I/DEBUG   (  121):     688b008c 6b565968 843c5b4f 6f6a8583 7f896970  
I/DEBUG   (  121):     688b009c 6dd8fe84 6265016a 14021488 64016187  
I/DEBUG   (  121):     688b00ac 98816b6c 7496fe8d 047f0474 97fe7574  
I/DEBUG   (  121):     688b00bc 00819b8a 5c000100 50042902 16002703  
I/DEBUG   (  121):     688b00cc 09406f00 18171308 59ad1100 c0ffb808  
I/DEBUG   (  121): 
I/DEBUG   (  121): memory near r5:
I/DEBUG   (  121):     6ae2fdf4 00000000 00000000 00000000 00000000  
I/DEBUG   (  121):     6ae2fe04 00000000 00000000 00000000 00000000  
I/DEBUG   (  121):     6ae2fe14 00000000 00000000 00000000 00000000  
I/DEBUG   (  121):     6ae2fe24 00000000 00000000 00000000 00000000  
I/DEBUG   (  121):     6ae2fe34 00000000 00000000 00000000 00000000  
I/DEBUG   (  121):     6ae2fe44 00000000 00000000 00000000 00000000  
I/DEBUG   (  121):     6ae2fe54 00000000 00000000 00000000 00000000  
I/DEBUG   (  121):     6ae2fe64 00000000 00000000 00000000 00000000  
I/DEBUG   (  121):     6ae2fe74 00000000 00000000 00000000 00000000  
I/DEBUG   (  121):     6ae2fe84 00000000 00000000 00000000 00000000  
I/DEBUG   (  121):     6ae2fe94 00000000 00000000 00000000 00000000  
I/DEBUG   (  121):     6ae2fea4 00000000 00000000 00000000 00000000  
I/DEBUG   (  121):     6ae2feb4 00000000 00000000 00000000 00000000  
I/DEBUG   (  121):     6ae2fec4 00000000 00000000 00000000 00000000  
I/DEBUG   (  121):     6ae2fed4 00000000 00000000 00000000 00000000  
I/DEBUG   (  121):     6ae2fee4 00000000 00000000 00000000 00000000  
I/DEBUG   (  121): 
I/DEBUG   (  121): memory near r7:
I/DEBUG   (  121):     0257fe00 ffffffff ffffffff ffffffff ffffffff  
I/DEBUG   (  121):     0257fe10 ffffffff ffffffff ffffffff ffffffff  
I/DEBUG   (  121):     0257fe20 ffffffff ffffffff ffffffff ffffffff  
I/DEBUG   (  121):     0257fe30 ffffffff ffffffff ffffffff ffffffff  
I/DEBUG   (  121):     0257fe40 ffffffff ffffffff ffffffff ffffffff  
I/DEBUG   (  121):     0257fe50 ffffffff ffffffff ffffffff ffffffff  
I/DEBUG   (  121):     0257fe60 ffffffff ffffffff ffffffff ffffffff  
I/DEBUG   (  121):     0257fe70 ffffffff ffffffff ffffffff ffffffff  
I/DEBUG   (  121):     0257fe80 ffffffff ffffffff ffffffff ffffffff  
I/DEBUG   (  121):     0257fe90 ffffffff ffffffff ffffffff ffffffff  
I/DEBUG   (  121):     0257fea0 ffffffff ffffffff ffffffff ffffffff  
I/DEBUG   (  121):     0257feb0 ffffffff ffffffff ffffffff ffffffff  
I/DEBUG   (  121):     0257fec0 ffffffff ffffffff ffffffff ffffffff  
I/DEBUG   (  121):     0257fed0 ffffffff ffffffff ffffffff ffffffff  
I/DEBUG   (  121):     0257fee0 ffffffff ffffffff ffffffff ffffffff  
I/DEBUG   (  121):     0257fef0 ffffffff ffffffff ffffffff ffffffff  
I/DEBUG   (  121): 
I/DEBUG   (  121): memory near r9:
I/DEBUG   (  121):     66f71090 00000000 00000000 00000000 00000000  
I/DEBUG   (  121):     66f710a0 6870e978 00000005 686a9f90 00000033  
I/DEBUG   (  121):     66f710b0 00000002 00000000 00000000 00000000  
I/DEBUG   (  121):     66f710c0 68775038 00000000 00000000 00000000  
I/DEBUG   (  121):     66f710d0 00400040 00000000 00000000 00000000  
I/DEBUG   (  121):     66f710e0 0000000a 6888aca8 00200012 01010300  
I/DEBUG   (  121):     66f710f0 00000007 00000000 00000000 00000000  
I/DEBUG   (  121):     66f71100 00000000 00000000 00000000 00000000  
I/DEBUG   (  121):     66f71110 00000000 00000000 00000000 00000000  
I/DEBUG   (  121):     66f71120 00000000 00000000 00000000 00000000  
I/DEBUG   (  121):     66f71130 00000000 00000000 00000000 00000000  
I/DEBUG   (  121):     66f71140 00000000 00000000 00000000 00000000  
I/DEBUG   (  121):     66f71150 00000000 00000000 00000000 00000000  
I/DEBUG   (  121):     66f71160 00000000 00000000 00000000 00000000  
I/DEBUG   (  121):     66f71170 00000000 00000000 00000000 00000000  
I/DEBUG   (  121):     66f71180 00000000 00000000 00000000 00000000  
I/DEBUG   (  121): 
I/DEBUG   (  121): memory near sp:
I/DEBUG   (  121):     6afe8948 4015602e 6afe895c 40159b9c 40125e05  
I/DEBUG   (  121):     6afe8958 4015602e 688affff 40159b9c 00000001  
I/DEBUG   (  121):     6afe8968 00000001 00000010 688affff 688afff7  
