W/dalvikvm( 2803): Unable to resolve superclass of Lcom/google/android/gms/org/conscrypt/OpenSSLExtendedSessionImpl; (3016)
W/dalvikvm( 2803): Link of class 'Lcom/google/android/gms/org/conscrypt/OpenSSLExtendedSessionImpl;' failed
D/dalvikvm( 2803): DexOpt: unable to opt direct call 0x234e at 0x09 in Lunj;.a
D/dalvikvm( 2803): DexOpt: unable to opt direct call 0x3c75 at 0x35 in Lunj;.b
D/dalvikvm( 2803): DexOpt: unable to opt direct call 0x3c75 at 0x35 in Lunj;.b
D/dalvikvm( 2803): Trying to load lib /data/app-lib/com.google.android.gms-1/libgmscore.so 0x42dd18e8
D/dalvikvm( 2803): Shared lib '/data/app-lib/com.google.android.gms-1/libgmscore.so' already loaded in same CL 0x42dd18e8
D/dalvikvm( 2803): Trying to load lib /data/app-lib/com.google.android.gms-1/libconscrypt_gmscore_jni.so 0x42dd18e8
D/dalvikvm( 2803): Shared lib '/data/app-lib/com.google.android.gms-1/libconscrypt_gmscore_jni.so' already loaded in same CL 0x42dd18e8
I/ProviderInstaller( 2803): Installed default security provider GmsCore_OpenSSL
I/dalvikvm( 2803): Could not find method java.util.Locale.forLanguageTag, referenced from method aejd.a
W/dalvikvm( 2803): VFY: unable to resolve static method 52493: Ljava/util/Locale;.forLanguageTag (Ljava/lang/String;)Ljava/util/Locale;
D/dalvikvm( 2803): VFY: replacing opcode 0x71 at 0x0006
I/DigitalWidgetProvider( 2213): onReceive: Intent { act=com.android.deskclock.ALARM_CHANGED flg=0x10 cmp=com.google.android.deskclock/com.android.alarmclock.DigitalAppWidgetProvider }
D/BluetoothManagerService(  516): Message: 20
D/BluetoothManagerService(  516): Added callback: android.bluetooth.IBluetoothManagerCallback$Stub$Proxy@42686038:true
D/BluetoothAdapter( 2039): 1112228752: getState() :  mService = null. Returning STATE_OFF
W/SearchService( 2039): Abort, client detached.
W/SearchService( 2039): Abort, client detached.
I/ActivityManager(  516): Start proc eu.chainfire.supersu for broadcast eu.chainfire.supersu/.UserPresentReceiver: pid=2850 uid=10076 gids={50076}
I/dalvikvm( 2850): Could not find method android.content.Context.createDeviceProtectedStorageContext, referenced from method eu.chainfire.supersu.Settings.c
W/dalvikvm( 2850): VFY: unable to resolve virtual method 207: Landroid/content/Context;.createDeviceProtectedStorageContext ()Landroid/content/Context;
D/dalvikvm( 2850): VFY: replacing opcode 0x6e at 0x0006
I/ActivityManager(  516): Killing 2448:com.google.android.partnersetup/u0a11 (adj 15): empty #17
I/Authzen ( 1072): [DeviceStateSyncManager] Device state fast sync is disabled
D/dalvikvm(  759): GC_CONCURRENT freed 1017K, 10% free 11292K/12432K, paused 4ms+17ms, total 74ms
I/DigitalWidgetProvider( 2213): onReceive: Intent { act=com.android.deskclock.ALARM_CHANGED flg=0x10 cmp=com.google.android.deskclock/com.android.alarmclock.DigitalAppWidgetProvider }
I/ActivityManager(  516): Delay finish: com.google.android.gm/.MailIntentReceiver
I/ActivityManager(  516): Resuming delayed broadcast
D/ConnectivityService(  516): Sampling interval elapsed, updating statistics ..
D/ConnectivityService(  516): Done.
D/ConnectivityService(  516): Setting timer for 720seconds
I/ActivityManager(  516): Delay finish: com.android.vending/com.google.android.finsky.flushlogs.FlushLogsReceiver
I/Finsky  ( 1751): [144] com.google.android.finsky.flushlogs.FlushLogsReceiver$FlushLogsService.onHandleIntent(10): Flushing event logs for [fRDaHONzv0MzkG8jBmor00EWGhI]
I/CastDatabase( 1072): Opening the database
I/PlayCommon( 1751): [110] com.google.android.play.a.g.e(222): Preparing logs for uploading
I/PlayCommon( 1751): [145] com.google.android.play.a.g.e(222): Preparing logs for uploading
I/PlayCommon( 1751): [145] com.google.android.play.a.g.e(226): No file ready to send
I/PlayCommon( 1751): [110] com.google.android.play.a.g.a(436): Connecting to server: https://play.googleapis.com/play/log?format=raw&proto_v2=true
I/SQLiteCastStore( 1072): 2 CastNetworkInfo instances loaded, 1 CastDeviceInfo instances loaded, 0 paired guest mode devices loaded.
I/ActivityManager(  516): Resuming delayed broadcast
I/Finsky  ( 1751): [1] com.google.android.finsky.verifier.impl.VerifyInstalledPackagesReceiver.onReceive(7): Verify installed apps requested
D/dalvikvm( 1072): GC_CONCURRENT freed 915K, 7% free 12660K/13612K, paused 12ms+11ms, total 149ms
W/SQLiteConnectionPool( 1072): A SQLiteConnection object for database '/data/data/com.google.android.gms/databases/networkstatistics.sqlite' was leaked!  Please fix your application to end transactions in progress properly and to close the database when it is no longer needed.
I/ActivityManager(  516): Delay finish: com.android.vending/com.google.android.finsky.verifier.impl.VerifyInstalledPackagesReceiver
I/Finsky  ( 1751): [147] com.google.android.finsky.verifier.impl.ch.a(8): Verifying installed packages
D/dalvikvm( 1751): GC_CONCURRENT freed 311K, 10% free 9736K/10744K, paused 3ms+6ms, total 53ms
I/PlayCommon( 1751): [110] com.google.android.play.a.g.a(493): Successfully uploaded logs.
I/PlayCommon( 1751): [110] com.google.android.play.a.g.e(222): Preparing logs for uploading
I/PlayCommon( 1751): [110] com.google.android.play.a.g.e(226): No file ready to send
I/ActivityManager(  516): Resuming delayed broadcast
I/ActivityManager(  516): Delay finish: com.google.android.gms/.stats.service.DropBoxEntryAddedReceiver
I/dalvikvm(  759): Jit: resizing JitTable from 4096 to 8192
D/MusicLifecycle( 2681): com.google.android.music.autocache.AutoCacheSchedulingService$EnablingReceiver generated event: Broadcast received with context android.app.ReceiverRestrictedContext@42151f38 and intent Intent { act=com.google.android.music.START_DOWNLOAD_SCHEDULING flg=0x10 cmp=com.google.android.music/.autocache.AutoCacheSchedulingService$EnablingReceiver }
I/ActivityManager(  516): Resuming delayed broadcast
D/MusicLifecycle( 2681): com.google.android.music.autocache.AutoCacheSchedulingService generated event: Service created
D/MusicLifecycle( 2681): com.google.android.music.autocache.AutoCacheSchedulingService generated event: Service started with intent Intent { act=com.google.android.music.leanback.APP_IN_USE cmp=com.google.android.music/.autocache.AutoCacheSchedulingService (has extras) }
I/ActivityManager(  516): Delay finish: com.google.android.music/.autocache.AutoCacheSchedulingService$EnablingReceiver
D/dalvikvm(  873): GC_EXPLICIT freed 372K, 19% free 10221K/12604K, paused 12ms+34ms, total 103ms
I/MusicLeanback( 2681): Conditions not met for autocaching. okToAttempt=false
I/MusicLeanback( 2681): Stop autocaching.
D/MusicLifecycle( 2681): com.google.android.music.autocache.AutoCacheSchedulingService generated event: Service destroyed
I/ActivityManager(  516): Resuming delayed broadcast
D/MusicLifecycle( 2681): com.google.android.music.wear.WearBroadcastReceiver generated event: Broadcast received with context android.app.ReceiverRestrictedContext@42151f38 and intent Intent { act=com.google.android.music.START_DOWNLOAD_SCHEDULING flg=0x10 cmp=com.google.android.music/.wear.WearBroadcastReceiver }
D/MusicLifecycle( 2681): com.google.android.music.wear.WearBroadcastReceiver generated event: Broadcast received with context android.app.ReceiverRestrictedContext@42151f38 and intent Intent { act=com.google.android.music.IMPORT_COMPLETE flg=0x10 cmp=com.google.android.music/.wear.WearBroadcastReceiver }
W/WearSignatureVerifier( 2681): No package com.google.android.wearable.app.cn
W/WearSignatureVerifier( 2681): No package com.google.android.wearable.app.cn
W/WearSignatureVerifier( 2681): No package com.google.android.wearable.app.cn
W/WearSignatureVerifier( 2681): No package com.google.android.wearable.app.cn
W/WearSignatureVerifier( 2681): No package com.google.android.wearable.app.cn
W/WearSignatureVerifier( 2681): No package com.google.android.wearable.app.cn
W/WearSignatureVerifier( 2681): No package com.google.android.wearable.app.cn
W/WearSignatureVerifier( 2681): No package com.google.android.wearable.app.cn
I/WearableService(  759): onCreate - Wear is not available on this device.
D/WearableService(  759): onGetService - Wear is not available on this device.
D/WearableService(  759): onGetService - Wear is not available on this device.
W/WearSignatureVerifier( 2681): No package com.google.android.wearable.app.cn
E/GmsUtils( 2681): Failed to connect to Google API client: ConnectionResult{statusCode=API_UNAVAILABLE, resolution=null, message=null}
W/WearSignatureVerifier( 2681): No package com.google.android.wearable.app.cn
E/GmsUtils( 2681): Failed to connect to Google API client: ConnectionResult{statusCode=API_UNAVAILABLE, resolution=null, message=null}
D/dalvikvm( 1751): GC_CONCURRENT freed 372K, 7% free 10061K/10744K, paused 2ms+5ms, total 41ms
D/dalvikvm(  516): GC_EXPLICIT freed 558K, 11% free 15935K/17744K, paused 4ms+9ms, total 119ms
D/dalvikvm( 1072): GC_EXPLICIT freed 349K, 8% free 12609K/13612K, paused 8ms+8ms, total 83ms
D/dalvikvm( 1072): Trying to load lib /data/app-lib/com.google.android.gms-1/libleveldbjni.so 0x420242f8
D/dalvikvm( 1072): Added shared lib /data/app-lib/com.google.android.gms-1/libleveldbjni.so 0x420242f8
D/dalvikvm(  873): GC_EXPLICIT freed 154K, 19% free 10210K/12604K, paused 4ms+6ms, total 48ms
I/dalvikvm( 1072): Jit: resizing JitTable from 4096 to 8192
I/CastSocket( 1072): 19 >= 18. Adding new CastClientAuthKeyManager.
I/dalvikvm( 1072): Could not find method android.os.PowerManager.isInteractive, referenced from method gks.a
W/dalvikvm( 1072): VFY: unable to resolve virtual method 5176: Landroid/os/PowerManager;.isInteractive ()Z
D/dalvikvm( 1072): VFY: replacing opcode 0x6e at 0x0018
I/DiscoveryManager( 1072): WifiGuestModeDeviceScanner enabled.
I/dalvikvm(  759): Could not find method android.net.wifi.ScanResult.is80211mcResponder, referenced from method ahmz.a
W/dalvikvm(  759): VFY: unable to resolve virtual method 30156: Landroid/net/wifi/ScanResult;.is80211mcResponder ()Z
D/dalvikvm(  759): VFY: replacing opcode 0x6e at 0x000b
D/dalvikvm(  759): DexOpt: couldn't find field Landroid/net/wifi/ScanResult;.channelWidth
I/dalvikvm(  759): DexOpt: unable to optimize instance field ref 0x5467 at 0x18 in Lahmz;.a
D/dalvikvm(  759): DexOpt: couldn't find field Landroid/net/wifi/ScanResult;.centerFreq0
I/dalvikvm(  759): DexOpt: unable to optimize instance field ref 0x5465 at 0x1e in Lahmz;.a
D/dalvikvm(  759): DexOpt: couldn't find field Landroid/net/wifi/ScanResult;.centerFreq1
I/dalvikvm(  759): DexOpt: unable to optimize instance field ref 0x5466 at 0x20 in Lahmz;.a
I/Icing   ( 1072): Indexing done D70FC0FF2575A2255B6BFFE552528B4DB649D616
I/Icing   ( 1072): Removing corpus key 81D76F961AD40F0F2AFCB2DEF329AC0ED2590C39 for package com.google.android.music
I/Icing   ( 1072): Flash index sort hb 2 prefix-hits 12 -> 12 at 0.894ms
I/SDL/APP ( 2767): !!!!!!!!!!!!!!
I/SDL/APP ( 2767): Trying /sdcard/Android/data/com.mylegguy.happy.land/Stuff/Maps/NathansHouse
F/libc    ( 2767): Fatal signal 11 (SIGSEGV) at 0x00000004 (code=1), thread 2786 (SDLThread)
I/DEBUG   (  121): *** *** *** *** *** *** *** *** *** *** *** *** *** *** *** ***
I/DEBUG   (  121): Build fingerprint: 'google/nakasi/grouper:4.4.4/KTU84P/1227136:user/release-keys'
I/DEBUG   (  121): Revision: '0'
I/DEBUG   (  121): pid: 2767, tid: 2786, name: SDLThread  >>> com.mylegguy.happy.land <<<
I/DEBUG   (  121): signal 11 (SIGSEGV), code 1 (SEGV_MAPERR), fault addr 00000004
I/DEBUG   (  121):     r0 00000000  r1 00000001  r2 00000001  r3 00000002
I/DEBUG   (  121):     r4 00000000  r5 00000001  r6 4015ffd8  r7 4016e324
I/DEBUG   (  121):     r8 00000002  r9 6afe89ca  sl 00000002  fp 66f71c20
I/DEBUG   (  121):     ip 66f70ea0  sp 6afe8980  lr 4013b979  pc 4013b978  cpsr 200f0030
I/DEBUG   (  121):     d0  756f48736e616874  d1  614e2f7370614d2f
I/DEBUG   (  121):     d2  732f20676e697972  d3  6e412f6472616364
I/DEBUG   (  121):     d4  61642f64696f7264  d5  6d2e6d6f632f6174
I/DEBUG   (  121):     d6  2e79756767656c79  d7  616c2e7970706168
I/DEBUG   (  121):     d8  0000000044800000  d9  0000000044400000
I/DEBUG   (  121):     d10 0000000044700000  d11 0000000000000000
I/DEBUG   (  121):     d12 0000000000000000  d13 0000000000000000
I/DEBUG   (  121):     d14 0000000000000000  d15 0000000000000000
I/DEBUG   (  121):     d16 0000001f05e970bb  d17 0000000000000000
I/DEBUG   (  121):     d18 0000000000000000  d19 0000000000000000
I/DEBUG   (  121):     d20 0000000000000000  d21 000f000f000f000f
I/DEBUG   (  121):     d22 0000000000000000  d23 0000000000000000
I/DEBUG   (  121):     d24 0000000000000000  d25 0000002300000022
I/DEBUG   (  121):     d26 0707070703030303  d27 991f1f1f991f1f1f
I/DEBUG   (  121):     d28 991f1f1f991f1f1f  d29 0079c01f0075401e
I/DEBUG   (  121):     d30 0082c021007e4020  d31 008bc02300874022
I/DEBUG   (  121):     scr 20000010
I/DEBUG   (  121): 
I/DEBUG   (  121): backtrace:
I/DEBUG   (  121):     #00  pc 00025978  /system/lib/libc.so (fread+39)
I/DEBUG   (  121):     #01  pc 0000e1b3  /data/app-lib/com.mylegguy.happy.land-2/libmain.so (LoadMap+58)
I/DEBUG   (  121):     #02  pc 0001490b  /data/app-lib/com.mylegguy.happy.land-2/libmain.so (TitleLoop+762)
I/DEBUG   (  121):     #03  pc 0001648f  /data/app-lib/com.mylegguy.happy.land-2/libmain.so (SDL_main+62)
I/DEBUG   (  121):     #04  pc 00007383  /data/app-lib/com.mylegguy.happy.land-2/libmain.so (Java_org_libsdl_app_SDLActivity_nativeInit+230)
I/DEBUG   (  121):     #05  pc 0001dbcc  /system/lib/libdvm.so (dvmPlatformInvoke+112)
I/DEBUG   (  121):     #06  pc 0004e123  /system/lib/libdvm.so (dvmCallJNIMethod(unsigned int const*, JValue*, Method const*, Thread*)+398)
I/DEBUG   (  121):     #07  pc 0004fb0d  /system/lib/libdvm.so (dvmResolveNativeMethod(unsigned int const*, JValue*, Method const*, Thread*)+184)
I/DEBUG   (  121):     #08  pc 00026fe0  /system/lib/libdvm.so
I/DEBUG   (  121):     #09  pc 0002dfa0  /system/lib/libdvm.so (dvmMterpStd(Thread*)+76)
I/DEBUG   (  121):     #10  pc 0002b638  /system/lib/libdvm.so (dvmInterpret(Thread*, Method const*, JValue*)+184)
I/DEBUG   (  121):     #11  pc 0006057d  /system/lib/libdvm.so (dvmCallMethodV(Thread*, Method const*, Object*, bool, JValue*, std::__va_list)+336)
I/DEBUG   (  121):     #12  pc 000605a1  /system/lib/libdvm.so (dvmCallMethod(Thread*, Method const*, Object*, JValue*, ...)+20)
I/DEBUG   (  121):     #13  pc 00055287  /system/lib/libdvm.so
I/DEBUG   (  121):     #14  pc 0000d228  /system/lib/libc.so (__thread_entry+72)
I/DEBUG   (  121):     #15  pc 0000d3c0  /system/lib/libc.so (pthread_create+240)
I/DEBUG   (  121): 
I/DEBUG   (  121): stack:
I/DEBUG   (  121):          6afe8940  68894770  
I/DEBUG   (  121):          6afe8944  688946f4  
I/DEBUG   (  121):          6afe8948  66f71760  /data/app-lib/com.mylegguy.happy.land-2/libmain.so
I/DEBUG   (  121):          6afe894c  4015ffd8  /system/lib/libc.so
I/DEBUG   (  121):          6afe8950  4016dd8c  
I/DEBUG   (  121):          6afe8954  4015ffd8  /system/lib/libc.so
I/DEBUG   (  121):          6afe8958  40160288  /system/lib/libc.so
I/DEBUG   (  121):          6afe895c  4013b86b  /system/lib/libc.so (__sfp+170)
I/DEBUG   (  121):          6afe8960  6afe7920  
I/DEBUG   (  121):          6afe8964  66f71760  /data/app-lib/com.mylegguy.happy.land-2/libmain.so
I/DEBUG   (  121):          6afe8968  4016dd8c  
I/DEBUG   (  121):          6afe896c  40143b09  /system/lib/libc.so (open+28)
I/DEBUG   (  121):          6afe8970  66f71760  /data/app-lib/com.mylegguy.happy.land-2/libmain.so
I/DEBUG   (  121):          6afe8974  00000000  
I/DEBUG   (  121):          6afe8978  4012aa0f  /system/lib/libc.so (fopen+46)
I/DEBUG   (  121):          6afe897c  00000000  
I/DEBUG   (  121):     #00  6afe8980  00000000  
I/DEBUG   (  121):          6afe8984  66f71760  /data/app-lib/com.mylegguy.happy.land-2/libmain.so
I/DEBUG   (  121):          6afe8988  00000000  
I/DEBUG   (  121):          6afe898c  00000000  
I/DEBUG   (  121):          6afe8990  6afe89e0  
I/DEBUG   (  121):          6afe8994  6afe8a30  
I/DEBUG   (  121):          6afe8998  66f71038  /data/app-lib/com.mylegguy.happy.land-2/libmain.so
I/DEBUG   (  121):          6afe899c  6afe8a40  
I/DEBUG   (  121):          6afe89a0  66f71c20  /data/app-lib/com.mylegguy.happy.land-2/libmain.so
I/DEBUG   (  121):          6afe89a4  66f631b7  /data/app-lib/com.mylegguy.happy.land-2/libmain.so (LoadMap+62)
I/DEBUG   (  121):     #01  6afe89a8  688949cc  
I/DEBUG   (  121):          6afe89ac  66f71760  /data/app-lib/com.mylegguy.happy.land-2/libmain.so
I/DEBUG   (  121):          6afe89b0  68893f38  
I/DEBUG   (  121):          6afe89b4  688946f4  
I/DEBUG   (  121):          6afe89b8  6705cc58  /data/app-lib/com.mylegguy.happy.land-2/liblua.so
I/DEBUG   (  121):          6afe89bc  68892650  
I/DEBUG   (  121):          6afe89c0  688a53f0  
I/DEBUG   (  121):          6afe89c4  6afe8a30  
I/DEBUG   (  121):          6afe89c8  66f71038  /data/app-lib/com.mylegguy.happy.land-2/libmain.so
I/DEBUG   (  121):          6afe89cc  d082f8b3  
I/DEBUG   (  121):          6afe89d0  6afe89f0  
I/DEBUG   (  121):          6afe89d4  00000000  
I/DEBUG   (  121):          6afe89d8  66f71760  /data/app-lib/com.mylegguy.happy.land-2/libmain.so
I/DEBUG   (  121):          6afe89dc  00000000  
I/DEBUG   (  121):          6afe89e0  6afe8a70  
I/DEBUG   (  121):          6afe89e4  6afe8a30  
I/DEBUG   (  121):          ........  ........
I/DEBUG   (  121):     #02  6afe89f8  44334000  /dev/ashmem/dalvik-heap (deleted)
I/DEBUG   (  121):          6afe89fc  66f6de35  /data/app-lib/com.mylegguy.happy.land-2/libmain.so
I/DEBUG   (  121):          6afe8a00  66f6e55a  /data/app-lib/com.mylegguy.happy.land-2/libmain.so
I/DEBUG   (  121):          6afe8a04  66f7103c  /data/app-lib/com.mylegguy.happy.land-2/libmain.so
I/DEBUG   (  121):          6afe8a08  66f7101c  /data/app-lib/com.mylegguy.happy.land-2/libmain.so
I/DEBUG   (  121):          6afe8a0c  66f710a4  /data/app-lib/com.mylegguy.happy.land-2/libmain.so
I/DEBUG   (  121):          6afe8a10  66f710a0  /data/app-lib/com.mylegguy.happy.land-2/libmain.so
I/DEBUG   (  121):          6afe8a14  66f710ac  /data/app-lib/com.mylegguy.happy.land-2/libmain.so
I/DEBUG   (  121):          6afe8a18  66f71010  /data/app-lib/com.mylegguy.happy.land-2/libmain.so
I/DEBUG   (  121):          6afe8a1c  66f71068  /data/app-lib/com.mylegguy.happy.land-2/libmain.so
I/DEBUG   (  121):          6afe8a20  66f71bb0  /data/app-lib/com.mylegguy.happy.land-2/libmain.so
I/DEBUG   (  121):          6afe8a24  687076a0  
I/DEBUG   (  121):          6afe8a28  66f71070  /data/app-lib/com.mylegguy.happy.land-2/libmain.so
I/DEBUG   (  121):          6afe8a2c  66f71088  /data/app-lib/com.mylegguy.happy.land-2/libmain.so
I/DEBUG   (  121):          6afe8a30  0000003b  
I/DEBUG   (  121):          6afe8a34  000002cd  
I/DEBUG   (  121):          ........  ........
I/DEBUG   (  121): 
I/DEBUG   (  121): memory near r6:
I/DEBUG   (  121):     4015ffb8 4015c740 40152584 4015257c 40152574  
I/DEBUG   (  121):     4015ffc8 40125149 401559c4 40153a94 00000000  
I/DEBUG   (  121):     4015ffd8 00000000 00000000 00000000 4006de81  
I/DEBUG   (  121):     4015ffe8 4006df31 4006ddad 4006ddfd 4006f5b1  
I/DEBUG   (  121):     4015fff8 00000000 00000000 4015fe00 00000000  
I/DEBUG   (  121):     40160008 00000000 00000000 00000000 00000000  
I/DEBUG   (  121):     40160018 00000000 00000000 40125e85 401272dd  
I/DEBUG   (  121):     40160028 4012783d 40127885 401279bd 40127f89  
I/DEBUG   (  121):     40160038 00000000 00000000 00001000 0000000c  
I/DEBUG   (  121):     40160048 ffffffff 0000003f 00000001 ffffffff  
I/DEBUG   (  121):     40160058 00000001 ffffffff 401571c1 deece66d  
I/DEBUG   (  121):     40160068 000b0005 a1d4ca99 0000d56b 4016d6f4  
I/DEBUG   (  121):     40160078 4016d6f0 00202020 636d656d 62207970  
I/DEBUG   (  121):     40160088 65666675 766f2072 6c667265 6d00776f  
I/DEBUG   (  121):     40160098 65736d65 75622074 72656666 65766f20  
I/DEBUG   (  121):     401600a8 6f6c6672 74730077 74616372 66756220  
I/DEBUG   (  121): 
I/DEBUG   (  121): memory near r7:
I/DEBUG   (  121):     4016e304 00000000 00000000 00000000 00000000  
I/DEBUG   (  121):     4016e314 00000000 00000000 00000000 00000000  
I/DEBUG   (  121):     4016e324 00000001 00000000 00000000 00000000  
I/DEBUG   (  121):     4016e334 00000000 00000000 00000000 00000000  
I/DEBUG   (  121):     4016e344 00000000 00000000 00000000 00000000  
I/DEBUG   (  121):     4016e354 00000000 00000000 00000000 00000000  
I/DEBUG   (  121):     4016e364 00000000 00000000 00000000 00000000  
I/DEBUG   (  121):     4016e374 00000000 00000000 00000000 00000000  
I/DEBUG   (  121):     4016e384 00000000 00000000 00000000 00000000  
I/DEBUG   (  121):     4016e394 00000000 00000000 00000000 00000000  
I/DEBUG   (  121):     4016e3a4 00000000 00000000 00000000 00000000  
I/DEBUG   (  121):     4016e3b4 00000000 00000000 00000000 00000000  
I/DEBUG   (  121):     4016e3c4 00000000 00000000 00000000 00000000  
I/DEBUG   (  121):     4016e3d4 00000000 00000000 00000000 00000000  
I/DEBUG   (  121):     4016e3e4 00000000 00000000 00000000 00000000  
I/DEBUG   (  121):     4016e3f4 00000000 00000000 00000000 00000000  
I/DEBUG   (  121): 
I/DEBUG   (  121): memory near r9:
I/DEBUG   (  121):     6afe89a8 688949cc 66f71760 68893f38 688946f4  
I/DEBUG   (  121):     6afe89b8 6705cc58 68892650 688a53f0 6afe8a30  
I/DEBUG   (  121):     6afe89c8 66f71038 d082f8b3 6afe89f0 00000000  
I/DEBUG   (  121):     6afe89d8 66f71760 00000000 6afe8a70 6afe8a30  
I/DEBUG   (  121):     6afe89e8 66f71038 6afe8a40 66f71c20 66f6990f  
I/DEBUG   (  121):     6afe89f8 44334000 66f6de35 66f6e55a 66f7103c  
I/DEBUG   (  121):     6afe8a08 66f7101c 66f710a4 66f710a0 66f710ac  
I/DEBUG   (  121):     6afe8a18 66f71010 66f71068 66f71bb0 687076a0  
I/DEBUG   (  121):     6afe8a28 66f71070 66f71088 0000003b 000002cd  
I/DEBUG   (  121):     6afe8a38 00000168 00000039 00000220 d082f8b3  
I/DEBUG   (  121):     6afe8a48 00000000 00000000 00000000 00000000  
I/DEBUG   (  121):     6afe8a58 00000000 00000000 ff000000 6afe8aa8  
I/DEBUG   (  121):     6afe8a68 00000000 00000001 6afe8a94 66f71070  
I/DEBUG   (  121):     6afe8a78 66f71088 66f710a4 686c0eb8 66f6b493  
I/DEBUG   (  121):     6afe8a88 6afe8aa8 00000000 00000001 6afe8ad0  
I/DEBUG   (  121):     6afe8a98 6afe8ae8 686f2fb0 686cb820 66f5c387  
I/DEBUG   (  121): 
I/DEBUG   (  121): memory near fp:
I/DEBUG   (  121):     66f71c00 66f6e013 66f6e00e 66f6e005 66f6e06b  
I/DEBUG   (  121):     66f71c10 66f6e055 66f6e01b 688468d0 686fc7a8  
I/DEBUG   (  121):     66f71c20 68702d28 6888aa68 688981a0 688984e0  
I/DEBUG   (  121):     66f71c30 66f710d0 68898568 68898458 000a0008  
I/DEBUG   (  121):     66f71c40 00000000 00000000 00000000 00000000  
I/DEBUG   (  121):     66f71c50 00000000 00000000 00000000 00000000  
I/DEBUG   (  121):     66f71c60 00000000 00000000 00000000 00000000  
I/DEBUG   (  121):     66f71c70 00000000 00000000 00000000 00000000  
I/DEBUG   (  121):     66f71c80 00000000 00000000 00000000 00000000  
I/DEBUG   (  121):     66f71c90 00000000 00000000 00000000 00000000  
I/DEBUG   (  121):     66f71ca0 00000000 00000000 00000000 00000000  
I/DEBUG   (  121):     66f71cb0 00000000 00000000 00000000 00000000  
I/DEBUG   (  121):     66f71cc0 00000000 00000000 00000000 00000000  
I/DEBUG   (  121):     66f71cd0 00000000 00000000 00000000 00000000  
I/DEBUG   (  121):     66f71ce0 00000000 00000000 00000000 00000000  
I/DEBUG   (  121):     66f71cf0 00000000 00000000 00000000 00000000  
I/DEBUG   (  121): 
I/DEBUG   (  121): memory near ip:
I/DEBUG   (  121):     66f70e80 66f60a09 66f619fd 66f62191 66f62321  
I/DEBUG   (  121):     66f70e90 66f62951 66f604dd 66f620ed 4012a9e1  
I/DEBUG   (  121):     66f70ea0 4013b951 4012a54d 67033158 67030df4  
I/DEBUG   (  121):     66f70eb0 66f63599 66f63179 401328fd 66f6b688  
I/DEBUG   (  121):     66f70ec0 40123ccd 66f64351 4013b8ed 4012abc5  
I/DEBUG   (  121):     66f70ed0 6702f614 6702fa1c 66f643b9 401a8a08  
I/DEBUG   (  121):     66f70ee0 66f64421 670303d0 66f641cf 66f644c9  
I/DEBUG   (  121):     66f70ef0 66f64769 66f61491 66f623ed 66f63929  
I/DEBUG   (  121):     66f70f00 66f63ac1 66f621c5 66f6387b 66f6614d  
I/DEBUG   (  121):     66f70f10 66f64121 66f63d89 66f640c1 670302ac  
I/DEBUG   (  121):     66f70f20 66f5fb29 6702f368 6702efc4 6702eef4  
I/DEBUG   (  121):     66f70f30 6702f8b8 66f63c11 6702df54 6702e66c  
I/DEBUG   (  121):     66f70f40 66f63549 66f663a1 6702f7f8 6a0a4209  
I/DEBUG   (  121):     66f70f50 6a0a5ebd 6a0a5189 68562fd9 66f60d6d  
I/DEBUG   (  121):     66f70f60 66f616d1 67033d78 6703ea50 66f6aa99  
I/DEBUG   (  121):     66f70f70 6702f6c8 4013b599 40132a71 66f6b059  
I/DEBUG   (  121): 
I/DEBUG   (  121): memory near sp:
I/DEBUG   (  121):     6afe8960 6afe7920 66f71760 4016dd8c 40143b09  
I/DEBUG   (  121):     6afe8970 66f71760 00000000 4012aa0f 00000000  
I/DEBUG   (  121):     6afe8980 00000000 66f71760 00000000 00000000  
I/DEBUG   (  121):     6afe8990 6afe89e0 6afe8a30 66f71038 6afe8a40  
I/DEBUG   (  121):     6afe89a0 66f71c20 66f631b7 688949cc 66f71760  
I/DEBUG   (  121):     6afe89b0 68893f38 688946f4 6705cc58 68892650  
I/DEBUG   (  121):     6afe89c0 688a53f0 6afe8a30 66f71038 d082f8b3  
I/DEBUG   (  121):     6afe89d0 6afe89f0 00000000 66f71760 00000000  
I/DEBUG   (  121):     6afe89e0 6afe8a70 6afe8a30 66f71038 6afe8a40  
I/DEBUG   (  121):     6afe89f0 66f71c20 66f6990f 44334000 66f6de35  
I/DEBUG   (  121):     6afe8a00 66f6e55a 66f7103c 66f7101c 66f710a4  
I/DEBUG   (  121):     6afe8a10 66f710a0 66f710ac 66f71010 66f71068  
I/DEBUG   (  121):     6afe8a20 66f71bb0 687076a0 66f71070 66f71088  
I/DEBUG   (  121):     6afe8a30 0000003b 000002cd 00000168 00000039  
I/DEBUG   (  121):     6afe8a40 00000220 d082f8b3 00000000 00000000  
I/DEBUG   (  121):     6afe8a50 00000000 00000000 00000000 00000000  
I/DEBUG   (  121): 
I/DEBUG   (  121): code around pc:
I/DEBUG   (  121):     4013b958 4681460b 447e4353 4615468a f0004698  
I/DEBUG   (  121):     4013b968 486780c6 68395837 4620b111 fb3ff006  
I/DEBUG   (  121):     4013b978 2a006862 2300da01 89a06063 0102f000  
I/DEBUG   (  121):     4013b988 2a00b20a 80a2f000 2b006be3 809ef040  
I/DEBUG   (  121):     4013b998 5872495c b90b6813 fed2f7ff 200089a1  
I/DEBUG   (  121):     4013b9a8 f0016060 fa0f0c20 b13af28c 28006838  
I/DEBUG   (  121):     4013b9b8 809ff000 f0064620 e09afb27 0304f001  
I/DEBUG   (  121):     4013b9c8 bb30b218 0010f001 b963b203 f041683a  
I/DEBUG   (  121):     4013b9d8 81a10140 4620b112 fb16f006 fd8cf7ee  
I/DEBUG   (  121):     4013b9e8 60032309 f001e085 b20a0108 4620b15a  
I/DEBUG   (  121):     4013b9f8 fe29f7ff e7d9b100 60a089a6 0e08f026  
I/DEBUG   (  121):     4013ba08 f8a461a0 89a0e00c 0c04f040 c00cf8a4  
I/DEBUG   (  121):     4013ba18 6b26e00b b1406830 0140f104 d0014288  
I/DEBUG   (  121):     4013ba28 f946f7e8 22006b23 89a3601a d013079a  
I/DEBUG   (  121):     4013ba38 ea6f4835 ea6f4143 81a24251 f7ef4478  
I/DEBUG   (  121):     4013ba48 89a6f89d 0309f006 4000f426 81a02b09  
I/DEBUG   (  121): 
I/DEBUG   (  121): code around lr:
I/DEBUG   (  121):     4013b958 4681460b 447e4353 4615468a f0004698  
I/DEBUG   (  121):     4013b968 486780c6 68395837 4620b111 fb3ff006  
I/DEBUG   (  121):     4013b978 2a006862 2300da01 89a06063 0102f000  
I/DEBUG   (  121):     4013b988 2a00b20a 80a2f000 2b006be3 809ef040  
I/DEBUG   (  121):     4013b998 5872495c b90b6813 fed2f7ff 200089a1  
I/DEBUG   (  121):     4013b9a8 f0016060 fa0f0c20 b13af28c 28006838  
I/DEBUG   (  121):     4013b9b8 809ff000 f0064620 e09afb27 0304f001  
I/DEBUG   (  121):     4013b9c8 bb30b218 0010f001 b963b203 f041683a  
I/DEBUG   (  121):     4013b9d8 81a10140 4620b112 fb16f006 fd8cf7ee  
I/DEBUG   (  121):     4013b9e8 60032309 f001e085 b20a0108 4620b15a  
I/DEBUG   (  121):     4013b9f8 fe29f7ff e7d9b100 60a089a6 0e08f026  
I/DEBUG   (  121):     4013ba08 f8a461a0 89a0e00c 0c04f040 c00cf8a4  
I/DEBUG   (  121):     4013ba18 6b26e00b b1406830 0140f104 d0014288  
I/DEBUG   (  121):     4013ba28 f946f7e8 22006b23 89a3601a d013079a  
I/DEBUG   (  121):     4013ba38 ea6f4835 ea6f4143 81a24251 f7ef4478  
I/DEBUG   (  121):     4013ba48 89a6f89d 0309f006 4000f426 81a02b09  
I/BootReceiver(  516): Copying /data/tombstones/tombstone_08 to DropBox (SYSTEM_TOMBSTONE)
W/ActivityManager(  516):   Force finishing activity com.mylegguy.happy.land/.HelloSDL2Activity
W/InputDispatcher(  516): channel '426288d8 com.mylegguy.happy.land/com.mylegguy.happy.land.HelloSDL2Activity (server)' ~ Consumer closed input channel or an error occurred.  events=0xd
E/InputDispatcher(  516): channel '426288d8 com.mylegguy.happy.land/com.mylegguy.happy.land.HelloSDL2Activity (server)' ~ Channel is unrecoverably broken and will be disposed!
W/InputDispatcher(  516): Attempted to unregister already unregistered input channel '426288d8 com.mylegguy.happy.land/com.mylegguy.happy.land.HelloSDL2Activity (server)'
I/WindowState(  516): WIN DEATH: Window{426288d8 u0 com.mylegguy.happy.land/com.mylegguy.happy.land.HelloSDL2Activity}
I/WindowState(  516): WIN DEATH: Window{42637db0 u0 SurfaceView}
D/Zygote  (  123): Process 2767 terminated by signal (11)
D/dalvikvm(  516): GC_FOR_ALLOC freed 863K, 9% free 16405K/17992K, paused 83ms, total 83ms
W/ActivityManager(  516): Exception thrown during pause
W/ActivityManager(  516): android.os.DeadObjectException
W/ActivityManager(  516): 	at android.os.BinderProxy.transact(Native Method)
W/ActivityManager(  516): 	at android.app.ApplicationThreadProxy.schedulePauseActivity(ApplicationThreadNative.java:660)
W/ActivityManager(  516): 	at com.android.server.am.ActivityStack.startPausingLocked(ActivityStack.java:761)
W/ActivityManager(  516): 	at com.android.server.am.ActivityStack.finishActivityLocked(ActivityStack.java:2443)
W/ActivityManager(  516): 	at com.android.server.am.ActivityStack.finishTopRunningActivityLocked(ActivityStack.java:2320)
W/ActivityManager(  516): 	at com.android.server.am.ActivityStackSupervisor.finishTopRunningActivityLocked(ActivityStackSupervisor.java:2050)
W/ActivityManager(  516): 	at com.android.server.am.ActivityManagerService.handleAppCrashLocked(ActivityManagerService.java:9548)
W/ActivityManager(  516): 	at com.android.server.am.ActivityManagerService.makeAppCrashingLocked(ActivityManagerService.java:9441)
W/ActivityManager(  516): 	at com.android.server.am.ActivityManagerService.crashApplication(ActivityManagerService.java:10086)
W/ActivityManager(  516): 	at com.android.server.am.ActivityManagerService.handleApplicationCrashInner(ActivityManagerService.java:9637)
W/ActivityManager(  516): 	at com.android.server.am.NativeCrashListener$NativeCrashReporter.run(NativeCrashListener.java:86)
I/ActivityManager(  516): Process com.mylegguy.happy.land (pid 2767) has died.
D/dalvikvm( 1072): GC_CONCURRENT freed 1442K, 11% free 12861K/14404K, paused 15ms+8ms, total 110ms
D/dalvikvm( 1072): WAIT_FOR_CONCURRENT_GC blocked 42ms
D/dalvikvm( 1072): WAIT_FOR_CONCURRENT_GC blocked 38ms
D/dalvikvm( 1072): WAIT_FOR_CONCURRENT_GC blocked 38ms
D/dalvikvm( 1072): WAIT_FOR_CONCURRENT_GC blocked 37ms
D/dalvikvm( 1072): WAIT_FOR_CONCURRENT_GC blocked 37ms
D/dalvikvm( 1072): WAIT_FOR_CONCURRENT_GC blocked 37ms
D/dalvikvm( 1072): WAIT_FOR_CONCURRENT_GC blocked 38ms
D/dalvikvm( 1072): WAIT_FOR_CONCURRENT_GC blocked 38ms
D/dalvikvm( 1072): WAIT_FOR_CONCURRENT_GC blocked 40ms
D/dalvikvm( 1072): WAIT_FOR_CONCURRENT_GC blocked 40ms
D/dalvikvm( 1072): WAIT_FOR_CONCURRENT_GC blocked 40ms
D/dalvikvm( 1072): WAIT_FOR_CONCURRENT_GC blocked 42ms
D/dalvikvm( 1072): WAIT_FOR_CONCURRENT_GC blocked 40ms
D/dalvikvm( 1072): WAIT_FOR_CONCURRENT_GC blocked 41ms
D/dalvikvm( 1072): WAIT_FOR_CONCURRENT_GC blocked 42ms
D/dalvikvm( 1072): WAIT_FOR_CONCURRENT_GC blocked 40ms
D/dalvikvm( 1072): WAIT_FOR_CONCURRENT_GC blocked 40ms
D/dalvikvm( 1072): WAIT_FOR_CONCURRENT_GC blocked 41ms
D/dalvikvm( 1072): WAIT_FOR_CONCURRENT_GC blocked 42ms
D/dalvikvm( 1072): WAIT_FOR_CONCURRENT_GC blocked 42ms
D/dalvikvm( 1072): WAIT_FOR_CONCURRENT_GC blocked 43ms
D/dalvikvm( 1072): WAIT_FOR_CONCURRENT_GC blocked 46ms
D/dalvikvm( 1751): GC_CONCURRENT freed 1193K, 12% free 9677K/10912K, paused 3ms+4ms, total 44ms
D/dalvikvm( 1751): WAIT_FOR_CONCURRENT_GC blocked 12ms
D/dalvikvm( 1751): GC_FOR_ALLOC freed 570K, 13% free 9577K/10912K, paused 31ms, total 31ms
D/dalvikvm( 1751): GC_CONCURRENT freed 601K, 13% free 9598K/10912K, paused 4ms+7ms, total 43ms
D/dalvikvm( 1751): WAIT_FOR_CONCURRENT_GC blocked 14ms
D/dalvikvm( 1751): WAIT_FOR_CONCURRENT_GC blocked 13ms
D/dalvikvm( 1751): WAIT_FOR_CONCURRENT_GC blocked 26ms
D/dalvikvm( 1751): GC_CONCURRENT freed 578K, 12% free 9608K/10912K, paused 3ms+3ms, total 31ms
D/dalvikvm( 1751): WAIT_FOR_CONCURRENT_GC blocked 9ms
D/dalvikvm( 1072): GC_EXPLICIT freed 1568K, 12% free 13043K/14712K, paused 19ms+11ms, total 116ms
D/dalvikvm( 1751): GC_CONCURRENT freed 590K, 12% free 9653K/10912K, paused 3ms+3ms, total 35ms
D/dalvikvm( 1751): WAIT_FOR_CONCURRENT_GC blocked 24ms
D/dalvikvm( 1751): GC_CONCURRENT freed 612K, 12% free 9655K/10912K, paused 3ms+3ms, total 36ms
D/dalvikvm( 1751): WAIT_FOR_CONCURRENT_GC blocked 18ms
D/dalvikvm( 1751): WAIT_FOR_CONCURRENT_GC blocked 10ms
D/dalvikvm( 1072): GC_CONCURRENT freed 1781K, 13% free 13097K/14980K, paused 6ms+9ms, total 80ms
D/dalvikvm( 1072): WAIT_FOR_CONCURRENT_GC blocked 41ms
D/dalvikvm( 1072): WAIT_FOR_CONCURRENT_GC blocked 35ms
D/dalvikvm( 1072): WAIT_FOR_CONCURRENT_GC blocked 42ms
D/dalvikvm( 1072): WAIT_FOR_CONCURRENT_GC blocked 40ms
D/dalvikvm( 1072): WAIT_FOR_CONCURRENT_GC blocked 36ms
D/dalvikvm( 1072): WAIT_FOR_CONCURRENT_GC blocked 36ms
D/dalvikvm( 1072): WAIT_FOR_CONCURRENT_GC blocked 36ms
D/dalvikvm( 1072): WAIT_FOR_CONCURRENT_GC blocked 37ms
D/dalvikvm( 1751): GC_CONCURRENT freed 594K, 12% free 9645K/10912K, paused 3ms+3ms, total 31ms
D/dalvikvm( 1751): WAIT_FOR_CONCURRENT_GC blocked 28ms
D/dalvikvm( 1751): WAIT_FOR_CONCURRENT_GC blocked 28ms
D/dalvikvm( 1751): WAIT_FOR_CONCURRENT_GC blocked 26ms
I/Finsky  ( 1751): [1] com.google.android.finsky.verifier.impl.ch.c(52): Done verifying installed packages
D/dalvikvm( 1072): GC_FOR_ALLOC freed 1035K, 15% free 12933K/15040K, paused 57ms, total 57ms
W/NamedFutures( 2039): Timeout future task has been cancelled: 50000 milliseconds
E/SearchServiceStarter( 2039): Task 132 failed or timed out. Client 8969117613993599 disconnecting from SearchService!
E/SearchServiceStarter( 2039): java.util.concurrent.CancellationException: Task was cancelled.
E/SearchServiceStarter( 2039): 	at com.google.common.util.concurrent.d.cS(SourceFile:76)
E/SearchServiceStarter( 2039): 	at com.google.common.util.concurrent.d.get(SourceFile:58)
E/SearchServiceStarter( 2039): 	at com.google.common.util.concurrent.cj.o(SourceFile:2)
E/SearchServiceStarter( 2039): 	at com.google.common.util.concurrent.ax.m(SourceFile:54)
E/SearchServiceStarter( 2039): 	at com.google.common.util.concurrent.az.run(SourceFile:5)
E/SearchServiceStarter( 2039): 	at com.google.android.apps.gsa.shared.util.concurrent.a.bf.run(SourceFile:2)
E/SearchServiceStarter( 2039): 	at android.os.Handler.handleCallback(Handler.java:733)
E/SearchServiceStarter( 2039): 	at android.os.Handler.dispatchMessage(Handler.java:95)
E/SearchServiceStarter( 2039): 	at android.os.Looper.loop(Looper.java:136)
E/SearchServiceStarter( 2039): 	at android.app.ActivityThread.main(ActivityThread.java:5001)
E/SearchServiceStarter( 2039): 	at java.lang.reflect.Method.invokeNative(Native Method)
E/SearchServiceStarter( 2039): 	at java.lang.reflect.Method.invoke(Method.java:515)
E/SearchServiceStarter( 2039): 	at com.android.internal.os.ZygoteInit$MethodAndArgsCaller.run(ZygoteInit.java:785)
E/SearchServiceStarter( 2039): 	at com.android.internal.os.ZygoteInit.main(ZygoteInit.java:601)
E/SearchServiceStarter( 2039): 	at dalvik.system.NativeStart.main(Native Method)
W/SearchService( 2039): Abort, client detached.
E/VelvetBackgroundTasksIm( 2039): Background task telemetry.request_logging_by_intent failed
E/VelvetBackgroundTasksIm( 2039): java.util.concurrent.CancellationException: Task was cancelled.
E/VelvetBackgroundTasksIm( 2039): 	at com.google.common.util.concurrent.d.cS(SourceFile:76)
E/VelvetBackgroundTasksIm( 2039): 	at com.google.common.util.concurrent.d.get(SourceFile:70)
E/VelvetBackgroundTasksIm( 2039): 	at com.google.android.apps.gsa.staticplugins.cq.d.run(SourceFile:5)
E/VelvetBackgroundTasksIm( 2039): 	at com.google.android.apps.gsa.tasks.bn.run(SourceFile:5)
E/VelvetBackgroundTasksIm( 2039): 	at java.util.concurrent.Executors$RunnableAdapter.call(Executors.java:422)
E/VelvetBackgroundTasksIm( 2039): 	at java.util.concurrent.FutureTask.run(FutureTask.java:237)
E/VelvetBackgroundTasksIm( 2039): 	at java.util.concurrent.Executors$RunnableAdapter.call(Executors.java:422)
E/VelvetBackgroundTasksIm( 2039): 	at java.util.concurrent.FutureTask.run(FutureTask.java:237)
E/VelvetBackgroundTasksIm( 2039): 	at java.util.concurrent.Executors$RunnableAdapter.call(Executors.java:422)
E/VelvetBackgroundTasksIm( 2039): 	at java.util.concurrent.FutureTask.run(FutureTask.java:237)
E/VelvetBackgroundTasksIm( 2039): 	at com.google.android.apps.gsa.shared.util.concurrent.a.ag.run(Unknown Source)
E/VelvetBackgroundTasksIm( 2039): 	at com.google.android.apps.gsa.shared.util.concurrent.a.bo.run(SourceFile:4)
E/VelvetBackgroundTasksIm( 2039): 	at com.google.android.apps.gsa.shared.util.concurrent.a.bo.run(SourceFile:4)
E/VelvetBackgroundTasksIm( 2039): 	at java.util.concurrent.ThreadPoolExecutor.runWorker(ThreadPoolExecutor.java:1112)
E/VelvetBackgroundTasksIm( 2039): 	at java.util.concurrent.ThreadPoolExecutor$Worker.run(ThreadPoolExecutor.java:587)
E/VelvetBackgroundTasksIm( 2039): 	at java.lang.Thread.run(Thread.java:841)
E/VelvetBackgroundTasksIm( 2039): 	at com.google.android.apps.gsa.shared.util.concurrent.a.ak.run(SourceFile:6)
I/Icing   ( 1072): Indexing 546465B5F71C954527ADB2D67F09E676CCF7651B from com.google.android.music
I/Icing   ( 1072): Indexing done 546465B5F71C954527ADB2D67F09E676CCF7651B
I/Icing   ( 1072): Usage reports 1 indexed 1 rejected 0 imm upload false
I/Icing   ( 1072): updateResources: need to parse pyl{com.google.android.gms}
I/Icing   ( 1072): Usage reports 0 indexed 0 rejected 0 imm upload false
I/Icing   ( 1072): Usage reports 0 indexed 0 rejected 0 imm upload false
I/Icing   ( 1072): Indexing A82A3485E6A211A23E31DAF799738BBC068B6932 from com.google.android.music
I/Icing   ( 1072): Indexing done A82A3485E6A211A23E31DAF799738BBC068B6932
I/Icing   ( 1072): Indexing 1698531B536681653BEAF373058502A8D4960313 from com.google.android.music
I/Icing   ( 1072): Indexing done 1698531B536681653BEAF373058502A8D4960313
I/Icing   ( 1072): Indexing done 4ECF8C03F07D61B7A5615ED1C909AB70DC4DE684
I/Icing   ( 1072): Indexing 81D76F961AD40F0F2AFCB2DEF329AC0ED2590C39 from com.google.android.music
D/dalvikvm( 1072): GC_CONCURRENT freed 1966K, 16% free 12747K/15032K, paused 5ms+7ms, total 77ms
I/Icing   ( 1072): Indexing done 81D76F961AD40F0F2AFCB2DEF329AC0ED2590C39
I/Icing   ( 1072): Usage reports 0 indexed 0 rejected 0 imm upload false
I/Icing   ( 1072): Usage reports 0 indexed 0 rejected 0 imm upload false
I/Icing   ( 1072): Usage reports 0 indexed 0 rejected 0 imm upload false
I/Icing   ( 1072): Usage reports 0 indexed 0 rejected 0 imm upload false
I/Icing   ( 1072): Usage reports 0 indexed 0 rejected 0 imm upload false
I/Icing   ( 1072): Usage reports 0 indexed 0 rejected 0 imm upload false
I/Icing   ( 1072): Usage reports 0 indexed 0 rejected 0 imm upload false
W/Binder  (  747): Caught a RuntimeException from the binder stub implementation.
W/Binder  (  747): java.lang.NullPointerException
W/Binder  (  747): 	at android.inputmethodservice.IInputMethodWrapper.setSessionEnabled(IInputMethodWrapper.java:280)
W/Binder  (  747): 	at com.android.internal.view.IInputMethod$Stub.onTransact(IInputMethod.java:129)
W/Binder  (  747): 	at android.os.Binder.execTransact(Binder.java:404)
W/Binder  (  747): 	at dalvik.system.NativeStart.run(Native Method)
W/InputMethodManagerService(  516): Got RemoteException sending setActive(false) notification to pid 2767 uid 10093
I/Icing   ( 1072): Indexing 4ECF8C03F07D61B7A5615ED1C909AB70DC4DE684 from com.google.android.gms
I/Icing   ( 1072): Indexing done 4ECF8C03F07D61B7A5615ED1C909AB70DC4DE684
I/ActivityManager(  516): Killing 2485:com.woodslink.android.wiredheadphoneroutingfix/u0a84 (adj 15): empty #17
D/dalvikvm(  809): GC_CONCURRENT freed 547K, 24% free 9793K/12732K, paused 3ms+2ms, total 27ms
W/View    (  809): requestLayout() improperly called by com.android.launcher2.PagedViewIcon{4210c940 VFED..CL ......ID 0,0-128,128 #0} during layout: running second layout pass
W/ResourceType(  809): No package identifier when getting name for resource number 0x00000001
W/View    (  809): requestLayout() improperly called by com.android.launcher2.PagedViewIcon{42052ae0 VFED..CL ......ID 176,0-304,128 #1} during layout: running second layout pass
W/ResourceType(  809): No package identifier when getting name for resource number 0x00000002
W/View    (  809): requestLayout() improperly called by com.android.launcher2.PagedViewIcon{42102f78 VFED..CL ......ID 352,0-480,128 #2} during layout: running second layout pass
W/ResourceType(  809): No package identifier when getting name for resource number 0x00000003
W/View    (  809): requestLayout() improperly called by com.android.launcher2.PagedViewIcon{42283110 VFED..CL ......ID 528,0-656,128 #3} during layout: running second layout pass
W/ResourceType(  809): No package identifier when getting name for resource number 0x00000004
W/View    (  809): requestLayout() improperly called by com.android.launcher2.PagedViewIcon{420819a8 VFED..CL ......ID 704,0-832,128 #4} during layout: running second layout pass
W/ResourceType(  809): No package identifier when getting name for resource number 0x00000005
W/View    (  809): requestLayout() improperly called by com.android.launcher2.PagedViewIcon{421d6ad8 VFED..CL ......ID 880,0-1008,128 #5} during layout: running second layout pass
W/ResourceType(  809): No package identifier when getting name for resource number 0x00000006
W/View    (  809): requestLayout() improperly called by com.android.launcher2.PagedViewIcon{42150ac0 VFED..CL ......ID 1056,0-1184,128 #6} during layout: running second layout pass
W/ResourceType(  809): No package identifier when getting name for resource number 0x00000007
W/View    (  809): requestLayout() improperly called by com.android.launcher2.PagedViewIcon{42153848 VFED..CL ......ID 0,139-128,267 #7} during layout: running second layout pass
W/ResourceType(  809): No package identifier when getting name for resource number 0x00000008
W/View    (  809): requestLayout() improperly called by com.android.launcher2.PagedViewIcon{42076310 VFED..CL ......ID 176,139-304,267 #8} during layout: running second layout pass
W/ResourceType(  809): No package identifier when getting name for resource number 0x00000009
W/View    (  809): requestLayout() improperly called by com.android.launcher2.PagedViewIcon{42094880 VFED..CL ......ID 352,139-480,267 #9} during layout: running second layout pass
W/ResourceType(  809): No package identifier when getting name for resource number 0x0000000a
W/View    (  809): requestLayout() improperly called by com.android.launcher2.PagedViewIcon{4204f5a8 VFED..CL ......ID 528,139-656,267 #a} during layout: running second layout pass
W/ResourceType(  809): No package identifier when getting name for resource number 0x0000000b
W/View    (  809): requestLayout() improperly called by com.android.launcher2.PagedViewIcon{42283570 VFED..CL ......ID 704,139-832,267 #b} during layout: running second layout pass
W/ResourceType(  809): No package identifier when getting name for resource number 0x0000000c
W/View    (  809): requestLayout() improperly called by com.android.launcher2.PagedViewIcon{422d13b0 VFED..CL ......ID 880,139-1008,267 #c} during layout: running second layout pass
W/ResourceType(  809): No package identifier when getting name for resource number 0x0000000d
W/View    (  809): requestLayout() improperly called by com.android.launcher2.PagedViewIcon{42057ba8 VFED..CL ......ID 1056,139-1184,267 #d} during layout: running second layout pass
W/ResourceType(  809): No package identifier when getting name for resource number 0x0000000e
W/View    (  809): requestLayout() improperly called by com.android.launcher2.PagedViewIcon{42162ec0 VFED..CL ......ID 0,278-128,406 #e} during layout: running second layout pass
W/ResourceType(  809): No package identifier when getting name for resource number 0x0000000f
W/View    (  809): requestLayout() improperly called by com.android.launcher2.PagedViewIcon{420d0910 VFED..CL ......ID 176,278-304,406 #f} during layout: running second layout pass
W/ResourceType(  809): No package identifier when getting name for resource number 0x00000010
W/View    (  809): requestLayout() improperly called by com.android.launcher2.PagedViewIcon{42102a48 VFED..CL ......ID 352,278-480,406 #10} during layout: running second layout pass
W/ResourceType(  809): No package identifier when getting name for resource number 0x00000011
W/View    (  809): requestLayout() improperly called by com.android.launcher2.PagedViewIcon{42099c40 VFED..CL ......ID 528,278-656,406 #11} during layout: running second layout pass
W/ResourceType(  809): No package identifier when getting name for resource number 0x00000012
W/View    (  809): requestLayout() improperly called by com.android.launcher2.PagedViewIcon{42058d38 VFED..CL ......ID 704,278-832,406 #12} during layout: running second layout pass
W/ResourceType(  809): No package identifier when getting name for resource number 0x00000013
W/View    (  809): requestLayout() improperly called by com.android.launcher2.PagedViewIcon{422e15f8 VFED..CL ......ID 880,278-1008,406 #13} during layout: running second layout pass
W/ResourceType(  809): No package identifier when getting name for resource number 0x00000014
W/View    (  809): requestLayout() improperly called by com.android.launcher2.PagedViewIcon{422e94f8 VFED..CL ......ID 1056,278-1184,406 #14} during layout: running second layout pass
W/ResourceType(  809): No package identifier when getting name for resource number 0x00000015
W/View    (  809): requestLayout() improperly called by com.android.launcher2.PagedViewIcon{420fd138 VFED..CL ......ID 0,417-128,545 #15} during layout: running second layout pass
W/ResourceType(  809): No package identifier when getting name for resource number 0x00000016
W/View    (  809): requestLayout() improperly called by com.android.launcher2.PagedViewIcon{421d6f10 VFED..CL ......ID 176,417-304,545 #16} during layout: running second layout pass
W/ResourceType(  809): No package identifier when getting name for resource number 0x00000017
W/View    (  809): requestLayout() improperly called by com.android.launcher2.PagedViewIcon{422b3d78 VFED..CL ......ID 352,417-480,545 #17} during layout: running second layout pass
W/ResourceType(  809): No package identifier when getting name for resource number 0x00000018
W/View    (  809): requestLayout() improperly called by com.android.launcher2.PagedViewIcon{420751e8 VFED..CL ......ID 528,417-656,545 #18} during layout: running second layout pass
W/ResourceType(  809): No package identifier when getting name for resource number 0x00000019
W/View    (  809): requestLayout() improperly called by com.android.launcher2.PagedViewIcon{4213e078 VFED..CL ......ID 704,417-832,545 #19} during layout: running second layout pass
W/ResourceType(  809): No package identifier when getting name for resource number 0x0000001a
W/View    (  809): requestLayout() improperly called by com.android.launcher2.PagedViewIcon{420426d0 VFED..CL ......ID 880,417-1008,545 #1a} during layout: running second layout pass
W/ResourceType(  809): No package identifier when getting name for resource number 0x0000001b
W/View    (  809): requestLayout() improperly called by com.android.launcher2.PagedViewIcon{42086df0 VFED..CL ......ID 1056,417-1184,545 #1b} during layout: running second layout pass
D/dalvikvm(  809): GC_CONCURRENT freed 210K, 20% free 10194K/12732K, paused 3ms+4ms, total 31ms
D/dalvikvm(  809): WAIT_FOR_CONCURRENT_GC blocked 27ms
I/dalvikvm-heap(  809): Grow heap (frag case) to 10.183MB for 208432-byte allocation
D/dalvikvm(  809): GC_FOR_ALLOC freed 21K, 20% free 10376K/12936K, paused 19ms, total 19ms
D/dalvikvm(  809): GC_FOR_ALLOC freed 4K, 20% free 10379K/12936K, paused 19ms, total 19ms
I/dalvikvm-heap(  809): Grow heap (frag case) to 10.364MB for 208432-byte allocation
D/dalvikvm(  809): GC_FOR_ALLOC freed <1K, 20% free 10582K/13140K, paused 23ms, total 23ms
D/dalvikvm(  809): GC_FOR_ALLOC freed 14K, 20% free 10577K/13140K, paused 18ms, total 18ms
I/dalvikvm-heap(  809): Grow heap (frag case) to 10.558MB for 208432-byte allocation
D/dalvikvm(  809): GC_FOR_ALLOC freed 1K, 20% free 10780K/13344K, paused 18ms, total 18ms
D/dalvikvm(  809): GC_FOR_ALLOC freed 2K, 20% free 10781K/13344K, paused 18ms, total 19ms
I/dalvikvm-heap(  809): Grow heap (frag case) to 10.756MB for 208432-byte allocation
D/dalvikvm(  809): GC_FOR_ALLOC freed <1K, 19% free 10984K/13548K, paused 19ms, total 19ms
D/dalvikvm(  809): GC_FOR_ALLOC freed <1K, 19% free 10984K/13548K, paused 20ms, total 20ms
