D/FileLister( 2967): listFiles() called with: path = [/sdcard/Android/data/com.mylegguy.happy.land]
W/Conscrypt(  873): Could not set socket write timeout:
W/Conscrypt(  873):    java.lang.reflect.Method.invokeNative(Native Method)
W/Conscrypt(  873):    java.lang.reflect.Method.invoke(Method.java:515)
D/dalvikvm(  873): GC_CONCURRENT freed 1028K, 19% free 10266K/12604K, paused 4ms+6ms, total 54ms
D/dalvikvm(  873): WAIT_FOR_CONCURRENT_GC blocked 19ms
I/GoogleURLConnFactory(  759): Using platform SSLCertificateSocketFactory
I/GoogleURLConnFactory(  759): Using platform SSLCertificateSocketFactory
D/dalvikvm( 2967): GC_FOR_ALLOC freed 399K, 9% free 10980K/11980K, paused 31ms, total 31ms
D/dalvikvm( 2967): GC_FOR_ALLOC freed 15K, 8% free 11233K/12116K, paused 31ms, total 31ms
V/WebViewChromiumFactoryProvider( 2967): Binding Chromium to main looper Looper (main, tid 1) {4200f3a8}
I/LibraryLoader( 2967): Expected native library version number "",actual native library version number ""
I/chromium( 2967): [INFO:library_loader_hooks.cc(116)] Chromium logging enabled: level = 0, default verbosity = 0
I/BrowserStartupController( 2967): Initializing chromium process, renderers=0
D/dalvikvm(  759): GC_CONCURRENT freed 1327K, 12% free 11381K/12808K, paused 5ms+7ms, total 62ms
D/dalvikvm(  759): WAIT_FOR_CONCURRENT_GC blocked 26ms
E/AudioManagerAndroid( 2967): BLUETOOTH permission is missing!
W/chromium( 2967): [WARNING:proxy_service.cc(890)] PAC support disabled because there is no system implementation
D/AudioManagerAndroid( 2967): ==> onReceive: s=1, m=0, n=h2w, sb=true
D/AudioManagerAndroid( 2967): reportUpdate: state=3, devices=[Speakerphone, Wired headset]
D/dalvikvm(  759): GC_CONCURRENT freed 1432K, 13% free 11230K/12808K, paused 6ms+5ms, total 90ms
D/dalvikvm(  759): WAIT_FOR_CONCURRENT_GC blocked 48ms
D/dalvikvm(  759): GC_CONCURRENT freed 1134K, 12% free 11327K/12808K, paused 4ms+5ms, total 50ms
D/dalvikvm(  759): WAIT_FOR_CONCURRENT_GC blocked 24ms
I/GoogleURLConnFactory(  759): Using platform SSLCertificateSocketFactory
D/dalvikvm(  759): GC_CONCURRENT freed 1321K, 13% free 11270K/12808K, paused 3ms+8ms, total 65ms
D/dalvikvm(  759): WAIT_FOR_CONCURRENT_GC blocked 33ms
D/dalvikvm(  516): GC_FOR_ALLOC freed 1160K, 10% free 16685K/18448K, paused 77ms, total 77ms
I/ActivityManager(  516): START u0 {act=com.android.systemui.recent.action.TOGGLE_RECENTS flg=0x10800000 cmp=com.android.systemui/.recent.RecentsActivity (has extras)} from pid 632
D/dalvikvm(  632): GC_CONCURRENT freed 1622K, 9% free 17431K/19084K, paused 2ms+9ms, total 60ms
I/GoogleURLConnFactory(  759): Using platform SSLCertificateSocketFactory
I/ActivityManager(  516): Displayed com.android.systemui/.recent.RecentsActivity: +199ms
I/ActivityManager(  516): Killing 2529:com.google.android.keep/u0a53 (adj 15): empty #17
W/SurfaceFlinger(  122): couldn't log to binary event log: overflow.
I/FileLists( 2967): onDestory()
I/ActivityManager(  516): Killing 2472:com.mlhg.screenfilter/u0a81 (adj 15): empty #17
I/ActivityManager(  516): Killing 2967:com.jrummy.root.browserfree/u0a77 (adj 11): remove task
I/ActivityManager(  516): Killing 2667:com.google.android.gms.ui/u0a8 (adj 15): empty #17
I/WindowState(  516): WIN DEATH: Window{427cd538 u0 Toast EXITING}
D/dalvikvm(  516): GC_FOR_ALLOC freed 1383K, 14% free 16381K/18944K, paused 75ms, total 75ms
W/InputMethodManagerService(  516): Starting input on non-focused client com.android.internal.view.IInputMethodClient$Stub$Proxy@42524108 (uid=10012 pid=632)
W/ResourceType(  516): Skipping entry 0x7f05000e in package table 0 because it is not complex!
W/ResourceType(  516): Skipping entry 0x7f05000f in package table 0 because it is not complex!
I/ActivityManager(  516): START u0 {act=android.intent.action.MAIN cat=[android.intent.category.HOME] flg=0x10200000 cmp=com.android.launcher/com.android.launcher2.Launcher} from pid 516
I/ActivityManager(  516): START u0 {act=android.intent.action.MAIN cat=[android.intent.category.LAUNCHER] flg=0x10200000 cmp=com.mylegguy.happy.land/.HelloSDL2Activity bnds=[654,385][771,502]} from pid 809
D/dalvikvm( 3743): Late-enabling CheckJNI
I/ActivityManager(  516): Start proc com.mylegguy.happy.land for activity com.mylegguy.happy.land/.HelloSDL2Activity: pid=3743 uid=10093 gids={50093, 1028, 1015}
I/dalvikvm( 3743): Enabling JNI app bug workarounds for target SDK version 12...
V/SDL     ( 3743): Device: grouper
V/SDL     ( 3743): Model: Nexus 7
V/SDL     ( 3743): onCreate(): null
D/dalvikvm( 3743): Trying to load lib /data/app-lib/com.mylegguy.happy.land-2/liblua.so 0x420180a0
D/dalvikvm( 3743): Added shared lib /data/app-lib/com.mylegguy.happy.land-2/liblua.so 0x420180a0
D/dalvikvm( 3743): No JNI_OnLoad found in /data/app-lib/com.mylegguy.happy.land-2/liblua.so 0x420180a0, skipping init
D/dalvikvm( 3743): Trying to load lib /data/app-lib/com.mylegguy.happy.land-2/libSDL2.so 0x420180a0
D/dalvikvm( 3743): Added shared lib /data/app-lib/com.mylegguy.happy.land-2/libSDL2.so 0x420180a0
D/dalvikvm( 3743): Trying to load lib /data/app-lib/com.mylegguy.happy.land-2/libSDL2_image.so 0x420180a0
D/dalvikvm( 3743): Added shared lib /data/app-lib/com.mylegguy.happy.land-2/libSDL2_image.so 0x420180a0
D/dalvikvm( 3743): No JNI_OnLoad found in /data/app-lib/com.mylegguy.happy.land-2/libSDL2_image.so 0x420180a0, skipping init
D/dalvikvm( 3743): Trying to load lib /data/app-lib/com.mylegguy.happy.land-2/libSDL2_mixer.so 0x420180a0
D/dalvikvm( 3743): Added shared lib /data/app-lib/com.mylegguy.happy.land-2/libSDL2_mixer.so 0x420180a0
D/dalvikvm( 3743): No JNI_OnLoad found in /data/app-lib/com.mylegguy.happy.land-2/libSDL2_mixer.so 0x420180a0, skipping init
D/dalvikvm( 3743): Trying to load lib /data/app-lib/com.mylegguy.happy.land-2/libSDL2_ttf.so 0x420180a0
D/dalvikvm( 3743): Added shared lib /data/app-lib/com.mylegguy.happy.land-2/libSDL2_ttf.so 0x420180a0
D/dalvikvm( 3743): No JNI_OnLoad found in /data/app-lib/com.mylegguy.happy.land-2/libSDL2_ttf.so 0x420180a0, skipping init
D/dalvikvm( 3743): Trying to load lib /data/app-lib/com.mylegguy.happy.land-2/libmain.so 0x420180a0
D/dalvikvm( 3743): Added shared lib /data/app-lib/com.mylegguy.happy.land-2/libmain.so 0x420180a0
D/dalvikvm( 3743): No JNI_OnLoad found in /data/app-lib/com.mylegguy.happy.land-2/libmain.so 0x420180a0, skipping init
V/SDL     ( 3743): onResume()
D/libEGL  ( 3743): loaded /system/lib/egl/libEGL_tegra.so
D/libEGL  ( 3743): loaded /system/lib/egl/libGLESv1_CM_tegra.so
D/libEGL  ( 3743): loaded /system/lib/egl/libGLESv2_tegra.so
D/OpenGLRenderer( 3743): Enabling debug mode 0
V/SDL     ( 3743): surfaceCreated()
V/SDL     ( 3743): surfaceChanged()
V/SDL     ( 3743): pixel format RGB_565
V/SDL     ( 3743): Window size: 1280x736
I/SDL     ( 3743): SDL_Android_Init()
I/SDL     ( 3743): SDL_Android_Init() finished!
D/dalvikvm( 3743): GC_CONCURRENT freed 446K, 6% free 7673K/8156K, paused 3ms+2ms, total 23ms
D/dalvikvm( 3743): WAIT_FOR_CONCURRENT_GC blocked 11ms
V/SDL     ( 3743): onWindowFocusChanged(): true
D/dalvikvm( 3743): GC_CONCURRENT freed 473K, 7% free 7669K/8220K, paused 3ms+3ms, total 23ms
D/dalvikvm( 3743): WAIT_FOR_CONCURRENT_GC blocked 17ms
I/ActivityManager(  516): Displayed com.mylegguy.happy.land/.HelloSDL2Activity: +491ms
D/dalvikvm( 3743): GC_CONCURRENT freed 436K, 7% free 7673K/8220K, paused 3ms+1ms, total 17ms
D/dalvikvm( 3743): GC_CONCURRENT freed 475K, 7% free 7683K/8220K, paused 3ms+1ms, total 22ms
D/dalvikvm( 3743): GC_CONCURRENT freed 512K, 7% free 7675K/8232K, paused 2ms+1ms, total 20ms
D/dalvikvm( 3743): WAIT_FOR_CONCURRENT_GC blocked 3ms
D/dalvikvm( 3743): GC_CONCURRENT freed 503K, 7% free 7675K/8232K, paused 3ms+2ms, total 16ms
D/dalvikvm( 3743): GC_CONCURRENT freed 511K, 7% free 7675K/8232K, paused 2ms+1ms, total 15ms
D/dalvikvm( 3743): WAIT_FOR_CONCURRENT_GC blocked 2ms
D/dalvikvm( 3743): GC_CONCURRENT freed 514K, 7% free 7671K/8232K, paused 2ms+2ms, total 15ms
D/dalvikvm( 3743): WAIT_FOR_CONCURRENT_GC blocked 2ms
D/dalvikvm( 3743): GC_CONCURRENT freed 509K, 7% free 7671K/8232K, paused 3ms+1ms, total 15ms
D/dalvikvm( 3743): WAIT_FOR_CONCURRENT_GC blocked 2ms
D/dalvikvm( 3743): GC_CONCURRENT freed 480K, 7% free 7676K/8232K, paused 2ms+1ms, total 15ms
D/dalvikvm( 3743): GC_CONCURRENT freed 498K, 7% free 7683K/8232K, paused 1ms+1ms, total 14ms
D/dalvikvm( 3743): GC_CONCURRENT freed 518K, 7% free 7671K/8232K, paused 2ms+1ms, total 14ms
D/dalvikvm( 3743): WAIT_FOR_CONCURRENT_GC blocked 3ms
D/dalvikvm( 3743): GC_CONCURRENT freed 510K, 7% free 7671K/8232K, paused 2ms+2ms, total 15ms
D/dalvikvm( 3743): WAIT_FOR_CONCURRENT_GC blocked 2ms
D/dalvikvm( 3743): GC_CONCURRENT freed 488K, 7% free 7676K/8232K, paused 1ms+1ms, total 14ms
D/dalvikvm( 3743): GC_CONCURRENT freed 505K, 7% free 7675K/8232K, paused 2ms+1ms, total 15ms
D/dalvikvm( 3743): WAIT_FOR_CONCURRENT_GC blocked 3ms
D/dalvikvm( 3743): GC_CONCURRENT freed 513K, 7% free 7671K/8232K, paused 2ms+1ms, total 16ms
D/dalvikvm( 3743): WAIT_FOR_CONCURRENT_GC blocked 2ms
D/dalvikvm( 3743): GC_CONCURRENT freed 509K, 7% free 7671K/8232K, paused 2ms+1ms, total 15ms
D/dalvikvm( 3743): WAIT_FOR_CONCURRENT_GC blocked 1ms
D/dalvikvm( 3743): GC_CONCURRENT freed 504K, 7% free 7675K/8232K, paused 2ms+2ms, total 15ms
D/dalvikvm( 3743): GC_CONCURRENT freed 510K, 7% free 7675K/8232K, paused 1ms+2ms, total 14ms
D/dalvikvm( 3743): WAIT_FOR_CONCURRENT_GC blocked 2ms
D/dalvikvm( 3743): GC_CONCURRENT freed 506K, 7% free 7671K/8232K, paused 3ms+1ms, total 16ms
D/dalvikvm( 3743): WAIT_FOR_CONCURRENT_GC blocked 2ms
D/dalvikvm( 3743): GC_CONCURRENT freed 508K, 7% free 7671K/8232K, paused 3ms+2ms, total 16ms
D/dalvikvm( 3743): WAIT_FOR_CONCURRENT_GC blocked 2ms
D/dalvikvm( 3743): GC_CONCURRENT freed 511K, 7% free 7671K/8232K, paused 1ms+2ms, total 14ms
D/dalvikvm( 3743): WAIT_FOR_CONCURRENT_GC blocked 3ms
D/dalvikvm( 3743): GC_CONCURRENT freed 508K, 7% free 7671K/8232K, paused 2ms+1ms, total 15ms
D/dalvikvm( 3743): WAIT_FOR_CONCURRENT_GC blocked 4ms
D/dalvikvm( 3743): GC_CONCURRENT freed 509K, 7% free 7671K/8232K, paused 1ms+1ms, total 14ms
D/dalvikvm( 3743): WAIT_FOR_CONCURRENT_GC blocked 2ms
D/dalvikvm( 3743): GC_CONCURRENT freed 500K, 7% free 7691K/8232K, paused 2ms+1ms, total 15ms
D/dalvikvm( 3743): GC_CONCURRENT freed 528K, 7% free 7671K/8240K, paused 2ms+1ms, total 15ms
D/dalvikvm( 3743): WAIT_FOR_CONCURRENT_GC blocked 3ms
D/dalvikvm( 3743): GC_CONCURRENT freed 508K, 7% free 7670K/8240K, paused 1ms+1ms, total 14ms
D/dalvikvm( 3743): WAIT_FOR_CONCURRENT_GC blocked 8ms
D/dalvikvm( 3743): GC_CONCURRENT freed 507K, 7% free 7670K/8240K, paused 1ms+1ms, total 14ms
D/dalvikvm( 3743): WAIT_FOR_CONCURRENT_GC blocked 5ms
D/dalvikvm( 3743): GC_CONCURRENT freed 493K, 7% free 7672K/8240K, paused 2ms+2ms, total 15ms
D/dalvikvm( 3743): GC_CONCURRENT freed 478K, 7% free 7691K/8240K, paused 3ms+1ms, total 16ms
D/dalvikvm( 3743): GC_CONCURRENT freed 522K, 7% free 7675K/8240K, paused 2ms+2ms, total 15ms
D/dalvikvm( 3743): WAIT_FOR_CONCURRENT_GC blocked 2ms
D/dalvikvm( 3743): GC_CONCURRENT freed 509K, 7% free 7675K/8240K, paused 1ms+1ms, total 15ms
D/dalvikvm( 3743): WAIT_FOR_CONCURRENT_GC blocked 2ms
D/dalvikvm( 3743): GC_CONCURRENT freed 510K, 7% free 7671K/8240K, paused 2ms+1ms, total 15ms
D/dalvikvm( 3743): GC_CONCURRENT freed 508K, 7% free 7671K/8240K, paused 1ms+2ms, total 14ms
D/dalvikvm( 3743): WAIT_FOR_CONCURRENT_GC blocked 3ms
D/dalvikvm( 3743): GC_CONCURRENT freed 494K, 7% free 7679K/8240K, paused 2ms+1ms, total 14ms
D/dalvikvm( 3743): GC_CONCURRENT freed 517K, 7% free 7671K/8240K, paused 2ms+2ms, total 15ms
D/dalvikvm( 3743): WAIT_FOR_CONCURRENT_GC blocked 2ms
D/dalvikvm( 3743): GC_CONCURRENT freed 461K, 7% free 7675K/8240K, paused 2ms+1ms, total 15ms
D/dalvikvm( 3743): GC_CONCURRENT freed 514K, 7% free 7671K/8240K, paused 1ms+1ms, total 14ms
D/dalvikvm( 3743): WAIT_FOR_CONCURRENT_GC blocked 8ms
D/dalvikvm( 3743): GC_CONCURRENT freed 406K, 7% free 7680K/8240K, paused 3ms+2ms, total 16ms
D/dalvikvm( 3743): GC_CONCURRENT freed 516K, 7% free 7675K/8240K, paused 2ms+2ms, total 16ms
D/dalvikvm( 3743): WAIT_FOR_CONCURRENT_GC blocked 2ms
D/dalvikvm( 3743): GC_CONCURRENT freed 510K, 7% free 7675K/8240K, paused 3ms+2ms, total 16ms
D/dalvikvm( 3743): WAIT_FOR_CONCURRENT_GC blocked 4ms
D/dalvikvm( 3743): GC_CONCURRENT freed 512K, 7% free 7675K/8240K, paused 2ms+1ms, total 16ms
D/dalvikvm( 3743): WAIT_FOR_CONCURRENT_GC blocked 2ms
D/dalvikvm( 3743): GC_CONCURRENT freed 509K, 7% free 7675K/8240K, paused 2ms+1ms, total 15ms
D/dalvikvm( 3743): WAIT_FOR_CONCURRENT_GC blocked 2ms
D/dalvikvm( 3743): GC_CONCURRENT freed 495K, 7% free 7687K/8240K, paused 2ms+2ms, total 16ms
D/dalvikvm( 3743): GC_CONCURRENT freed 515K, 7% free 7671K/8240K, paused 3ms+2ms, total 16ms
D/dalvikvm( 3743): WAIT_FOR_CONCURRENT_GC blocked 2ms
D/dalvikvm( 3743): GC_CONCURRENT freed 507K, 7% free 7675K/8240K, paused 3ms+1ms, total 16ms
D/dalvikvm( 3743): WAIT_FOR_CONCURRENT_GC blocked 2ms
D/dalvikvm( 3743): GC_CONCURRENT freed 510K, 7% free 7675K/8240K, paused 2ms+1ms, total 15ms
D/dalvikvm( 3743): WAIT_FOR_CONCURRENT_GC blocked 2ms
D/dalvikvm( 3743): GC_CONCURRENT freed 513K, 7% free 7671K/8240K, paused 1ms+1ms, total 14ms
D/dalvikvm( 3743): WAIT_FOR_CONCURRENT_GC blocked 2ms
D/dalvikvm( 3743): GC_CONCURRENT freed 512K, 7% free 7670K/8240K, paused 2ms+1ms, total 15ms
D/dalvikvm( 3743): WAIT_FOR_CONCURRENT_GC blocked 4ms
D/dalvikvm( 3743): GC_CONCURRENT freed 506K, 7% free 7675K/8240K, paused 3ms+1ms, total 15ms
D/dalvikvm( 3743): WAIT_FOR_CONCURRENT_GC blocked 2ms
D/dalvikvm( 3743): GC_CONCURRENT freed 515K, 7% free 7671K/8240K, paused 2ms+1ms, total 15ms
D/dalvikvm( 3743): WAIT_FOR_CONCURRENT_GC blocked 3ms
D/dalvikvm( 3743): GC_CONCURRENT freed 395K, 7% free 7670K/8240K, paused 1ms+1ms, total 17ms
I/SDL/APP ( 3743): !!!!!!!!!!!!!!
I/SDL/APP ( 3743): Trying /sdcard/Android/data/com.mylegguy.happy.land/Stuff/Maps/NathansHouse
F/libc    ( 3743): invalid address or address of corrupt block 0x6888ffff passed to try_realloc_chunk
F/libc    ( 3743): Fatal signal 11 (SIGSEGV) at 0xdeadbaad (code=1), thread 3762 (SDLThread)
I/DEBUG   (  121): *** *** *** *** *** *** *** *** *** *** *** *** *** *** *** ***
I/DEBUG   (  121): Build fingerprint: 'google/nakasi/grouper:4.4.4/KTU84P/1227136:user/release-keys'
I/DEBUG   (  121): Revision: '0'
I/DEBUG   (  121): pid: 3743, tid: 3762, name: SDLThread  >>> com.mylegguy.happy.land <<<
I/DEBUG   (  121): signal 11 (SIGSEGV), code 1 (SEGV_MAPERR), fault addr deadbaad
I/DEBUG   (  121): Abort message: 'invalid address or address of corrupt block 0x6888ffff passed to try_realloc_chunk'
I/DEBUG   (  121):     r0 00000000  r1 4015602e  r2 6afe895c  r3 deadbaad
I/DEBUG   (  121):     r4 6888ffff  r5 6888fff7  r6 00000010  r7 00000000
I/DEBUG   (  121):     r8 00000000  r9 66f710b0  sl 00000001  fp 00000002
I/DEBUG   (  121):     ip 00000001  sp 6afe8968  lr 40125e05  pc 40125e06  cpsr 600f0030
I/DEBUG   (  121):     d0  6c6165725f797274  d1  6e7568635f636f6c
I/DEBUG   (  121):     d2  657264646120726f  d3  6f6320666f207373
I/DEBUG   (  121):     d4  61642f64696f7264  d5  6d2e6d6f632f6174
I/DEBUG   (  121):     d6  2e79756767656c79  d7  616c2e7970706168
I/DEBUG   (  121):     d8  0000000044800000  d9  0000000044400000
I/DEBUG   (  121):     d10 0000000044700000  d11 0000000000000000
I/DEBUG   (  121):     d12 0000000000000000  d13 0000000000000000
I/DEBUG   (  121):     d14 0000000000000000  d15 0000000000000000
I/DEBUG   (  121):     d16 000000395610b39b  d17 0000000000000000
I/DEBUG   (  121):     d18 0000000000000000  d19 0000000000000000
I/DEBUG   (  121):     d20 0000000000000000  d21 000f000f000f000f
I/DEBUG   (  121):     d22 0000000000000000  d23 0000000000000000
I/DEBUG   (  121):     d24 0000000000000000  d25 0000002300000022
I/DEBUG   (  121):     d26 0707070703030303  d27 991f1f1f991f1f1f
I/DEBUG   (  121):     d28 991f1f1f991f1f1f  d29 0079c01f0075401e
I/DEBUG   (  121):     d30 0082c021007e4020  d31 008bc02300874022
I/DEBUG   (  121):     scr 20000010
I/DEBUG   (  121): 
I/DEBUG   (  121): backtrace:
I/DEBUG   (  121):     #00  pc 0000fe06  /system/lib/libc.so
I/DEBUG   (  121):     #01  pc 000118d3  /system/lib/libc.so (dlrealloc+78)
I/DEBUG   (  121):     #02  pc 0000dceb  /system/lib/libc.so (realloc+10)
I/DEBUG   (  121):     #03  pc 0000e2fb  /data/app-lib/com.mylegguy.happy.land-2/libmain.so (LoadMap+386)
I/DEBUG   (  121):     #04  pc 0001490b  /data/app-lib/com.mylegguy.happy.land-2/libmain.so (TitleLoop+762)
I/DEBUG   (  121):     #05  pc 0001648f  /data/app-lib/com.mylegguy.happy.land-2/libmain.so (SDL_main+62)
I/DEBUG   (  121):     #06  pc 00007383  /data/app-lib/com.mylegguy.happy.land-2/libmain.so (Java_org_libsdl_app_SDLActivity_nativeInit+230)
I/DEBUG   (  121):     #07  pc 0001dbcc  /system/lib/libdvm.so (dvmPlatformInvoke+112)
I/DEBUG   (  121):     #08  pc 0004e123  /system/lib/libdvm.so (dvmCallJNIMethod(unsigned int const*, JValue*, Method const*, Thread*)+398)
I/DEBUG   (  121):     #09  pc 0004fb0d  /system/lib/libdvm.so (dvmResolveNativeMethod(unsigned int const*, JValue*, Method const*, Thread*)+184)
I/DEBUG   (  121):     #10  pc 00026fe0  /system/lib/libdvm.so
I/DEBUG   (  121):     #11  pc 0002dfa0  /system/lib/libdvm.so (dvmMterpStd(Thread*)+76)
I/DEBUG   (  121):     #12  pc 0002b638  /system/lib/libdvm.so (dvmInterpret(Thread*, Method const*, JValue*)+184)
I/DEBUG   (  121):     #13  pc 0006057d  /system/lib/libdvm.so (dvmCallMethodV(Thread*, Method const*, Object*, bool, JValue*, std::__va_list)+336)
I/DEBUG   (  121):     #14  pc 000605a1  /system/lib/libdvm.so (dvmCallMethod(Thread*, Method const*, Object*, JValue*, ...)+20)
I/DEBUG   (  121):     #15  pc 00055287  /system/lib/libdvm.so
I/DEBUG   (  121):     #16  pc 0000d228  /system/lib/libc.so (__thread_entry+72)
I/DEBUG   (  121):     #17  pc 0000d3c0  /system/lib/libc.so (pthread_create+240)
I/DEBUG   (  121): 
I/DEBUG   (  121): stack:
I/DEBUG   (  121):          6afe8928  40125e85  /system/lib/libc.so (dlmalloc)
I/DEBUG   (  121):          6afe892c  4016dd8c  
I/DEBUG   (  121):          6afe8930  4015ffd8  /system/lib/libc.so
I/DEBUG   (  121):          6afe8934  d082f8b3  
I/DEBUG   (  121):          6afe8938  6888ffff  
I/DEBUG   (  121):          6afe893c  6888fff7  
I/DEBUG   (  121):          6afe8940  00000010  
I/DEBUG   (  121):          6afe8944  40128af9  /system/lib/libc.so
I/DEBUG   (  121):          6afe8948  4015602e  /system/lib/libc.so
I/DEBUG   (  121):          6afe894c  6afe895c  
I/DEBUG   (  121):          6afe8950  40159b9c  /system/lib/libc.so
I/DEBUG   (  121):          6afe8954  40125e05  /system/lib/libc.so
I/DEBUG   (  121):          6afe8958  4015602e  /system/lib/libc.so
I/DEBUG   (  121):          6afe895c  6888ffff  
I/DEBUG   (  121):          6afe8960  40159b9c  /system/lib/libc.so
I/DEBUG   (  121):          6afe8964  00000001  
I/DEBUG   (  121):     #00  6afe8968  00000001  
I/DEBUG   (  121):          6afe896c  00000010  
I/DEBUG   (  121):          6afe8970  6888ffff  
I/DEBUG   (  121):          6afe8974  6888fff7  
I/DEBUG   (  121):          6afe8978  66f71ba4  /data/app-lib/com.mylegguy.happy.land-2/libmain.so
I/DEBUG   (  121):          6afe897c  66f710b0  /data/app-lib/com.mylegguy.happy.land-2/libmain.so
I/DEBUG   (  121):          6afe8980  00000001  
I/DEBUG   (  121):          6afe8984  401278d7  /system/lib/libc.so (dlrealloc+82)
I/DEBUG   (  121):     #01  6afe8988  40127885  /system/lib/libc.so (dlrealloc)
I/DEBUG   (  121):          6afe898c  66f71b00  /data/app-lib/com.mylegguy.happy.land-2/libmain.so
I/DEBUG   (  121):          6afe8990  4016dd8c  
I/DEBUG   (  121):          6afe8994  00000003  
I/DEBUG   (  121):          6afe8998  6afe89e0  
I/DEBUG   (  121):          6afe899c  40123ced  /system/lib/libc.so (realloc+12)
I/DEBUG   (  121):     #02  6afe89a0  4016dd8c  
I/DEBUG   (  121):          6afe89a4  66f632ff  /data/app-lib/com.mylegguy.happy.land-2/libmain.so (LoadMap+390)
I/DEBUG   (  121): 
I/DEBUG   (  121): memory near r1:
I/DEBUG   (  121):     4015600c 69747075 64206e6f 63657465 20646574  
I/DEBUG   (  121):     4015601c 25207962 696c0073 6d5f6362 6f6c6c61  
I/DEBUG   (  121):     4015602c 6e690063 696c6176 64612064 73657264  
I/DEBUG   (  121):     4015603c 726f2073 64646120 73736572 20666f20  
I/DEBUG   (  121):     4015604c 72726f63 20747075 636f6c62 7025206b  
I/DEBUG   (  121):     4015605c 73617020 20646573 25206f74 616d0073  
I/DEBUG   (  121):     4015606c 79732078 6d657473 74796220 3d207365  
I/DEBUG   (  121):     4015607c 30312520 000a756c 74737973 62206d65  
I/DEBUG   (  121):     4015608c 73657479 20202020 25203d20 756c3031  
I/DEBUG   (  121):     4015609c 6e69000a 65737520 74796220 20207365  
I/DEBUG   (  121):     401560ac 3d202020 30312520 000a756c 63617473  
I/DEBUG   (  121):     401560bc 6f63206b 70757272 6e6f6974 74656420  
I/DEBUG   (  121):     401560cc 65746365 73250064 3a64253a 73736120  
I/DEBUG   (  121):     401560dc 69747265 22206e6f 20227325 6c696166  
I/DEBUG   (  121):     401560ec 25006465 64253a73 7325203a 7361203a  
I/DEBUG   (  121):     401560fc 74726573 206e6f69 22732522 69616620  
I/DEBUG   (  121): 
I/DEBUG   (  121): memory near r2:
I/DEBUG   (  121):     6afe893c 6888fff7 00000010 40128af9 4015602e  
I/DEBUG   (  121):     6afe894c 6afe895c 40159b9c 40125e05 4015602e  
I/DEBUG   (  121):     6afe895c 6888ffff 40159b9c 00000001 00000001  
I/DEBUG   (  121):     6afe896c 00000010 6888ffff 6888fff7 66f71ba4  
I/DEBUG   (  121):     6afe897c 66f710b0 00000001 401278d7 40127885  
I/DEBUG   (  121):     6afe898c 66f71b00 4016dd8c 00000003 6afe89e0  
I/DEBUG   (  121):     6afe899c 40123ced 4016dd8c 66f632ff 6f732074  
I/DEBUG   (  121):     6afe89ac 66f71760 20646e61 6f6d6572 20736576  
I/DEBUG   (  121):     6afe89bc 0000000f 0000000f 7665206b 000f000f  
I/DEBUG   (  121):     6afe89cc d082f8b3 6f697463 00000000 66f71760  
I/DEBUG   (  121):     6afe89dc 00000000 6afe8a70 6afe8a30 66f71038  
I/DEBUG   (  121):     6afe89ec 6afe8a40 66f71c20 66f6990f 44334000  
I/DEBUG   (  121):     6afe89fc 66f6de35 66f6e55a 66f7103c 66f7101c  
I/DEBUG   (  121):     6afe8a0c 66f710a4 66f710a0 66f710ac 66f71010  
I/DEBUG   (  121):     6afe8a1c 66f71068 66f71bb0 68889ac8 66f71070  
I/DEBUG   (  121):     6afe8a2c 66f71088 0000003b 000002cd 00000168  
I/DEBUG   (  121): 
I/DEBUG   (  121): memory near r4:
I/DEBUG   (  121):     6888ffdc 00000000 00000000 00000000 00000000  
I/DEBUG   (  121):     6888ffec 00000000 00000000 00000000 00000000  
I/DEBUG   (  121):     6888fffc 00000000 00000000 00000000 00000000  
I/DEBUG   (  121):     6889000c 00000000 00000000 00000000 00000000  
I/DEBUG   (  121):     6889001c 00000000 00000000 00000000 00000000  
I/DEBUG   (  121):     6889002c 00000000 00000000 00000000 00000000  
I/DEBUG   (  121):     6889003c 00000000 00000000 00000000 00000000  
I/DEBUG   (  121):     6889004c 00000000 00000000 00000000 00000000  
I/DEBUG   (  121):     6889005c 00000000 00000000 00000000 00000000  
I/DEBUG   (  121):     6889006c 00000000 00000000 00000000 00000000  
I/DEBUG   (  121):     6889007c 00000000 00000000 00000000 00000000  
I/DEBUG   (  121):     6889008c 00000000 00000000 00000000 00000000  
I/DEBUG   (  121):     6889009c 00000000 00000000 00000000 00000000  
I/DEBUG   (  121):     688900ac 00000000 00000000 00000000 00000000  
I/DEBUG   (  121):     688900bc 00000000 00000000 00000000 00000000  
I/DEBUG   (  121):     688900cc 00000000 00000000 00000000 00000000  
I/DEBUG   (  121): 
I/DEBUG   (  121): memory near r5:
I/DEBUG   (  121):     6888ffd4 00000000 00000000 00000000 00000000  
I/DEBUG   (  121):     6888ffe4 00000000 00000000 00000000 00000000  
I/DEBUG   (  121):     6888fff4 00000000 00000000 00000000 00000000  
I/DEBUG   (  121):     68890004 00000000 00000000 00000000 00000000  
I/DEBUG   (  121):     68890014 00000000 00000000 00000000 00000000  
I/DEBUG   (  121):     68890024 00000000 00000000 00000000 00000000  
I/DEBUG   (  121):     68890034 00000000 00000000 00000000 00000000  
I/DEBUG   (  121):     68890044 00000000 00000000 00000000 00000000  
I/DEBUG   (  121):     68890054 00000000 00000000 00000000 00000000  
I/DEBUG   (  121):     68890064 00000000 00000000 00000000 00000000  
I/DEBUG   (  121):     68890074 00000000 00000000 00000000 00000000  
I/DEBUG   (  121):     68890084 00000000 00000000 00000000 00000000  
I/DEBUG   (  121):     68890094 00000000 00000000 00000000 00000000  
I/DEBUG   (  121):     688900a4 00000000 00000000 00000000 00000000  
I/DEBUG   (  121):     688900b4 00000000 00000000 00000000 00000000  
I/DEBUG   (  121):     688900c4 00000000 00000000 00000000 00000000  
I/DEBUG   (  121): 
I/DEBUG   (  121): memory near r9:
I/DEBUG   (  121):     66f71090 00000000 00000000 00000000 00000000  
I/DEBUG   (  121):     66f710a0 688469d0 00000005 686c0f20 00000033  
I/DEBUG   (  121):     66f710b0 00000002 00000000 00000000 00000000  
I/DEBUG   (  121):     66f710c0 6888aaa8 00000000 00000000 00000000  
I/DEBUG   (  121):     66f710d0 00400040 00000000 00000000 00000000  
I/DEBUG   (  121):     66f710e0 0000000a 6889fc98 00200012 01010300  
I/DEBUG   (  121):     66f710f0 00000007 00000000 00000000 00000000  
I/DEBUG   (  121):     66f71100 00000000 00000000 00000000 00000000  
I/DEBUG   (  121):     66f71110 00000000 00000000 00000000 00000000  
I/DEBUG   (  121):     66f71120 00000000 00000000 00000000 00000000  
I/DEBUG   (  121):     66f71130 00000000 00000000 00000000 00000000  
I/DEBUG   (  121):     66f71140 00000000 00000000 00000000 00000000  
I/DEBUG   (  121):     66f71150 00000000 00000000 00000000 00000000  
I/DEBUG   (  121):     66f71160 00000000 00000000 00000000 00000000  
I/DEBUG   (  121):     66f71170 00000000 00000000 00000000 00000000  
I/DEBUG   (  121):     66f71180 00000000 00000000 00000000 00000000  
I/DEBUG   (  121): 
I/DEBUG   (  121): memory near sp:
I/DEBUG   (  121):     6afe8948 4015602e 6afe895c 40159b9c 40125e05  
I/DEBUG   (  121):     6afe8958 4015602e 6888ffff 40159b9c 00000001  
I/DEBUG   (  121):     6afe8968 00000001 00000010 6888ffff 6888fff7  
I/DEBUG   (  121):     6afe8978 66f71ba4 66f710b0 00000001 401278d7  
I/DEBUG   (  121):     6afe8988 40127885 66f71b00 4016dd8c 00000003  
I/DEBUG   (  121):     6afe8998 6afe89e0 40123ced 4016dd8c 66f632ff  
I/DEBUG   (  121):     6afe89a8 6f732074 66f71760 20646e61 6f6d6572  
I/DEBUG   (  121):     6afe89b8 20736576 0000000f 0000000f 7665206b  
I/DEBUG   (  121):     6afe89c8 000f000f d082f8b3 6f697463 00000000  
I/DEBUG   (  121):     6afe89d8 66f71760 00000000 6afe8a70 6afe8a30  
I/DEBUG   (  121):     6afe89e8 66f71038 6afe8a40 66f71c20 66f6990f  
I/DEBUG   (  121):     6afe89f8 44334000 66f6de35 66f6e55a 66f7103c  
I/DEBUG   (  121):     6afe8a08 66f7101c 66f710a4 66f710a0 66f710ac  
I/DEBUG   (  121):     6afe8a18 66f71010 66f71068 66f71bb0 68889ac8  
I/DEBUG   (  121):     6afe8a28 66f71070 66f71088 0000003b 000002cd  
I/DEBUG   (  121):     6afe8a38 00000168 00000039 00000220 d082f8b3  
I/DEBUG   (  121): 
I/DEBUG   (  121): code around pc:
I/DEBUG   (  121):     40125de4 0001f040 48216058 f7ff4478 e01ffb37  
I/DEBUG   (  121):     40125df4 481f3408 44784a1f 447a4621 fe72f002  
I/DEBUG   (  121):     40125e04 601c4b0d e0132400 d2f142ac f012686a  
I/DEBUG   (  121):     40125e14 f47f0f01 e7ebae86 44784817 f9cef7ff  
I/DEBUG   (  121):     40125e24 44784816 6899e7fa f43f42a9 e767af66  
I/DEBUG   (  121):     40125e34 e8bd4620 bf0087f0 deadbaad 0003e670  
I/DEBUG   (  121):     40125e44 0003e81e 0003e806 0003e5ee 0003e5e2  
I/DEBUG   (  121):     40125e54 0003e532 0003e520 0003e4e4 0003e4be  
I/DEBUG   (  121):     40125e64 00033e92 0003e430 0003e41e 0003e390  
I/DEBUG   (  121):     40125e74 00030230 00033d9a 00033d7a 00033d72  
I/DEBUG   (  121):     40125e84 3ba4f8df 4ff7e92d 4604447b b9086818  
I/DEBUG   (  121):     40125e94 fd42f7ff 1b94f8df f8d14479 079321bc  
I/DEBUG   (  121):     40125ea4 2cf4d402 e1a6d909 70e0f501 f7fe2600  
I/DEBUG   (  121):     40125eb4 2800ecf0 806ff041 2c0ae7f3 340bd903  
I/DEBUG   (  121):     40125ec4 0407f024 2410e000 3b68f8df 447b08e2  
I/DEBUG   (  121):     40125ed4 fa206818 9001f102 d021078e 0401f001  
I/DEBUG   (  121): 
I/DEBUG   (  121): code around lr:
I/DEBUG   (  121):     40125de4 0001f040 48216058 f7ff4478 e01ffb37  
I/DEBUG   (  121):     40125df4 481f3408 44784a1f 447a4621 fe72f002  
I/DEBUG   (  121):     40125e04 601c4b0d e0132400 d2f142ac f012686a  
I/DEBUG   (  121):     40125e14 f47f0f01 e7ebae86 44784817 f9cef7ff  
I/DEBUG   (  121):     40125e24 44784816 6899e7fa f43f42a9 e767af66  
I/DEBUG   (  121):     40125e34 e8bd4620 bf0087f0 deadbaad 0003e670  
I/DEBUG   (  121):     40125e44 0003e81e 0003e806 0003e5ee 0003e5e2  
I/DEBUG   (  121):     40125e54 0003e532 0003e520 0003e4e4 0003e4be  
I/DEBUG   (  121):     40125e64 00033e92 0003e430 0003e41e 0003e390  
I/DEBUG   (  121):     40125e74 00030230 00033d9a 00033d7a 00033d72  
I/DEBUG   (  121):     40125e84 3ba4f8df 4ff7e92d 4604447b b9086818  
I/DEBUG   (  121):     40125e94 fd42f7ff 1b94f8df f8d14479 079321bc  
I/DEBUG   (  121):     40125ea4 2cf4d402 e1a6d909 70e0f501 f7fe2600  
I/DEBUG   (  121):     40125eb4 2800ecf0 806ff041 2c0ae7f3 340bd903  
I/DEBUG   (  121):     40125ec4 0407f024 2410e000 3b68f8df 447b08e2  
I/DEBUG   (  121):     40125ed4 fa206818 9001f102 d021078e 0401f001  
I/DEBUG   (  121): 
I/DEBUG   (  121): memory map around fault addr deadbaad:
I/DEBUG   (  121):     beb12000-beb33000 rw- [stack]
I/DEBUG   (  121):     (no map for address)
I/DEBUG   (  121):     ffff0000-ffff1000 r-x [vectors]
I/BootReceiver(  516): Copying /data/tombstones/tombstone_09 to DropBox (SYSTEM_TOMBSTONE)
W/ActivityManager(  516):   Force finishing activity com.mylegguy.happy.land/.HelloSDL2Activity
W/InputDispatcher(  516): channel '4262b680 com.mylegguy.happy.land/com.mylegguy.happy.land.HelloSDL2Activity (server)' ~ Consumer closed input channel or an error occurred.  events=0xd
E/InputDispatcher(  516): channel '4262b680 com.mylegguy.happy.land/com.mylegguy.happy.land.HelloSDL2Activity (server)' ~ Channel is unrecoverably broken and will be disposed!
D/Zygote  (  123): Process 3743 terminated by signal (11)
D/dalvikvm(  516): GC_FOR_ALLOC freed 1265K, 13% free 16583K/18944K, paused 71ms, total 72ms
W/InputDispatcher(  516): Attempted to unregister already unregistered input channel '4262b680 com.mylegguy.happy.land/com.mylegguy.happy.land.HelloSDL2Activity (server)'
I/WindowState(  516): WIN DEATH: Window{42637db0 u0 SurfaceView}
I/WindowState(  516): WIN DEATH: Window{4262b680 u0 com.mylegguy.happy.land/com.mylegguy.happy.land.HelloSDL2Activity}
W/ActivityManager(  516): Exception thrown during pause
W/ActivityManager(  516): android.os.DeadObjectException
W/ActivityManager(  516): 	at android.os.BinderProxy.transact(Native Method)
W/ActivityManager(  516): 	at android.app.ApplicationThreadProxy.schedulePauseActivity(ApplicationThreadNative.java:660)
W/ActivityManager(  516): 	at com.android.server.am.ActivityStack.startPausingLocked(ActivityStack.java:761)
W/ActivityManager(  516): 	at com.android.server.am.ActivityStack.finishActivityLocked(ActivityStack.java:2443)
W/ActivityManager(  516): 	at com.android.server.am.ActivityStack.finishTopRunningActivityLocked(ActivityStack.java:2320)
W/ActivityManager(  516): 	at com.android.server.am.ActivityStackSupervisor.finishTopRunningActivityLocked(ActivityStackSupervisor.java:2050)
W/ActivityManager(  516): 	at com.android.server.am.ActivityManagerService.handleAppCrashLocked(ActivityManagerService.java:9548)
W/ActivityManager(  516): 	at com.android.server.am.ActivityManagerService.makeAppCrashingLocked(ActivityManagerService.java:9441)
W/ActivityManager(  516): 	at com.android.server.am.ActivityManagerService.crashApplication(ActivityManagerService.java:10086)
W/ActivityManager(  516): 	at com.android.server.am.ActivityManagerService.handleApplicationCrashInner(ActivityManagerService.java:9637)
W/ActivityManager(  516): 	at com.android.server.am.NativeCrashListener$NativeCrashReporter.run(NativeCrashListener.java:86)
I/ActivityManager(  516): Process com.mylegguy.happy.land (pid 3743) has died.
W/Binder  (  747): Caught a RuntimeException from the binder stub implementation.
W/Binder  (  747): java.lang.NullPointerException
W/Binder  (  747): 	at android.inputmethodservice.IInputMethodWrapper.setSessionEnabled(IInputMethodWrapper.java:280)
W/Binder  (  747): 	at com.android.internal.view.IInputMethod$Stub.onTransact(IInputMethod.java:129)
W/Binder  (  747): 	at android.os.Binder.execTransact(Binder.java:404)
W/Binder  (  747): 	at dalvik.system.NativeStart.run(Native Method)
W/InputMethodManagerService(  516): Got RemoteException sending setActive(false) notification to pid 3743 uid 10093
I/ActivityManager(  516): START u0 {act=com.android.systemui.recent.action.TOGGLE_RECENTS flg=0x10800000 cmp=com.android.systemui/.recent.RecentsActivity} from pid 632
I/ActivityManager(  516): Displayed com.android.systemui/.recent.RecentsActivity: +120ms
D/dalvikvm(  516): GC_FOR_ALLOC freed 1415K, 14% free 16438K/18944K, paused 83ms, total 84ms
V/PanelView(  632): animationTick called with dtms=0; nothing to do (h=351.875 v=1216.6019)
D/PhoneStatusBar(  632): disable: < expand ICONS* alerts TICKER* system_info back home recent CLOCK* search >
I/ActivityManager(  516): START u0 {act=android.intent.action.MAIN cat=[android.intent.category.LAUNCHER] flg=0x10008000 cmp=com.android.settings/.UsbSettings bnds=[63,194][657,279]} from pid -1
I/ActivityManager(  516): Start proc com.android.settings for activity com.android.settings/.UsbSettings: pid=3790 uid=1000 gids={41000, 1028, 1015, 3002, 3001, 3003}
V/PanelView(  632): animationTick called with dtms=0; nothing to do (h=314.0 v=-2662.5002)
W/KeyguardTouchDelegate(  632): dismiss(): NO SERVICE!
D/dalvikvm(  123): GC_EXPLICIT freed 42K, 2% free 7607K/7688K, paused 2ms+8ms, total 40ms
V/KeyguardTouchDelegate(  632): Connected to keyguard
D/dalvikvm(  123): GC_EXPLICIT freed <1K, 2% free 7607K/7688K, paused 2ms+12ms, total 47ms
D/dalvikvm(  123): GC_EXPLICIT freed <1K, 2% free 7607K/7688K, paused 4ms+4ms, total 47ms
D/PhoneStatusBar(  632): disable: < expand icons* alerts ticker* system_info back home recent clock* search >
D/dalvikvm( 3790): GC_CONCURRENT freed 223K, 4% free 7828K/8088K, paused 11ms+22ms, total 122ms
D/libEGL  ( 3790): loaded /system/lib/egl/libEGL_tegra.so
D/libEGL  ( 3790): loaded /system/lib/egl/libGLESv1_CM_tegra.so
D/libEGL  ( 3790): loaded /system/lib/egl/libGLESv2_tegra.so
D/OpenGLRenderer( 3790): Enabling debug mode 0
E/UsbSettings( 3790): UsbAccessoryMode false
E/UsbSettings( 3790): USB Normal Mode
I/ActivityManager(  516): Displayed com.android.settings/.UsbSettings: +854ms
E/UsbSettings( 3790): USB Normal Mode
D/MusicLifecycle( 2681): com.google.android.music.download.EncapsulatedBroadcastReceiver$1 generated event: Broadcast received with context com.google.android.music.ui.PhoneMusicApplication@420139b8 and intent Intent { act=android.provider.action.MTP_SESSION_END flg=0x10 }
E/UsbDebuggingManager(  516): got -1 reading
E/UsbDebuggingManager(  516): Communication error: 
E/UsbDebuggingManager(  516): java.io.IOException: No such file or directory
E/UsbDebuggingManager(  516): 	at android.net.LocalSocketImpl.connectLocal(Native Method)
E/UsbDebuggingManager(  516): 	at android.net.LocalSocketImpl.connect(LocalSocketImpl.java:287)
E/UsbDebuggingManager(  516): 	at android.net.LocalSocket.connect(LocalSocket.java:130)
E/UsbDebuggingManager(  516): 	at com.android.server.usb.UsbDebuggingManager.listenToSocket(UsbDebuggingManager.java:75)
E/UsbDebuggingManager(  516): 	at com.android.server.usb.UsbDebuggingManager.run(UsbDebuggingManager.java:111)
E/UsbDebuggingManager(  516): 	at java.lang.Thread.run(Thread.java:841)
I/MediaStoreImporter( 2681): Update: incremental Added music: 0 Updated music: 0 Deleted music: 0 Created playlists: 0 Updated playlists: 0 Deleted playlists: 0 Inserted playlist items: 0 Deleted playlist items: 0 Removed orphaned playlist items: 0
D/MusicLifecycle( 2681): com.google.android.music.download.EncapsulatedBroadcastReceiver$1 generated event: Broadcast received with context com.google.android.music.ui.PhoneMusicApplication@420139b8 and intent Intent { act=com.google.android.music.IMPORT_COMPLETE flg=0x10 }
D/MusicLifecycle( 2681): com.google.android.music.wear.WearBroadcastReceiver generated event: Broadcast received with context android.app.ReceiverRestrictedContext@42151f38 and intent Intent { act=com.google.android.music.IMPORT_COMPLETE flg=0x10 cmp=com.google.android.music/.wear.WearBroadcastReceiver }
W/WearSignatureVerifier( 2681): No package com.google.android.wearable.app.cn
W/WearSignatureVerifier( 2681): No package com.google.android.wearable.app.cn
W/WearSignatureVerifier( 2681): No package com.google.android.wearable.app.cn
W/WearSignatureVerifier( 2681): No package com.google.android.wearable.app.cn
I/WearableService(  759): onCreate - Wear is not available on this device.
D/WearableService(  759): onGetService - Wear is not available on this device.
W/WearSignatureVerifier( 2681): No package com.google.android.wearable.app.cn
E/GmsUtils( 2681): Failed to connect to Google API client: ConnectionResult{statusCode=API_UNAVAILABLE, resolution=null, message=null}
D/dalvikvm( 2681): GC_CONCURRENT freed 394K, 5% free 9322K/9752K, paused 4ms+4ms, total 39ms
E/UsbSettings( 3790): USB Normal Mode
E/UsbSettings( 3790): UsbAccessoryMode false
E/UsbSettings( 3790): USB Normal Mode
I/ActivityManager(  516): Killing 2738:android.process.acore/u0a3 (adj 15): empty #17
E/UsbSettings( 3790): UsbAccessoryMode false
E/UsbSettings( 3790): USB Normal Mode
E/UsbSettings( 3790): UsbAccessoryMode false
E/UsbSettings( 3790): USB Normal Mode
D/MtpService(  733): updating state; isCurrentUser=true, mMtpLocked=false
D/MtpService(  733): addStorageLocked 65537 /storage/emulated/0
D/MtpService(  733): updating state; isCurrentUser=true, mMtpLocked=false
D/MtpService(  733): starting MTP server in MTP mode
D/MtpService(  733): addStorageLocked 65537 /storage/emulated/0
D/dalvikvm(  733): GC_CONCURRENT freed 366K, 7% free 8022K/8568K, paused 3ms+3ms, total 20ms
D/dalvikvm(  516): GC_EXPLICIT freed 1553K, 15% free 16256K/18944K, paused 2ms+8ms, total 79ms
D/dalvikvm(  733): GC_CONCURRENT freed 338K, 6% free 8077K/8568K, paused 1ms+3ms, total 21ms
D/dalvikvm(  516): GC_EXPLICIT freed 185K, 15% free 16174K/18944K, paused 4ms+7ms, total 82ms
D/dalvikvm(  516): GC_EXPLICIT freed 91K, 15% free 16172K/18944K, paused 3ms+7ms, total 82ms
D/dalvikvm(  733): GC_CONCURRENT freed 393K, 6% free 8089K/8568K, paused 3ms+9ms, total 36ms
D/dalvikvm(  516): GC_EXPLICIT freed 89K, 15% free 16172K/18944K, paused 3ms+6ms, total 73ms
I/iu.UploadsManager( 1072): End new media; added: 0, uploading: 0, time: 112 ms
D/dalvikvm(  733): GC_CONCURRENT freed 475K, 6% free 8081K/8596K, paused 23ms+4ms, total 123ms
E/MtpServer(  733): deletePath stat failed for /storage/emulated/0/Download/OtherStuff: No such file or directory
E/MtpServer(  733): deletePath stat failed for /storage/emulated/0/Download/SpanishReplace: No such file or directory
D/dalvikvm(  733): GC_CONCURRENT freed 542K, 8% free 7941K/8596K, paused 3ms+2ms, total 31ms
E/MtpServer(  733): deletePath stat failed for /storage/emulated/0/Download/Stuff: No such file or directory
I/ActivityManager(  516): START u0 {act=com.android.systemui.recent.action.TOGGLE_RECENTS flg=0x10800000 cmp=com.android.systemui/.recent.RecentsActivity (has extras)} from pid 632
I/ActivityManager(  516): Displayed com.android.systemui/.recent.RecentsActivity: +128ms
D/dalvikvm(  516): GC_FOR_ALLOC freed 1522K, 14% free 16429K/18944K, paused 85ms, total 86ms
I/ActivityManager(  516): Killing 3790:com.android.settings/1000 (adj 9): remove task
I/WindowState(  516): WIN DEATH: Window{42727b50 u0 com.android.settings/com.android.settings.UsbSettings}
I/Icing   ( 1072): Usage reports 0 indexed 0 rejected 0 imm upload false
I/Icing   ( 1072): Usage reports 0 indexed 0 rejected 0 imm upload false
I/Icing   ( 1072): Usage reports 0 indexed 0 rejected 0 imm upload false
I/Icing   ( 1072): Usage reports 0 indexed 0 rejected 0 imm upload false
I/Icing   ( 1072): Usage reports 0 indexed 0 rejected 0 imm upload false
I/Icing   ( 1072): Usage reports 0 indexed 0 rejected 0 imm upload false
I/Icing   ( 1072): Usage reports 0 indexed 0 rejected 0 imm upload false
I/ActivityManager(  516): START u0 {act=android.intent.action.MAIN cat=[android.intent.category.LAUNCHER] flg=0x10200000 cmp=com.jrummy.root.browserfree/com.jrummy.apps.root.browser.activities.RootBrowserActivity} from pid 809
I/ActivityManager(  516): Start proc com.jrummy.root.browserfree for activity com.jrummy.root.browserfree/com.jrummy.apps.root.browser.activities.RootBrowserActivity: pid=3871 uid=10077 gids={50077, 3003, 1028, 1015}
W/dalvikvm( 3871): VFY: unable to find class referenced in signature (Landroid/system/StructStat;)
W/dalvikvm( 3871): VFY: unable to resolve instance field 1672
D/dalvikvm( 3871): VFY: replacing opcode 0x53 at 0x0003
I/dalvikvm( 3871): Could not find method android.system.Os.lstat, referenced from method com.jrummyapps.android.os.StructStat.a
W/dalvikvm( 3871): VFY: unable to resolve static method 5077: Landroid/system/Os;.lstat (Ljava/lang/String;)Landroid/system/StructStat;
D/dalvikvm( 3871): VFY: replacing opcode 0x71 at 0x0007
I/dalvikvm( 3871): DexOpt: unable to optimize instance field ref 0x068a at 0x07 in Lcom/jrummyapps/android/os/StructStat;.<init>
I/dalvikvm( 3871): DexOpt: unable to optimize instance field ref 0x068b at 0x0b in Lcom/jrummyapps/android/os/StructStat;.<init>
I/dalvikvm( 3871): DexOpt: unable to optimize instance field ref 0x068d at 0x0f in Lcom/jrummyapps/android/os/StructStat;.<init>
I/dalvikvm( 3871): DexOpt: unable to optimize instance field ref 0x0690 at 0x13 in Lcom/jrummyapps/android/os/StructStat;.<init>
I/dalvikvm( 3871): DexOpt: unable to optimize instance field ref 0x0689 at 0x17 in Lcom/jrummyapps/android/os/StructStat;.<init>
I/dalvikvm( 3871): DexOpt: unable to optimize instance field ref 0x068e at 0x1b in Lcom/jrummyapps/android/os/StructStat;.<init>
I/dalvikvm( 3871): DexOpt: unable to optimize instance field ref 0x068f at 0x1f in Lcom/jrummyapps/android/os/StructStat;.<init>
I/dalvikvm( 3871): DexOpt: unable to optimize instance field ref 0x0684 at 0x23 in Lcom/jrummyapps/android/os/StructStat;.<init>
I/dalvikvm( 3871): DexOpt: unable to optimize instance field ref 0x068c at 0x27 in Lcom/jrummyapps/android/os/StructStat;.<init>
I/dalvikvm( 3871): DexOpt: unable to optimize instance field ref 0x0687 at 0x2b in Lcom/jrummyapps/android/os/StructStat;.<init>
I/dalvikvm( 3871): DexOpt: unable to optimize instance field ref 0x0685 at 0x2f in Lcom/jrummyapps/android/os/StructStat;.<init>
I/dalvikvm( 3871): DexOpt: unable to optimize instance field ref 0x0686 at 0x33 in Lcom/jrummyapps/android/os/StructStat;.<init>
D/dalvikvm( 3871): GC_CONCURRENT freed 263K, 4% free 7790K/8088K, paused 3ms+7ms, total 33ms
D/dalvikvm( 3871): GC_CONCURRENT freed 79K, 2% free 8169K/8328K, paused 2ms+2ms, total 26ms
D/dalvikvm( 3871): WAIT_FOR_CONCURRENT_GC blocked 6ms
I/Ad      ( 3871): set admob ad
I/dalvikvm( 3871): Could not find method android.content.pm.PackageManager.getPackageInstaller, referenced from method com.google.android.gms.common.k.zzs
W/dalvikvm( 3871): VFY: unable to resolve virtual method 1362: Landroid/content/pm/PackageManager;.getPackageInstaller ()Landroid/content/pm/PackageInstaller;
D/dalvikvm( 3871): VFY: replacing opcode 0x6e at 0x001b
I/dalvikvm( 3871): Could not find method android.security.NetworkSecurityPolicy.getInstance, referenced from method com.google.android.gms.ads.internal.util.t.a
W/dalvikvm( 3871): VFY: unable to resolve static method 2891: Landroid/security/NetworkSecurityPolicy;.getInstance ()Landroid/security/NetworkSecurityPolicy;
D/dalvikvm( 3871): VFY: replacing opcode 0x71 at 0x00b2
I/dalvikvm( 3871): Could not find method android.content.pm.PackageManager.getPackageInstaller, referenced from method hzw.a
W/dalvikvm( 3871): VFY: unable to resolve virtual method 2385: Landroid/content/pm/PackageManager;.getPackageInstaller ()Landroid/content/pm/PackageInstaller;
D/dalvikvm( 3871): VFY: replacing opcode 0x6e at 0x001c
D/dalvikvm( 3871): GC_CONCURRENT freed 282K, 4% free 8389K/8708K, paused 3ms+3ms, total 20ms
I/dalvikvm( 3871): Could not find method android.content.ContextWrapper.createCredentialProtectedStorageContext, referenced from method gyt.createCredentialProtectedStorageContext
W/dalvikvm( 3871): VFY: unable to resolve virtual method 2291: Landroid/content/ContextWrapper;.createCredentialProtectedStorageContext ()Landroid/content/Context;
D/dalvikvm( 3871): VFY: replacing opcode 0x6f at 0x0002
I/dalvikvm( 3871): Could not find method android.content.ContextWrapper.createDeviceProtectedStorageContext, referenced from method gyt.createDeviceProtectedStorageContext
W/dalvikvm( 3871): VFY: unable to resolve virtual method 2292: Landroid/content/ContextWrapper;.createDeviceProtectedStorageContext ()Landroid/content/Context;
D/dalvikvm( 3871): VFY: replacing opcode 0x6f at 0x0002
I/dalvikvm( 3871): Could not find method android.content.ContextWrapper.createCredentialProtectedStorageContext, referenced from method com.google.android.chimera.ModuleContext.createCredentialProtectedStorageContext
W/dalvikvm( 3871): VFY: unable to resolve virtual method 2291: Landroid/content/ContextWrapper;.createCredentialProtectedStorageContext ()Landroid/content/Context;
D/dalvikvm( 3871): VFY: replacing opcode 0x6f at 0x0002
I/dalvikvm( 3871): Could not find method android.content.ContextWrapper.createDeviceProtectedStorageContext, referenced from method com.google.android.chimera.ModuleContext.createDeviceProtectedStorageContext
W/dalvikvm( 3871): VFY: unable to resolve virtual method 2292: Landroid/content/ContextWrapper;.createDeviceProtectedStorageContext ()Landroid/content/Context;
D/dalvikvm( 3871): VFY: replacing opcode 0x6f at 0x0002
I/dalvikvm( 3871): Could not find method android.content.Context.isCredentialProtectedStorage, referenced from method bvv.a
W/dalvikvm( 3871): VFY: unable to resolve virtual method 2271: Landroid/content/Context;.isCredentialProtectedStorage ()Z
D/dalvikvm( 3871): VFY: replacing opcode 0x6e at 0x0000
I/dalvikvm( 3871): Could not find method android.os.UserManager.isUserUnlocked, referenced from method bvv.a
W/dalvikvm( 3871): VFY: unable to resolve virtual method 2867: Landroid/os/UserManager;.isUserUnlocked ()Z
D/dalvikvm( 3871): VFY: replacing opcode 0x6e at 0x001a
I/dalvikvm( 3871): Could not find method android.content.Context.isDeviceProtectedStorage, referenced from method bvv.b
W/dalvikvm( 3871): VFY: unable to resolve virtual method 2272: Landroid/content/Context;.isDeviceProtectedStorage ()Z
D/dalvikvm( 3871): VFY: replacing opcode 0x6e at 0x0000
I/dalvikvm( 3871): Could not find method android.content.Context.isDeviceProtectedStorage, referenced from method bvv.c
W/dalvikvm( 3871): VFY: unable to resolve virtual method 2272: Landroid/content/Context;.isDeviceProtectedStorage ()Z
D/dalvikvm( 3871): VFY: replacing opcode 0x6e at 0x0000
D/dalvikvm( 3871): GC_CONCURRENT freed 90K, 2% free 8810K/8940K, paused 1ms+2ms, total 17ms
D/dalvikvm( 3871): WAIT_FOR_CONCURRENT_GC blocked 4ms
D/dalvikvm( 3871): DexOpt: couldn't find static field Landroid/os/Build;.SUPPORTED_64_BIT_ABIS
W/dalvikvm( 3871): VFY: unable to resolve static field 799 (SUPPORTED_64_BIT_ABIS) in Landroid/os/Build;
D/dalvikvm( 3871): VFY: replacing opcode 0x62 at 0x0012
D/dalvikvm( 3871): DexOpt: couldn't find static field Landroid/os/Build;.SUPPORTED_32_BIT_ABIS
W/dalvikvm( 3871): VFY: unable to resolve static field 798 (SUPPORTED_32_BIT_ABIS) in Landroid/os/Build;
D/dalvikvm( 3871): VFY: replacing opcode 0x62 at 0x0021
D/dalvikvm( 3871): DexOpt: couldn't find static field Landroid/os/Build;.SUPPORTED_ABIS
W/dalvikvm( 3871): VFY: unable to resolve static field 800 (SUPPORTED_ABIS) in Landroid/os/Build;
D/dalvikvm( 3871): VFY: replacing opcode 0x62 at 0x0008
D/dalvikvm( 3871): DexOpt: couldn't find static field Landroid/os/Build;.SUPPORTED_64_BIT_ABIS
W/dalvikvm( 3871): VFY: unable to resolve static field 799 (SUPPORTED_64_BIT_ABIS) in Landroid/os/Build;
D/dalvikvm( 3871): VFY: replacing opcode 0x62 at 0x0008
D/dalvikvm( 3871): DexOpt: couldn't find static field Landroid/os/Build;.SUPPORTED_64_BIT_ABIS
I/dalvikvm( 3871): DexOpt: unable to optimize static field ref 0x031f at 0x17 in Lbxp;.a
D/dalvikvm( 3871): DexOpt: couldn't find static field Landroid/os/Build;.SUPPORTED_32_BIT_ABIS
I/dalvikvm( 3871): DexOpt: unable to optimize static field ref 0x031e at 0x26 in Lbxp;.a
D/dalvikvm( 3871): DexOpt: couldn't find static field Landroid/os/Build;.SUPPORTED_64_BIT_ABIS
I/dalvikvm( 3871): DexOpt: unable to optimize static field ref 0x031f at 0x0d in Lbxp;.b
D/DynamitePackage( 3871): Instantiated singleton DynamitePackage.
D/DynamitePackage( 3871): Instantiating com.google.android.gms.ads.ChimeraAdManagerCreatorImpl
I/dalvikvm( 3871): Could not find method android.security.NetworkSecurityPolicy.getInstance, referenced from method com.google.android.gms.ads.internal.util.ac.a
W/dalvikvm( 3871): VFY: unable to resolve static method 1627: Landroid/security/NetworkSecurityPolicy;.getInstance ()Landroid/security/NetworkSecurityPolicy;
