Archive member included to satisfy reference by file (symbol)

/usr/local/devkitPro/libctru/lib/libsfil.a(sfil_png.o)
                              main.o (sfil_load_PNG_file)
/usr/local/devkitPro/portlibs/armv6k/lib/libpng.a(png.o)
                              /usr/local/devkitPro/libctru/lib/libsfil.a(sfil_png.o) (png_set_sig_bytes)
/usr/local/devkitPro/portlibs/armv6k/lib/libpng.a(pngerror.o)
                              /usr/local/devkitPro/portlibs/armv6k/lib/libpng.a(png.o) (png_safecat)
/usr/local/devkitPro/portlibs/armv6k/lib/libpng.a(pngget.o)
                              /usr/local/devkitPro/libctru/lib/libsfil.a(sfil_png.o) (png_get_valid)
/usr/local/devkitPro/portlibs/armv6k/lib/libpng.a(pngmem.o)
                              /usr/local/devkitPro/portlibs/armv6k/lib/libpng.a(png.o) (png_calloc)
/usr/local/devkitPro/portlibs/armv6k/lib/libpng.a(pngread.o)
                              /usr/local/devkitPro/libctru/lib/libsfil.a(sfil_png.o) (png_create_read_struct)
/usr/local/devkitPro/portlibs/armv6k/lib/libpng.a(pngrio.o)
                              /usr/local/devkitPro/libctru/lib/libsfil.a(sfil_png.o) (png_set_read_fn)
/usr/local/devkitPro/portlibs/armv6k/lib/libpng.a(pngrtran.o)
                              /usr/local/devkitPro/portlibs/armv6k/lib/libpng.a(pngread.o) (png_set_background_fixed)
/usr/local/devkitPro/portlibs/armv6k/lib/libpng.a(pngrutil.o)
                              /usr/local/devkitPro/portlibs/armv6k/lib/libpng.a(pngread.o) (png_read_sig)
/usr/local/devkitPro/portlibs/armv6k/lib/libpng.a(pngset.o)
                              /usr/local/devkitPro/portlibs/armv6k/lib/libpng.a(pngrutil.o) (png_set_bKGD)
/usr/local/devkitPro/portlibs/armv6k/lib/libpng.a(pngtrans.o)
                              /usr/local/devkitPro/portlibs/armv6k/lib/libpng.a(pngread.o) (png_set_bgr)
/usr/local/devkitPro/portlibs/armv6k/lib/libpng.a(pngwrite.o)
                              /usr/local/devkitPro/portlibs/armv6k/lib/libpng.a(png.o) (png_destroy_write_struct)
/usr/local/devkitPro/portlibs/armv6k/lib/libpng.a(pngwtran.o)
                              /usr/local/devkitPro/portlibs/armv6k/lib/libpng.a(pngwrite.o) (png_do_write_transformations)
/usr/local/devkitPro/portlibs/armv6k/lib/libpng.a(pngwutil.o)
                              /usr/local/devkitPro/portlibs/armv6k/lib/libpng.a(png.o) (png_save_uint_32)
/usr/local/devkitPro/portlibs/armv6k/lib/libpng.a(pngwio.o)
                              /usr/local/devkitPro/portlibs/armv6k/lib/libpng.a(pngwutil.o) (png_write_data)
/usr/local/devkitPro/portlibs/armv6k/lib/libz.a(adler32.o)
                              /usr/local/devkitPro/portlibs/armv6k/lib/libpng.a(png.o) (adler32)
/usr/local/devkitPro/portlibs/armv6k/lib/libz.a(crc32.o)
                              /usr/local/devkitPro/portlibs/armv6k/lib/libpng.a(png.o) (crc32)
/usr/local/devkitPro/portlibs/armv6k/lib/libz.a(deflate.o)
                              /usr/local/devkitPro/portlibs/armv6k/lib/libpng.a(pngwutil.o) (deflateReset)
/usr/local/devkitPro/portlibs/armv6k/lib/libz.a(inflate.o)
                              /usr/local/devkitPro/portlibs/armv6k/lib/libpng.a(png.o) (inflateReset)
/usr/local/devkitPro/portlibs/armv6k/lib/libz.a(inftrees.o)
                              /usr/local/devkitPro/portlibs/armv6k/lib/libz.a(inflate.o) (inflate_table)
/usr/local/devkitPro/portlibs/armv6k/lib/libz.a(trees.o)
                              /usr/local/devkitPro/portlibs/armv6k/lib/libz.a(deflate.o) (_tr_init)
/usr/local/devkitPro/portlibs/armv6k/lib/libz.a(zutil.o)
                              /usr/local/devkitPro/portlibs/armv6k/lib/libz.a(deflate.o) (zcalloc)
/usr/local/devkitPro/portlibs/armv6k/lib/libz.a(inffast.o)
                              /usr/local/devkitPro/portlibs/armv6k/lib/libz.a(inflate.o) (inflate_fast)
/usr/local/devkitPro/libctru/lib/libsf2d.a(sf2d_texture.o)
                              /usr/local/devkitPro/libctru/lib/libsfil.a(sfil_png.o) (sf2d_create_texture)
/usr/local/devkitPro/libctru/lib/libsf2d.a(sf2d.o)
                              main.o (sf2d_fini)
/usr/local/devkitPro/libctru/lib/libsf2d.a(sf2d_draw.o)
                              main.o (sf2d_draw_rectangle)
/usr/local/devkitPro/libctru/lib/libsf2d.a(shader.shbin.o)
                              /usr/local/devkitPro/libctru/lib/libsf2d.a(sf2d.o) (shader_shbin_size)
/usr/local/devkitPro/libctru/lib/libcitro3d.a(uniforms.o)
                              /usr/local/devkitPro/libctru/lib/libsf2d.a(sf2d.o) (C3D_FVUnifDirty)
/usr/local/devkitPro/libctru/lib/libcitro3d.a(attribs.o)
                              /usr/local/devkitPro/libctru/lib/libsf2d.a(sf2d_texture.o) (AttrInfo_Init)
/usr/local/devkitPro/libctru/lib/libcitro3d.a(effect.o)
                              /usr/local/devkitPro/libctru/lib/libsf2d.a(sf2d.o) (C3D_CullFace)
/usr/local/devkitPro/libctru/lib/libcitro3d.a(drawArrays.o)
                              /usr/local/devkitPro/libctru/lib/libsf2d.a(sf2d_texture.o) (C3D_DrawArrays)
[...]
Memory Configuration

Name             Origin             Length             Attributes
*default*        0x0000000000000000 0xffffffffffffffff

Linker script and memory map

                0x0000000000100000                PROVIDE (__start__, 0x100000)
                0x0000000000100000                . = __start__

.text           0x0000000000100000    0x70ae4
 *(.crt0)
 .crt0          0x0000000000100000       0x94 /usr/local/devkitPro/devkitARM/bin/../lib/gcc/arm-none-eabi/6.3.0/../../../../arm-none-eabi/lib/armv6k/fpu/3dsx_crt0.o
                0x0000000000100000                _start
                0x0000000000100008                __service_ptr
                0x000000000010000c                __apt_appid
                0x0000000000100010                __heap_size
                0x0000000000100014                __linear_heap_size
                0x0000000000100018                __system_arglist
                0x000000000010001c                __system_runflags
 *(.init)
 .init          0x0000000000100094        0xc /usr/local/devkitPro/devkitARM/bin/../lib/gcc/arm-none-eabi/6.3.0/armv6k/fpu/crti.o
                0x0000000000100094                _init
 .init          0x00000000001000a0        0xc /usr/local/devkitPro/devkitARM/bin/../lib/gcc/arm-none-eabi/6.3.0/armv6k/fpu/crtn.o
                0x00000000001000ac                . = ALIGN (0x4)
 *(.text)
 .text          0x00000000001000ac       0x64 /usr/local/devkitPro/libctru/lib/libctru.a(stack_adjust.o)
                0x00000000001000ac                initSystem
                0x00000000001000f0                __ctru_exit
 .text          0x0000000000100110      0x20c /usr/local/devkitPro/devkitARM/bin/../lib/gcc/arm-none-eabi/6.3.0/armv6k/fpu/libgcc.a(_udivsi3.o)
                0x0000000000100110                __udivsi3
                0x0000000000100110                __aeabi_uidiv
                0x00000000001002fc                __aeabi_uidivmod
 .text          0x000000000010031c      0x240 /usr/local/devkitPro/devkitARM/bin/../lib/gcc/arm-none-eabi/6.3.0/armv6k/fpu/libgcc.a(_divsi3.o)
                0x000000000010031c                __aeabi_idiv
                0x000000000010031c                __divsi3
                0x000000000010053c                __aeabi_idivmod
 .text          0x000000000010055c        0x4 /usr/local/devkitPro/devkitARM/bin/../lib/gcc/arm-none-eabi/6.3.0/armv6k/fpu/libgcc.a(_dvmd_tls.o)
                0x000000000010055c                __aeabi_ldiv0
                0x000000000010055c                __aeabi_idiv0
 .text          0x0000000000100560      0x3b8 /usr/local/devkitPro/devkitARM/bin/../lib/gcc/arm-none-eabi/6.3.0/armv6k/fpu/libgcc.a(_arm_addsubdf3.o)
                0x0000000000100560                __aeabi_drsub
                0x0000000000100568                __aeabi_dsub
                0x0000000000100568                __subdf3
                0x000000000010056c                __adddf3
                0x000000000010056c                __aeabi_dadd
                0x0000000000100818                __aeabi_ui2d
                0x0000000000100818                __floatunsidf
                0x000000000010083c                __floatsidf
                0x000000000010083c                __aeabi_i2d
                0x0000000000100864                __extendsfdf2
                0x0000000000100864                __aeabi_f2d
                0x00000000001008a4                __aeabi_ul2d
                0x00000000001008a4                __floatundidf
                0x00000000001008b8                __floatdidf
                0x00000000001008b8                __aeabi_l2d
 .text          0x0000000000100918      0x250 /usr/local/devkitPro/devkitARM/bin/../lib/gcc/arm-none-eabi/6.3.0/armv6k/fpu/libgcc.a(_arm_addsubsf3.o)
                0x0000000000100918                __aeabi_frsub
                0x0000000000100920                __subsf3
                0x0000000000100920                __aeabi_fsub
                0x0000000000100924                __aeabi_fadd
                0x0000000000100924                __addsf3
                0x0000000000100ab4                __aeabi_ui2f
                0x0000000000100ab4                __floatunsisf
                0x0000000000100abc                __aeabi_i2f
                0x0000000000100abc                __floatsisf
                0x0000000000100adc                __floatundisf
                0x0000000000100adc                __aeabi_ul2f
                0x0000000000100aec                __floatdisf
                0x0000000000100aec                __aeabi_l2f
 .text          0x0000000000100b68       0xd4 /usr/local/devkitPro/devkitARM/bin/../lib/gcc/arm-none-eabi/6.3.0/armv6k/fpu/libgcc.a(_aeabi_ldivmod.o)
                0x0000000000100b68                __aeabi_ldivmod
 .text          0x0000000000100c3c       0x3c /usr/local/devkitPro/devkitARM/bin/../lib/gcc/arm-none-eabi/6.3.0/armv6k/fpu/libgcc.a(_aeabi_uldivmod.o)
                0x0000000000100c3c                __aeabi_uldivmod
 .text          0x0000000000100c78       0x2c /usr/local/devkitPro/devkitARM/bin/../lib/gcc/arm-none-eabi/6.3.0/../../../../arm-none-eabi/lib/armv6k/fpu/libg.a(lib_a-setjmp.o)
                0x0000000000100c78                setjmp
                0x0000000000100c8c                longjmp
 *fill*         0x0000000000100ca4       0x1c 
 .text          0x0000000000100cc0      0x390 /usr/local/devkitPro/devkitARM/bin/../lib/gcc/arm-none-eabi/6.3.0/../../../../arm-none-eabi/lib/armv6k/fpu/libg.a(lib_a-strcmp.o)
                0x0000000000100cc8                strcmp
 *(.text.*)
 .text.deregister_tm_clones
                0x0000000000101050       0x30 /usr/local/devkitPro/devkitARM/bin/../lib/gcc/arm-none-eabi/6.3.0/armv6k/fpu/crtbegin.o
 .text.register_tm_clones
                0x0000000000101080       0x38 /usr/local/devkitPro/devkitARM/bin/../lib/gcc/arm-none-eabi/6.3.0/armv6k/fpu/crtbegin.o
 .text.__do_global_dtors_aux
                0x00000000001010b8       0x44 /usr/local/devkitPro/devkitARM/bin/../lib/gcc/arm-none-eabi/6.3.0/armv6k/fpu/crtbegin.o
 .text.frame_dummy
                0x00000000001010fc       0x5c /usr/local/devkitPro/devkitARM/bin/../lib/gcc/arm-none-eabi/6.3.0/armv6k/fpu/crtbegin.o
 .text.L_PlzNoCrashOnDispose
                0x0000000000101158        0x8 main.o
                0x0000000000101158                L_PlzNoCrashOnDispose
 .text.L_ToBlack
                0x0000000000101160       0xb4 main.o
                0x0000000000101160                L_ToBlack
 .text.L_GetPossibleEnemies
                0x0000000000101214       0x38 main.o
                0x0000000000101214                L_GetPossibleEnemies
 *fill*         0x000000000010124c        0x4 
 .text.L_GetPossibleEnemyAnimation
                0x0000000000101250       0x68 main.o
                0x0000000000101250                L_GetPossibleEnemyAnimation
 .text.L_SetPartySize
                0x00000000001012b8       0x2c main.o
                0x00000000001012b8                L_SetPartySize
 .text.L_GetPartyMemberAnimation
                0x00000000001012e4       0x68 main.o
                0x00000000001012e4                L_GetPartyMemberAnimation
 .text.L_RestorePartyMember
                0x000000000010134c       0x40 main.o
                0x000000000010134c                L_RestorePartyMember
 .text.L_SetPlayerPosition
                0x000000000010138c       0x64 main.o
                0x000000000010138c                L_SetPlayerPosition
 .text.L_Level  0x00000000001013f0      0x11c main.o
                0x00000000001013f0                L_Level
 .text.L_DestroyTileset
                0x000000000010150c       0x30 main.o
                0x000000000010150c                L_DestroyTileset
 .text.L_SetMapImageData
                0x000000000010153c       0xd8 main.o
                0x000000000010153c                L_SetMapImageData
 .text.L_Wait   0x0000000000101614       0x18 main.o
                0x0000000000101614                L_Wait
 .text.L_GetSpell
                0x000000000010162c       0x5c main.o
                0x000000000010162c                L_GetSpell
 .text.L_SetEncounterRate
                0x0000000000101688       0x54 main.o
                0x0000000000101688                L_SetEncounterRate
 .text.L_GetPartySize
                0x00000000001016dc       0x24 main.o
                0x00000000001016dc                L_GetPartySize
 .text.L_GetLevel
                0x0000000000101700       0x48 main.o
                0x0000000000101700                L_GetLevel
 .text.L_SetInt
                0x0000000000101748       0x34 main.o
                0x0000000000101748                L_SetInt
 .text.L_SetTileset
                0x000000000010177c       0x48 main.o
                0x000000000010177c                L_SetTileset
 .text.L_GetSpellAnimation
                0x00000000001017c4       0x24 main.o
                0x00000000001017c4                L_GetSpellAnimation
 .text.L_SetPartyMember
                0x00000000001017e8       0x40 main.o
                0x00000000001017e8                L_SetPartyMember
 .text.L_Free   0x0000000000101828       0x18 main.o
                0x0000000000101828                L_Free
 .text.L_FreeAnimationImage
                0x0000000000101840       0x30 main.o
                0x0000000000101840                L_FreeAnimationImage
 .text.L_UnloadTexture
                0x0000000000101870       0x18 main.o
                0x0000000000101870                L_UnloadTexture
 .text.L_AddSpellToStats
                0x0000000000101888       0x6c main.o
                0x0000000000101888                L_AddSpellToStats
 .text.L_MallocString
                0x00000000001018f4       0x48 main.o
                0x00000000001018f4                L_MallocString
 .text.L_LoadPNG
                0x000000000010193c       0x30 main.o
                0x000000000010193c                L_LoadPNG
 .text.L_SetMapOtherData
                0x000000000010196c       0xb4 main.o
                0x000000000010196c                L_SetMapOtherData
 .text.L_GetMap
                0x0000000000101a20      0x12c main.o
                0x0000000000101a20                L_GetMap
 .text.L_SetSpell
                0x0000000000101b4c       0xc4 main.o
                0x0000000000101b4c                L_SetSpell
 .text.L_SetStats
                0x0000000000101c10      0x190 main.o
                0x0000000000101c10                L_SetStats
 .text.L_SetStatsSpells
                0x0000000000101da0       0x58 main.o
                0x0000000000101da0                L_SetStatsSpells
 .text.L_GetPartyMemberStats
                0x0000000000101df8       0x70 main.o
                0x0000000000101df8                L_GetPartyMemberStats
 .text.GetBattlerById.part.5
                0x0000000000101e68       0x28 main.o
 .text.SetupHardcodedLanguage
                0x0000000000101e90      0x2d0 main.o
                0x0000000000101e90                SetupHardcodedLanguage
 .text.FpsCapWait
                0x0000000000102160       0x30 main.o
                0x0000000000102160                FpsCapWait
 .text.DrawMap  0x0000000000102190      0x258 main.o
                0x0000000000102190                DrawMap
 .text.StartFrameStuff
                0x00000000001023e8       0x3c main.o
                0x00000000001023e8                StartFrameStuff
 .text.UpdateAnimationIfNeed
                0x0000000000102424       0xac main.o
                0x0000000000102424                UpdateAnimationIfNeed
 .text.DrawAnimationAsObject
                0x00000000001024d0      0x14c main.o
                0x00000000001024d0                DrawAnimationAsObject
 .text.DrawAnimationAsISay
                0x000000000010261c       0x74 main.o
                0x000000000010261c                DrawAnimationAsISay
 .text.DrawMapObjects
                0x0000000000102690       0x4c main.o
                0x0000000000102690                DrawMapObjects
 .text.UpdateCameraValues
                0x00000000001026dc      0x130 main.o
                0x00000000001026dc                UpdateCameraValues
 .text.DrawUnusedAreaRect
                0x000000000010280c       0x7c main.o
                0x000000000010280c                DrawUnusedAreaRect
 .text.L_RedrawMap
                0x0000000000102888       0x3c main.o
                0x0000000000102888                L_RedrawMap
 .text.checkCollision
                0x00000000001028c4       0x48 main.o
                0x00000000001028c4                checkCollision
 .text.ExecuteEvent
                0x000000000010290c       0xa0 main.o
                0x000000000010290c                ExecuteEvent
 .text.IsThisTilde
                0x00000000001029ac       0x5c main.o
                0x00000000001029ac                IsThisTilde
 .text.DrawLetterUnscaled
                0x0000000000102a08       0x50 main.o
                0x0000000000102a08                DrawLetterUnscaled
 .text.DrawTildeLetterUnscaled
                0x0000000000102a58      0x158 main.o
                0x0000000000102a58                DrawTildeLetterUnscaled
 .text.DrawTextAsISay
                0x0000000000102bb0       0x90 main.o
                0x0000000000102bb0                DrawTextAsISay
 .text.BasicMessage
                0x0000000000102c40      0x330 main.o
                0x0000000000102c40                BasicMessage
 .text.L_SetAnimation
                0x0000000000102f70      0x15c main.o
                0x0000000000102f70                L_SetAnimation
 .text.L_DebugMsg
                0x00000000001030cc       0x1c main.o
                0x00000000001030cc                L_DebugMsg
 .text.L_Malloc
                0x00000000001030e8      0x10c main.o
                0x00000000001030e8                L_Malloc
 *fill*         0x00000000001031f4        0x4 
 .text.ShowMessageWithPortrait
                0x00000000001031f8      0x70c main.o
                0x00000000001031f8                ShowMessageWithPortrait
 .text.L_ShowMessageWithPortrait
                0x0000000000103904       0x94 main.o
                0x0000000000103904                L_ShowMessageWithPortrait
 .text.L_ShowMessage
                0x0000000000103998       0x68 main.o
                0x0000000000103998                L_ShowMessage
 .text.L_EndGame
                0x0000000000103a00       0x80 main.o
                0x0000000000103a00                L_EndGame
 .text.LoadMap  0x0000000000103a80      0x354 main.o
                0x0000000000103a80                LoadMap
 .text.UnloadMap
                0x0000000000103dd4      0x168 main.o
                0x0000000000103dd4                UnloadMap
 .text.L_ChangeMap
                0x0000000000103f3c       0x38 main.o
                0x0000000000103f3c                L_ChangeMap
 .text.CalculateDamage
                0x0000000000103f74       0x54 main.o
                0x0000000000103f74                CalculateDamage
 .text.Damage   0x0000000000103fc8       0x78 main.o
                0x0000000000103fc8                Damage
 .text.InitWildBattle
                0x0000000000104040      0x150 main.o
                0x0000000000104040                InitWildBattle
 .text.BattleInit
                0x0000000000104190      0x120 main.o
                0x0000000000104190                BattleInit
 .text.AddToSpellList
                0x00000000001042b0       0x78 main.o
                0x00000000001042b0                AddToSpellList
 .text.L_AddSpell
                0x0000000000104328       0x2c main.o
                0x0000000000104328                L_AddSpell
 *fill*         0x0000000000104354        0x4 
 .text.CenterText
                0x0000000000104358       0x50 main.o
                0x0000000000104358                CenterText
 .text.CenterTextCustomWidth
                0x00000000001043a8       0x58 main.o
                0x00000000001043a8                CenterTextCustomWidth
 .text.SelectSpell
                0x0000000000104400      0x2d8 main.o
                0x0000000000104400                SelectSpell
 .text.DisposeAllLoadedSpellImages
                0x00000000001046d8       0x74 main.o
                0x00000000001046d8                DisposeAllLoadedSpellImages
 .text.LoadSpellImageIfNeeded
                0x000000000010474c       0x4c main.o
                0x000000000010474c                LoadSpellImageIfNeeded
 .text.ClearBottomScreen
                0x0000000000104798       0x1c main.o
                0x0000000000104798                ClearBottomScreen
 .text.LevelUp  0x00000000001047b4       0x90 main.o
                0x00000000001047b4                LevelUp
 .text.LevelDown
                0x0000000000104844       0x78 main.o
                0x0000000000104844                LevelDown
 .text.Save     0x00000000001048bc      0x2d8 main.o
                0x00000000001048bc                Save
 .text.Load     0x0000000000104b94      0x4a4 main.o
                0x0000000000104b94                Load
 .text.StatusLoop
                0x0000000000105038      0x458 main.o
                0x0000000000105038                StatusLoop
 .text.MenuLop  0x0000000000105490      0x5b4 main.o
                0x0000000000105490                MenuLop
 .text.Overworld
                0x0000000000105a44      0x524 main.o
                0x0000000000105a44                Overworld
 .text.BattleLop
                0x0000000000105f68     0x2524 main.o
                0x0000000000105f68                BattleLop
 .text.L_StartWildBattle
                0x000000000010848c       0x2c main.o
                0x000000000010848c                L_StartWildBattle
 .text.L_StartSpecificBattle
                0x00000000001084b8      0x118 main.o
                0x00000000001084b8                L_StartSpecificBattle
 .text.TitleLoop
                0x00000000001085d0      0x398 main.o
                0x00000000001085d0                TitleLoop
 .text.PushCFunctions
                0x0000000000108968      0x61c main.o
                0x0000000000108968                PushCFunctions
 *fill*         0x0000000000108f84        0x4 
 .text.Init     0x0000000000108f88      0x39c main.o
                0x0000000000108f88                Init
 .text.startup.main
                0x0000000000109324       0xac main.o
                0x0000000000109324                main
 .text._sfil_read_png_file_fn
                0x00000000001093d0       0x28 /usr/local/devkitPro/libctru/lib/libsfil.a(sfil_png.o)
 .text._sfil_load_PNG_generic
                0x00000000001093f8      0x2f4 /usr/local/devkitPro/libctru/lib/libsfil.a(sfil_png.o)
 .text.sfil_load_PNG_file
                0x00000000001096ec       0xa0 /usr/local/devkitPro/libctru/lib/libsfil.a(sfil_png.o)
                0x00000000001096ec                sfil_load_PNG_file
 .text.png_zalloc
                0x000000000010978c       0x50 /usr/local/devkitPro/portlibs/armv6k/lib/libpng.a(png.o)
                0x000000000010978c                png_zalloc
 .text.png_zfree
                0x00000000001097dc        0x4 /usr/local/devkitPro/portlibs/armv6k/lib/libpng.a(png.o)
                0x00000000001097dc                png_zfree
 .text.png_build_16bit_table
                0x00000000001097e0      0x1d0 /usr/local/devkitPro/portlibs/armv6k/lib/libpng.a(png.o)
 .text.png_colorspace_endpoints_match
                0x00000000001099b0      0x114 /usr/local/devkitPro/portlibs/armv6k/lib/libpng.a(png.o)
 .text.png_free_data.part.3
                0x0000000000109ac4      0x498 /usr/local/devkitPro/portlibs/armv6k/lib/libpng.a(png.o)
 *fill*         0x0000000000109f5c        0x4 
 .text.png_muldiv.part.9
                0x0000000000109f60       0x88 /usr/local/devkitPro/portlibs/armv6k/lib/libpng.a(png.o)
 .text.png_gamma_8bit_correct.part.15
                0x0000000000109fe8       0x70 /usr/local/devkitPro/portlibs/armv6k/lib/libpng.a(png.o)
 .text.png_icc_profile_error
                0x000000000010a058      0x200 /usr/local/devkitPro/portlibs/armv6k/lib/libpng.a(png.o)
 .text.png_set_sig_bytes
                0x000000000010a258       0x3c /usr/local/devkitPro/portlibs/armv6k/lib/libpng.a(png.o)
                0x000000000010a258                png_set_sig_bytes
 .text.png_sig_cmp
                0x000000000010a294       0x70 /usr/local/devkitPro/portlibs/armv6k/lib/libpng.a(png.o)
                0x000000000010a294                png_sig_cmp
 .text.png_reset_crc
                0x000000000010a304       0x20 /usr/local/devkitPro/portlibs/armv6k/lib/libpng.a(png.o)
                0x000000000010a304                png_reset_crc
 .text.png_calculate_crc
                0x000000000010a324       0x54 /usr/local/devkitPro/portlibs/armv6k/lib/libpng.a(png.o)
                0x000000000010a324                png_calculate_crc
 .text.png_user_version_check
                0x000000000010a378      0x110 /usr/local/devkitPro/portlibs/armv6k/lib/libpng.a(png.o)
                0x000000000010a378                png_user_version_check
 .text.png_create_png_struct
                0x000000000010a488      0x114 /usr/local/devkitPro/portlibs/armv6k/lib/libpng.a(png.o)
                0x000000000010a488                png_create_png_struct
 .text.png_create_info_struct
                0x000000000010a59c       0x40 /usr/local/devkitPro/portlibs/armv6k/lib/libpng.a(png.o)
                0x000000000010a59c                png_create_info_struct
 .text.png_destroy_info_struct
                0x000000000010a5dc      0x3a0 /usr/local/devkitPro/portlibs/armv6k/lib/libpng.a(png.o)
                0x000000000010a5dc                png_destroy_info_struct
 .text.png_free_data
                0x000000000010a97c       0x10 /usr/local/devkitPro/portlibs/armv6k/lib/libpng.a(png.o)
                0x000000000010a97c                png_free_data
 .text.png_get_io_ptr
                0x000000000010a98c        0xc /usr/local/devkitPro/portlibs/armv6k/lib/libpng.a(png.o)
                0x000000000010a98c                png_get_io_ptr
 .text.png_chunk_unknown_handling
                0x000000000010a998       0x94 /usr/local/devkitPro/portlibs/armv6k/lib/libpng.a(png.o)
                0x000000000010a998                png_chunk_unknown_handling
 .text.png_zstream_error
                0x000000000010aa2c       0xe4 /usr/local/devkitPro/portlibs/armv6k/lib/libpng.a(png.o)
                0x000000000010aa2c                png_zstream_error
 .text.png_colorspace_set_gamma
                0x000000000010ab10      0x158 /usr/local/devkitPro/portlibs/armv6k/lib/libpng.a(png.o)
                0x000000000010ab10                png_colorspace_set_gamma
 .text.png_colorspace_sync
                0x000000000010ac68       0x84 /usr/local/devkitPro/portlibs/armv6k/lib/libpng.a(png.o)
                0x000000000010ac68                png_colorspace_sync
 *fill*         0x000000000010acec        0x4 
 .text.png_colorspace_set_sRGB
                0x000000000010acf0      0x204 /usr/local/devkitPro/portlibs/armv6k/lib/libpng.a(png.o)
                0x000000000010acf0                png_colorspace_set_sRGB
 .text.png_icc_check_length
                0x000000000010aef4      0x198 /usr/local/devkitPro/portlibs/armv6k/lib/libpng.a(png.o)
                0x000000000010aef4                png_icc_check_length
 .text.png_icc_check_header
                0x000000000010b08c      0x37c /usr/local/devkitPro/portlibs/armv6k/lib/libpng.a(png.o)
                0x000000000010b08c                png_icc_check_header
 .text.png_icc_check_tag_table
                0x000000000010b408      0x138 /usr/local/devkitPro/portlibs/armv6k/lib/libpng.a(png.o)
                0x000000000010b408                png_icc_check_tag_table
 .text.png_icc_set_sRGB
                0x000000000010b540      0x250 /usr/local/devkitPro/portlibs/armv6k/lib/libpng.a(png.o)
                0x000000000010b540                png_icc_set_sRGB
 .text.png_colorspace_set_rgb_coefficients
                0x000000000010b790      0x284 /usr/local/devkitPro/portlibs/armv6k/lib/libpng.a(png.o)
                0x000000000010b790                png_colorspace_set_rgb_coefficients
 .text.png_check_IHDR
                0x000000000010ba14      0x2ac /usr/local/devkitPro/portlibs/armv6k/lib/libpng.a(png.o)
                0x000000000010ba14                png_check_IHDR
 .text.png_check_fp_number
                0x000000000010bcc0      0x2a8 /usr/local/devkitPro/portlibs/armv6k/lib/libpng.a(png.o)
                0x000000000010bcc0                png_check_fp_number
 .text.png_check_fp_string
                0x000000000010bf68      0x2d4 /usr/local/devkitPro/portlibs/armv6k/lib/libpng.a(png.o)
                0x000000000010bf68                png_check_fp_string
 *fill*         0x000000000010c23c        0x4 
 .text.png_muldiv
                0x000000000010c240       0xc8 /usr/local/devkitPro/portlibs/armv6k/lib/libpng.a(png.o)
                0x000000000010c240                png_muldiv
 .text.png_reciprocal
                0x000000000010c308       0x78 /usr/local/devkitPro/portlibs/armv6k/lib/libpng.a(png.o)
                0x000000000010c308                png_reciprocal
 .text.png_colorspace_set_chromaticities
                0x000000000010c380      0xb6c /usr/local/devkitPro/portlibs/armv6k/lib/libpng.a(png.o)
                0x000000000010c380                png_colorspace_set_chromaticities
 .text.png_gamma_significant
                0x000000000010ceec       0x20 /usr/local/devkitPro/portlibs/armv6k/lib/libpng.a(png.o)
                0x000000000010ceec                png_gamma_significant
 *fill*         0x000000000010cf0c        0x4 
 .text.png_reciprocal2
                0x000000000010cf10       0xa0 /usr/local/devkitPro/portlibs/armv6k/lib/libpng.a(png.o)
                0x000000000010cf10                png_reciprocal2
 .text.png_gamma_8bit_correct
                0x000000000010cfb0       0x90 /usr/local/devkitPro/portlibs/armv6k/lib/libpng.a(png.o)
                0x000000000010cfb0                png_gamma_8bit_correct
 .text.png_gamma_correct
                0x000000000010d040      0x104 /usr/local/devkitPro/portlibs/armv6k/lib/libpng.a(png.o)
                0x000000000010d040                png_gamma_correct
 .text.png_destroy_gamma_table
                0x000000000010d144      0x134 /usr/local/devkitPro/portlibs/armv6k/lib/libpng.a(png.o)
                0x000000000010d144                png_destroy_gamma_table
 .text.png_build_gamma_table
                0x000000000010d278      0x880 /usr/local/devkitPro/portlibs/armv6k/lib/libpng.a(png.o)
                0x000000000010d278                png_build_gamma_table
 .text.png_format_buffer.isra.0
                0x000000000010daf8      0x1f0 /usr/local/devkitPro/portlibs/armv6k/lib/libpng.a(pngerror.o)
 .text.png_safecat
                0x000000000010dce8       0x78 /usr/local/devkitPro/portlibs/armv6k/lib/libpng.a(pngerror.o)
                0x000000000010dce8                png_safecat
 .text.png_format_number
                0x000000000010dd60      0x170 /usr/local/devkitPro/portlibs/armv6k/lib/libpng.a(pngerror.o)
                0x000000000010dd60                png_format_number
 .text.png_warning
                0x000000000010ded0      0x14c /usr/local/devkitPro/portlibs/armv6k/lib/libpng.a(pngerror.o)
                0x000000000010ded0                png_warning
 .text.png_chunk_warning
                0x000000000010e01c      0x1ac /usr/local/devkitPro/portlibs/armv6k/lib/libpng.a(pngerror.o)
                0x000000000010e01c                png_chunk_warning
 .text.png_free_jmpbuf
                0x000000000010e1c8       0x94 /usr/local/devkitPro/portlibs/armv6k/lib/libpng.a(pngerror.o)
                0x000000000010e1c8                png_free_jmpbuf
 .text.png_longjmp
                0x000000000010e25c       0x2c /usr/local/devkitPro/portlibs/armv6k/lib/libpng.a(pngerror.o)
                0x000000000010e25c                png_longjmp
 .text.png_error
                0x000000000010e288       0x60 /usr/local/devkitPro/portlibs/armv6k/lib/libpng.a(pngerror.o)
                0x000000000010e288                png_error
 .text.png_app_warning
                0x000000000010e2e8      0x15c /usr/local/devkitPro/portlibs/armv6k/lib/libpng.a(pngerror.o)
                0x000000000010e2e8                png_app_warning
 .text.png_app_error
                0x000000000010e444      0x15c /usr/local/devkitPro/portlibs/armv6k/lib/libpng.a(pngerror.o)
                0x000000000010e444                png_app_error
 .text.png_chunk_error
                0x000000000010e5a0       0x2c /usr/local/devkitPro/portlibs/armv6k/lib/libpng.a(pngerror.o)
                0x000000000010e5a0                png_chunk_error
 .text.png_chunk_benign_error
                0x000000000010e5cc      0x1a4 /usr/local/devkitPro/portlibs/armv6k/lib/libpng.a(pngerror.o)
                0x000000000010e5cc                png_chunk_benign_error
 .text.png_benign_error
                0x000000000010e770      0x2d4 /usr/local/devkitPro/portlibs/armv6k/lib/libpng.a(pngerror.o)
                0x000000000010e770                png_benign_error
 .text.png_set_longjmp_fn
                0x000000000010ea44       0xf0 /usr/local/devkitPro/portlibs/armv6k/lib/libpng.a(pngerror.o)
                0x000000000010ea44                png_set_longjmp_fn
 .text.png_chunk_report
                0x000000000010eb34      0x2dc /usr/local/devkitPro/portlibs/armv6k/lib/libpng.a(pngerror.o)
                0x000000000010eb34                png_chunk_report
 .text.png_set_error_fn
                0x000000000010ee10       0x14 /usr/local/devkitPro/portlibs/armv6k/lib/libpng.a(pngerror.o)
                0x000000000010ee10                png_set_error_fn
 .text.png_get_valid
                0x000000000010ee24       0x1c /usr/local/devkitPro/portlibs/armv6k/lib/libpng.a(pngget.o)
                0x000000000010ee24                png_get_valid
 .text.png_get_IHDR
                0x000000000010ee40       0xa0 /usr/local/devkitPro/portlibs/armv6k/lib/libpng.a(pngget.o)
                0x000000000010ee40                png_get_IHDR
 .text.png_destroy_png_struct
                0x000000000010eee0       0x64 /usr/local/devkitPro/portlibs/armv6k/lib/libpng.a(pngmem.o)
                0x000000000010eee0                png_destroy_png_struct
 .text.png_calloc
                0x000000000010ef44       0x78 /usr/local/devkitPro/portlibs/armv6k/lib/libpng.a(pngmem.o)
                0x000000000010ef44                png_calloc
 .text.png_malloc_base
                0x000000000010efbc       0x30 /usr/local/devkitPro/portlibs/armv6k/lib/libpng.a(pngmem.o)
                0x000000000010efbc                png_malloc_base
 .text.png_malloc_array
                0x000000000010efec       0x8c /usr/local/devkitPro/portlibs/armv6k/lib/libpng.a(pngmem.o)
                0x000000000010efec                png_malloc_array
 .text.png_realloc_array
                0x000000000010f078      0x104 /usr/local/devkitPro/portlibs/armv6k/lib/libpng.a(pngmem.o)
                0x000000000010f078                png_realloc_array
 .text.png_malloc
                0x000000000010f17c       0x5c /usr/local/devkitPro/portlibs/armv6k/lib/libpng.a(pngmem.o)
                0x000000000010f17c                png_malloc
 .text.png_malloc_warn
                0x000000000010f1d8       0x64 /usr/local/devkitPro/portlibs/armv6k/lib/libpng.a(pngmem.o)
                0x000000000010f1d8                png_malloc_warn
 .text.png_free
                0x000000000010f23c       0x24 /usr/local/devkitPro/portlibs/armv6k/lib/libpng.a(pngmem.o)
                0x000000000010f23c                png_free
 .text.png_set_mem_fn
                0x000000000010f260       0x14 /usr/local/devkitPro/portlibs/armv6k/lib/libpng.a(pngmem.o)
                0x000000000010f260                png_set_mem_fn
 .text.png_do_read_intrapixel
                0x000000000010f274      0x110 /usr/local/devkitPro/portlibs/armv6k/lib/libpng.a(pngread.o)
 .text.png_read_info.part.3
                0x000000000010f384      0x408 /usr/local/devkitPro/portlibs/armv6k/lib/libpng.a(pngread.o)
 .text.png_create_read_struct
                0x000000000010f78c       0x58 /usr/local/devkitPro/portlibs/armv6k/lib/libpng.a(pngread.o)
                0x000000000010f78c                png_create_read_struct
 .text.png_read_info
                0x000000000010f7e4       0x10 /usr/local/devkitPro/portlibs/armv6k/lib/libpng.a(pngread.o)
                0x000000000010f7e4                png_read_info
 .text.png_read_update_info
                0x000000000010f7f4       0x40 /usr/local/devkitPro/portlibs/armv6k/lib/libpng.a(pngread.o)
                0x000000000010f7f4                png_read_update_info
 .text.png_read_image
                0x000000000010f834      0x3bc /usr/local/devkitPro/portlibs/armv6k/lib/libpng.a(pngread.o)
                0x000000000010f834                png_read_image
 .text.png_destroy_read_struct
                0x000000000010fbf0      0x134 /usr/local/devkitPro/portlibs/armv6k/lib/libpng.a(pngread.o)
                0x000000000010fbf0                png_destroy_read_struct
 .text.png_default_read_data
                0x000000000010fd24       0x38 /usr/local/devkitPro/portlibs/armv6k/lib/libpng.a(pngrio.o)
                0x000000000010fd24                png_default_read_data
 .text.png_read_data
                0x000000000010fd5c       0x20 /usr/local/devkitPro/portlibs/armv6k/lib/libpng.a(pngrio.o)
                0x000000000010fd5c                png_read_data
 .text.png_set_read_fn
                0x000000000010fd7c       0x50 /usr/local/devkitPro/portlibs/armv6k/lib/libpng.a(pngrio.o)
                0x000000000010fd7c                png_set_read_fn
 .text.png_do_gray_to_rgb
                0x000000000010fdcc      0x218 /usr/local/devkitPro/portlibs/armv6k/lib/libpng.a(pngrtran.o)
 .text.png_do_compose
                0x000000000010ffe4     0x1170 /usr/local/devkitPro/portlibs/armv6k/lib/libpng.a(pngrtran.o)
 .text.png_set_scale_16
                0x0000000000111154       0x38 /usr/local/devkitPro/portlibs/armv6k/lib/libpng.a(pngrtran.o)
                0x0000000000111154                png_set_scale_16
 .text.png_set_expand
                0x000000000011118c       0x3c /usr/local/devkitPro/portlibs/armv6k/lib/libpng.a(pngrtran.o)
                0x000000000011118c                png_set_expand
 .text.png_set_palette_to_rgb
                0x00000000001111c8       0x3c /usr/local/devkitPro/portlibs/armv6k/lib/libpng.a(pngrtran.o)
                0x00000000001111c8                png_set_palette_to_rgb
 .text.png_set_expand_gray_1_2_4_to_8
                0x0000000000111204       0x38 /usr/local/devkitPro/portlibs/armv6k/lib/libpng.a(pngrtran.o)
                0x0000000000111204                png_set_expand_gray_1_2_4_to_8
 .text.png_set_tRNS_to_alpha
                0x000000000011123c       0x3c /usr/local/devkitPro/portlibs/armv6k/lib/libpng.a(pngrtran.o)
                0x000000000011123c                png_set_tRNS_to_alpha
 .text.png_set_gray_to_rgb
                0x0000000000111278       0x38 /usr/local/devkitPro/portlibs/armv6k/lib/libpng.a(pngrtran.o)
                0x0000000000111278                png_set_gray_to_rgb
 .text.png_init_read_transformations
                0x00000000001112b0      0xcc4 /usr/local/devkitPro/portlibs/armv6k/lib/libpng.a(pngrtran.o)
                0x00000000001112b0                png_init_read_transformations
 .text.png_read_transform_info
                0x0000000000111f74      0x2c4 /usr/local/devkitPro/portlibs/armv6k/lib/libpng.a(pngrtran.o)
                0x0000000000111f74                png_read_transform_info
 .text.png_do_read_transformations
                0x0000000000112238     0x23f0 /usr/local/devkitPro/portlibs/armv6k/lib/libpng.a(pngrtran.o)
                0x0000000000112238                png_do_read_transformations
 .text.png_read_filter_row_sub
                0x0000000000114628      0x1d0 /usr/local/devkitPro/portlibs/armv6k/lib/libpng.a(pngrutil.o)
 .text.png_read_filter_row_up
                0x00000000001147f8      0x1ac /usr/local/devkitPro/portlibs/armv6k/lib/libpng.a(pngrutil.o)
 .text.png_read_filter_row_avg
                0x00000000001149a4       0x80 /usr/local/devkitPro/portlibs/armv6k/lib/libpng.a(pngrutil.o)
 .text.png_read_filter_row_paeth_1byte_pixel
                0x0000000000114a24       0x8c /usr/local/devkitPro/portlibs/armv6k/lib/libpng.a(pngrutil.o)
 .text.png_read_filter_row_paeth_multibyte_pixel
                0x0000000000114ab0      0x26c /usr/local/devkitPro/portlibs/armv6k/lib/libpng.a(pngrutil.o)
 .text.png_inflate_claim
                0x0000000000114d1c      0x100 /usr/local/devkitPro/portlibs/armv6k/lib/libpng.a(pngrutil.o)
 .text.png_inflate.constprop.7
                0x0000000000114e1c      0x170 /usr/local/devkitPro/portlibs/armv6k/lib/libpng.a(pngrutil.o)
 .text.png_inflate_read.part.2.constprop.5
                0x0000000000114f8c      0x1b4 /usr/local/devkitPro/portlibs/armv6k/lib/libpng.a(pngrutil.o)
 .text.png_crc_finish.constprop.9
                0x0000000000115140       0xdc /usr/local/devkitPro/portlibs/armv6k/lib/libpng.a(pngrutil.o)
 .text.png_decompress_chunk.constprop.6
                0x000000000011521c      0x2b8 /usr/local/devkitPro/portlibs/armv6k/lib/libpng.a(pngrutil.o)
 .text.png_read_sig
                0x00000000001154d4       0xac /usr/local/devkitPro/portlibs/armv6k/lib/libpng.a(pngrutil.o)
                0x00000000001154d4                png_read_sig
 .text.png_read_chunk_header
                0x0000000000115580      0x158 /usr/local/devkitPro/portlibs/armv6k/lib/libpng.a(pngrutil.o)
                0x0000000000115580                png_read_chunk_header
 .text.png_crc_finish
                0x00000000001156d8      0x15c /usr/local/devkitPro/portlibs/armv6k/lib/libpng.a(pngrutil.o)
                0x00000000001156d8                png_crc_finish
 .text.png_handle_IHDR
                0x0000000000115834      0x178 /usr/local/devkitPro/portlibs/armv6k/lib/libpng.a(pngrutil.o)
                0x0000000000115834                png_handle_IHDR
 .text.png_handle_PLTE
                0x00000000001159ac      0x250 /usr/local/devkitPro/portlibs/armv6k/lib/libpng.a(pngrutil.o)
                0x00000000001159ac                png_handle_PLTE
 .text.png_handle_IEND
                0x0000000000115bfc       0x54 /usr/local/devkitPro/portlibs/armv6k/lib/libpng.a(pngrutil.o)
                0x0000000000115bfc                png_handle_IEND
 .text.png_handle_gAMA
                0x0000000000115c50       0xe4 /usr/local/devkitPro/portlibs/armv6k/lib/libpng.a(pngrutil.o)
                0x0000000000115c50                png_handle_gAMA
 .text.png_handle_sBIT
                0x0000000000115d34      0x214 /usr/local/devkitPro/portlibs/armv6k/lib/libpng.a(pngrutil.o)
                0x0000000000115d34                png_handle_sBIT
 .text.png_handle_cHRM
                0x0000000000115f48      0x300 /usr/local/devkitPro/portlibs/armv6k/lib/libpng.a(pngrutil.o)
                0x0000000000115f48                png_handle_cHRM
 .text.png_handle_sRGB
                0x0000000000116248      0x108 /usr/local/devkitPro/portlibs/armv6k/lib/libpng.a(pngrutil.o)
                0x0000000000116248                png_handle_sRGB
 .text.png_handle_iCCP
                0x0000000000116350      0x5dc /usr/local/devkitPro/portlibs/armv6k/lib/libpng.a(pngrutil.o)
                0x0000000000116350                png_handle_iCCP
 .text.png_handle_sPLT
                0x000000000011692c      0x330 /usr/local/devkitPro/portlibs/armv6k/lib/libpng.a(pngrutil.o)
                0x000000000011692c                png_handle_sPLT
 .text.png_handle_tRNS
                0x0000000000116c5c      0x23c /usr/local/devkitPro/portlibs/armv6k/lib/libpng.a(pngrutil.o)
                0x0000000000116c5c                png_handle_tRNS
 .text.png_handle_bKGD
                0x0000000000116e98      0x224 /usr/local/devkitPro/portlibs/armv6k/lib/libpng.a(pngrutil.o)
                0x0000000000116e98                png_handle_bKGD
 .text.png_handle_hIST
                0x00000000001170bc      0x13c /usr/local/devkitPro/portlibs/armv6k/lib/libpng.a(pngrutil.o)
                0x00000000001170bc                png_handle_hIST
 .text.png_handle_pHYs
                0x00000000001171f8      0x13c /usr/local/devkitPro/portlibs/armv6k/lib/libpng.a(pngrutil.o)
                0x00000000001171f8                png_handle_pHYs
 .text.png_handle_oFFs
                0x0000000000117334      0x15c /usr/local/devkitPro/portlibs/armv6k/lib/libpng.a(pngrutil.o)
                0x0000000000117334                png_handle_oFFs
 .text.png_handle_pCAL
                0x0000000000117490      0x378 /usr/local/devkitPro/portlibs/armv6k/lib/libpng.a(pngrutil.o)
                0x0000000000117490                png_handle_pCAL
 .text.png_handle_sCAL
                0x0000000000117808      0x284 /usr/local/devkitPro/portlibs/armv6k/lib/libpng.a(pngrutil.o)
                0x0000000000117808                png_handle_sCAL
 .text.png_handle_tIME
                0x0000000000117a8c      0x114 /usr/local/devkitPro/portlibs/armv6k/lib/libpng.a(pngrutil.o)
                0x0000000000117a8c                png_handle_tIME
 .text.png_handle_tEXt
                0x0000000000117ba0      0x1c4 /usr/local/devkitPro/portlibs/armv6k/lib/libpng.a(pngrutil.o)
                0x0000000000117ba0                png_handle_tEXt
 .text.png_handle_zTXt
                0x0000000000117d64      0x24c /usr/local/devkitPro/portlibs/armv6k/lib/libpng.a(pngrutil.o)
                0x0000000000117d64                png_handle_zTXt
 .text.png_handle_iTXt
                0x0000000000117fb0      0x348 /usr/local/devkitPro/portlibs/armv6k/lib/libpng.a(pngrutil.o)
                0x0000000000117fb0                png_handle_iTXt
 .text.png_handle_unknown
                0x00000000001182f8      0x36c /usr/local/devkitPro/portlibs/armv6k/lib/libpng.a(pngrutil.o)
                0x00000000001182f8                png_handle_unknown
 .text.png_combine_row
                0x0000000000118664      0x4dc /usr/local/devkitPro/portlibs/armv6k/lib/libpng.a(pngrutil.o)
                0x0000000000118664                png_combine_row
 .text.png_do_read_interlace
                0x0000000000118b40      0x484 /usr/local/devkitPro/portlibs/armv6k/lib/libpng.a(pngrutil.o)
                0x0000000000118b40                png_do_read_interlace
 .text.png_read_filter_row
                0x0000000000118fc4       0x90 /usr/local/devkitPro/portlibs/armv6k/lib/libpng.a(pngrutil.o)
                0x0000000000118fc4                png_read_filter_row
 .text.png_read_IDAT_data
                0x0000000000119054      0x454 /usr/local/devkitPro/portlibs/armv6k/lib/libpng.a(pngrutil.o)
                0x0000000000119054                png_read_IDAT_data
 .text.png_read_finish_row
                0x00000000001194a8      0x368 /usr/local/devkitPro/portlibs/armv6k/lib/libpng.a(pngrutil.o)
                0x00000000001194a8                png_read_finish_row
 .text.png_read_start_row
                0x0000000000119810      0x340 /usr/local/devkitPro/portlibs/armv6k/lib/libpng.a(pngrutil.o)
                0x0000000000119810                png_read_start_row
 .text.png_set_bKGD
                0x0000000000119b50       0x50 /usr/local/devkitPro/portlibs/armv6k/lib/libpng.a(pngset.o)
                0x0000000000119b50                png_set_bKGD
 .text.png_set_hIST
                0x0000000000119ba0       0xac /usr/local/devkitPro/portlibs/armv6k/lib/libpng.a(pngset.o)
                0x0000000000119ba0                png_set_hIST
 .text.png_set_IHDR
                0x0000000000119c4c       0xdc /usr/local/devkitPro/portlibs/armv6k/lib/libpng.a(pngset.o)
                0x0000000000119c4c                png_set_IHDR
 .text.png_set_oFFs
                0x0000000000119d28       0x2c /usr/local/devkitPro/portlibs/armv6k/lib/libpng.a(pngset.o)
                0x0000000000119d28                png_set_oFFs
 .text.png_set_pCAL
                0x0000000000119d54      0x268 /usr/local/devkitPro/portlibs/armv6k/lib/libpng.a(pngset.o)
                0x0000000000119d54                png_set_pCAL
 .text.png_set_sCAL_s
                0x0000000000119fbc      0x164 /usr/local/devkitPro/portlibs/armv6k/lib/libpng.a(pngset.o)
                0x0000000000119fbc                png_set_sCAL_s
 .text.png_set_pHYs
                0x000000000011a120       0x2c /usr/local/devkitPro/portlibs/armv6k/lib/libpng.a(pngset.o)
                0x000000000011a120                png_set_pHYs
 .text.png_set_PLTE
                0x000000000011a14c      0x130 /usr/local/devkitPro/portlibs/armv6k/lib/libpng.a(pngset.o)
                0x000000000011a14c                png_set_PLTE
 .text.png_set_sBIT
                0x000000000011a27c       0x44 /usr/local/devkitPro/portlibs/armv6k/lib/libpng.a(pngset.o)
                0x000000000011a27c                png_set_sBIT
 .text.png_set_text_2
                0x000000000011a2c0      0x334 /usr/local/devkitPro/portlibs/armv6k/lib/libpng.a(pngset.o)
                0x000000000011a2c0                png_set_text_2
 .text.png_set_tIME
                0x000000000011a5f4       0xa0 /usr/local/devkitPro/portlibs/armv6k/lib/libpng.a(pngset.o)
                0x000000000011a5f4                png_set_tIME
 .text.png_set_tRNS
                0x000000000011a694      0x138 /usr/local/devkitPro/portlibs/armv6k/lib/libpng.a(pngset.o)
                0x000000000011a694                png_set_tRNS
 .text.png_set_sPLT
                0x000000000011a7cc      0x184 /usr/local/devkitPro/portlibs/armv6k/lib/libpng.a(pngset.o)
                0x000000000011a7cc                png_set_sPLT
 .text.png_set_unknown_chunks
                0x000000000011a950      0x18c /usr/local/devkitPro/portlibs/armv6k/lib/libpng.a(pngset.o)
                0x000000000011a950                png_set_unknown_chunks
 .text.png_set_packing
                0x000000000011aadc       0x28 /usr/local/devkitPro/portlibs/armv6k/lib/libpng.a(pngtrans.o)
                0x000000000011aadc                png_set_packing
 .text.png_set_interlace_handling
                0x000000000011ab04       0x30 /usr/local/devkitPro/portlibs/armv6k/lib/libpng.a(pngtrans.o)
                0x000000000011ab04                png_set_interlace_handling
 .text.png_set_filler
                0x000000000011ab34       0x88 /usr/local/devkitPro/portlibs/armv6k/lib/libpng.a(pngtrans.o)
                0x000000000011ab34                png_set_filler
 .text.png_do_invert
                0x000000000011abbc      0x1ec /usr/local/devkitPro/portlibs/armv6k/lib/libpng.a(pngtrans.o)
                0x000000000011abbc                png_do_invert
 .text.png_do_swap
                0x000000000011ada8       0x4c /usr/local/devkitPro/portlibs/armv6k/lib/libpng.a(pngtrans.o)
                0x000000000011ada8                png_do_swap
 .text.png_do_packswap
                0x000000000011adf4       0x6c /usr/local/devkitPro/portlibs/armv6k/lib/libpng.a(pngtrans.o)
                0x000000000011adf4                png_do_packswap
 .text.png_do_strip_channel
                0x000000000011ae60      0x22c /usr/local/devkitPro/portlibs/armv6k/lib/libpng.a(pngtrans.o)
                0x000000000011ae60                png_do_strip_channel
 .text.png_do_bgr
                0x000000000011b08c      0x13c /usr/local/devkitPro/portlibs/armv6k/lib/libpng.a(pngtrans.o)
                0x000000000011b08c                png_do_bgr
 .text.png_do_check_palette_indexes
                0x000000000011b1c8      0x1d0 /usr/local/devkitPro/portlibs/armv6k/lib/libpng.a(pngtrans.o)
                0x000000000011b1c8                png_do_check_palette_indexes
 .text.adler32  0x000000000011b398      0x44c /usr/local/devkitPro/portlibs/armv6k/lib/libz.a(adler32.o)
                0x000000000011b398                adler32
 .text.crc32    0x000000000011b7e4      0x59c /usr/local/devkitPro/portlibs/armv6k/lib/libz.a(crc32.o)
                0x000000000011b7e4                crc32
 .text.inflateReset
                0x000000000011bd80       0x9c /usr/local/devkitPro/portlibs/armv6k/lib/libz.a(inflate.o)
                0x000000000011bd80                inflateReset
 .text.inflateReset2
                0x000000000011be1c      0x120 /usr/local/devkitPro/portlibs/armv6k/lib/libz.a(inflate.o)
                0x000000000011be1c                inflateReset2
 .text.inflateInit2_
                0x000000000011bf3c      0x178 /usr/local/devkitPro/portlibs/armv6k/lib/libz.a(inflate.o)
                0x000000000011bf3c                inflateInit2_
 .text.inflate  0x000000000011c0b4     0x1ffc /usr/local/devkitPro/portlibs/armv6k/lib/libz.a(inflate.o)
                0x000000000011c0b4                inflate
 .text.inflateEnd
                0x000000000011e0b0       0x60 /usr/local/devkitPro/portlibs/armv6k/lib/libz.a(inflate.o)
                0x000000000011e0b0                inflateEnd
 .text.inflate_table
                0x000000000011e110      0xb64 /usr/local/devkitPro/portlibs/armv6k/lib/libz.a(inftrees.o)
                0x000000000011e110                inflate_table
 .text.zcalloc  0x000000000011ec74        0x8 /usr/local/devkitPro/portlibs/armv6k/lib/libz.a(zutil.o)
                0x000000000011ec74                zcalloc
 .text.zcfree   0x000000000011ec7c        0x8 /usr/local/devkitPro/portlibs/armv6k/lib/libz.a(zutil.o)
                0x000000000011ec7c                zcfree
 .text.inflate_fast
                0x000000000011ec84      0xdf0 /usr/local/devkitPro/portlibs/armv6k/lib/libz.a(inffast.o)
                0x000000000011ec84                inflate_fast
 .text.sf2d_create_texture
                0x000000000011fa74      0x118 /usr/local/devkitPro/libctru/lib/libsf2d.a(sf2d_texture.o)
                0x000000000011fa74                sf2d_create_texture
 .text.sf2d_create_rendertarget
                0x000000000011fb8c       0x94 /usr/local/devkitPro/libctru/lib/libsf2d.a(sf2d_texture.o)
                0x000000000011fb8c                sf2d_create_rendertarget
 .text.sf2d_free_texture
                0x000000000011fc20       0x20 /usr/local/devkitPro/libctru/lib/libsf2d.a(sf2d_texture.o)
                0x000000000011fc20                sf2d_free_texture
 .text.sf2d_clear_target
                0x000000000011fc40       0x14 /usr/local/devkitPro/libctru/lib/libsf2d.a(sf2d_texture.o)
                0x000000000011fc40                sf2d_clear_target
 .text.sf2d_bind_texture
                0x000000000011fc54       0x54 /usr/local/devkitPro/libctru/lib/libsf2d.a(sf2d_texture.o)
                0x000000000011fc54                sf2d_bind_texture
 .text.sf2d_draw_texture_scale
                0x000000000011fca8      0x18c /usr/local/devkitPro/libctru/lib/libsf2d.a(sf2d_texture.o)
                0x000000000011fca8                sf2d_draw_texture_scale
 .text.sf2d_draw_texture_part_scale
                0x000000000011fe34      0x168 /usr/local/devkitPro/libctru/lib/libsf2d.a(sf2d_texture.o)
                0x000000000011fe34                sf2d_draw_texture_part_scale
 .text.sf2d_texture_tile32
                0x000000000011ff9c      0x110 /usr/local/devkitPro/libctru/lib/libsf2d.a(sf2d_texture.o)
                0x000000000011ff9c                sf2d_texture_tile32
 .text.sf2d_fini
                0x00000000001200ac       0x48 /usr/local/devkitPro/libctru/lib/libsf2d.a(sf2d.o)
                0x00000000001200ac                sf2d_fini
 .text.sf2d_start_frame_target
                0x00000000001200f4       0xa0 /usr/local/devkitPro/libctru/lib/libsf2d.a(sf2d.o)
                0x00000000001200f4                sf2d_start_frame_target
 .text.sf2d_start_frame
                0x0000000000120194       0x38 /usr/local/devkitPro/libctru/lib/libsf2d.a(sf2d.o)
                0x0000000000120194                sf2d_start_frame
 .text.sf2d_end_frame
                0x00000000001201cc        0x4 /usr/local/devkitPro/libctru/lib/libsf2d.a(sf2d.o)
                0x00000000001201cc                sf2d_end_frame
 .text.sf2d_swapbuffers
                0x00000000001201d0       0xb0 /usr/local/devkitPro/libctru/lib/libsf2d.a(sf2d.o)
                0x00000000001201d0                sf2d_swapbuffers
 .text.sf2d_pool_memalign
                0x0000000000120280       0x40 /usr/local/devkitPro/libctru/lib/libsf2d.a(sf2d.o)
                0x0000000000120280                sf2d_pool_memalign
 .text.sf2d_set_clear_color
                0x00000000001202c0       0x38 /usr/local/devkitPro/libctru/lib/libsf2d.a(sf2d.o)
                0x00000000001202c0                sf2d_set_clear_color
 .text.sf2d_init_advanced.part.0
                0x00000000001202f8      0x1ac /usr/local/devkitPro/libctru/lib/libsf2d.a(sf2d.o)
 .text.sf2d_init
                0x00000000001204a4       0x28 /usr/local/devkitPro/libctru/lib/libsf2d.a(sf2d.o)
                0x00000000001204a4                sf2d_init
 .text.sf2d_setup_env_internal
                0x00000000001204cc       0x94 /usr/local/devkitPro/libctru/lib/libsf2d.a(sf2d_draw.o)
                0x00000000001204cc                sf2d_setup_env_internal
 .text.sf2d_draw_rectangle
                0x0000000000120560       0xbc /usr/local/devkitPro/libctru/lib/libsf2d.a(sf2d_draw.o)
                0x0000000000120560                sf2d_draw_rectangle
 .text.C3D_UpdateUniforms
                0x000000000012061c      0x2b4 /usr/local/devkitPro/libctru/lib/libcitro3d.a(uniforms.o)
                0x000000000012061c                C3D_UpdateUniforms
 .text.C3Di_DirtyUniforms
                0x00000000001208d0       0xc0 /usr/local/devkitPro/libctru/lib/libcitro3d.a(uniforms.o)
                0x00000000001208d0                C3Di_DirtyUniforms
 .text.C3Di_LoadShaderUniforms
                0x0000000000120990       0xe8 /usr/local/devkitPro/libctru/lib/libcitro3d.a(uniforms.o)
                0x0000000000120990                C3Di_LoadShaderUniforms
 .text.C3Di_ClearShaderUniforms
                0x0000000000120a78       0x28 /usr/local/devkitPro/libctru/lib/libcitro3d.a(uniforms.o)
                0x0000000000120a78                C3Di_ClearShaderUniforms
 .text.AttrInfo_Init
                0x0000000000120aa0       0x28 /usr/local/devkitPro/libctru/lib/libcitro3d.a(attribs.o)
                0x0000000000120aa0                AttrInfo_Init
 .text.AttrInfo_AddLoader
                0x0000000000120ac8       0xac /usr/local/devkitPro/libctru/lib/libcitro3d.a(attribs.o)
                0x0000000000120ac8                AttrInfo_AddLoader
 .text.C3D_GetAttrInfo
                0x0000000000120b74       0x24 /usr/local/devkitPro/libctru/lib/libcitro3d.a(attribs.o)
                0x0000000000120b74                C3D_GetAttrInfo
 .text.C3Di_AttrInfoBind
                0x0000000000120b98       0x80 /usr/local/devkitPro/libctru/lib/libcitro3d.a(attribs.o)
                0x0000000000120b98                C3Di_AttrInfoBind
 .text.C3D_DepthMap
                0x0000000000120c18       0x3c /usr/local/devkitPro/libctru/lib/libcitro3d.a(effect.o)
                0x0000000000120c18                C3D_DepthMap
 .text.C3D_CullFace
                0x0000000000120c54       0x1c /usr/local/devkitPro/libctru/lib/libcitro3d.a(effect.o)
                0x0000000000120c54                C3D_CullFace
 .text.C3D_StencilTest
                0x0000000000120c70       0x40 /usr/local/devkitPro/libctru/lib/libcitro3d.a(effect.o)
                0x0000000000120c70                C3D_StencilTest
 .text.C3D_StencilOp
                0x0000000000120cb0       0x24 /usr/local/devkitPro/libctru/lib/libcitro3d.a(effect.o)
                0x0000000000120cb0                C3D_StencilOp
 .text.C3D_BlendingColor
                0x0000000000120cd4       0x1c /usr/local/devkitPro/libctru/lib/libcitro3d.a(effect.o)
                0x0000000000120cd4                C3D_BlendingColor
 .text.C3D_DepthTest
                0x0000000000120cf0       0x2c /usr/local/devkitPro/libctru/lib/libcitro3d.a(effect.o)
                0x0000000000120cf0                C3D_DepthTest
 .text.C3D_AlphaTest
                0x0000000000120d1c       0x2c /usr/local/devkitPro/libctru/lib/libcitro3d.a(effect.o)
                0x0000000000120d1c                C3D_AlphaTest
 .text.C3D_AlphaBlend
                0x0000000000120d48       0x50 /usr/local/devkitPro/libctru/lib/libcitro3d.a(effect.o)
                0x0000000000120d48                C3D_AlphaBlend
 .text.C3D_FragOpMode
                0x0000000000120d98       0x30 /usr/local/devkitPro/libctru/lib/libcitro3d.a(effect.o)
                0x0000000000120d98                C3D_FragOpMode
 .text.C3Di_EffectBind
                0x0000000000120dc8      0x11c /usr/local/devkitPro/libctru/lib/libcitro3d.a(effect.o)
                0x0000000000120dc8                C3Di_EffectBind
 .text.C3D_DrawArrays
                0x0000000000120ee4      0x148 /usr/local/devkitPro/libctru/lib/libcitro3d.a(drawArrays.o)
                0x0000000000120ee4                C3D_DrawArrays
 .text.BufInfo_Init
                0x000000000012102c       0x20 /usr/local/devkitPro/libctru/lib/libcitro3d.a(buffers.o)
                0x000000000012102c                BufInfo_Init
 .text.BufInfo_Add
                0x000000000012104c       0x84 /usr/local/devkitPro/libctru/lib/libcitro3d.a(buffers.o)
                0x000000000012104c                BufInfo_Add
 .text.C3D_GetBufInfo
                0x00000000001210d0       0x24 /usr/local/devkitPro/libctru/lib/libcitro3d.a(buffers.o)
                0x00000000001210d0                C3D_GetBufInfo
 .text.C3Di_BufInfoBind
                0x00000000001210f4       0x48 /usr/local/devkitPro/libctru/lib/libcitro3d.a(buffers.o)
                0x00000000001210f4                C3Di_BufInfoBind
 .text.TexEnv_Init
                0x000000000012113c       0x34 /usr/local/devkitPro/libctru/lib/libcitro3d.a(texenv.o)
                0x000000000012113c                TexEnv_Init
 .text.C3D_GetTexEnv
                0x0000000000121170       0x34 /usr/local/devkitPro/libctru/lib/libcitro3d.a(texenv.o)
                0x0000000000121170                C3D_GetTexEnv
 .text.C3Di_TexEnvBind
                0x00000000001211a4       0x24 /usr/local/devkitPro/libctru/lib/libcitro3d.a(texenv.o)
                0x00000000001211a4                C3Di_TexEnvBind
 .text.C3D_TexInit
                0x00000000001211c8       0xb8 /usr/local/devkitPro/libctru/lib/libcitro3d.a(texture.o)
                0x00000000001211c8                C3D_TexInit
 .text.C3D_TexInitVRAM
                0x0000000000121280       0xb8 /usr/local/devkitPro/libctru/lib/libcitro3d.a(texture.o)
                0x0000000000121280                C3D_TexInitVRAM
 .text.C3D_TexSetWrap
                0x0000000000121338       0x28 /usr/local/devkitPro/libctru/lib/libcitro3d.a(texture.o)
                0x0000000000121338                C3D_TexSetWrap
 .text.C3D_TexBind
                0x0000000000121360       0x34 /usr/local/devkitPro/libctru/lib/libcitro3d.a(texture.o)
                0x0000000000121360                C3D_TexBind
 .text.C3D_TexDelete
                0x0000000000121394       0x3c /usr/local/devkitPro/libctru/lib/libcitro3d.a(texture.o)
                0x0000000000121394                C3D_TexDelete
 .text.C3Di_RenderQueueWaitDone
                0x00000000001213d0       0x3c /usr/local/devkitPro/libctru/lib/libcitro3d.a(renderqueue.o)
 .text.performTransfer.part.0
                0x000000000012140c       0x78 /usr/local/devkitPro/libctru/lib/libcitro3d.a(renderqueue.o)
 .text.transferTarget
                0x0000000000121484       0x50 /usr/local/devkitPro/libctru/lib/libcitro3d.a(renderqueue.o)
 .text.onVBlank1
                0x00000000001214d4       0x24 /usr/local/devkitPro/libctru/lib/libcitro3d.a(renderqueue.o)
 .text.onVBlank0
                0x00000000001214f8       0x8c /usr/local/devkitPro/libctru/lib/libcitro3d.a(renderqueue.o)
 .text.performClear.part.2
                0x0000000000121584       0x3c /usr/local/devkitPro/libctru/lib/libcitro3d.a(renderqueue.o)
 .text.clearTarget
                0x00000000001215c0       0x4c /usr/local/devkitPro/libctru/lib/libcitro3d.a(renderqueue.o)
 .text.updateFrameQueue.part.4
                0x000000000012160c       0xc0 /usr/local/devkitPro/libctru/lib/libcitro3d.a(renderqueue.o)
 .text.onRenderFinish
                0x00000000001216cc       0xe0 /usr/local/devkitPro/libctru/lib/libcitro3d.a(renderqueue.o)
 .text.onTransferFinish
                0x00000000001217ac       0xbc /usr/local/devkitPro/libctru/lib/libcitro3d.a(renderqueue.o)
 .text.checkRenderQueueInit.part.7
                0x0000000000121868       0x5c /usr/local/devkitPro/libctru/lib/libcitro3d.a(renderqueue.o)
 .text.onClearDone
                0x00000000001218c4       0x70 /usr/local/devkitPro/libctru/lib/libcitro3d.a(renderqueue.o)
 .text.C3D_FrameBegin
                0x0000000000121934       0x6c /usr/local/devkitPro/libctru/lib/libcitro3d.a(renderqueue.o)
                0x0000000000121934                C3D_FrameBegin
 .text.C3D_FrameDrawOn
                0x00000000001219a0       0x78 /usr/local/devkitPro/libctru/lib/libcitro3d.a(renderqueue.o)
                0x00000000001219a0                C3D_FrameDrawOn
 .text.C3D_FrameEnd
                0x0000000000121a18       0xcc /usr/local/devkitPro/libctru/lib/libcitro3d.a(renderqueue.o)
                0x0000000000121a18                C3D_FrameEnd
 .text.C3D_RenderTargetCreate
                0x0000000000121ae4       0xe0 /usr/local/devkitPro/libctru/lib/libcitro3d.a(renderqueue.o)
                0x0000000000121ae4                C3D_RenderTargetCreate
 .text.C3D_RenderTargetDelete
                0x0000000000121bc4       0x7c /usr/local/devkitPro/libctru/lib/libcitro3d.a(renderqueue.o)
                0x0000000000121bc4                C3D_RenderTargetDelete
 .text.C3Di_RenderQueueExit
                0x0000000000121c40       0x84 /usr/local/devkitPro/libctru/lib/libcitro3d.a(renderqueue.o)
 .text.C3D_RenderTargetSetClear
                0x0000000000121cc4       0x50 /usr/local/devkitPro/libctru/lib/libcitro3d.a(renderqueue.o)
                0x0000000000121cc4                C3D_RenderTargetSetClear
 .text.C3D_RenderTargetSetOutput
                0x0000000000121d14       0x58 /usr/local/devkitPro/libctru/lib/libcitro3d.a(renderqueue.o)
                0x0000000000121d14                C3D_RenderTargetSetOutput
 .text.C3Di_AptEventHook
                0x0000000000121d6c       0x88 /usr/local/devkitPro/libctru/lib/libcitro3d.a(base.o)
 .text.C3D_Init
                0x0000000000121df4      0x174 /usr/local/devkitPro/libctru/lib/libcitro3d.a(base.o)
                0x0000000000121df4                C3D_Init
 .text.C3D_SetViewport
                0x0000000000121f68       0x98 /usr/local/devkitPro/libctru/lib/libcitro3d.a(base.o)
                0x0000000000121f68                C3D_SetViewport
 .text.C3Di_UpdateContext
                0x0000000000122000      0x584 /usr/local/devkitPro/libctru/lib/libcitro3d.a(base.o)
                0x0000000000122000                C3Di_UpdateContext
 .text.C3Di_FinalizeFrame
                0x0000000000122584       0xe0 /usr/local/devkitPro/libctru/lib/libcitro3d.a(base.o)
                0x0000000000122584                C3Di_FinalizeFrame
 .text.C3D_Fini
                0x0000000000122664       0x48 /usr/local/devkitPro/libctru/lib/libcitro3d.a(base.o)
                0x0000000000122664                C3D_Fini
 .text.C3D_BindProgram
                0x00000000001226ac       0xd4 /usr/local/devkitPro/libctru/lib/libcitro3d.a(base.o)
                0x00000000001226ac                C3D_BindProgram
 .text.Mtx_OrthoTilt
                0x0000000000122780       0xc8 /usr/local/devkitPro/libctru/lib/libcitro3d.a(mtx_orthotilt.o)
                0x0000000000122780                Mtx_OrthoTilt
 .text.C3D_RenderBufInit
                0x0000000000122848       0xa4 /usr/local/devkitPro/libctru/lib/libcitro3d.a(renderbuffer.o)
                0x0000000000122848                C3D_RenderBufInit
 .text.C3D_RenderBufClearAsync
                0x00000000001228ec       0x80 /usr/local/devkitPro/libctru/lib/libcitro3d.a(renderbuffer.o)
                0x00000000001228ec                C3D_RenderBufClearAsync
 .text.C3D_RenderBufTransferAsync
                0x000000000012296c       0x28 /usr/local/devkitPro/libctru/lib/libcitro3d.a(renderbuffer.o)
                0x000000000012296c                C3D_RenderBufTransferAsync
 .text.C3D_RenderBufBind
                0x0000000000122994       0x38 /usr/local/devkitPro/libctru/lib/libcitro3d.a(renderbuffer.o)
                0x0000000000122994                C3D_RenderBufBind
 .text.C3Di_RenderBufBind
                0x00000000001229cc      0x170 /usr/local/devkitPro/libctru/lib/libcitro3d.a(renderbuffer.o)
                0x00000000001229cc                C3Di_RenderBufBind
 .text.C3D_RenderBufDelete
                0x0000000000122b3c       0x18 /usr/local/devkitPro/libctru/lib/libcitro3d.a(renderbuffer.o)
                0x0000000000122b3c                C3D_RenderBufDelete
 .text.C3D_ImmSendAttrib
                0x0000000000122b54       0xb4 /usr/local/devkitPro/libctru/lib/libcitro3d.a(immediate.o)
                0x0000000000122b54                C3D_ImmSendAttrib
 .text._ZL21addrMapNodeComparatorPK11rbtree_nodeS1_
                0x0000000000122c08       0x24 /usr/local/devkitPro/libctru/lib/libctru.a(linear.o)
 .text._ZL21addrMapNodeDestructorP11rbtree_node
                0x0000000000122c2c        0x4 /usr/local/devkitPro/libctru/lib/libctru.a(linear.o)
 .text.linearMemAlign
                0x0000000000122c30      0x13c /usr/local/devkitPro/libctru/lib/libctru.a(linear.o)
                0x0000000000122c30                linearMemAlign
 .text.linearAlloc
                0x0000000000122d6c        0x8 /usr/local/devkitPro/libctru/lib/libctru.a(linear.o)
                0x0000000000122d6c                linearAlloc
 .text.linearFree
                0x0000000000122d74       0x50 /usr/local/devkitPro/libctru/lib/libctru.a(linear.o)
                0x0000000000122d74                linearFree
 .text._ZL21addrMapNodeComparatorPK11rbtree_nodeS1_
                0x0000000000122dc4       0x24 /usr/local/devkitPro/libctru/lib/libctru.a(vram.o)
 .text._ZL21addrMapNodeDestructorP11rbtree_node
                0x0000000000122de8        0x4 /usr/local/devkitPro/libctru/lib/libctru.a(vram.o)
 .text.vramMemAlign
                0x0000000000122dec      0x12c /usr/local/devkitPro/libctru/lib/libctru.a(vram.o)
                0x0000000000122dec                vramMemAlign
 .text.vramAlloc
                0x0000000000122f18        0x8 /usr/local/devkitPro/libctru/lib/libctru.a(vram.o)
                0x0000000000122f18                vramAlloc
 .text.vramFree
                0x0000000000122f20       0x50 /usr/local/devkitPro/libctru/lib/libctru.a(vram.o)
                0x0000000000122f20                vramFree
 .text.gfxSetFramebufferInfo.part.0
                0x0000000000122f70       0x8c /usr/local/devkitPro/libctru/lib/libctru.a(gfx.o)
 .text.gfxSet3D
                0x0000000000122ffc       0x10 /usr/local/devkitPro/libctru/lib/libctru.a(gfx.o)
                0x0000000000122ffc                gfxSet3D
 .text.gfxIs3D  0x000000000012300c       0x10 /usr/local/devkitPro/libctru/lib/libctru.a(gfx.o)
                0x000000000012300c                gfxIs3D
 .text.gfxSetScreenFormat
                0x000000000012301c      0x174 /usr/local/devkitPro/libctru/lib/libctru.a(gfx.o)
                0x000000000012301c                gfxSetScreenFormat
 .text.gfxSetFramebufferInfo
                0x0000000000123190       0x70 /usr/local/devkitPro/libctru/lib/libctru.a(gfx.o)
                0x0000000000123190                gfxSetFramebufferInfo
 .text.gfxWriteFramebufferInfo
                0x0000000000123200       0x88 /usr/local/devkitPro/libctru/lib/libctru.a(gfx.o)
                0x0000000000123200                gfxWriteFramebufferInfo
 .text.gfxInit  0x0000000000123288      0x1fc /usr/local/devkitPro/libctru/lib/libctru.a(gfx.o)
                0x0000000000123288                gfxInit
 .text.gfxInitDefault
                0x0000000000123484       0x10 /usr/local/devkitPro/libctru/lib/libctru.a(gfx.o)
                0x0000000000123484                gfxInitDefault
 .text.gfxExit  0x0000000000123494       0xe0 /usr/local/devkitPro/libctru/lib/libctru.a(gfx.o)
                0x0000000000123494                gfxExit
 .text.gfxGetFramebuffer
                0x0000000000123574       0xb0 /usr/local/devkitPro/libctru/lib/libctru.a(gfx.o)
                0x0000000000123574                gfxGetFramebuffer
 .text.gfxConfigScreen
                0x0000000000123624       0x70 /usr/local/devkitPro/libctru/lib/libctru.a(gfx.o)
                0x0000000000123624                gfxConfigScreen
 .text.getSysTime
                0x0000000000123694       0x58 /usr/local/devkitPro/libctru/lib/libctru.a(os.o)
 .text.osConvertVirtToPhys
                0x00000000001236ec       0x4c /usr/local/devkitPro/libctru/lib/libctru.a(os.o)
                0x00000000001236ec                osConvertVirtToPhys
 .text.osGetMemRegionUsed
                0x0000000000123738       0x24 /usr/local/devkitPro/libctru/lib/libctru.a(os.o)
                0x0000000000123738                osGetMemRegionUsed
 *fill*         0x000000000012375c        0x4 
 .text.__libctru_gtod
                0x0000000000123760       0xf4 /usr/local/devkitPro/libctru/lib/libctru.a(os.o)
                0x0000000000123760                __libctru_gtod
 *fill*         0x0000000000123854        0x4 
 .text.osGetTime
                0x0000000000123858       0x78 /usr/local/devkitPro/libctru/lib/libctru.a(os.o)
                0x0000000000123858                osGetTime
 .text.__ctru_speedup_config
                0x00000000001238d0       0x34 /usr/local/devkitPro/libctru/lib/libctru.a(os.o)
                0x00000000001238d0                __ctru_speedup_config
 .text.GPUCMD_SetBuffer
                0x0000000000123904       0x2c /usr/local/devkitPro/libctru/lib/libctru.a(gpu.o)
                0x0000000000123904                GPUCMD_SetBuffer
 .text.GPUCMD_GetBuffer
                0x0000000000123930       0x40 /usr/local/devkitPro/libctru/lib/libctru.a(gpu.o)
                0x0000000000123930                GPUCMD_GetBuffer
 .text.GPUCMD_Add
                0x0000000000123970       0xec /usr/local/devkitPro/libctru/lib/libctru.a(gpu.o)
                0x0000000000123970                GPUCMD_Add
 .text.GPUCMD_Finalize
                0x0000000000123a5c       0x98 /usr/local/devkitPro/libctru/lib/libctru.a(gpu.o)
                0x0000000000123a5c                GPUCMD_Finalize
 .text.f32tof24
                0x0000000000123af4       0x44 /usr/local/devkitPro/libctru/lib/libctru.a(gpu.o)
                0x0000000000123af4                f32tof24
 .text.f32tof31
                0x0000000000123b38       0x40 /usr/local/devkitPro/libctru/lib/libctru.a(gpu.o)
                0x0000000000123b38                f32tof31
 .text.GX_ProcessCommandList
                0x0000000000123b78       0x54 /usr/local/devkitPro/libctru/lib/libctru.a(gx.o)
                0x0000000000123b78                GX_ProcessCommandList
 .text.GX_MemoryFill
                0x0000000000123bcc       0x60 /usr/local/devkitPro/libctru/lib/libctru.a(gx.o)
                0x0000000000123bcc                GX_MemoryFill
 .text.GX_DisplayTransfer
                0x0000000000123c2c       0x50 /usr/local/devkitPro/libctru/lib/libctru.a(gx.o)
                0x0000000000123c2c                GX_DisplayTransfer
 .text.GX_FlushCacheRegions
                0x0000000000123c7c       0x54 /usr/local/devkitPro/libctru/lib/libctru.a(gx.o)
                0x0000000000123c7c                GX_FlushCacheRegions
 .text.DVLB_Free
                0x0000000000123cd0       0x38 /usr/local/devkitPro/libctru/lib/libctru.a(shbin.o)
                0x0000000000123cd0                DVLB_Free
 .text.DVLE_GetUniformRegister
                0x0000000000123d08       0x78 /usr/local/devkitPro/libctru/lib/libctru.a(shbin.o)
                0x0000000000123d08                DVLE_GetUniformRegister
 .text.DVLE_GenerateOutmap
                0x0000000000123d80      0x1ec /usr/local/devkitPro/libctru/lib/libctru.a(shbin.o)
                0x0000000000123d80                DVLE_GenerateOutmap
 .text.DVLB_ParseFile
                0x0000000000123f6c      0x1c0 /usr/local/devkitPro/libctru/lib/libctru.a(shbin.o)
                0x0000000000123f6c                DVLB_ParseFile
 .text.shaderInstanceInit
                0x000000000012412c      0x1f4 /usr/local/devkitPro/libctru/lib/libctru.a(shaderProgram.o)
                0x000000000012412c                shaderInstanceInit
 .text.shaderInstanceFree
                0x0000000000124320       0x34 /usr/local/devkitPro/libctru/lib/libctru.a(shaderProgram.o)
                0x0000000000124320                shaderInstanceFree
 .text.shaderInstanceGetUniformLocation
                0x0000000000124354       0x18 /usr/local/devkitPro/libctru/lib/libctru.a(shaderProgram.o)
                0x0000000000124354                shaderInstanceGetUniformLocation
 .text.shaderProgramInit
                0x000000000012436c       0x18 /usr/local/devkitPro/libctru/lib/libctru.a(shaderProgram.o)
                0x000000000012436c                shaderProgramInit
 .text.shaderProgramFree
                0x0000000000124384       0x2c /usr/local/devkitPro/libctru/lib/libctru.a(shaderProgram.o)
                0x0000000000124384                shaderProgramFree
 .text.shaderProgramSetVsh
                0x00000000001243b0       0x6c /usr/local/devkitPro/libctru/lib/libctru.a(shaderProgram.o)
                0x00000000001243b0                shaderProgramSetVsh
 .text.shaderProgramConfigure
                0x000000000012441c      0x894 /usr/local/devkitPro/libctru/lib/libctru.a(shaderProgram.o)
                0x000000000012441c                shaderProgramConfigure
 .text.ptmSysmInit
                0x0000000000124cb0       0x70 /usr/local/devkitPro/libctru/lib/libctru.a(ptmsysm.o)
                0x0000000000124cb0                ptmSysmInit
 .text.ptmSysmExit
                0x0000000000124d20       0x34 /usr/local/devkitPro/libctru/lib/libctru.a(ptmsysm.o)
                0x0000000000124d20                ptmSysmExit
 .text.PTMSYSM_ConfigureNew3DSCPU
                0x0000000000124d54       0x34 /usr/local/devkitPro/libctru/lib/libctru.a(ptmsysm.o)
                0x0000000000124d54                PTMSYSM_ConfigureNew3DSCPU
 .text.hidExit  0x0000000000124d88       0xd0 /usr/local/devkitPro/libctru/lib/libctru.a(hid.o)
                0x0000000000124d88                hidExit
 .text.hidScanInput
                0x0000000000124e58      0x234 /usr/local/devkitPro/libctru/lib/libctru.a(hid.o)
                0x0000000000124e58                hidScanInput
 .text.hidKeysHeld
                0x000000000012508c       0x10 /usr/local/devkitPro/libctru/lib/libctru.a(hid.o)
                0x000000000012508c                hidKeysHeld
 .text.hidKeysDown
                0x000000000012509c       0x10 /usr/local/devkitPro/libctru/lib/libctru.a(hid.o)
                0x000000000012509c                hidKeysDown
 .text.HIDUSER_GetHandles
                0x00000000001250ac       0x90 /usr/local/devkitPro/libctru/lib/libctru.a(hid.o)
                0x00000000001250ac                HIDUSER_GetHandles
 .text.hidInit  0x000000000012513c      0x18c /usr/local/devkitPro/libctru/lib/libctru.a(hid.o)
                0x000000000012513c                hidInit
 .text._aptDebug
                0x00000000001252c8        0x4 /usr/local/devkitPro/libctru/lib/libctru.a(apt.o)
                0x00000000001252c8                _aptDebug
 .text.aptSendCommand
                0x00000000001252cc      0x130 /usr/local/devkitPro/libctru/lib/libctru.a(apt.o)
                0x00000000001252cc                aptSendCommand
 .text.aptExitProcess
                0x00000000001253fc       0x3c /usr/local/devkitPro/libctru/lib/libctru.a(apt.o)
 .text.aptHook  0x0000000000125438       0x38 /usr/local/devkitPro/libctru/lib/libctru.a(apt.o)
                0x0000000000125438                aptHook
 .text.aptUnhook
                0x0000000000125470       0x2c /usr/local/devkitPro/libctru/lib/libctru.a(apt.o)
                0x0000000000125470                aptUnhook
 .text.APT_InquireNotification
                0x000000000012549c       0x4c /usr/local/devkitPro/libctru/lib/libctru.a(apt.o)
                0x000000000012549c                APT_InquireNotification
 .text.aptEventHandler
                0x00000000001254e8      0x19c /usr/local/devkitPro/libctru/lib/libctru.a(apt.o)
 .text.APT_AppletUtility
                0x0000000000125684       0x74 /usr/local/devkitPro/libctru/lib/libctru.a(apt.o)
                0x0000000000125684                APT_AppletUtility
 .text.APT_GlanceParameter
                0x00000000001256f8       0xb4 /usr/local/devkitPro/libctru/lib/libctru.a(apt.o)
                0x00000000001256f8                APT_GlanceParameter
 .text.APT_ReceiveParameter
                0x00000000001257ac       0xc0 /usr/local/devkitPro/libctru/lib/libctru.a(apt.o)
                0x00000000001257ac                APT_ReceiveParameter
 .text.aptReceiveParameter.constprop.1
                0x000000000012586c       0xa8 /usr/local/devkitPro/libctru/lib/libctru.a(apt.o)
 .text.aptWaitForWakeUp
                0x0000000000125914      0x228 /usr/local/devkitPro/libctru/lib/libctru.a(apt.o)
 .text.APT_CancelParameter
                0x0000000000125b3c       0x70 /usr/local/devkitPro/libctru/lib/libctru.a(apt.o)
                0x0000000000125b3c                APT_CancelParameter
 .text.aptInit  0x0000000000125bac      0x230 /usr/local/devkitPro/libctru/lib/libctru.a(apt.o)
                0x0000000000125bac                aptInit
 .text.aptClearParamQueue
                0x0000000000125ddc       0x8c /usr/local/devkitPro/libctru/lib/libctru.a(apt.o)
 .text.aptExit  0x0000000000125e68      0x148 /usr/local/devkitPro/libctru/lib/libctru.a(apt.o)
                0x0000000000125e68                aptExit
 .text.APT_CheckNew3DS
                0x0000000000125fb0       0x70 /usr/local/devkitPro/libctru/lib/libctru.a(apt.o)
                0x0000000000125fb0                APT_CheckNew3DS
 .text.gspEventThreadMain
                0x0000000000126020      0x160 /usr/local/devkitPro/libctru/lib/libctru.a(gspgpu.o)
 .text.gspInit  0x0000000000126180       0x74 /usr/local/devkitPro/libctru/lib/libctru.a(gspgpu.o)
                0x0000000000126180                gspInit
 .text.gspExit  0x00000000001261f4       0x3c /usr/local/devkitPro/libctru/lib/libctru.a(gspgpu.o)
                0x00000000001261f4                gspExit
 .text.gspSetEventCallback
                0x0000000000126230       0x2c /usr/local/devkitPro/libctru/lib/libctru.a(gspgpu.o)
                0x0000000000126230                gspSetEventCallback
 .text.gspInitEventHandler
                0x000000000012625c       0x88 /usr/local/devkitPro/libctru/lib/libctru.a(gspgpu.o)
                0x000000000012625c                gspInitEventHandler
 .text.gspExitEventHandler
                0x00000000001262e4       0x30 /usr/local/devkitPro/libctru/lib/libctru.a(gspgpu.o)
                0x00000000001262e4                gspExitEventHandler
 .text.gspWaitForEvent
                0x0000000000126314       0x44 /usr/local/devkitPro/libctru/lib/libctru.a(gspgpu.o)
                0x0000000000126314                gspWaitForEvent
 .text.gspWaitForAnyEvent
                0x0000000000126358       0x6c /usr/local/devkitPro/libctru/lib/libctru.a(gspgpu.o)
                0x0000000000126358                gspWaitForAnyEvent
 .text.gspSubmitGxCommand
                0x00000000001263c4      0x124 /usr/local/devkitPro/libctru/lib/libctru.a(gspgpu.o)
                0x00000000001263c4                gspSubmitGxCommand
 .text.GSPGPU_SetBufferSwap
                0x00000000001264e8       0x6c /usr/local/devkitPro/libctru/lib/libctru.a(gspgpu.o)
                0x00000000001264e8                GSPGPU_SetBufferSwap
 .text.GSPGPU_SetLcdForceBlack
                0x0000000000126554       0x34 /usr/local/devkitPro/libctru/lib/libctru.a(gspgpu.o)
                0x0000000000126554                GSPGPU_SetLcdForceBlack
 .text.GSPGPU_RegisterInterruptRelayQueue
                0x0000000000126588       0x64 /usr/local/devkitPro/libctru/lib/libctru.a(gspgpu.o)
                0x0000000000126588                GSPGPU_RegisterInterruptRelayQueue
 .text.GSPGPU_UnregisterInterruptRelayQueue
                0x00000000001265ec       0x2c /usr/local/devkitPro/libctru/lib/libctru.a(gspgpu.o)
                0x00000000001265ec                GSPGPU_UnregisterInterruptRelayQueue
 .text.GSPGPU_AcquireRight
                0x0000000000126618       0x48 /usr/local/devkitPro/libctru/lib/libctru.a(gspgpu.o)
                0x0000000000126618                GSPGPU_AcquireRight
 .text.GSPGPU_ReleaseRight
                0x0000000000126660       0x2c /usr/local/devkitPro/libctru/lib/libctru.a(gspgpu.o)
                0x0000000000126660                GSPGPU_ReleaseRight
 .text.GSPGPU_RestoreVramSysArea
                0x000000000012668c       0x2c /usr/local/devkitPro/libctru/lib/libctru.a(gspgpu.o)
                0x000000000012668c                GSPGPU_RestoreVramSysArea
 .text.irrstScanInput
                0x00000000001266b8       0xb0 /usr/local/devkitPro/libctru/lib/libctru.a(irrst.o)
                0x00000000001266b8                irrstScanInput
 .text.irrstKeysHeld
                0x0000000000126768       0x1c /usr/local/devkitPro/libctru/lib/libctru.a(irrst.o)
                0x0000000000126768                irrstKeysHeld
 .text.IRRST_GetHandles
                0x0000000000126784       0x50 /usr/local/devkitPro/libctru/lib/libctru.a(irrst.o)
                0x0000000000126784                IRRST_GetHandles
 .text.irrstInit
                0x00000000001267d4      0x150 /usr/local/devkitPro/libctru/lib/libctru.a(irrst.o)
                0x00000000001267d4                irrstInit
 .text.IRRST_Shutdown
                0x0000000000126924       0x2c /usr/local/devkitPro/libctru/lib/libctru.a(irrst.o)
                0x0000000000126924                IRRST_Shutdown
 .text.irrstExit
                0x0000000000126950       0xac /usr/local/devkitPro/libctru/lib/libctru.a(irrst.o)
                0x0000000000126950                irrstExit
 .text.rbtree_find
                0x00000000001269fc       0x70 /usr/local/devkitPro/libctru/lib/libctru.a(rbtree_find.o)
                0x00000000001269fc                rbtree_find
 .text.rbtree_remove
                0x0000000000126a6c      0x324 /usr/local/devkitPro/libctru/lib/libctru.a(rbtree_remove.o)
                0x0000000000126a6c                rbtree_remove
 .text.rbtree_node_next
                0x0000000000126d90       0x74 /usr/local/devkitPro/libctru/lib/libctru.a(rbtree_iterator.o)
                0x0000000000126d90                rbtree_node_next
 .text.rbtree_rotate
                0x0000000000126e04       0x94 /usr/local/devkitPro/libctru/lib/libctru.a(rbtree_rotate.o)
                0x0000000000126e04                rbtree_rotate
 .text.do_insert
                0x0000000000126e98      0x18c /usr/local/devkitPro/libctru/lib/libctru.a(rbtree_insert.o)
 .text.rbtree_insert
                0x0000000000127024        0x8 /usr/local/devkitPro/libctru/lib/libctru.a(rbtree_insert.o)
                0x0000000000127024                rbtree_insert
 .text.rbtree_init
                0x000000000012702c       0x14 /usr/local/devkitPro/libctru/lib/libctru.a(rbtree_init.o)
                0x000000000012702c                rbtree_init
 .text.__system_initArgv
                0x0000000000127040       0xe8 /usr/local/devkitPro/libctru/lib/libctru.a(initArgv.o)
                0x0000000000127040                __system_initArgv
 .text.osGetMemRegionSize
                0x0000000000127128       0x58 /usr/local/devkitPro/libctru/lib/libctru.a(allocateHeaps.o)
 .text.__system_allocateHeaps
                0x0000000000127180      0x104 /usr/local/devkitPro/libctru/lib/libctru.a(allocateHeaps.o)
                0x0000000000127180                __system_allocateHeaps
 .text.__libctru_init
                0x0000000000127284       0x38 /usr/local/devkitPro/libctru/lib/libctru.a(initSystem.o)
                0x0000000000127284                __libctru_init
 .text.svcControlMemory
                0x00000000001272bc       0x20 /usr/local/devkitPro/libctru/lib/libctru.a(svc.o)
                0x00000000001272bc                svcControlMemory
 .text.svcExitProcess
                0x00000000001272dc        0x8 /usr/local/devkitPro/libctru/lib/libctru.a(svc.o)
                0x00000000001272dc                svcExitProcess
 .text.svcCreateThread
                0x00000000001272e4       0x20 /usr/local/devkitPro/libctru/lib/libctru.a(svc.o)
                0x00000000001272e4                svcCreateThread
 .text.svcExitThread
                0x0000000000127304        0x8 /usr/local/devkitPro/libctru/lib/libctru.a(svc.o)
                0x0000000000127304                svcExitThread
 .text.svcReleaseMutex
                0x000000000012730c        0x8 /usr/local/devkitPro/libctru/lib/libctru.a(svc.o)
                0x000000000012730c                svcReleaseMutex
 .text.svcCreateEvent
                0x0000000000127314       0x14 /usr/local/devkitPro/libctru/lib/libctru.a(svc.o)
                0x0000000000127314                svcCreateEvent
 .text.svcSignalEvent
                0x0000000000127328        0x8 /usr/local/devkitPro/libctru/lib/libctru.a(svc.o)
                0x0000000000127328                svcSignalEvent
 .text.svcClearEvent
                0x0000000000127330        0x8 /usr/local/devkitPro/libctru/lib/libctru.a(svc.o)
                0x0000000000127330                svcClearEvent
 .text.svcMapMemoryBlock
                0x0000000000127338        0x8 /usr/local/devkitPro/libctru/lib/libctru.a(svc.o)
                0x0000000000127338                svcMapMemoryBlock
 .text.svcUnmapMemoryBlock
                0x0000000000127340        0x8 /usr/local/devkitPro/libctru/lib/libctru.a(svc.o)
                0x0000000000127340                svcUnmapMemoryBlock
 .text.svcCreateAddressArbiter
                0x0000000000127348       0x14 /usr/local/devkitPro/libctru/lib/libctru.a(svc.o)
                0x0000000000127348                svcCreateAddressArbiter
 .text.svcArbitrateAddress
                0x000000000012735c       0x18 /usr/local/devkitPro/libctru/lib/libctru.a(svc.o)
                0x000000000012735c                svcArbitrateAddress
 .text.svcCloseHandle
                0x0000000000127374        0x8 /usr/local/devkitPro/libctru/lib/libctru.a(svc.o)
                0x0000000000127374                svcCloseHandle
 .text.svcWaitSynchronization
                0x000000000012737c        0x8 /usr/local/devkitPro/libctru/lib/libctru.a(svc.o)
                0x000000000012737c                svcWaitSynchronization
 .text.svcWaitSynchronizationN
                0x0000000000127384       0x28 /usr/local/devkitPro/libctru/lib/libctru.a(svc.o)
                0x0000000000127384                svcWaitSynchronizationN
 .text.svcDuplicateHandle
                0x00000000001273ac       0x14 /usr/local/devkitPro/libctru/lib/libctru.a(svc.o)
                0x00000000001273ac                svcDuplicateHandle
 .text.svcGetSystemTick
                0x00000000001273c0        0x8 /usr/local/devkitPro/libctru/lib/libctru.a(svc.o)
                0x00000000001273c0                svcGetSystemTick
 .text.svcGetSystemInfo
                0x00000000001273c8       0x18 /usr/local/devkitPro/libctru/lib/libctru.a(svc.o)
                0x00000000001273c8                svcGetSystemInfo
 .text.svcConnectToPort
                0x00000000001273e0       0x14 /usr/local/devkitPro/libctru/lib/libctru.a(svc.o)
                0x00000000001273e0                svcConnectToPort
 .text.svcSendSyncRequest
                0x00000000001273f4        0x8 /usr/local/devkitPro/libctru/lib/libctru.a(svc.o)
                0x00000000001273f4                svcSendSyncRequest
 .text.svcBreak
                0x00000000001273fc        0x8 /usr/local/devkitPro/libctru/lib/libctru.a(svc.o)
                0x00000000001273fc                svcBreak
 .text._ZN7MemPool13CoalesceRightEP8MemBlock
                0x0000000000127404       0x98 /usr/local/devkitPro/libctru/lib/libctru.a(mem_pool.o)
                0x0000000000127404                MemPool::CoalesceRight(MemBlock*)
 .text._ZN7MemPool8AllocateER8MemChunkmi
                0x000000000012749c      0x178 /usr/local/devkitPro/libctru/lib/libctru.a(mem_pool.o)
                0x000000000012749c                MemPool::Allocate(MemChunk&, unsigned long, int)
 .text._ZN7MemPool10DeallocateERK8MemChunk
                0x0000000000127614      0x100 /usr/local/devkitPro/libctru/lib/libctru.a(mem_pool.o)
                0x0000000000127614                MemPool::Deallocate(MemChunk const&)
 .text._ZL21addrMapNodeComparatorPK11rbtree_nodeS1_
                0x0000000000127714       0x24 /usr/local/devkitPro/libctru/lib/libctru.a(mappable.o)
 .text._ZL21addrMapNodeDestructorP11rbtree_node
                0x0000000000127738        0x4 /usr/local/devkitPro/libctru/lib/libctru.a(mappable.o)
 .text.mappableAlloc
                0x000000000012773c       0xf4 /usr/local/devkitPro/libctru/lib/libctru.a(mappable.o)
                0x000000000012773c                mappableAlloc
 .text.mappableFree
                0x0000000000127830       0x50 /usr/local/devkitPro/libctru/lib/libctru.a(mappable.o)
                0x0000000000127830                mappableFree
 .text.threadCreate
                0x0000000000127880      0x1bc /usr/local/devkitPro/libctru/lib/libctru.a(thread.o)
                0x0000000000127880                threadCreate
 .text.threadJoin
                0x0000000000127a3c       0x24 /usr/local/devkitPro/libctru/lib/libctru.a(thread.o)
                0x0000000000127a3c                threadJoin
 .text.threadExit
                0x0000000000127a60       0x70 /usr/local/devkitPro/libctru/lib/libctru.a(thread.o)
                0x0000000000127a60                threadExit
 .text._thread_begin
                0x0000000000127ad0       0x40 /usr/local/devkitPro/libctru/lib/libctru.a(thread.o)
 .text.srvExit  0x0000000000127b10       0x50 /usr/local/devkitPro/libctru/lib/libctru.a(srv.o)
                0x0000000000127b10                srvExit
 .text.srvRegisterClient
                0x0000000000127b60       0x38 /usr/local/devkitPro/libctru/lib/libctru.a(srv.o)
                0x0000000000127b60                srvRegisterClient
 .text.srvInit  0x0000000000127b98       0x78 /usr/local/devkitPro/libctru/lib/libctru.a(srv.o)
                0x0000000000127b98                srvInit
 .text.srvGetServiceHandleDirect
                0x0000000000127c10       0x68 /usr/local/devkitPro/libctru/lib/libctru.a(srv.o)
                0x0000000000127c10                srvGetServiceHandleDirect
 .text.srvGetServiceHandle
                0x0000000000127c78       0x38 /usr/local/devkitPro/libctru/lib/libctru.a(srv.o)
                0x0000000000127c78                srvGetServiceHandle
 .text.envGetHandle
                0x0000000000127cb0       0x84 /usr/local/devkitPro/libctru/lib/libctru.a(env.o)
                0x0000000000127cb0                envGetHandle
 .text.envDestroyHandles
                0x0000000000127d34       0x4c /usr/local/devkitPro/libctru/lib/libctru.a(env.o)
                0x0000000000127d34                envDestroyHandles
 .text.LightLock_Unlock.part.1
                0x0000000000127d80       0x34 /usr/local/devkitPro/libctru/lib/libctru.a(synchronization.o)
 .text.__sync_init
                0x0000000000127db4        0xc /usr/local/devkitPro/libctru/lib/libctru.a(synchronization.o)
                0x0000000000127db4                __sync_init
 .text.__sync_fini
                0x0000000000127dc0       0x18 /usr/local/devkitPro/libctru/lib/libctru.a(synchronization.o)
                0x0000000000127dc0                __sync_fini
 .text.__sync_get_arbiter
                0x0000000000127dd8       0x10 /usr/local/devkitPro/libctru/lib/libctru.a(synchronization.o)
                0x0000000000127dd8                __sync_get_arbiter
 .text.LightLock_Init
                0x0000000000127de8       0x18 /usr/local/devkitPro/libctru/lib/libctru.a(synchronization.o)
                0x0000000000127de8                LightLock_Init
 .text.LightLock_Lock
                0x0000000000127e00       0xa0 /usr/local/devkitPro/libctru/lib/libctru.a(synchronization.o)
                0x0000000000127e00                LightLock_Lock
 .text.LightLock_TryLock
                0x0000000000127ea0       0x34 /usr/local/devkitPro/libctru/lib/libctru.a(synchronization.o)
                0x0000000000127ea0                LightLock_TryLock
 .text.LightLock_Unlock
                0x0000000000127ed4       0x20 /usr/local/devkitPro/libctru/lib/libctru.a(synchronization.o)
                0x0000000000127ed4                LightLock_Unlock
 .text.RecursiveLock_Init
                0x0000000000127ef4       0x24 /usr/local/devkitPro/libctru/lib/libctru.a(synchronization.o)
                0x0000000000127ef4                RecursiveLock_Init
 .text.RecursiveLock_Lock
                0x0000000000127f18       0x30 /usr/local/devkitPro/libctru/lib/libctru.a(synchronization.o)
                0x0000000000127f18                RecursiveLock_Lock
 .text.RecursiveLock_TryLock
                0x0000000000127f48       0x58 /usr/local/devkitPro/libctru/lib/libctru.a(synchronization.o)
                0x0000000000127f48                RecursiveLock_TryLock
 .text.RecursiveLock_Unlock
                0x0000000000127fa0       0x38 /usr/local/devkitPro/libctru/lib/libctru.a(synchronization.o)
                0x0000000000127fa0                RecursiveLock_Unlock
 .text.LightEvent_Init
                0x0000000000127fd8       0x38 /usr/local/devkitPro/libctru/lib/libctru.a(synchronization.o)
                0x0000000000127fd8                LightEvent_Init
 .text.LightEvent_Clear
                0x0000000000128010       0x7c /usr/local/devkitPro/libctru/lib/libctru.a(synchronization.o)
                0x0000000000128010                LightEvent_Clear
 .text.LightEvent_Signal
                0x000000000012808c       0xdc /usr/local/devkitPro/libctru/lib/libctru.a(synchronization.o)
                0x000000000012808c                LightEvent_Signal
 .text.LightEvent_Wait
                0x0000000000128168       0xd0 /usr/local/devkitPro/libctru/lib/libctru.a(synchronization.o)
                0x0000000000128168                LightEvent_Wait
 .text.__libctru_exit