Archive member included to satisfy reference by file (symbol)

/usr/local/devkitPro/libctru/lib/libsfil.a(sfil_png.o)
                              main.o (sfil_load_PNG_file)
/usr/local/devkitPro/portlibs/armv6k/lib/libpng.a(png.o)
                              /usr/local/devkitPro/libctru/lib/libsfil.a(sfil_png.o) (png_set_sig_bytes)
/usr/local/devkitPro/portlibs/armv6k/lib/libpng.a(pngerror.o)
                              /usr/local/devkitPro/portlibs/armv6k/lib/libpng.a(png.o) (png_safecat)
/usr/local/devkitPro/portlibs/armv6k/lib/libpng.a(pngget.o)
                              /usr/local/devkitPro/libctru/lib/libsfil.a(sfil_png.o) (png_get_valid)
/usr/local/devkitPro/portlibs/armv6k/lib/libpng.a(pngmem.o)
                              /usr/local/devkitPro/portlibs/armv6k/lib/libpng.a(png.o) (png_calloc)
/usr/local/devkitPro/portlibs/armv6k/lib/libpng.a(pngread.o)
                              /usr/local/devkitPro/libctru/lib/libsfil.a(sfil_png.o) (png_create_read_struct)
/usr/local/devkitPro/portlibs/armv6k/lib/libpng.a(pngrio.o)
                              /usr/local/devkitPro/libctru/lib/libsfil.a(sfil_png.o) (png_set_read_fn)
/usr/local/devkitPro/portlibs/armv6k/lib/libpng.a(pngrtran.o)
                              /usr/local/devkitPro/portlibs/armv6k/lib/libpng.a(pngread.o) (png_set_background_fixed)
/usr/local/devkitPro/portlibs/armv6k/lib/libpng.a(pngrutil.o)
                              /usr/local/devkitPro/portlibs/armv6k/lib/libpng.a(pngread.o) (png_read_sig)
/usr/local/devkitPro/portlibs/armv6k/lib/libpng.a(pngset.o)
                              /usr/local/devkitPro/portlibs/armv6k/lib/libpng.a(pngrutil.o) (png_set_bKGD)
/usr/local/devkitPro/portlibs/armv6k/lib/libpng.a(pngtrans.o)
                              /usr/local/devkitPro/portlibs/armv6k/lib/libpng.a(pngread.o) (png_set_bgr)
/usr/local/devkitPro/portlibs/armv6k/lib/libpng.a(pngwrite.o)
                              /usr/local/devkitPro/portlibs/armv6k/lib/libpng.a(png.o) (png_destroy_write_struct)
/usr/local/devkitPro/portlibs/armv6k/lib/libpng.a(pngwtran.o)
                              /usr/local/devkitPro/portlibs/armv6k/lib/libpng.a(pngwrite.o) (png_do_write_transformations)
/usr/local/devkitPro/portlibs/armv6k/lib/libpng.a(pngwutil.o)
                              /usr/local/devkitPro/portlibs/armv6k/lib/libpng.a(png.o) (png_save_uint_32)
/usr/local/devkitPro/portlibs/armv6k/lib/libpng.a(pngwio.o)
                              /usr/local/devkitPro/portlibs/armv6k/lib/libpng.a(pngwutil.o) (png_write_data)
/usr/local/devkitPro/portlibs/armv6k/lib/libz.a(adler32.o)
                              /usr/local/devkitPro/portlibs/armv6k/lib/libpng.a(png.o) (adler32)
/usr/local/devkitPro/portlibs/armv6k/lib/libz.a(crc32.o)
                              /usr/local/devkitPro/portlibs/armv6k/lib/libpng.a(png.o) (crc32)
/usr/local/devkitPro/portlibs/armv6k/lib/libz.a(deflate.o)
                              /usr/local/devkitPro/portlibs/armv6k/lib/libpng.a(pngwutil.o) (deflateReset)
/usr/local/devkitPro/portlibs/armv6k/lib/libz.a(inflate.o)
                              /usr/local/devkitPro/portlibs/armv6k/lib/libpng.a(png.o) (inflateReset)
/usr/local/devkitPro/portlibs/armv6k/lib/libz.a(inftrees.o)
                              /usr/local/devkitPro/portlibs/armv6k/lib/libz.a(inflate.o) (inflate_table)
/usr/local/devkitPro/portlibs/armv6k/lib/libz.a(trees.o)
                              /usr/local/devkitPro/portlibs/armv6k/lib/libz.a(deflate.o) (_tr_init)
/usr/local/devkitPro/portlibs/armv6k/lib/libz.a(zutil.o)
                              /usr/local/devkitPro/portlibs/armv6k/lib/libz.a(deflate.o) (zcalloc)
/usr/local/devkitPro/portlibs/armv6k/lib/libz.a(inffast.o)
                              /usr/local/devkitPro/portlibs/armv6k/lib/libz.a(inflate.o) (inflate_fast)
/usr/local/devkitPro/libctru/lib/libsf2d.a(sf2d_texture.o)
                              /usr/local/devkitPro/libctru/lib/libsfil.a(sfil_png.o) (sf2d_create_texture)
/usr/local/devkitPro/libctru/lib/libsf2d.a(sf2d.o)
                              main.o (sf2d_start_frame)
/usr/local/devkitPro/libctru/lib/libsf2d.a(sf2d_draw.o)
                              main.o (sf2d_draw_rectangle)
/usr/local/devkitPro/libctru/lib/libsf2d.a(shader.shbin.o)
                              /usr/local/devkitPro/libctru/lib/libsf2d.a(sf2d.o) (shader_shbin_size)
/usr/local/devkitPro/libctru/lib/libcitro3d.a(uniforms.o)
                              /usr/local/devkitPro/libctru/lib/libsf2d.a(sf2d.o) (C3D_FVUnifDirty)
/usr/local/devkitPro/libctru/lib/libcitro3d.a(attribs.o)
                              /usr/local/devkitPro/libctru/lib/libsf2d.a(sf2d_texture.o) (AttrInfo_Init)
/usr/local/devkitPro/libctru/lib/libcitro3d.a(effect.o)
                              /usr/local/devkitPro/libctru/lib/libsf2d.a(sf2d.o) (C3D_CullFace)
/usr/local/devkitPro/libctru/lib/libcitro3d.a(drawArrays.o)
                              /usr/local/devkitPro/libctru/lib/libsf2d.a(sf2d_texture.o) (C3D_DrawArrays)
[...]
Memory Configuration

Name             Origin             Length             Attributes
*default*        0x0000000000000000 0xffffffffffffffff

Linker script and memory map

                0x0000000000100000                PROVIDE (__start__, 0x100000)
                0x0000000000100000                . = __start__

.text           0x0000000000100000    0x6fadc
 *(.crt0)
 .crt0          0x0000000000100000       0x94 /usr/local/devkitPro/devkitARM/bin/../lib/gcc/arm-none-eabi/6.3.0/../../../../arm-none-eabi/lib/armv6k/fpu/3dsx_crt0.o
                0x0000000000100000                _start
                0x0000000000100008                __service_ptr
                0x000000000010000c                __apt_appid
                0x0000000000100010                __heap_size
                0x0000000000100014                __linear_heap_size
                0x0000000000100018                __system_arglist
                0x000000000010001c                __system_runflags
 *(.init)
 .init          0x0000000000100094        0xc /usr/local/devkitPro/devkitARM/bin/../lib/gcc/arm-none-eabi/6.3.0/armv6k/fpu/crti.o
                0x0000000000100094                _init
 .init          0x00000000001000a0        0xc /usr/local/devkitPro/devkitARM/bin/../lib/gcc/arm-none-eabi/6.3.0/armv6k/fpu/crtn.o
                0x00000000001000ac                . = ALIGN (0x4)
 *(.text)
 .text          0x00000000001000ac       0x64 /usr/local/devkitPro/libctru/lib/libctru.a(stack_adjust.o)
                0x00000000001000ac                initSystem
                0x00000000001000f0                __ctru_exit
 .text          0x0000000000100110      0x20c /usr/local/devkitPro/devkitARM/bin/../lib/gcc/arm-none-eabi/6.3.0/armv6k/fpu/libgcc.a(_udivsi3.o)
                0x0000000000100110                __udivsi3
                0x0000000000100110                __aeabi_uidiv
                0x00000000001002fc                __aeabi_uidivmod
 .text          0x000000000010031c      0x240 /usr/local/devkitPro/devkitARM/bin/../lib/gcc/arm-none-eabi/6.3.0/armv6k/fpu/libgcc.a(_divsi3.o)
                0x000000000010031c                __aeabi_idiv
                0x000000000010031c                __divsi3
                0x000000000010053c                __aeabi_idivmod
 .text          0x000000000010055c        0x4 /usr/local/devkitPro/devkitARM/bin/../lib/gcc/arm-none-eabi/6.3.0/armv6k/fpu/libgcc.a(_dvmd_tls.o)
                0x000000000010055c                __aeabi_ldiv0
                0x000000000010055c                __aeabi_idiv0
 .text          0x0000000000100560      0x3b8 /usr/local/devkitPro/devkitARM/bin/../lib/gcc/arm-none-eabi/6.3.0/armv6k/fpu/libgcc.a(_arm_addsubdf3.o)
                0x0000000000100560                __aeabi_drsub
                0x0000000000100568                __aeabi_dsub
                0x0000000000100568                __subdf3
                0x000000000010056c                __adddf3
                0x000000000010056c                __aeabi_dadd
                0x0000000000100818                __aeabi_ui2d
                0x0000000000100818                __floatunsidf
                0x000000000010083c                __floatsidf
                0x000000000010083c                __aeabi_i2d
                0x0000000000100864                __extendsfdf2
                0x0000000000100864                __aeabi_f2d
                0x00000000001008a4                __aeabi_ul2d
                0x00000000001008a4                __floatundidf
                0x00000000001008b8                __floatdidf
                0x00000000001008b8                __aeabi_l2d
 .text          0x0000000000100918      0x250 /usr/local/devkitPro/devkitARM/bin/../lib/gcc/arm-none-eabi/6.3.0/armv6k/fpu/libgcc.a(_arm_addsubsf3.o)
                0x0000000000100918                __aeabi_frsub
                0x0000000000100920                __subsf3
                0x0000000000100920                __aeabi_fsub
                0x0000000000100924                __aeabi_fadd
                0x0000000000100924                __addsf3
                0x0000000000100ab4                __aeabi_ui2f
                0x0000000000100ab4                __floatunsisf
                0x0000000000100abc                __aeabi_i2f
                0x0000000000100abc                __floatsisf
                0x0000000000100adc                __floatundisf
                0x0000000000100adc                __aeabi_ul2f
                0x0000000000100aec                __floatdisf
                0x0000000000100aec                __aeabi_l2f
 .text          0x0000000000100b68       0xd4 /usr/local/devkitPro/devkitARM/bin/../lib/gcc/arm-none-eabi/6.3.0/armv6k/fpu/libgcc.a(_aeabi_ldivmod.o)
                0x0000000000100b68                __aeabi_ldivmod
 .text          0x0000000000100c3c       0x3c /usr/local/devkitPro/devkitARM/bin/../lib/gcc/arm-none-eabi/6.3.0/armv6k/fpu/libgcc.a(_aeabi_uldivmod.o)
                0x0000000000100c3c                __aeabi_uldivmod
 .text          0x0000000000100c78       0x2c /usr/local/devkitPro/devkitARM/bin/../lib/gcc/arm-none-eabi/6.3.0/../../../../arm-none-eabi/lib/armv6k/fpu/libg.a(lib_a-setjmp.o)
                0x0000000000100c78                setjmp
                0x0000000000100c8c                longjmp
 *fill*         0x0000000000100ca4       0x1c 
 .text          0x0000000000100cc0      0x390 /usr/local/devkitPro/devkitARM/bin/../lib/gcc/arm-none-eabi/6.3.0/../../../../arm-none-eabi/lib/armv6k/fpu/libg.a(lib_a-strcmp.o)
                0x0000000000100cc8                strcmp
 *(.text.*)
 .text.deregister_tm_clones
                0x0000000000101050       0x30 /usr/local/devkitPro/devkitARM/bin/../lib/gcc/arm-none-eabi/6.3.0/armv6k/fpu/crtbegin.o
 .text.register_tm_clones
                0x0000000000101080       0x38 /usr/local/devkitPro/devkitARM/bin/../lib/gcc/arm-none-eabi/6.3.0/armv6k/fpu/crtbegin.o
 .text.__do_global_dtors_aux
                0x00000000001010b8       0x44 /usr/local/devkitPro/devkitARM/bin/../lib/gcc/arm-none-eabi/6.3.0/armv6k/fpu/crtbegin.o
 .text.frame_dummy
                0x00000000001010fc       0x5c /usr/local/devkitPro/devkitARM/bin/../lib/gcc/arm-none-eabi/6.3.0/armv6k/fpu/crtbegin.o
 .text.L_PlzNoCrashOnDispose
                0x0000000000101158        0x8 main.o
                0x0000000000101158                L_PlzNoCrashOnDispose
 .text.L_ToBlack
                0x0000000000101160       0xb4 main.o
                0x0000000000101160                L_ToBlack
 .text.L_GetPossibleEnemies
                0x0000000000101214       0x38 main.o
                0x0000000000101214                L_GetPossibleEnemies
 *fill*         0x000000000010124c        0x4 
 .text.L_GetPossibleEnemyAnimation
                0x0000000000101250       0x68 main.o
                0x0000000000101250                L_GetPossibleEnemyAnimation
 .text.L_SetPartySize
                0x00000000001012b8       0x2c main.o
                0x00000000001012b8                L_SetPartySize
 .text.L_GetPartyMemberAnimation
                0x00000000001012e4       0x68 main.o
                0x00000000001012e4                L_GetPartyMemberAnimation
 .text.L_RestorePartyMember
                0x000000000010134c       0x40 main.o
                0x000000000010134c                L_RestorePartyMember
 .text.L_SetPlayerPosition
                0x000000000010138c       0x64 main.o
                0x000000000010138c                L_SetPlayerPosition
 .text.L_Level  0x00000000001013f0      0x11c main.o
                0x00000000001013f0                L_Level
 .text.L_DestroyTileset
                0x000000000010150c       0x30 main.o
                0x000000000010150c                L_DestroyTileset
 .text.L_SetMapImageData
                0x000000000010153c       0xd8 main.o
                0x000000000010153c                L_SetMapImageData
 .text.L_Wait   0x0000000000101614       0x18 main.o
                0x0000000000101614                L_Wait
 .text.L_GetSpell
                0x000000000010162c       0x5c main.o
                0x000000000010162c                L_GetSpell
 .text.L_SetEncounterRate
                0x0000000000101688       0x54 main.o
                0x0000000000101688                L_SetEncounterRate
 .text.L_GetPartySize
                0x00000000001016dc       0x24 main.o
                0x00000000001016dc                L_GetPartySize
 .text.L_GetLevel
                0x0000000000101700       0x48 main.o
                0x0000000000101700                L_GetLevel
 .text.L_SetInt
                0x0000000000101748       0x34 main.o
                0x0000000000101748                L_SetInt
 .text.L_SetTileset
                0x000000000010177c       0x48 main.o
                0x000000000010177c                L_SetTileset
 .text.L_GetSpellAnimation
                0x00000000001017c4       0x24 main.o
                0x00000000001017c4                L_GetSpellAnimation
 .text.L_SetPartyMember
                0x00000000001017e8       0x40 main.o
                0x00000000001017e8                L_SetPartyMember
 .text.L_FreeAnimationImage
                0x0000000000101828       0x30 main.o
                0x0000000000101828                L_FreeAnimationImage
 .text.L_UnloadTexture
                0x0000000000101858       0x18 main.o
                0x0000000000101858                L_UnloadTexture
 .text.L_AddSpellToStats
                0x0000000000101870       0x6c main.o
                0x0000000000101870                L_AddSpellToStats
 .text.L_LoadPNG
                0x00000000001018dc       0x30 main.o
                0x00000000001018dc                L_LoadPNG
 .text.L_SetMapOtherData
                0x000000000010190c       0xb4 main.o
                0x000000000010190c                L_SetMapOtherData
 .text.L_GetMap
                0x00000000001019c0      0x12c main.o
                0x00000000001019c0                L_GetMap
 .text.L_SetSpell
                0x0000000000101aec       0xc4 main.o
                0x0000000000101aec                L_SetSpell
 .text.L_SetStats
                0x0000000000101bb0      0x190 main.o
                0x0000000000101bb0                L_SetStats
 .text.L_SetStatsSpells
                0x0000000000101d40       0x58 main.o
                0x0000000000101d40                L_SetStatsSpells
 .text.L_MallocString
                0x0000000000101d98       0x48 main.o
                0x0000000000101d98                L_MallocString
 .text.L_Free   0x0000000000101de0       0x18 main.o
                0x0000000000101de0                L_Free
 .text.L_GetPartyMemberStats
                0x0000000000101df8       0x70 main.o
                0x0000000000101df8                L_GetPartyMemberStats
 .text.GetBattlerById.part.5
                0x0000000000101e68       0x28 main.o
 .text.SetupHardcodedLanguage
                0x0000000000101e90      0x288 main.o
                0x0000000000101e90                SetupHardcodedLanguage
 .text.FpsCapWait
                0x0000000000102118       0x30 main.o
                0x0000000000102118                FpsCapWait
 .text.DrawMap  0x0000000000102148      0x258 main.o
                0x0000000000102148                DrawMap
 .text.StartFrameStuff
                0x00000000001023a0       0x3c main.o
                0x00000000001023a0                StartFrameStuff
 .text.UpdateAnimationIfNeed
                0x00000000001023dc       0xac main.o
                0x00000000001023dc                UpdateAnimationIfNeed
 .text.DrawAnimationAsObject
                0x0000000000102488      0x14c main.o
                0x0000000000102488                DrawAnimationAsObject
 .text.DrawAnimationAsISay
                0x00000000001025d4       0x78 main.o
                0x00000000001025d4                DrawAnimationAsISay
 .text.DrawMapObjects
                0x000000000010264c       0x4c main.o
                0x000000000010264c                DrawMapObjects
 .text.UpdateCameraValues
                0x0000000000102698      0x130 main.o
                0x0000000000102698                UpdateCameraValues
 .text.DrawUnusedAreaRect
                0x00000000001027c8       0x7c main.o
                0x00000000001027c8                DrawUnusedAreaRect
 .text.L_RedrawMap
                0x0000000000102844       0x3c main.o
                0x0000000000102844                L_RedrawMap
 .text.checkCollision
                0x0000000000102880       0x48 main.o
                0x0000000000102880                checkCollision
 .text.ExecuteEvent
                0x00000000001028c8       0xa0 main.o
                0x00000000001028c8                ExecuteEvent
 .text.IsThisTilde
                0x0000000000102968       0x5c main.o
                0x0000000000102968                IsThisTilde
 .text.DrawLetterUnscaled
                0x00000000001029c4       0x50 main.o
                0x00000000001029c4                DrawLetterUnscaled
 .text.DrawTildeLetterUnscaled
                0x0000000000102a14      0x158 main.o
                0x0000000000102a14                DrawTildeLetterUnscaled
 .text.DrawTextAsISay
                0x0000000000102b6c       0x90 main.o
                0x0000000000102b6c                DrawTextAsISay
 *fill*         0x0000000000102bfc        0x4 
 .text.BasicMessage
                0x0000000000102c00      0x328 main.o
                0x0000000000102c00                BasicMessage
 .text.L_SetAnimation
                0x0000000000102f28      0x15c main.o
                0x0000000000102f28                L_SetAnimation
 .text.L_DebugMsg
                0x0000000000103084       0x1c main.o
                0x0000000000103084                L_DebugMsg
 .text.L_Malloc
                0x00000000001030a0      0x10c main.o
                0x00000000001030a0                L_Malloc
 *fill*         0x00000000001031ac        0x4 
 .text.ShowMessageWithPortrait
                0x00000000001031b0      0x700 main.o
                0x00000000001031b0                ShowMessageWithPortrait
 .text.L_ShowMessageWithPortrait
                0x00000000001038b0       0x94 main.o
                0x00000000001038b0                L_ShowMessageWithPortrait
 *fill*         0x0000000000103944        0x4 
 .text.L_ShowMessage
                0x0000000000103948       0x68 main.o
                0x0000000000103948                L_ShowMessage
 .text.L_EndGame
                0x00000000001039b0       0x80 main.o
                0x00000000001039b0                L_EndGame
 .text.LoadMap  0x0000000000103a30      0x324 main.o
                0x0000000000103a30                LoadMap
 .text.UnloadMap
                0x0000000000103d54      0x168 main.o
                0x0000000000103d54                UnloadMap
 .text.L_ChangeMap
                0x0000000000103ebc       0x38 main.o
                0x0000000000103ebc                L_ChangeMap
 .text.CalculateDamage
                0x0000000000103ef4       0x54 main.o
                0x0000000000103ef4                CalculateDamage
 .text.Damage   0x0000000000103f48       0x78 main.o
                0x0000000000103f48                Damage
 .text.InitWildBattle
                0x0000000000103fc0      0x174 main.o
                0x0000000000103fc0                InitWildBattle
 .text.BattleInit
                0x0000000000104134      0x120 main.o
                0x0000000000104134                BattleInit
 .text.AddToSpellList
                0x0000000000104254       0x78 main.o
                0x0000000000104254                AddToSpellList
 .text.L_AddSpell
                0x00000000001042cc       0x2c main.o
                0x00000000001042cc                L_AddSpell
 .text.CenterText
                0x00000000001042f8       0x50 main.o
                0x00000000001042f8                CenterText
 .text.SelectSpell
                0x0000000000104348      0x2cc main.o
                0x0000000000104348                SelectSpell
 .text.DisposeAllLoadedSpellImages
                0x0000000000104614       0x74 main.o
                0x0000000000104614                DisposeAllLoadedSpellImages
 .text.LoadSpellImageIfNeeded
                0x0000000000104688       0x4c main.o
                0x0000000000104688                LoadSpellImageIfNeeded
 *fill*         0x00000000001046d4        0x4 
 .text.StatusLoop
                0x00000000001046d8      0x43c main.o
                0x00000000001046d8                StatusLoop
 .text.MenuLop  0x0000000000104b14      0x230 main.o
                0x0000000000104b14                MenuLop
 .text.Overworld
                0x0000000000104d44      0x51c main.o
                0x0000000000104d44                Overworld
 .text.BattleLop
                0x0000000000105260     0x26bc main.o
                0x0000000000105260                BattleLop
 .text.L_StartWildBattle
                0x000000000010791c       0x2c main.o
                0x000000000010791c                L_StartWildBattle
 .text.L_StartSpecificBattle
                0x0000000000107948      0x118 main.o
                0x0000000000107948                L_StartSpecificBattle
 .text.TitleLoop
                0x0000000000107a60      0x390 main.o
                0x0000000000107a60                TitleLoop
 .text.PushCFunctions
                0x0000000000107df0      0x61c main.o
                0x0000000000107df0                PushCFunctions
 *fill*         0x000000000010840c        0x4 
 .text.Init     0x0000000000108410      0x388 main.o
                0x0000000000108410                Init
 .text.startup.main
                0x0000000000108798       0xa4 main.o
                0x0000000000108798                main
 .text._sfil_read_png_file_fn
                0x000000000010883c       0x28 /usr/local/devkitPro/libctru/lib/libsfil.a(sfil_png.o)
 .text._sfil_load_PNG_generic
                0x0000000000108864      0x2f4 /usr/local/devkitPro/libctru/lib/libsfil.a(sfil_png.o)
 .text.sfil_load_PNG_file
                0x0000000000108b58       0xa0 /usr/local/devkitPro/libctru/lib/libsfil.a(sfil_png.o)
                0x0000000000108b58                sfil_load_PNG_file
 .text.png_zalloc
                0x0000000000108bf8       0x50 /usr/local/devkitPro/portlibs/armv6k/lib/libpng.a(png.o)
                0x0000000000108bf8                png_zalloc
 .text.png_zfree
                0x0000000000108c48        0x4 /usr/local/devkitPro/portlibs/armv6k/lib/libpng.a(png.o)
                0x0000000000108c48                png_zfree
 *fill*         0x0000000000108c4c        0x4 
 .text.png_build_16bit_table
                0x0000000000108c50      0x1d0 /usr/local/devkitPro/portlibs/armv6k/lib/libpng.a(png.o)
 .text.png_colorspace_endpoints_match
                0x0000000000108e20      0x114 /usr/local/devkitPro/portlibs/armv6k/lib/libpng.a(png.o)
 .text.png_free_data.part.3
                0x0000000000108f34      0x498 /usr/local/devkitPro/portlibs/armv6k/lib/libpng.a(png.o)
 *fill*         0x00000000001093cc        0x4 
 .text.png_muldiv.part.9
                0x00000000001093d0       0x88 /usr/local/devkitPro/portlibs/armv6k/lib/libpng.a(png.o)
 .text.png_gamma_8bit_correct.part.15
                0x0000000000109458       0x70 /usr/local/devkitPro/portlibs/armv6k/lib/libpng.a(png.o)
 .text.png_icc_profile_error
                0x00000000001094c8      0x200 /usr/local/devkitPro/portlibs/armv6k/lib/libpng.a(png.o)
 .text.png_set_sig_bytes
                0x00000000001096c8       0x3c /usr/local/devkitPro/portlibs/armv6k/lib/libpng.a(png.o)
                0x00000000001096c8                png_set_sig_bytes
 .text.png_sig_cmp
                0x0000000000109704       0x70 /usr/local/devkitPro/portlibs/armv6k/lib/libpng.a(png.o)
                0x0000000000109704                png_sig_cmp
 .text.png_reset_crc
                0x0000000000109774       0x20 /usr/local/devkitPro/portlibs/armv6k/lib/libpng.a(png.o)
                0x0000000000109774                png_reset_crc
 .text.png_calculate_crc
                0x0000000000109794       0x54 /usr/local/devkitPro/portlibs/armv6k/lib/libpng.a(png.o)
                0x0000000000109794                png_calculate_crc
 .text.png_user_version_check
                0x00000000001097e8      0x110 /usr/local/devkitPro/portlibs/armv6k/lib/libpng.a(png.o)
                0x00000000001097e8                png_user_version_check
 .text.png_create_png_struct
                0x00000000001098f8      0x114 /usr/local/devkitPro/portlibs/armv6k/lib/libpng.a(png.o)
                0x00000000001098f8                png_create_png_struct
 .text.png_create_info_struct
                0x0000000000109a0c       0x40 /usr/local/devkitPro/portlibs/armv6k/lib/libpng.a(png.o)
                0x0000000000109a0c                png_create_info_struct
 .text.png_destroy_info_struct
                0x0000000000109a4c      0x3a0 /usr/local/devkitPro/portlibs/armv6k/lib/libpng.a(png.o)
                0x0000000000109a4c                png_destroy_info_struct
 .text.png_free_data
                0x0000000000109dec       0x10 /usr/local/devkitPro/portlibs/armv6k/lib/libpng.a(png.o)
                0x0000000000109dec                png_free_data
 .text.png_get_io_ptr
                0x0000000000109dfc        0xc /usr/local/devkitPro/portlibs/armv6k/lib/libpng.a(png.o)
                0x0000000000109dfc                png_get_io_ptr
 .text.png_chunk_unknown_handling
                0x0000000000109e08       0x94 /usr/local/devkitPro/portlibs/armv6k/lib/libpng.a(png.o)
                0x0000000000109e08                png_chunk_unknown_handling
 .text.png_zstream_error
                0x0000000000109e9c       0xe4 /usr/local/devkitPro/portlibs/armv6k/lib/libpng.a(png.o)
                0x0000000000109e9c                png_zstream_error
 .text.png_colorspace_set_gamma
                0x0000000000109f80      0x158 /usr/local/devkitPro/portlibs/armv6k/lib/libpng.a(png.o)
                0x0000000000109f80                png_colorspace_set_gamma
 .text.png_colorspace_sync
                0x000000000010a0d8       0x84 /usr/local/devkitPro/portlibs/armv6k/lib/libpng.a(png.o)
                0x000000000010a0d8                png_colorspace_sync
 *fill*         0x000000000010a15c        0x4 
 .text.png_colorspace_set_sRGB
                0x000000000010a160      0x204 /usr/local/devkitPro/portlibs/armv6k/lib/libpng.a(png.o)
                0x000000000010a160                png_colorspace_set_sRGB
 .text.png_icc_check_length
                0x000000000010a364      0x198 /usr/local/devkitPro/portlibs/armv6k/lib/libpng.a(png.o)
                0x000000000010a364                png_icc_check_length
 .text.png_icc_check_header
                0x000000000010a4fc      0x37c /usr/local/devkitPro/portlibs/armv6k/lib/libpng.a(png.o)
                0x000000000010a4fc                png_icc_check_header
 .text.png_icc_check_tag_table
                0x000000000010a878      0x138 /usr/local/devkitPro/portlibs/armv6k/lib/libpng.a(png.o)
                0x000000000010a878                png_icc_check_tag_table
 .text.png_icc_set_sRGB
                0x000000000010a9b0      0x250 /usr/local/devkitPro/portlibs/armv6k/lib/libpng.a(png.o)
                0x000000000010a9b0                png_icc_set_sRGB
 .text.png_colorspace_set_rgb_coefficients
                0x000000000010ac00      0x284 /usr/local/devkitPro/portlibs/armv6k/lib/libpng.a(png.o)
                0x000000000010ac00                png_colorspace_set_rgb_coefficients
 .text.png_check_IHDR
                0x000000000010ae84      0x2ac /usr/local/devkitPro/portlibs/armv6k/lib/libpng.a(png.o)
                0x000000000010ae84                png_check_IHDR
 .text.png_check_fp_number
                0x000000000010b130      0x2a8 /usr/local/devkitPro/portlibs/armv6k/lib/libpng.a(png.o)
                0x000000000010b130                png_check_fp_number
 .text.png_check_fp_string
                0x000000000010b3d8      0x2d4 /usr/local/devkitPro/portlibs/armv6k/lib/libpng.a(png.o)
                0x000000000010b3d8                png_check_fp_string
 *fill*         0x000000000010b6ac        0x4 
 .text.png_muldiv
                0x000000000010b6b0       0xc8 /usr/local/devkitPro/portlibs/armv6k/lib/libpng.a(png.o)
                0x000000000010b6b0                png_muldiv
 .text.png_reciprocal
                0x000000000010b778       0x78 /usr/local/devkitPro/portlibs/armv6k/lib/libpng.a(png.o)
                0x000000000010b778                png_reciprocal
 .text.png_colorspace_set_chromaticities
                0x000000000010b7f0      0xb6c /usr/local/devkitPro/portlibs/armv6k/lib/libpng.a(png.o)
                0x000000000010b7f0                png_colorspace_set_chromaticities
 .text.png_gamma_significant
                0x000000000010c35c       0x20 /usr/local/devkitPro/portlibs/armv6k/lib/libpng.a(png.o)
                0x000000000010c35c                png_gamma_significant
 *fill*         0x000000000010c37c        0x4 
 .text.png_reciprocal2
                0x000000000010c380       0xa0 /usr/local/devkitPro/portlibs/armv6k/lib/libpng.a(png.o)
                0x000000000010c380                png_reciprocal2
 .text.png_gamma_8bit_correct
                0x000000000010c420       0x90 /usr/local/devkitPro/portlibs/armv6k/lib/libpng.a(png.o)
                0x000000000010c420                png_gamma_8bit_correct
 .text.png_gamma_correct
                0x000000000010c4b0      0x104 /usr/local/devkitPro/portlibs/armv6k/lib/libpng.a(png.o)
                0x000000000010c4b0                png_gamma_correct
 .text.png_destroy_gamma_table
                0x000000000010c5b4      0x134 /usr/local/devkitPro/portlibs/armv6k/lib/libpng.a(png.o)
                0x000000000010c5b4                png_destroy_gamma_table
 .text.png_build_gamma_table
                0x000000000010c6e8      0x880 /usr/local/devkitPro/portlibs/armv6k/lib/libpng.a(png.o)
                0x000000000010c6e8                png_build_gamma_table
 .text.png_format_buffer.isra.0
                0x000000000010cf68      0x1f0 /usr/local/devkitPro/portlibs/armv6k/lib/libpng.a(pngerror.o)
 .text.png_safecat
                0x000000000010d158       0x78 /usr/local/devkitPro/portlibs/armv6k/lib/libpng.a(pngerror.o)
                0x000000000010d158                png_safecat
 .text.png_format_number
                0x000000000010d1d0      0x170 /usr/local/devkitPro/portlibs/armv6k/lib/libpng.a(pngerror.o)
                0x000000000010d1d0                png_format_number
 .text.png_warning
                0x000000000010d340      0x14c /usr/local/devkitPro/portlibs/armv6k/lib/libpng.a(pngerror.o)
                0x000000000010d340                png_warning
 .text.png_chunk_warning
                0x000000000010d48c      0x1ac /usr/local/devkitPro/portlibs/armv6k/lib/libpng.a(pngerror.o)
                0x000000000010d48c                png_chunk_warning
 .text.png_free_jmpbuf
                0x000000000010d638       0x94 /usr/local/devkitPro/portlibs/armv6k/lib/libpng.a(pngerror.o)
                0x000000000010d638                png_free_jmpbuf
 .text.png_longjmp
                0x000000000010d6cc       0x2c /usr/local/devkitPro/portlibs/armv6k/lib/libpng.a(pngerror.o)
                0x000000000010d6cc                png_longjmp
 .text.png_error
                0x000000000010d6f8       0x60 /usr/local/devkitPro/portlibs/armv6k/lib/libpng.a(pngerror.o)
                0x000000000010d6f8                png_error
 .text.png_app_warning
                0x000000000010d758      0x15c /usr/local/devkitPro/portlibs/armv6k/lib/libpng.a(pngerror.o)
                0x000000000010d758                png_app_warning
 .text.png_app_error
                0x000000000010d8b4      0x15c /usr/local/devkitPro/portlibs/armv6k/lib/libpng.a(pngerror.o)
                0x000000000010d8b4                png_app_error
 .text.png_chunk_error
                0x000000000010da10       0x2c /usr/local/devkitPro/portlibs/armv6k/lib/libpng.a(pngerror.o)
                0x000000000010da10                png_chunk_error
 .text.png_chunk_benign_error
                0x000000000010da3c      0x1a4 /usr/local/devkitPro/portlibs/armv6k/lib/libpng.a(pngerror.o)
                0x000000000010da3c                png_chunk_benign_error
 .text.png_benign_error
                0x000000000010dbe0      0x2d4 /usr/local/devkitPro/portlibs/armv6k/lib/libpng.a(pngerror.o)
                0x000000000010dbe0                png_benign_error
 .text.png_set_longjmp_fn
                0x000000000010deb4       0xf0 /usr/local/devkitPro/portlibs/armv6k/lib/libpng.a(pngerror.o)
                0x000000000010deb4                png_set_longjmp_fn
 .text.png_chunk_report
                0x000000000010dfa4      0x2dc /usr/local/devkitPro/portlibs/armv6k/lib/libpng.a(pngerror.o)
                0x000000000010dfa4                png_chunk_report
 .text.png_set_error_fn
                0x000000000010e280       0x14 /usr/local/devkitPro/portlibs/armv6k/lib/libpng.a(pngerror.o)
                0x000000000010e280                png_set_error_fn
 .text.png_get_valid
                0x000000000010e294       0x1c /usr/local/devkitPro/portlibs/armv6k/lib/libpng.a(pngget.o)
                0x000000000010e294                png_get_valid
 .text.png_get_IHDR
                0x000000000010e2b0       0xa0 /usr/local/devkitPro/portlibs/armv6k/lib/libpng.a(pngget.o)
                0x000000000010e2b0                png_get_IHDR
 .text.png_destroy_png_struct
                0x000000000010e350       0x64 /usr/local/devkitPro/portlibs/armv6k/lib/libpng.a(pngmem.o)
                0x000000000010e350                png_destroy_png_struct
 .text.png_calloc
                0x000000000010e3b4       0x78 /usr/local/devkitPro/portlibs/armv6k/lib/libpng.a(pngmem.o)
                0x000000000010e3b4                png_calloc
 .text.png_malloc_base
                0x000000000010e42c       0x30 /usr/local/devkitPro/portlibs/armv6k/lib/libpng.a(pngmem.o)
                0x000000000010e42c                png_malloc_base
 .text.png_malloc_array
                0x000000000010e45c       0x8c /usr/local/devkitPro/portlibs/armv6k/lib/libpng.a(pngmem.o)
                0x000000000010e45c                png_malloc_array
 .text.png_realloc_array
                0x000000000010e4e8      0x104 /usr/local/devkitPro/portlibs/armv6k/lib/libpng.a(pngmem.o)
                0x000000000010e4e8                png_realloc_array
 .text.png_malloc
                0x000000000010e5ec       0x5c /usr/local/devkitPro/portlibs/armv6k/lib/libpng.a(pngmem.o)
                0x000000000010e5ec                png_malloc
 .text.png_malloc_warn
                0x000000000010e648       0x64 /usr/local/devkitPro/portlibs/armv6k/lib/libpng.a(pngmem.o)
                0x000000000010e648                png_malloc_warn
 .text.png_free
                0x000000000010e6ac       0x24 /usr/local/devkitPro/portlibs/armv6k/lib/libpng.a(pngmem.o)
                0x000000000010e6ac                png_free
 .text.png_set_mem_fn
                0x000000000010e6d0       0x14 /usr/local/devkitPro/portlibs/armv6k/lib/libpng.a(pngmem.o)
                0x000000000010e6d0                png_set_mem_fn
 .text.png_do_read_intrapixel
                0x000000000010e6e4      0x110 /usr/local/devkitPro/portlibs/armv6k/lib/libpng.a(pngread.o)
 .text.png_read_info.part.3
                0x000000000010e7f4      0x408 /usr/local/devkitPro/portlibs/armv6k/lib/libpng.a(pngread.o)
 .text.png_create_read_struct
                0x000000000010ebfc       0x58 /usr/local/devkitPro/portlibs/armv6k/lib/libpng.a(pngread.o)
                0x000000000010ebfc                png_create_read_struct
 .text.png_read_info
                0x000000000010ec54       0x10 /usr/local/devkitPro/portlibs/armv6k/lib/libpng.a(pngread.o)
                0x000000000010ec54                png_read_info
 .text.png_read_update_info
                0x000000000010ec64       0x40 /usr/local/devkitPro/portlibs/armv6k/lib/libpng.a(pngread.o)
                0x000000000010ec64                png_read_update_info
 .text.png_read_image
                0x000000000010eca4      0x3bc /usr/local/devkitPro/portlibs/armv6k/lib/libpng.a(pngread.o)
                0x000000000010eca4                png_read_image
 .text.png_destroy_read_struct
                0x000000000010f060      0x134 /usr/local/devkitPro/portlibs/armv6k/lib/libpng.a(pngread.o)
                0x000000000010f060                png_destroy_read_struct
 .text.png_default_read_data
                0x000000000010f194       0x38 /usr/local/devkitPro/portlibs/armv6k/lib/libpng.a(pngrio.o)
                0x000000000010f194                png_default_read_data
 .text.png_read_data
                0x000000000010f1cc       0x20 /usr/local/devkitPro/portlibs/armv6k/lib/libpng.a(pngrio.o)
                0x000000000010f1cc                png_read_data
 .text.png_set_read_fn
                0x000000000010f1ec       0x50 /usr/local/devkitPro/portlibs/armv6k/lib/libpng.a(pngrio.o)
                0x000000000010f1ec                png_set_read_fn
 .text.png_do_gray_to_rgb
                0x000000000010f23c      0x218 /usr/local/devkitPro/portlibs/armv6k/lib/libpng.a(pngrtran.o)
 .text.png_do_compose
                0x000000000010f454     0x1170 /usr/local/devkitPro/portlibs/armv6k/lib/libpng.a(pngrtran.o)
 .text.png_set_scale_16
                0x00000000001105c4       0x38 /usr/local/devkitPro/portlibs/armv6k/lib/libpng.a(pngrtran.o)
                0x00000000001105c4                png_set_scale_16
 .text.png_set_expand
                0x00000000001105fc       0x3c /usr/local/devkitPro/portlibs/armv6k/lib/libpng.a(pngrtran.o)
                0x00000000001105fc                png_set_expand
 .text.png_set_palette_to_rgb
                0x0000000000110638       0x3c /usr/local/devkitPro/portlibs/armv6k/lib/libpng.a(pngrtran.o)
                0x0000000000110638                png_set_palette_to_rgb
 .text.png_set_expand_gray_1_2_4_to_8
                0x0000000000110674       0x38 /usr/local/devkitPro/portlibs/armv6k/lib/libpng.a(pngrtran.o)
                0x0000000000110674                png_set_expand_gray_1_2_4_to_8
 .text.png_set_tRNS_to_alpha
                0x00000000001106ac       0x3c /usr/local/devkitPro/portlibs/armv6k/lib/libpng.a(pngrtran.o)
                0x00000000001106ac                png_set_tRNS_to_alpha
 .text.png_set_gray_to_rgb
                0x00000000001106e8       0x38 /usr/local/devkitPro/portlibs/armv6k/lib/libpng.a(pngrtran.o)
                0x00000000001106e8                png_set_gray_to_rgb
 .text.png_init_read_transformations
                0x0000000000110720      0xcc4 /usr/local/devkitPro/portlibs/armv6k/lib/libpng.a(pngrtran.o)
                0x0000000000110720                png_init_read_transformations
 .text.png_read_transform_info
                0x00000000001113e4      0x2c4 /usr/local/devkitPro/portlibs/armv6k/lib/libpng.a(pngrtran.o)
                0x00000000001113e4                png_read_transform_info
 .text.png_do_read_transformations
                0x00000000001116a8     0x23f0 /usr/local/devkitPro/portlibs/armv6k/lib/libpng.a(pngrtran.o)
                0x00000000001116a8                png_do_read_transformations
 .text.png_read_filter_row_sub
                0x0000000000113a98      0x1d0 /usr/local/devkitPro/portlibs/armv6k/lib/libpng.a(pngrutil.o)
 .text.png_read_filter_row_up
                0x0000000000113c68      0x1ac /usr/local/devkitPro/portlibs/armv6k/lib/libpng.a(pngrutil.o)
 .text.png_read_filter_row_avg
                0x0000000000113e14       0x80 /usr/local/devkitPro/portlibs/armv6k/lib/libpng.a(pngrutil.o)
 .text.png_read_filter_row_paeth_1byte_pixel
                0x0000000000113e94       0x8c /usr/local/devkitPro/portlibs/armv6k/lib/libpng.a(pngrutil.o)
 .text.png_read_filter_row_paeth_multibyte_pixel
                0x0000000000113f20      0x26c /usr/local/devkitPro/portlibs/armv6k/lib/libpng.a(pngrutil.o)
 .text.png_inflate_claim
                0x000000000011418c      0x100 /usr/local/devkitPro/portlibs/armv6k/lib/libpng.a(pngrutil.o)
 .text.png_inflate.constprop.7
                0x000000000011428c      0x170 /usr/local/devkitPro/portlibs/armv6k/lib/libpng.a(pngrutil.o)
 .text.png_inflate_read.part.2.constprop.5
                0x00000000001143fc      0x1b4 /usr/local/devkitPro/portlibs/armv6k/lib/libpng.a(pngrutil.o)
 .text.png_crc_finish.constprop.9
                0x00000000001145b0       0xdc /usr/local/devkitPro/portlibs/armv6k/lib/libpng.a(pngrutil.o)
 .text.png_decompress_chunk.constprop.6
                0x000000000011468c      0x2b8 /usr/local/devkitPro/portlibs/armv6k/lib/libpng.a(pngrutil.o)
 .text.png_read_sig
                0x0000000000114944       0xac /usr/local/devkitPro/portlibs/armv6k/lib/libpng.a(pngrutil.o)
                0x0000000000114944                png_read_sig
 .text.png_read_chunk_header
                0x00000000001149f0      0x158 /usr/local/devkitPro/portlibs/armv6k/lib/libpng.a(pngrutil.o)
                0x00000000001149f0                png_read_chunk_header
 .text.png_crc_finish
                0x0000000000114b48      0x15c /usr/local/devkitPro/portlibs/armv6k/lib/libpng.a(pngrutil.o)
                0x0000000000114b48                png_crc_finish
 .text.png_handle_IHDR
                0x0000000000114ca4      0x178 /usr/local/devkitPro/portlibs/armv6k/lib/libpng.a(pngrutil.o)
                0x0000000000114ca4                png_handle_IHDR
 .text.png_handle_PLTE
                0x0000000000114e1c      0x250 /usr/local/devkitPro/portlibs/armv6k/lib/libpng.a(pngrutil.o)
                0x0000000000114e1c                png_handle_PLTE
 .text.png_handle_IEND
                0x000000000011506c       0x54 /usr/local/devkitPro/portlibs/armv6k/lib/libpng.a(pngrutil.o)
                0x000000000011506c                png_handle_IEND
 .text.png_handle_gAMA
                0x00000000001150c0       0xe4 /usr/local/devkitPro/portlibs/armv6k/lib/libpng.a(pngrutil.o)
                0x00000000001150c0                png_handle_gAMA
 .text.png_handle_sBIT
                0x00000000001151a4      0x214 /usr/local/devkitPro/portlibs/armv6k/lib/libpng.a(pngrutil.o)
                0x00000000001151a4                png_handle_sBIT
 .text.png_handle_cHRM
                0x00000000001153b8      0x300 /usr/local/devkitPro/portlibs/armv6k/lib/libpng.a(pngrutil.o)
                0x00000000001153b8                png_handle_cHRM
 .text.png_handle_sRGB
                0x00000000001156b8      0x108 /usr/local/devkitPro/portlibs/armv6k/lib/libpng.a(pngrutil.o)
                0x00000000001156b8                png_handle_sRGB
 .text.png_handle_iCCP
                0x00000000001157c0      0x5dc /usr/local/devkitPro/portlibs/armv6k/lib/libpng.a(pngrutil.o)
                0x00000000001157c0                png_handle_iCCP
 .text.png_handle_sPLT
                0x0000000000115d9c      0x330 /usr/local/devkitPro/portlibs/armv6k/lib/libpng.a(pngrutil.o)
                0x0000000000115d9c                png_handle_sPLT
 .text.png_handle_tRNS
                0x00000000001160cc      0x23c /usr/local/devkitPro/portlibs/armv6k/lib/libpng.a(pngrutil.o)
                0x00000000001160cc                png_handle_tRNS
 .text.png_handle_bKGD
                0x0000000000116308      0x224 /usr/local/devkitPro/portlibs/armv6k/lib/libpng.a(pngrutil.o)
                0x0000000000116308                png_handle_bKGD
 .text.png_handle_hIST
                0x000000000011652c      0x13c /usr/local/devkitPro/portlibs/armv6k/lib/libpng.a(pngrutil.o)
                0x000000000011652c                png_handle_hIST
 .text.png_handle_pHYs
                0x0000000000116668      0x13c /usr/local/devkitPro/portlibs/armv6k/lib/libpng.a(pngrutil.o)
                0x0000000000116668                png_handle_pHYs
 .text.png_handle_oFFs
                0x00000000001167a4      0x15c /usr/local/devkitPro/portlibs/armv6k/lib/libpng.a(pngrutil.o)
                0x00000000001167a4                png_handle_oFFs
 .text.png_handle_pCAL
                0x0000000000116900      0x378 /usr/local/devkitPro/portlibs/armv6k/lib/libpng.a(pngrutil.o)
                0x0000000000116900                png_handle_pCAL
 .text.png_handle_sCAL
                0x0000000000116c78      0x284 /usr/local/devkitPro/portlibs/armv6k/lib/libpng.a(pngrutil.o)
                0x0000000000116c78                png_handle_sCAL
 .text.png_handle_tIME
                0x0000000000116efc      0x114 /usr/local/devkitPro/portlibs/armv6k/lib/libpng.a(pngrutil.o)
                0x0000000000116efc                png_handle_tIME
 .text.png_handle_tEXt
                0x0000000000117010      0x1c4 /usr/local/devkitPro/portlibs/armv6k/lib/libpng.a(pngrutil.o)
                0x0000000000117010                png_handle_tEXt
 .text.png_handle_zTXt
                0x00000000001171d4      0x24c /usr/local/devkitPro/portlibs/armv6k/lib/libpng.a(pngrutil.o)
                0x00000000001171d4                png_handle_zTXt
 .text.png_handle_iTXt
                0x0000000000117420      0x348 /usr/local/devkitPro/portlibs/armv6k/lib/libpng.a(pngrutil.o)
                0x0000000000117420                png_handle_iTXt
 .text.png_handle_unknown
                0x0000000000117768      0x36c /usr/local/devkitPro/portlibs/armv6k/lib/libpng.a(pngrutil.o)
                0x0000000000117768                png_handle_unknown
 .text.png_combine_row
                0x0000000000117ad4      0x4dc /usr/local/devkitPro/portlibs/armv6k/lib/libpng.a(pngrutil.o)
                0x0000000000117ad4                png_combine_row
 .text.png_do_read_interlace
                0x0000000000117fb0      0x484 /usr/local/devkitPro/portlibs/armv6k/lib/libpng.a(pngrutil.o)
                0x0000000000117fb0                png_do_read_interlace
 .text.png_read_filter_row
                0x0000000000118434       0x90 /usr/local/devkitPro/portlibs/armv6k/lib/libpng.a(pngrutil.o)
                0x0000000000118434                png_read_filter_row
 .text.png_read_IDAT_data
                0x00000000001184c4      0x454 /usr/local/devkitPro/portlibs/armv6k/lib/libpng.a(pngrutil.o)
                0x00000000001184c4                png_read_IDAT_data
 .text.png_read_finish_row
                0x0000000000118918      0x368 /usr/local/devkitPro/portlibs/armv6k/lib/libpng.a(pngrutil.o)
                0x0000000000118918                png_read_finish_row
 .text.png_read_start_row
                0x0000000000118c80      0x340 /usr/local/devkitPro/portlibs/armv6k/lib/libpng.a(pngrutil.o)
                0x0000000000118c80                png_read_start_row
 .text.png_set_bKGD
                0x0000000000118fc0       0x50 /usr/local/devkitPro/portlibs/armv6k/lib/libpng.a(pngset.o)
                0x0000000000118fc0                png_set_bKGD
 .text.png_set_hIST
                0x0000000000119010       0xac /usr/local/devkitPro/portlibs/armv6k/lib/libpng.a(pngset.o)
                0x0000000000119010                png_set_hIST
 .text.png_set_IHDR
                0x00000000001190bc       0xdc /usr/local/devkitPro/portlibs/armv6k/lib/libpng.a(pngset.o)
                0x00000000001190bc                png_set_IHDR
 .text.png_set_oFFs
                0x0000000000119198       0x2c /usr/local/devkitPro/portlibs/armv6k/lib/libpng.a(pngset.o)
                0x0000000000119198                png_set_oFFs
 .text.png_set_pCAL
                0x00000000001191c4      0x268 /usr/local/devkitPro/portlibs/armv6k/lib/libpng.a(pngset.o)
                0x00000000001191c4                png_set_pCAL
 .text.png_set_sCAL_s
                0x000000000011942c      0x164 /usr/local/devkitPro/portlibs/armv6k/lib/libpng.a(pngset.o)
                0x000000000011942c                png_set_sCAL_s
 .text.png_set_pHYs
                0x0000000000119590       0x2c /usr/local/devkitPro/portlibs/armv6k/lib/libpng.a(pngset.o)
                0x0000000000119590                png_set_pHYs
 .text.png_set_PLTE
                0x00000000001195bc      0x130 /usr/local/devkitPro/portlibs/armv6k/lib/libpng.a(pngset.o)
                0x00000000001195bc                png_set_PLTE
 .text.png_set_sBIT
                0x00000000001196ec       0x44 /usr/local/devkitPro/portlibs/armv6k/lib/libpng.a(pngset.o)
                0x00000000001196ec                png_set_sBIT
 .text.png_set_text_2
                0x0000000000119730      0x334 /usr/local/devkitPro/portlibs/armv6k/lib/libpng.a(pngset.o)
                0x0000000000119730                png_set_text_2
 .text.png_set_tIME
                0x0000000000119a64       0xa0 /usr/local/devkitPro/portlibs/armv6k/lib/libpng.a(pngset.o)
                0x0000000000119a64                png_set_tIME
 .text.png_set_tRNS
                0x0000000000119b04      0x138 /usr/local/devkitPro/portlibs/armv6k/lib/libpng.a(pngset.o)
                0x0000000000119b04                png_set_tRNS
 .text.png_set_sPLT
                0x0000000000119c3c      0x184 /usr/local/devkitPro/portlibs/armv6k/lib/libpng.a(pngset.o)
                0x0000000000119c3c                png_set_sPLT
 .text.png_set_unknown_chunks
                0x0000000000119dc0      0x18c /usr/local/devkitPro/portlibs/armv6k/lib/libpng.a(pngset.o)
                0x0000000000119dc0                png_set_unknown_chunks
 .text.png_set_packing
                0x0000000000119f4c       0x28 /usr/local/devkitPro/portlibs/armv6k/lib/libpng.a(pngtrans.o)
                0x0000000000119f4c                png_set_packing
 .text.png_set_interlace_handling
                0x0000000000119f74       0x30 /usr/local/devkitPro/portlibs/armv6k/lib/libpng.a(pngtrans.o)
                0x0000000000119f74                png_set_interlace_handling
 .text.png_set_filler
                0x0000000000119fa4       0x88 /usr/local/devkitPro/portlibs/armv6k/lib/libpng.a(pngtrans.o)
                0x0000000000119fa4                png_set_filler
 .text.png_do_invert
                0x000000000011a02c      0x1ec /usr/local/devkitPro/portlibs/armv6k/lib/libpng.a(pngtrans.o)
                0x000000000011a02c                png_do_invert
 .text.png_do_swap
                0x000000000011a218       0x4c /usr/local/devkitPro/portlibs/armv6k/lib/libpng.a(pngtrans.o)
                0x000000000011a218                png_do_swap
 .text.png_do_packswap
                0x000000000011a264       0x6c /usr/local/devkitPro/portlibs/armv6k/lib/libpng.a(pngtrans.o)
                0x000000000011a264                png_do_packswap
 .text.png_do_strip_channel
                0x000000000011a2d0      0x22c /usr/local/devkitPro/portlibs/armv6k/lib/libpng.a(pngtrans.o)
                0x000000000011a2d0                png_do_strip_channel
 .text.png_do_bgr
                0x000000000011a4fc      0x13c /usr/local/devkitPro/portlibs/armv6k/lib/libpng.a(pngtrans.o)
                0x000000000011a4fc                png_do_bgr
 .text.png_do_check_palette_indexes
                0x000000000011a638      0x1d0 /usr/local/devkitPro/portlibs/armv6k/lib/libpng.a(pngtrans.o)
                0x000000000011a638                png_do_check_palette_indexes
 .text.adler32  0x000000000011a808      0x44c /usr/local/devkitPro/portlibs/armv6k/lib/libz.a(adler32.o)
                0x000000000011a808                adler32
 .text.crc32    0x000000000011ac54      0x59c /usr/local/devkitPro/portlibs/armv6k/lib/libz.a(crc32.o)
                0x000000000011ac54                crc32
 .text.inflateReset
                0x000000000011b1f0       0x9c /usr/local/devkitPro/portlibs/armv6k/lib/libz.a(inflate.o)
                0x000000000011b1f0                inflateReset
 .text.inflateReset2
                0x000000000011b28c      0x120 /usr/local/devkitPro/portlibs/armv6k/lib/libz.a(inflate.o)
                0x000000000011b28c                inflateReset2
 .text.inflateInit2_
                0x000000000011b3ac      0x178 /usr/local/devkitPro/portlibs/armv6k/lib/libz.a(inflate.o)
                0x000000000011b3ac                inflateInit2_
 .text.inflate  0x000000000011b524     0x1ffc /usr/local/devkitPro/portlibs/armv6k/lib/libz.a(inflate.o)
                0x000000000011b524                inflate
 .text.inflateEnd
                0x000000000011d520       0x60 /usr/local/devkitPro/portlibs/armv6k/lib/libz.a(inflate.o)
                0x000000000011d520                inflateEnd
 .text.inflate_table
                0x000000000011d580      0xb64 /usr/local/devkitPro/portlibs/armv6k/lib/libz.a(inftrees.o)
                0x000000000011d580                inflate_table
 .text.zcalloc  0x000000000011e0e4        0x8 /usr/local/devkitPro/portlibs/armv6k/lib/libz.a(zutil.o)
                0x000000000011e0e4                zcalloc
 .text.zcfree   0x000000000011e0ec        0x8 /usr/local/devkitPro/portlibs/armv6k/lib/libz.a(zutil.o)
                0x000000000011e0ec                zcfree
 .text.inflate_fast
                0x000000000011e0f4      0xdf0 /usr/local/devkitPro/portlibs/armv6k/lib/libz.a(inffast.o)
                0x000000000011e0f4                inflate_fast
 .text.sf2d_create_texture
                0x000000000011eee4      0x118 /usr/local/devkitPro/libctru/lib/libsf2d.a(sf2d_texture.o)
                0x000000000011eee4                sf2d_create_texture
 .text.sf2d_create_rendertarget
                0x000000000011effc       0x94 /usr/local/devkitPro/libctru/lib/libsf2d.a(sf2d_texture.o)
                0x000000000011effc                sf2d_create_rendertarget
 .text.sf2d_free_texture
                0x000000000011f090       0x20 /usr/local/devkitPro/libctru/lib/libsf2d.a(sf2d_texture.o)
                0x000000000011f090                sf2d_free_texture
 .text.sf2d_clear_target
                0x000000000011f0b0       0x14 /usr/local/devkitPro/libctru/lib/libsf2d.a(sf2d_texture.o)
                0x000000000011f0b0                sf2d_clear_target
 .text.sf2d_bind_texture
                0x000000000011f0c4       0x54 /usr/local/devkitPro/libctru/lib/libsf2d.a(sf2d_texture.o)
                0x000000000011f0c4                sf2d_bind_texture
 .text.sf2d_draw_texture_scale
                0x000000000011f118      0x18c /usr/local/devkitPro/libctru/lib/libsf2d.a(sf2d_texture.o)
                0x000000000011f118                sf2d_draw_texture_scale
 .text.sf2d_draw_texture_part_scale
                0x000000000011f2a4      0x168 /usr/local/devkitPro/libctru/lib/libsf2d.a(sf2d_texture.o)
                0x000000000011f2a4                sf2d_draw_texture_part_scale
 .text.sf2d_texture_tile32
                0x000000000011f40c      0x110 /usr/local/devkitPro/libctru/lib/libsf2d.a(sf2d_texture.o)
                0x000000000011f40c                sf2d_texture_tile32
 .text.sf2d_start_frame_target
                0x000000000011f51c       0xa0 /usr/local/devkitPro/libctru/lib/libsf2d.a(sf2d.o)
                0x000000000011f51c                sf2d_start_frame_target
 .text.sf2d_start_frame
                0x000000000011f5bc       0x38 /usr/local/devkitPro/libctru/lib/libsf2d.a(sf2d.o)
                0x000000000011f5bc                sf2d_start_frame
 .text.sf2d_end_frame
                0x000000000011f5f4        0x4 /usr/local/devkitPro/libctru/lib/libsf2d.a(sf2d.o)
                0x000000000011f5f4                sf2d_end_frame
 .text.sf2d_swapbuffers
                0x000000000011f5f8       0xb0 /usr/local/devkitPro/libctru/lib/libsf2d.a(sf2d.o)
                0x000000000011f5f8                sf2d_swapbuffers
 .text.sf2d_pool_memalign
                0x000000000011f6a8       0x40 /usr/local/devkitPro/libctru/lib/libsf2d.a(sf2d.o)
                0x000000000011f6a8                sf2d_pool_memalign
 .text.sf2d_set_clear_color
                0x000000000011f6e8       0x38 /usr/local/devkitPro/libctru/lib/libsf2d.a(sf2d.o)
                0x000000000011f6e8                sf2d_set_clear_color
 .text.sf2d_init_advanced.part.0
                0x000000000011f720      0x1ac /usr/local/devkitPro/libctru/lib/libsf2d.a(sf2d.o)
 .text.sf2d_init
                0x000000000011f8cc       0x28 /usr/local/devkitPro/libctru/lib/libsf2d.a(sf2d.o)
                0x000000000011f8cc                sf2d_init
 .text.sf2d_setup_env_internal
                0x000000000011f8f4       0x94 /usr/local/devkitPro/libctru/lib/libsf2d.a(sf2d_draw.o)
                0x000000000011f8f4                sf2d_setup_env_internal
 .text.sf2d_draw_rectangle
                0x000000000011f988       0xbc /usr/local/devkitPro/libctru/lib/libsf2d.a(sf2d_draw.o)
                0x000000000011f988                sf2d_draw_rectangle
 .text.C3D_UpdateUniforms
                0x000000000011fa44      0x2b4 /usr/local/devkitPro/libctru/lib/libcitro3d.a(uniforms.o)
                0x000000000011fa44                C3D_UpdateUniforms
 .text.C3Di_DirtyUniforms
                0x000000000011fcf8       0xc0 /usr/local/devkitPro/libctru/lib/libcitro3d.a(uniforms.o)
                0x000000000011fcf8                C3Di_DirtyUniforms
 .text.C3Di_LoadShaderUniforms
                0x000000000011fdb8       0xe8 /usr/local/devkitPro/libctru/lib/libcitro3d.a(uniforms.o)
                0x000000000011fdb8                C3Di_LoadShaderUniforms
 .text.C3Di_ClearShaderUniforms
                0x000000000011fea0       0x28 /usr/local/devkitPro/libctru/lib/libcitro3d.a(uniforms.o)
                0x000000000011fea0                C3Di_ClearShaderUniforms
 .text.AttrInfo_Init
                0x000000000011fec8       0x28 /usr/local/devkitPro/libctru/lib/libcitro3d.a(attribs.o)
                0x000000000011fec8                AttrInfo_Init
 .text.AttrInfo_AddLoader
                0x000000000011fef0       0xac /usr/local/devkitPro/libctru/lib/libcitro3d.a(attribs.o)
                0x000000000011fef0                AttrInfo_AddLoader
 .text.C3D_GetAttrInfo
                0x000000000011ff9c       0x24 /usr/local/devkitPro/libctru/lib/libcitro3d.a(attribs.o)
                0x000000000011ff9c                C3D_GetAttrInfo
 .text.C3Di_AttrInfoBind
                0x000000000011ffc0       0x80 /usr/local/devkitPro/libctru/lib/libcitro3d.a(attribs.o)
                0x000000000011ffc0                C3Di_AttrInfoBind
 .text.C3D_DepthMap
                0x0000000000120040       0x3c /usr/local/devkitPro/libctru/lib/libcitro3d.a(effect.o)
                0x0000000000120040                C3D_DepthMap
 .text.C3D_CullFace
                0x000000000012007c       0x1c /usr/local/devkitPro/libctru/lib/libcitro3d.a(effect.o)
                0x000000000012007c                C3D_CullFace
 .text.C3D_StencilTest
                0x0000000000120098       0x40 /usr/local/devkitPro/libctru/lib/libcitro3d.a(effect.o)
                0x0000000000120098                C3D_StencilTest
 .text.C3D_StencilOp
                0x00000000001200d8       0x24 /usr/local/devkitPro/libctru/lib/libcitro3d.a(effect.o)
                0x00000000001200d8                C3D_StencilOp
 .text.C3D_BlendingColor
                0x00000000001200fc       0x1c /usr/local/devkitPro/libctru/lib/libcitro3d.a(effect.o)
                0x00000000001200fc                C3D_BlendingColor
 .text.C3D_DepthTest
                0x0000000000120118       0x2c /usr/local/devkitPro/libctru/lib/libcitro3d.a(effect.o)
                0x0000000000120118                C3D_DepthTest
 .text.C3D_AlphaTest
                0x0000000000120144       0x2c /usr/local/devkitPro/libctru/lib/libcitro3d.a(effect.o)
                0x0000000000120144                C3D_AlphaTest
 .text.C3D_AlphaBlend
                0x0000000000120170       0x50 /usr/local/devkitPro/libctru/lib/libcitro3d.a(effect.o)
                0x0000000000120170                C3D_AlphaBlend
 .text.C3D_FragOpMode
                0x00000000001201c0       0x30 /usr/local/devkitPro/libctru/lib/libcitro3d.a(effect.o)
                0x00000000001201c0                C3D_FragOpMode
 .text.C3Di_EffectBind
                0x00000000001201f0      0x11c /usr/local/devkitPro/libctru/lib/libcitro3d.a(effect.o)
                0x00000000001201f0                C3Di_EffectBind
 .text.C3D_DrawArrays
                0x000000000012030c      0x148 /usr/local/devkitPro/libctru/lib/libcitro3d.a(drawArrays.o)
                0x000000000012030c                C3D_DrawArrays
 .text.BufInfo_Init
                0x0000000000120454       0x20 /usr/local/devkitPro/libctru/lib/libcitro3d.a(buffers.o)
                0x0000000000120454                BufInfo_Init
 .text.BufInfo_Add
                0x0000000000120474       0x84 /usr/local/devkitPro/libctru/lib/libcitro3d.a(buffers.o)
                0x0000000000120474                BufInfo_Add
 .text.C3D_GetBufInfo
                0x00000000001204f8       0x24 /usr/local/devkitPro/libctru/lib/libcitro3d.a(buffers.o)
                0x00000000001204f8                C3D_GetBufInfo
 .text.C3Di_BufInfoBind
                0x000000000012051c       0x48 /usr/local/devkitPro/libctru/lib/libcitro3d.a(buffers.o)
                0x000000000012051c                C3Di_BufInfoBind
 .text.TexEnv_Init
                0x0000000000120564       0x34 /usr/local/devkitPro/libctru/lib/libcitro3d.a(texenv.o)
                0x0000000000120564                TexEnv_Init
 .text.C3D_GetTexEnv
                0x0000000000120598       0x34 /usr/local/devkitPro/libctru/lib/libcitro3d.a(texenv.o)
                0x0000000000120598                C3D_GetTexEnv
 .text.C3Di_TexEnvBind
                0x00000000001205cc       0x24 /usr/local/devkitPro/libctru/lib/libcitro3d.a(texenv.o)
                0x00000000001205cc                C3Di_TexEnvBind
 .text.C3D_TexInit
                0x00000000001205f0       0xb8 /usr/local/devkitPro/libctru/lib/libcitro3d.a(texture.o)
                0x00000000001205f0                C3D_TexInit
 .text.C3D_TexInitVRAM
                0x00000000001206a8       0xb8 /usr/local/devkitPro/libctru/lib/libcitro3d.a(texture.o)
                0x00000000001206a8                C3D_TexInitVRAM
 .text.C3D_TexSetWrap
                0x0000000000120760       0x28 /usr/local/devkitPro/libctru/lib/libcitro3d.a(texture.o)
                0x0000000000120760                C3D_TexSetWrap
 .text.C3D_TexBind
                0x0000000000120788       0x34 /usr/local/devkitPro/libctru/lib/libcitro3d.a(texture.o)
                0x0000000000120788                C3D_TexBind
 .text.C3D_TexDelete
                0x00000000001207bc       0x3c /usr/local/devkitPro/libctru/lib/libcitro3d.a(texture.o)
                0x00000000001207bc                C3D_TexDelete
 .text.C3Di_RenderQueueWaitDone
                0x00000000001207f8       0x3c /usr/local/devkitPro/libctru/lib/libcitro3d.a(renderqueue.o)
 .text.performTransfer.part.0
                0x0000000000120834       0x78 /usr/local/devkitPro/libctru/lib/libcitro3d.a(renderqueue.o)
 .text.transferTarget
                0x00000000001208ac       0x50 /usr/local/devkitPro/libctru/lib/libcitro3d.a(renderqueue.o)
 .text.onVBlank1
                0x00000000001208fc       0x24 /usr/local/devkitPro/libctru/lib/libcitro3d.a(renderqueue.o)
 .text.onVBlank0
                0x0000000000120920       0x8c /usr/local/devkitPro/libctru/lib/libcitro3d.a(renderqueue.o)
 .text.performClear.part.2
                0x00000000001209ac       0x3c /usr/local/devkitPro/libctru/lib/libcitro3d.a(renderqueue.o)
 .text.clearTarget
                0x00000000001209e8       0x4c /usr/local/devkitPro/libctru/lib/libcitro3d.a(renderqueue.o)
 .text.updateFrameQueue.part.4
                0x0000000000120a34       0xc0 /usr/local/devkitPro/libctru/lib/libcitro3d.a(renderqueue.o)
 .text.onRenderFinish
                0x0000000000120af4       0xe0 /usr/local/devkitPro/libctru/lib/libcitro3d.a(renderqueue.o)
 .text.onTransferFinish
                0x0000000000120bd4       0xbc /usr/local/devkitPro/libctru/lib/libcitro3d.a(renderqueue.o)
 .text.checkRenderQueueInit.part.7
                0x0000000000120c90       0x5c /usr/local/devkitPro/libctru/lib/libcitro3d.a(renderqueue.o)
 .text.onClearDone
                0x0000000000120cec       0x70 /usr/local/devkitPro/libctru/lib/libcitro3d.a(renderqueue.o)
 .text.C3D_FrameBegin
                0x0000000000120d5c       0x6c /usr/local/devkitPro/libctru/lib/libcitro3d.a(renderqueue.o)
                0x0000000000120d5c                C3D_FrameBegin
 .text.C3D_FrameDrawOn
                0x0000000000120dc8       0x78 /usr/local/devkitPro/libctru/lib/libcitro3d.a(renderqueue.o)
                0x0000000000120dc8                C3D_FrameDrawOn
 .text.C3D_FrameEnd
                0x0000000000120e40       0xcc /usr/local/devkitPro/libctru/lib/libcitro3d.a(renderqueue.o)
                0x0000000000120e40                C3D_FrameEnd
 .text.C3D_RenderTargetCreate
                0x0000000000120f0c       0xe0 /usr/local/devkitPro/libctru/lib/libcitro3d.a(renderqueue.o)
                0x0000000000120f0c                C3D_RenderTargetCreate
 .text.C3D_RenderTargetDelete
                0x0000000000120fec       0x7c /usr/local/devkitPro/libctru/lib/libcitro3d.a(renderqueue.o)
                0x0000000000120fec                C3D_RenderTargetDelete
 .text.C3Di_RenderQueueExit
                0x0000000000121068       0x84 /usr/local/devkitPro/libctru/lib/libcitro3d.a(renderqueue.o)
 .text.C3D_RenderTargetSetClear
                0x00000000001210ec       0x50 /usr/local/devkitPro/libctru/lib/libcitro3d.a(renderqueue.o)
                0x00000000001210ec                C3D_RenderTargetSetClear
 .text.C3D_RenderTargetSetOutput
                0x000000000012113c       0x58 /usr/local/devkitPro/libctru/lib/libcitro3d.a(renderqueue.o)
                0x000000000012113c                C3D_RenderTargetSetOutput
 .text.C3Di_AptEventHook
                0x0000000000121194       0x88 /usr/local/devkitPro/libctru/lib/libcitro3d.a(base.o)
 .text.C3D_Init
                0x000000000012121c      0x174 /usr/local/devkitPro/libctru/lib/libcitro3d.a(base.o)
                0x000000000012121c                C3D_Init
 .text.C3D_SetViewport
                0x0000000000121390       0x98 /usr/local/devkitPro/libctru/lib/libcitro3d.a(base.o)
                0x0000000000121390                C3D_SetViewport
 .text.C3Di_UpdateContext
                0x0000000000121428      0x584 /usr/local/devkitPro/libctru/lib/libcitro3d.a(base.o)
                0x0000000000121428                C3Di_UpdateContext
 .text.C3Di_FinalizeFrame
                0x00000000001219ac       0xe0 /usr/local/devkitPro/libctru/lib/libcitro3d.a(base.o)
                0x00000000001219ac                C3Di_FinalizeFrame
 .text.C3D_BindProgram
                0x0000000000121a8c       0xd4 /usr/local/devkitPro/libctru/lib/libcitro3d.a(base.o)
                0x0000000000121a8c                C3D_BindProgram
 .text.Mtx_OrthoTilt
                0x0000000000121b60       0xc8 /usr/local/devkitPro/libctru/lib/libcitro3d.a(mtx_orthotilt.o)
                0x0000000000121b60                Mtx_OrthoTilt
 .text.C3D_RenderBufInit
                0x0000000000121c28       0xa4 /usr/local/devkitPro/libctru/lib/libcitro3d.a(renderbuffer.o)
                0x0000000000121c28                C3D_RenderBufInit
 .text.C3D_RenderBufClearAsync
                0x0000000000121ccc       0x80 /usr/local/devkitPro/libctru/lib/libcitro3d.a(renderbuffer.o)
                0x0000000000121ccc                C3D_RenderBufClearAsync
 .text.C3D_RenderBufTransferAsync
                0x0000000000121d4c       0x28 /usr/local/devkitPro/libctru/lib/libcitro3d.a(renderbuffer.o)
                0x0000000000121d4c                C3D_RenderBufTransferAsync
 .text.C3D_RenderBufBind
                0x0000000000121d74       0x38 /usr/local/devkitPro/libctru/lib/libcitro3d.a(renderbuffer.o)
                0x0000000000121d74                C3D_RenderBufBind
 .text.C3Di_RenderBufBind
                0x0000000000121dac      0x170 /usr/local/devkitPro/libctru/lib/libcitro3d.a(renderbuffer.o)
                0x0000000000121dac                C3Di_RenderBufBind
 .text.C3D_RenderBufDelete
                0x0000000000121f1c       0x18 /usr/local/devkitPro/libctru/lib/libcitro3d.a(renderbuffer.o)
                0x0000000000121f1c                C3D_RenderBufDelete
 .text.C3D_ImmSendAttrib
                0x0000000000121f34       0xb4 /usr/local/devkitPro/libctru/lib/libcitro3d.a(immediate.o)
                0x0000000000121f34                C3D_ImmSendAttrib
 .text._ZL21addrMapNodeComparatorPK11rbtree_nodeS1_
                0x0000000000121fe8       0x24 /usr/local/devkitPro/libctru/lib/libctru.a(linear.o)
 .text._ZL21addrMapNodeDestructorP11rbtree_node
                0x000000000012200c        0x4 /usr/local/devkitPro/libctru/lib/libctru.a(linear.o)
 .text.linearMemAlign
                0x0000000000122010      0x13c /usr/local/devkitPro/libctru/lib/libctru.a(linear.o)
                0x0000000000122010                linearMemAlign
 .text.linearAlloc
                0x000000000012214c        0x8 /usr/local/devkitPro/libctru/lib/libctru.a(linear.o)
                0x000000000012214c                linearAlloc
 .text.linearFree
                0x0000000000122154       0x50 /usr/local/devkitPro/libctru/lib/libctru.a(linear.o)
                0x0000000000122154                linearFree
 .text._ZL21addrMapNodeComparatorPK11rbtree_nodeS1_
                0x00000000001221a4       0x24 /usr/local/devkitPro/libctru/lib/libctru.a(vram.o)
 .text._ZL21addrMapNodeDestructorP11rbtree_node
                0x00000000001221c8        0x4 /usr/local/devkitPro/libctru/lib/libctru.a(vram.o)
 .text.vramMemAlign
                0x00000000001221cc      0x12c /usr/local/devkitPro/libctru/lib/libctru.a(vram.o)
                0x00000000001221cc                vramMemAlign
 .text.vramAlloc
                0x00000000001222f8        0x8 /usr/local/devkitPro/libctru/lib/libctru.a(vram.o)
                0x00000000001222f8                vramAlloc
 .text.vramFree
                0x0000000000122300       0x50 /usr/local/devkitPro/libctru/lib/libctru.a(vram.o)
                0x0000000000122300                vramFree
 .text.gfxSetFramebufferInfo.part.0
                0x0000000000122350       0x8c /usr/local/devkitPro/libctru/lib/libctru.a(gfx.o)
 .text.gfxSet3D
                0x00000000001223dc       0x10 /usr/local/devkitPro/libctru/lib/libctru.a(gfx.o)
                0x00000000001223dc                gfxSet3D
 .text.gfxIs3D  0x00000000001223ec       0x10 /usr/local/devkitPro/libctru/lib/libctru.a(gfx.o)
                0x00000000001223ec                gfxIs3D
 .text.gfxSetScreenFormat
                0x00000000001223fc      0x174 /usr/local/devkitPro/libctru/lib/libctru.a(gfx.o)
                0x00000000001223fc                gfxSetScreenFormat
 .text.gfxSetFramebufferInfo
                0x0000000000122570       0x70 /usr/local/devkitPro/libctru/lib/libctru.a(gfx.o)
                0x0000000000122570                gfxSetFramebufferInfo
 .text.gfxWriteFramebufferInfo
                0x00000000001225e0       0x88 /usr/local/devkitPro/libctru/lib/libctru.a(gfx.o)
                0x00000000001225e0                gfxWriteFramebufferInfo
 .text.gfxInit  0x0000000000122668      0x1fc /usr/local/devkitPro/libctru/lib/libctru.a(gfx.o)
                0x0000000000122668                gfxInit
 .text.gfxInitDefault
                0x0000000000122864       0x10 /usr/local/devkitPro/libctru/lib/libctru.a(gfx.o)
                0x0000000000122864                gfxInitDefault
 .text.gfxGetFramebuffer
                0x0000000000122874       0xb0 /usr/local/devkitPro/libctru/lib/libctru.a(gfx.o)
                0x0000000000122874                gfxGetFramebuffer
 .text.gfxConfigScreen
                0x0000000000122924       0x70 /usr/local/devkitPro/libctru/lib/libctru.a(gfx.o)
                0x0000000000122924                gfxConfigScreen
 .text.getSysTime
                0x0000000000122994       0x58 /usr/local/devkitPro/libctru/lib/libctru.a(os.o)
 .text.osConvertVirtToPhys
                0x00000000001229ec       0x4c /usr/local/devkitPro/libctru/lib/libctru.a(os.o)
                0x00000000001229ec                osConvertVirtToPhys
 .text.osGetMemRegionUsed
                0x0000000000122a38       0x24 /usr/local/devkitPro/libctru/lib/libctru.a(os.o)
                0x0000000000122a38                osGetMemRegionUsed
 *fill*         0x0000000000122a5c        0x4 
 .text.__libctru_gtod
                0x0000000000122a60       0xf4 /usr/local/devkitPro/libctru/lib/libctru.a(os.o)
                0x0000000000122a60                __libctru_gtod
 *fill*         0x0000000000122b54        0x4 
 .text.osGetTime
                0x0000000000122b58       0x78 /usr/local/devkitPro/libctru/lib/libctru.a(os.o)
                0x0000000000122b58                osGetTime
 .text.__ctru_speedup_config
                0x0000000000122bd0       0x34 /usr/local/devkitPro/libctru/lib/libctru.a(os.o)
                0x0000000000122bd0                __ctru_speedup_config
 .text.GPUCMD_SetBuffer
                0x0000000000122c04       0x2c /usr/local/devkitPro/libctru/lib/libctru.a(gpu.o)
                0x0000000000122c04                GPUCMD_SetBuffer
 .text.GPUCMD_GetBuffer
                0x0000000000122c30       0x40 /usr/local/devkitPro/libctru/lib/libctru.a(gpu.o)
                0x0000000000122c30                GPUCMD_GetBuffer
 .text.GPUCMD_Add
                0x0000000000122c70       0xec /usr/local/devkitPro/libctru/lib/libctru.a(gpu.o)
                0x0000000000122c70                GPUCMD_Add
 .text.GPUCMD_Finalize
                0x0000000000122d5c       0x98 /usr/local/devkitPro/libctru/lib/libctru.a(gpu.o)
                0x0000000000122d5c                GPUCMD_Finalize
 .text.f32tof24
                0x0000000000122df4       0x44 /usr/local/devkitPro/libctru/lib/libctru.a(gpu.o)
                0x0000000000122df4                f32tof24
 .text.f32tof31
                0x0000000000122e38       0x40 /usr/local/devkitPro/libctru/lib/libctru.a(gpu.o)
                0x0000000000122e38                f32tof31
 .text.GX_ProcessCommandList
                0x0000000000122e78       0x54 /usr/local/devkitPro/libctru/lib/libctru.a(gx.o)
                0x0000000000122e78                GX_ProcessCommandList
 .text.GX_MemoryFill
                0x0000000000122ecc       0x60 /usr/local/devkitPro/libctru/lib/libctru.a(gx.o)
                0x0000000000122ecc                GX_MemoryFill
 .text.GX_DisplayTransfer
                0x0000000000122f2c       0x50 /usr/local/devkitPro/libctru/lib/libctru.a(gx.o)
                0x0000000000122f2c                GX_DisplayTransfer
 .text.GX_FlushCacheRegions
                0x0000000000122f7c       0x54 /usr/local/devkitPro/libctru/lib/libctru.a(gx.o)
                0x0000000000122f7c                GX_FlushCacheRegions
 .text.DVLE_GetUniformRegister
                0x0000000000122fd0       0x78 /usr/local/devkitPro/libctru/lib/libctru.a(shbin.o)
                0x0000000000122fd0                DVLE_GetUniformRegister
 .text.DVLE_GenerateOutmap
                0x0000000000123048      0x1ec /usr/local/devkitPro/libctru/lib/libctru.a(shbin.o)
                0x0000000000123048                DVLE_GenerateOutmap
 .text.DVLB_ParseFile
                0x0000000000123234      0x1c0 /usr/local/devkitPro/libctru/lib/libctru.a(shbin.o)
                0x0000000000123234                DVLB_ParseFile
 .text.shaderInstanceInit
                0x00000000001233f4      0x1f4 /usr/local/devkitPro/libctru/lib/libctru.a(shaderProgram.o)
                0x00000000001233f4                shaderInstanceInit
 .text.shaderInstanceFree
                0x00000000001235e8       0x34 /usr/local/devkitPro/libctru/lib/libctru.a(shaderProgram.o)
                0x00000000001235e8                shaderInstanceFree
 .text.shaderInstanceGetUniformLocation
                0x000000000012361c       0x18 /usr/local/devkitPro/libctru/lib/libctru.a(shaderProgram.o)
                0x000000000012361c                shaderInstanceGetUniformLocation
 .text.shaderProgramInit
                0x0000000000123634       0x18 /usr/local/devkitPro/libctru/lib/libctru.a(shaderProgram.o)
                0x0000000000123634                shaderProgramInit
 .text.shaderProgramSetVsh
                0x000000000012364c       0x6c /usr/local/devkitPro/libctru/lib/libctru.a(shaderProgram.o)
                0x000000000012364c                shaderProgramSetVsh
 .text.shaderProgramConfigure
                0x00000000001236b8      0x894 /usr/local/devkitPro/libctru/lib/libctru.a(shaderProgram.o)
                0x00000000001236b8                shaderProgramConfigure
 .text.ptmSysmInit
                0x0000000000123f4c       0x70 /usr/local/devkitPro/libctru/lib/libctru.a(ptmsysm.o)
                0x0000000000123f4c                ptmSysmInit
 .text.ptmSysmExit
                0x0000000000123fbc       0x34 /usr/local/devkitPro/libctru/lib/libctru.a(ptmsysm.o)
                0x0000000000123fbc                ptmSysmExit
 .text.PTMSYSM_ConfigureNew3DSCPU
                0x0000000000123ff0       0x34 /usr/local/devkitPro/libctru/lib/libctru.a(ptmsysm.o)
                0x0000000000123ff0                PTMSYSM_ConfigureNew3DSCPU
 .text.hidExit  0x0000000000124024       0xd0 /usr/local/devkitPro/libctru/lib/libctru.a(hid.o)
                0x0000000000124024                hidExit
 .text.hidScanInput
                0x00000000001240f4      0x234 /usr/local/devkitPro/libctru/lib/libctru.a(hid.o)
                0x00000000001240f4                hidScanInput
 .text.hidKeysHeld
                0x0000000000124328       0x10 /usr/local/devkitPro/libctru/lib/libctru.a(hid.o)
                0x0000000000124328                hidKeysHeld
 .text.hidKeysDown
                0x0000000000124338       0x10 /usr/local/devkitPro/libctru/lib/libctru.a(hid.o)
                0x0000000000124338                hidKeysDown
 .text.HIDUSER_GetHandles
                0x0000000000124348       0x90 /usr/local/devkitPro/libctru/lib/libctru.a(hid.o)
                0x0000000000124348                HIDUSER_GetHandles
 .text.hidInit  0x00000000001243d8      0x18c /usr/local/devkitPro/libctru/lib/libctru.a(hid.o)
                0x00000000001243d8                hidInit
 .text._aptDebug
                0x0000000000124564        0x4 /usr/local/devkitPro/libctru/lib/libctru.a(apt.o)
                0x0000000000124564                _aptDebug
 .text.aptSendCommand
                0x0000000000124568      0x130 /usr/local/devkitPro/libctru/lib/libctru.a(apt.o)
                0x0000000000124568                aptSendCommand
 .text.aptExitProcess
                0x0000000000124698       0x3c /usr/local/devkitPro/libctru/lib/libctru.a(apt.o)
 .text.aptHook  0x00000000001246d4       0x38 /usr/local/devkitPro/libctru/lib/libctru.a(apt.o)
                0x00000000001246d4                aptHook
 .text.APT_InquireNotification
                0x000000000012470c       0x4c /usr/local/devkitPro/libctru/lib/libctru.a(apt.o)
                0x000000000012470c                APT_InquireNotification
 .text.aptEventHandler
                0x0000000000124758      0x19c /usr/local/devkitPro/libctru/lib/libctru.a(apt.o)
 .text.APT_AppletUtility
                0x00000000001248f4       0x74 /usr/local/devkitPro/libctru/lib/libctru.a(apt.o)
                0x00000000001248f4                APT_AppletUtility
 .text.APT_GlanceParameter
                0x0000000000124968       0xb4 /usr/local/devkitPro/libctru/lib/libctru.a(apt.o)
                0x0000000000124968                APT_GlanceParameter
 .text.APT_ReceiveParameter
                0x0000000000124a1c       0xc0 /usr/local/devkitPro/libctru/lib/libctru.a(apt.o)
                0x0000000000124a1c                APT_ReceiveParameter
 .text.aptReceiveParameter.constprop.1
                0x0000000000124adc       0xa8 /usr/local/devkitPro/libctru/lib/libctru.a(apt.o)
 .text.aptWaitForWakeUp
                0x0000000000124b84      0x228 /usr/local/devkitPro/libctru/lib/libctru.a(apt.o)
 .text.APT_CancelParameter
                0x0000000000124dac       0x70 /usr/local/devkitPro/libctru/lib/libctru.a(apt.o)
                0x0000000000124dac                APT_CancelParameter
 .text.aptInit  0x0000000000124e1c      0x230 /usr/local/devkitPro/libctru/lib/libctru.a(apt.o)
                0x0000000000124e1c                aptInit
 .text.aptClearParamQueue
                0x000000000012504c       0x8c /usr/local/devkitPro/libctru/lib/libctru.a(apt.o)
 .text.aptExit  0x00000000001250d8      0x148 /usr/local/devkitPro/libctru/lib/libctru.a(apt.o)
                0x00000000001250d8                aptExit
 .text.APT_CheckNew3DS
                0x0000000000125220       0x70 /usr/local/devkitPro/libctru/lib/libctru.a(apt.o)
                0x0000000000125220                APT_CheckNew3DS
 .text.gspEventThreadMain
                0x0000000000125290      0x160 /usr/local/devkitPro/libctru/lib/libctru.a(gspgpu.o)
 .text.gspInit  0x00000000001253f0       0x74 /usr/local/devkitPro/libctru/lib/libctru.a(gspgpu.o)
                0x00000000001253f0                gspInit
 .text.gspSetEventCallback
                0x0000000000125464       0x2c /usr/local/devkitPro/libctru/lib/libctru.a(gspgpu.o)
                0x0000000000125464                gspSetEventCallback
 .text.gspInitEventHandler
                0x0000000000125490       0x88 /usr/local/devkitPro/libctru/lib/libctru.a(gspgpu.o)
                0x0000000000125490                gspInitEventHandler
 .text.gspWaitForEvent
                0x0000000000125518       0x44 /usr/local/devkitPro/libctru/lib/libctru.a(gspgpu.o)
                0x0000000000125518                gspWaitForEvent
 .text.gspWaitForAnyEvent
                0x000000000012555c       0x6c /usr/local/devkitPro/libctru/lib/libctru.a(gspgpu.o)
                0x000000000012555c                gspWaitForAnyEvent
 .text.gspSubmitGxCommand
                0x00000000001255c8      0x124 /usr/local/devkitPro/libctru/lib/libctru.a(gspgpu.o)
                0x00000000001255c8                gspSubmitGxCommand
 .text.GSPGPU_SetBufferSwap
                0x00000000001256ec       0x6c /usr/local/devkitPro/libctru/lib/libctru.a(gspgpu.o)
                0x00000000001256ec                GSPGPU_SetBufferSwap
 .text.GSPGPU_SetLcdForceBlack
                0x0000000000125758       0x34 /usr/local/devkitPro/libctru/lib/libctru.a(gspgpu.o)
                0x0000000000125758                GSPGPU_SetLcdForceBlack
 .text.GSPGPU_RegisterInterruptRelayQueue
                0x000000000012578c       0x64 /usr/local/devkitPro/libctru/lib/libctru.a(gspgpu.o)
                0x000000000012578c                GSPGPU_RegisterInterruptRelayQueue
 .text.GSPGPU_AcquireRight
                0x00000000001257f0       0x48 /usr/local/devkitPro/libctru/lib/libctru.a(gspgpu.o)
                0x00000000001257f0                GSPGPU_AcquireRight
 .text.GSPGPU_RestoreVramSysArea
                0x0000000000125838       0x2c /usr/local/devkitPro/libctru/lib/libctru.a(gspgpu.o)
                0x0000000000125838                GSPGPU_RestoreVramSysArea
 .text.irrstScanInput
                0x0000000000125864       0xb0 /usr/local/devkitPro/libctru/lib/libctru.a(irrst.o)
                0x0000000000125864                irrstScanInput
 .text.irrstKeysHeld
                0x0000000000125914       0x1c /usr/local/devkitPro/libctru/lib/libctru.a(irrst.o)
                0x0000000000125914                irrstKeysHeld
 .text.IRRST_GetHandles
                0x0000000000125930       0x50 /usr/local/devkitPro/libctru/lib/libctru.a(irrst.o)
                0x0000000000125930                IRRST_GetHandles
 .text.irrstInit
                0x0000000000125980      0x150 /usr/local/devkitPro/libctru/lib/libctru.a(irrst.o)
                0x0000000000125980                irrstInit
 .text.IRRST_Shutdown
                0x0000000000125ad0       0x2c /usr/local/devkitPro/libctru/lib/libctru.a(irrst.o)
                0x0000000000125ad0                IRRST_Shutdown
 .text.irrstExit
                0x0000000000125afc       0xac /usr/local/devkitPro/libctru/lib/libctru.a(irrst.o)
                0x0000000000125afc                irrstExit
 .text.rbtree_find
                0x0000000000125ba8       0x70 /usr/local/devkitPro/libctru/lib/libctru.a(rbtree_find.o)
                0x0000000000125ba8                rbtree_find
 .text.rbtree_remove
                0x0000000000125c18      0x324 /usr/local/devkitPro/libctru/lib/libctru.a(rbtree_remove.o)
                0x0000000000125c18                rbtree_remove
 .text.rbtree_node_next
                0x0000000000125f3c       0x74 /usr/local/devkitPro/libctru/lib/libctru.a(rbtree_iterator.o)
                0x0000000000125f3c                rbtree_node_next
 .text.rbtree_rotate
                0x0000000000125fb0       0x94 /usr/local/devkitPro/libctru/lib/libctru.a(rbtree_rotate.o)
                0x0000000000125fb0                rbtree_rotate
 .text.do_insert
                0x0000000000126044      0x18c /usr/local/devkitPro/libctru/lib/libctru.a(rbtree_insert.o)
 .text.rbtree_insert
                0x00000000001261d0        0x8 /usr/local/devkitPro/libctru/lib/libctru.a(rbtree_insert.o)
                0x00000000001261d0                rbtree_insert
 .text.rbtree_init
                0x00000000001261d8       0x14 /usr/local/devkitPro/libctru/lib/libctru.a(rbtree_init.o)
                0x00000000001261d8                rbtree_init
 .text.__system_initArgv
                0x00000000001261ec       0xe8 /usr/local/devkitPro/libctru/lib/libctru.a(initArgv.o)
                0x00000000001261ec                __system_initArgv
 .text.osGetMemRegionSize
                0x00000000001262d4       0x58 /usr/local/devkitPro/libctru/lib/libctru.a(allocateHeaps.o)
 .text.__system_allocateHeaps
                0x000000000012632c      0x104 /usr/local/devkitPro/libctru/lib/libctru.a(allocateHeaps.o)
                0x000000000012632c                __system_allocateHeaps
 .text.__libctru_init
                0x0000000000126430       0x38 /usr/local/devkitPro/libctru/lib/libctru.a(initSystem.o)
                0x0000000000126430                __libctru_init
 .text.svcControlMemory
                0x0000000000126468       0x20 /usr/local/devkitPro/libctru/lib/libctru.a(svc.o)
                0x0000000000126468                svcControlMemory
 .text.svcExitProcess
                0x0000000000126488        0x8 /usr/local/devkitPro/libctru/lib/libctru.a(svc.o)
                0x0000000000126488                svcExitProcess
 .text.svcCreateThread
                0x0000000000126490       0x20 /usr/local/devkitPro/libctru/lib/libctru.a(svc.o)
                0x0000000000126490                svcCreateThread
 .text.svcExitThread
                0x00000000001264b0        0x8 /usr/local/devkitPro/libctru/lib/libctru.a(svc.o)
                0x00000000001264b0                svcExitThread
 .text.svcReleaseMutex
                0x00000000001264b8        0x8 /usr/local/devkitPro/libctru/lib/libctru.a(svc.o)
                0x00000000001264b8                svcReleaseMutex
 .text.svcCreateEvent
                0x00000000001264c0       0x14 /usr/local/devkitPro/libctru/lib/libctru.a(svc.o)
                0x00000000001264c0                svcCreateEvent
 .text.svcSignalEvent
                0x00000000001264d4        0x8 /usr/local/devkitPro/libctru/lib/libctru.a(svc.o)
                0x00000000001264d4                svcSignalEvent
 .text.svcClearEvent
                0x00000000001264dc        0x8 /usr/local/devkitPro/libctru/lib/libctru.a(svc.o)
                0x00000000001264dc                svcClearEvent
 .text.svcMapMemoryBlock
                0x00000000001264e4        0x8 /usr/local/devkitPro/libctru/lib/libctru.a(svc.o)
                0x00000000001264e4                svcMapMemoryBlock
 .text.svcUnmapMemoryBlock
                0x00000000001264ec        0x8 /usr/local/devkitPro/libctru/lib/libctru.a(svc.o)
                0x00000000001264ec                svcUnmapMemoryBlock
 .text.svcCreateAddressArbiter
                0x00000000001264f4       0x14 /usr/local/devkitPro/libctru/lib/libctru.a(svc.o)
                0x00000000001264f4                svcCreateAddressArbiter
 .text.svcArbitrateAddress
                0x0000000000126508       0x18 /usr/local/devkitPro/libctru/lib/libctru.a(svc.o)
                0x0000000000126508                svcArbitrateAddress
 .text.svcCloseHandle
                0x0000000000126520        0x8 /usr/local/devkitPro/libctru/lib/libctru.a(svc.o)
                0x0000000000126520                svcCloseHandle
 .text.svcWaitSynchronization
                0x0000000000126528        0x8 /usr/local/devkitPro/libctru/lib/libctru.a(svc.o)
                0x0000000000126528                svcWaitSynchronization
 .text.svcWaitSynchronizationN
                0x0000000000126530       0x28 /usr/local/devkitPro/libctru/lib/libctru.a(svc.o)
                0x0000000000126530                svcWaitSynchronizationN
 .text.svcDuplicateHandle
                0x0000000000126558       0x14 /usr/local/devkitPro/libctru/lib/libctru.a(svc.o)
                0x0000000000126558                svcDuplicateHandle
 .text.svcGetSystemTick
                0x000000000012656c        0x8 /usr/local/devkitPro/libctru/lib/libctru.a(svc.o)
                0x000000000012656c                svcGetSystemTick
 .text.svcGetSystemInfo
                0x0000000000126574       0x18 /usr/local/devkitPro/libctru/lib/libctru.a(svc.o)
                0x0000000000126574                svcGetSystemInfo
 .text.svcConnectToPort
                0x000000000012658c       0x14 /usr/local/devkitPro/libctru/lib/libctru.a(svc.o)
                0x000000000012658c                svcConnectToPort
 .text.svcSendSyncRequest
                0x00000000001265a0        0x8 /usr/local/devkitPro/libctru/lib/libctru.a(svc.o)
                0x00000000001265a0                svcSendSyncRequest
 .text.svcBreak
                0x00000000001265a8        0x8 /usr/local/devkitPro/libctru/lib/libctru.a(svc.o)
                0x00000000001265a8                svcBreak
 .text._ZN7MemPool13CoalesceRightEP8MemBlock
                0x00000000001265b0       0x98 /usr/local/devkitPro/libctru/lib/libctru.a(mem_pool.o)
                0x00000000001265b0                MemPool::CoalesceRight(MemBlock*)
 .text._ZN7MemPool8AllocateER8MemChunkmi
                0x0000000000126648      0x178 /usr/local/devkitPro/libctru/lib/libctru.a(mem_pool.o)
                0x0000000000126648                MemPool::Allocate(MemChunk&, unsigned long, int)
 .text._ZN7MemPool10DeallocateERK8MemChunk
                0x00000000001267c0      0x100 /usr/local/devkitPro/libctru/lib/libctru.a(mem_pool.o)
                0x00000000001267c0                MemPool::Deallocate(MemChunk const&)
 .text._ZL21addrMapNodeComparatorPK11rbtree_nodeS1_
                0x00000000001268c0       0x24 /usr/local/devkitPro/libctru/lib/libctru.a(mappable.o)
 .text._ZL21addrMapNodeDestructorP11rbtree_node
                0x00000000001268e4        0x4 /usr/local/devkitPro/libctru/lib/libctru.a(mappable.o)
 .text.mappableAlloc
                0x00000000001268e8       0xf4 /usr/local/devkitPro/libctru/lib/libctru.a(mappable.o)
                0x00000000001268e8                mappableAlloc
 .text.mappableFree
                0x00000000001269dc       0x50 /usr/local/devkitPro/libctru/lib/libctru.a(mappable.o)
                0x00000000001269dc                mappableFree
 .text.threadCreate
                0x0000000000126a2c      0x1bc /usr/local/devkitPro/libctru/lib/libctru.a(thread.o)
                0x0000000000126a2c                threadCreate
 .text.threadJoin
                0x0000000000126be8       0x24 /usr/local/devkitPro/libctru/lib/libctru.a(thread.o)
                0x0000000000126be8                threadJoin
 .text.threadExit
                0x0000000000126c0c       0x70 /usr/local/devkitPro/libctru/lib/libctru.a(thread.o)
                0x0000000000126c0c                threadExit
 .text._thread_begin
                0x0000000000126c7c       0x40 /usr/local/devkitPro/libctru/lib/libctru.a(thread.o)
 .text.srvExit  0x0000000000126cbc       0x50 /usr/local/devkitPro/libctru/lib/libctru.a(srv.o)
                0x0000000000126cbc                srvExit
 .text.srvRegisterClient
                0x0000000000126d0c       0x38 /usr/local/devkitPro/libctru/lib/libctru.a(srv.o)
                0x0000000000126d0c                srvRegisterClient
 .text.srvInit  0x0000000000126d44       0x78 /usr/local/devkitPro/libctru/lib/libctru.a(srv.o)
                0x0000000000126d44                srvInit
 .text.srvGetServiceHandleDirect
                0x0000000000126dbc       0x68 /usr/local/devkitPro/libctru/lib/libctru.a(srv.o)
                0x0000000000126dbc                srvGetServiceHandleDirect
 .text.srvGetServiceHandle
                0x0000000000126e24       0x38 /usr/local/devkitPro/libctru/lib/libctru.a(srv.o)
                0x0000000000126e24                srvGetServiceHandle
 .text.envGetHandle
                0x0000000000126e5c       0x84 /usr/local/devkitPro/libctru/lib/libctru.a(env.o)
                0x0000000000126e5c                envGetHandle
 .text.envDestroyHandles
                0x0000000000126ee0       0x4c /usr/local/devkitPro/libctru/lib/libctru.a(env.o)
                0x0000000000126ee0                envDestroyHandles
 .text.LightLock_Unlock.part.1
                0x0000000000126f2c       0x34 /usr/local/devkitPro/libctru/lib/libctru.a(synchronization.o)
 .text.__sync_init
                0x0000000000126f60        0xc /usr/local/devkitPro/libctru/lib/libctru.a(synchronization.o)
                0x0000000000126f60                __sync_init
 .text.__sync_fini
                0x0000000000126f6c       0x18 /usr/local/devkitPro/libctru/lib/libctru.a(synchronization.o)
                0x0000000000126f6c                __sync_fini
 .text.__sync_get_arbiter
                0x0000000000126f84       0x10 /usr/local/devkitPro/libctru/lib/libctru.a(synchronization.o)
                0x0000000000126f84                __sync_get_arbiter
 .text.LightLock_Init
                0x0000000000126f94       0x18 /usr/local/devkitPro/libctru/lib/libctru.a(synchronization.o)
                0x0000000000126f94                LightLock_Init
 .text.LightLock_Lock
                0x0000000000126fac       0xa0 /usr/local/devkitPro/libctru/lib/libctru.a(synchronization.o)
                0x0000000000126fac                LightLock_Lock
 .text.LightLock_TryLock
                0x000000000012704c       0x34 /usr/local/devkitPro/libctru/lib/libctru.a(synchronization.o)
                0x000000000012704c                LightLock_TryLock
 .text.LightLock_Unlock
                0x0000000000127080       0x20 /usr/local/devkitPro/libctru/lib/libctru.a(synchronization.o)
                0x0000000000127080                LightLock_Unlock
 .text.RecursiveLock_Init
                0x00000000001270a0       0x24 /usr/local/devkitPro/libctru/lib/libctru.a(synchronization.o)
                0x00000000001270a0                RecursiveLock_Init
 .text.RecursiveLock_Lock
                0x00000000001270c4       0x30 /usr/local/devkitPro/libctru/lib/libctru.a(synchronization.o)
                0x00000000001270c4                RecursiveLock_Lock
 .text.RecursiveLock_TryLock
                0x00000000001270f4       0x58 /usr/local/devkitPro/libctru/lib/libctru.a(synchronization.o)
                0x00000000001270f4                RecursiveLock_TryLock
 .text.RecursiveLock_Unlock
                0x000000000012714c       0x38 /usr/local/devkitPro/libctru/lib/libctru.a(synchronization.o)
                0x000000000012714c                RecursiveLock_Unlock
 .text.LightEvent_Init
                0x0000000000127184       0x38 /usr/local/devkitPro/libctru/lib/libctru.a(synchronization.o)
                0x0000000000127184                LightEvent_Init
 .text.LightEvent_Clear
                0x00000000001271bc       0x7c /usr/local/devkitPro/libctru/lib/libctru.a(synchronization.o)
                0x00000000001271bc                LightEvent_Clear
 .text.LightEvent_Signal
                0x0000000000127238       0xdc /usr/local/devkitPro/libctru/lib/libctru.a(synchronization.o)
                0x0000000000127238                LightEvent_Signal
 .text.LightEvent_Wait
                0x0000000000127314       0xd0 /usr/local/devkitPro/libctru/lib/libctru.a(synchronization.o)
                0x0000000000127314                LightEvent_Wait
 .text.__libctru_exit
                0x00000000001273e4       0xa4 /usr/local/devkitPro/libctru/lib/libctru.a(ctru_exit.o)
                0x00000000001273e4                __libctru_exit
 .text.__appExit
                0x0000000000127488       0x1c /usr/local/devkitPro/libctru/lib/libctru.a(appExit.o)
                0x0000000000127488                __appExit
 .text.__ctru_get_reent
                0x00000000001274a4       0x30 /usr/local/devkitPro/libctru/lib/libctru.a(syscalls.o)
 .text.__system_initSyscalls
                0x00000000001274d4       0xe4 /usr/local/devkitPro/libctru/lib/libctru.a(syscalls.o)
                0x00000000001274d4                __system_initSyscalls
 .text.__appInit
                0x00000000001275b8       0x1c /usr/local/devkitPro/libctru/lib/libctru.a(appInit.o)
                0x00000000001275b8                __appInit
 .text.sdmc_link
                0x00000000001275d4       0x10 /usr/local/devkitPro/libctru/lib/libctru.a(sdmc_dev.o)
 .text.sdmc_dirreset
                0x00000000001275e4       0x10 /usr/local/devkitPro/libctru/lib/libctru.a(sdmc_dev.o)
 .text.sdmc_fchmod
                0x00000000001275f4       0x10 /usr/local/devkitPro/libctru/lib/libctru.a(sdmc_dev.o)
 .text.error_cmp
                0x0000000000127604       0x24 /usr/local/devkitPro/libctru/lib/libctru.a(sdmc_dev.o)
 .text.sdmc_translate_error
                0x0000000000127628       0x50 /usr/local/devkitPro/libctru/lib/libctru.a(sdmc_dev.o)
 .text.sdmc_fsync
                0x0000000000127678       0x34 /usr/local/devkitPro/libctru/lib/libctru.a(sdmc_dev.o)
 .text.sdmc_ftruncate
                0x00000000001276ac       0x54 /usr/local/devkitPro/libctru/lib/libctru.a(sdmc_dev.o)
 .text.sdmc_statvfs
                0x0000000000127700       0xb8 /usr/local/devkitPro/libctru/lib/libctru.a(sdmc_dev.o)
 .text.sdmc_dirclose
                0x00000000001277b8       0x38 /usr/local/devkitPro/libctru/lib/libctru.a(sdmc_dev.o)
 .text.sdmc_dirnext
                0x00000000001277f0      0x138 /usr/local/devkitPro/libctru/lib/libctru.a(sdmc_dev.o)
 .text.sdmc_close
                0x0000000000127928       0x34 /usr/local/devkitPro/libctru/lib/libctru.a(sdmc_dev.o)
 .text.sdmc_fstat
                0x000000000012795c       0x74 /usr/local/devkitPro/libctru/lib/libctru.a(sdmc_dev.o)
 .text.sdmc_seek
                0x00000000001279d0       0xd8 /usr/local/devkitPro/libctru/lib/libctru.a(sdmc_dev.o)
 .text.sdmc_read