Archive member included to satisfy reference by file (symbol)

/usr/local/devkitPro/libctru/lib/libctru.a(initArgv.o)
                              /usr/local/devkitPro/devkitARM/bin/../lib/gcc/arm-none-eabi/6.3.0/../../../../arm-none-eabi/lib/armv6k/fpu/3dsx_crt0.o (__system_argc)
/usr/local/devkitPro/libctru/lib/libctru.a(stack_adjust.o)
                              /usr/local/devkitPro/devkitARM/bin/../lib/gcc/arm-none-eabi/6.3.0/../../../../arm-none-eabi/lib/armv6k/fpu/3dsx_crt0.o (initSystem)
/usr/local/devkitPro/libctru/lib/libctru.a(ctru_exit.o)
                              /usr/local/devkitPro/libctru/lib/libctru.a(stack_adjust.o) (__libctru_exit)
/usr/local/devkitPro/libctru/lib/libctru.a(appExit.o)
                              /usr/local/devkitPro/libctru/lib/libctru.a(stack_adjust.o) (__appExit)
/usr/local/devkitPro/libctru/lib/libctru.a(allocateHeaps.o)
                              /usr/local/devkitPro/libctru/lib/libctru.a(ctru_exit.o) (__ctru_heap_size)
/usr/local/devkitPro/libctru/lib/libctru.a(appInit.o)
                              /usr/local/devkitPro/libctru/lib/libctru.a(stack_adjust.o) (__appInit)
/usr/local/devkitPro/libctru/lib/libctru.a(initSystem.o)
                              /usr/local/devkitPro/libctru/lib/libctru.a(stack_adjust.o) (__libctru_init)
/usr/local/devkitPro/libctru/lib/libctru.a(svc.o)
                              /usr/local/devkitPro/libctru/lib/libctru.a(ctru_exit.o) (svcControlMemory)
/usr/local/devkitPro/libctru/lib/libctru.a(sdmc_dev.o)
                              /usr/local/devkitPro/libctru/lib/libctru.a(appInit.o) (sdmcInit)
/usr/local/devkitPro/libctru/lib/libctru.a(srv.o)
                              /usr/local/devkitPro/libctru/lib/libctru.a(appExit.o) (srvExit)
/usr/local/devkitPro/libctru/lib/libctru.a(os.o)
                              /usr/local/devkitPro/libctru/lib/libctru.a(allocateHeaps.o) (osGetMemRegionUsed)
/usr/local/devkitPro/libctru/lib/libctru.a(env.o)
                              /usr/local/devkitPro/libctru/lib/libctru.a(srv.o) (envGetHandle)
/usr/local/devkitPro/libctru/lib/libctru.a(synchronization.o)
                              /usr/local/devkitPro/libctru/lib/libctru.a(initSystem.o) (__sync_init)
/usr/local/devkitPro/libctru/lib/libctru.a(fs.o)
                              /usr/local/devkitPro/libctru/lib/libctru.a(appInit.o) (fsInit)
/usr/local/devkitPro/libctru/lib/libctru.a(ptmsysm.o)
                              /usr/local/devkitPro/libctru/lib/libctru.a(os.o) (ptmSysmInit)
/usr/local/devkitPro/libctru/lib/libctru.a(hid.o)
                              /usr/local/devkitPro/libctru/lib/libctru.a(appExit.o) (hidExit)
/usr/local/devkitPro/libctru/lib/libctru.a(apt.o)
                              /usr/local/devkitPro/libctru/lib/libctru.a(appInit.o) (aptInit)
/usr/local/devkitPro/libctru/lib/libctru.a(gspgpu.o)
                              /usr/local/devkitPro/libctru/lib/libctru.a(apt.o) (GSPGPU_SetLcdForceBlack)
/usr/local/devkitPro/libctru/lib/libctru.a(irrst.o)
                              /usr/local/devkitPro/libctru/lib/libctru.a(hid.o) (irrstScanInput)
/usr/local/devkitPro/libctru/lib/libctru.a(utf8_to_utf16.o)
                              /usr/local/devkitPro/libctru/lib/libctru.a(sdmc_dev.o) (utf8_to_utf16)
/usr/local/devkitPro/libctru/lib/libctru.a(decode_utf8.o)
                              /usr/local/devkitPro/libctru/lib/libctru.a(sdmc_dev.o) (decode_utf8)
/usr/local/devkitPro/libctru/lib/libctru.a(utf16_to_utf8.o)
                              /usr/local/devkitPro/libctru/lib/libctru.a(sdmc_dev.o) (utf16_to_utf8)
/usr/local/devkitPro/libctru/lib/libctru.a(encode_utf8.o)
                              /usr/local/devkitPro/libctru/lib/libctru.a(utf16_to_utf8.o) (encode_utf8)
/usr/local/devkitPro/libctru/lib/libctru.a(encode_utf16.o)
                              /usr/local/devkitPro/libctru/lib/libctru.a(utf8_to_utf16.o) (encode_utf16)
/usr/local/devkitPro/libctru/lib/libctru.a(syscalls.o)
                              /usr/local/devkitPro/libctru/lib/libctru.a(initSystem.o) (__system_initSyscalls)
/usr/local/devkitPro/libctru/lib/libctru.a(readtp.o)
                              /usr/local/devkitPro/libctru/lib/libctru.a(sdmc_dev.o) (__aeabi_read_tp)
/usr/local/devkitPro/libctru/lib/libctru.a(mappable.o)
                              /usr/local/devkitPro/libctru/lib/libctru.a(hid.o) (mappableAlloc)
/usr/local/devkitPro/libctru/lib/libctru.a(thread.o)
                              /usr/local/devkitPro/libctru/lib/libctru.a(apt.o) (threadCreate)
/usr/local/devkitPro/libctru/lib/libctru.a(gfx.o)
                              /usr/local/devkitPro/libctru/lib/libctru.a(apt.o) (__get_bytes_per_pixel)
/usr/local/devkitPro/libctru/lib/libctru.a(gx.o)
                              /usr/local/devkitPro/libctru/lib/libctru.a(gfx.o) (gxCmdBuf)
/usr/local/devkitPro/libctru/lib/libctru.a(rbtree_find.o)
                              /usr/local/devkitPro/libctru/lib/libctru.a(mappable.o) (rbtree_find)
[...]
Memory Configuration

Name             Origin             Length             Attributes
*default*        0x0000000000000000 0xffffffffffffffff

Linker script and memory map

                0x0000000000100000                PROVIDE (__start__, 0x100000)
                0x0000000000100000                . = __start__

.text           0x0000000000100000     0x7614
 *(.crt0)
 .crt0          0x0000000000100000       0x94 /usr/local/devkitPro/devkitARM/bin/../lib/gcc/arm-none-eabi/6.3.0/../../../../arm-none-eabi/lib/armv6k/fpu/3dsx_crt0.o
                0x0000000000100000                _start
                0x0000000000100008                __service_ptr
                0x000000000010000c                __apt_appid
                0x0000000000100010                __heap_size
                0x0000000000100014                __linear_heap_size
                0x0000000000100018                __system_arglist
                0x000000000010001c                __system_runflags
 *(.init)
 .init          0x0000000000100094        0xc /usr/local/devkitPro/devkitARM/bin/../lib/gcc/arm-none-eabi/6.3.0/armv6k/fpu/crti.o
                0x0000000000100094                _init
 .init          0x00000000001000a0        0xc /usr/local/devkitPro/devkitARM/bin/../lib/gcc/arm-none-eabi/6.3.0/armv6k/fpu/crtn.o
                0x00000000001000ac                . = ALIGN (0x4)
 *(.text)
 .text          0x00000000001000ac       0x64 /usr/local/devkitPro/libctru/lib/libctru.a(stack_adjust.o)
                0x00000000001000ac                initSystem
                0x00000000001000f0                __ctru_exit
 .text          0x0000000000100110        0x4 /usr/local/devkitPro/devkitARM/bin/../lib/gcc/arm-none-eabi/6.3.0/armv6k/fpu/libgcc.a(_dvmd_tls.o)
                0x0000000000100110                __aeabi_ldiv0
                0x0000000000100110                __aeabi_idiv0
 .text          0x0000000000100114      0x20c /usr/local/devkitPro/devkitARM/bin/../lib/gcc/arm-none-eabi/6.3.0/armv6k/fpu/libgcc.a(_udivsi3.o)
                0x0000000000100114                __udivsi3
                0x0000000000100114                __aeabi_uidiv
                0x0000000000100300                __aeabi_uidivmod
 .text          0x0000000000100320      0x390 /usr/local/devkitPro/devkitARM/bin/../lib/gcc/arm-none-eabi/6.3.0/../../../../arm-none-eabi/lib/armv6k/fpu/libg.a(lib_a-strcmp.o)
                0x0000000000100328                strcmp
 *(.text.*)
 .text.deregister_tm_clones
                0x00000000001006b0       0x30 /usr/local/devkitPro/devkitARM/bin/../lib/gcc/arm-none-eabi/6.3.0/armv6k/fpu/crtbegin.o
 .text.register_tm_clones
                0x00000000001006e0       0x38 /usr/local/devkitPro/devkitARM/bin/../lib/gcc/arm-none-eabi/6.3.0/armv6k/fpu/crtbegin.o
 .text.__do_global_dtors_aux
                0x0000000000100718       0x44 /usr/local/devkitPro/devkitARM/bin/../lib/gcc/arm-none-eabi/6.3.0/armv6k/fpu/crtbegin.o
 .text.frame_dummy
                0x000000000010075c       0x5c /usr/local/devkitPro/devkitARM/bin/../lib/gcc/arm-none-eabi/6.3.0/armv6k/fpu/crtbegin.o
 .text.__system_initArgv
                0x00000000001007b8       0xe8 /usr/local/devkitPro/libctru/lib/libctru.a(initArgv.o)
                0x00000000001007b8                __system_initArgv
 .text.__libctru_exit
                0x00000000001008a0       0xa4 /usr/local/devkitPro/libctru/lib/libctru.a(ctru_exit.o)
                0x00000000001008a0                __libctru_exit
 .text.__appExit
                0x0000000000100944       0x1c /usr/local/devkitPro/libctru/lib/libctru.a(appExit.o)
                0x0000000000100944                __appExit
 .text.osGetMemRegionSize
                0x0000000000100960       0x58 /usr/local/devkitPro/libctru/lib/libctru.a(allocateHeaps.o)
 .text.__system_allocateHeaps
                0x00000000001009b8      0x104 /usr/local/devkitPro/libctru/lib/libctru.a(allocateHeaps.o)
                0x00000000001009b8                __system_allocateHeaps
 .text.__appInit
                0x0000000000100abc       0x1c /usr/local/devkitPro/libctru/lib/libctru.a(appInit.o)
                0x0000000000100abc                __appInit
 .text.__libctru_init
                0x0000000000100ad8       0x38 /usr/local/devkitPro/libctru/lib/libctru.a(initSystem.o)
                0x0000000000100ad8                __libctru_init
 .text.svcControlMemory
                0x0000000000100b10       0x20 /usr/local/devkitPro/libctru/lib/libctru.a(svc.o)
                0x0000000000100b10                svcControlMemory
 .text.svcExitProcess
                0x0000000000100b30        0x8 /usr/local/devkitPro/libctru/lib/libctru.a(svc.o)
                0x0000000000100b30                svcExitProcess
 .text.svcCreateThread
                0x0000000000100b38       0x20 /usr/local/devkitPro/libctru/lib/libctru.a(svc.o)
                0x0000000000100b38                svcCreateThread
 .text.svcExitThread
                0x0000000000100b58        0x8 /usr/local/devkitPro/libctru/lib/libctru.a(svc.o)
                0x0000000000100b58                svcExitThread
 .text.svcReleaseMutex
                0x0000000000100b60        0x8 /usr/local/devkitPro/libctru/lib/libctru.a(svc.o)
                0x0000000000100b60                svcReleaseMutex
 .text.svcCreateEvent
                0x0000000000100b68       0x14 /usr/local/devkitPro/libctru/lib/libctru.a(svc.o)
                0x0000000000100b68                svcCreateEvent
 .text.svcSignalEvent
                0x0000000000100b7c        0x8 /usr/local/devkitPro/libctru/lib/libctru.a(svc.o)
                0x0000000000100b7c                svcSignalEvent
 .text.svcClearEvent
                0x0000000000100b84        0x8 /usr/local/devkitPro/libctru/lib/libctru.a(svc.o)
                0x0000000000100b84                svcClearEvent
 .text.svcMapMemoryBlock
                0x0000000000100b8c        0x8 /usr/local/devkitPro/libctru/lib/libctru.a(svc.o)
                0x0000000000100b8c                svcMapMemoryBlock
 .text.svcUnmapMemoryBlock
                0x0000000000100b94        0x8 /usr/local/devkitPro/libctru/lib/libctru.a(svc.o)
                0x0000000000100b94                svcUnmapMemoryBlock
 .text.svcCreateAddressArbiter
                0x0000000000100b9c       0x14 /usr/local/devkitPro/libctru/lib/libctru.a(svc.o)
                0x0000000000100b9c                svcCreateAddressArbiter
 .text.svcArbitrateAddress
                0x0000000000100bb0       0x18 /usr/local/devkitPro/libctru/lib/libctru.a(svc.o)
                0x0000000000100bb0                svcArbitrateAddress
 .text.svcCloseHandle
                0x0000000000100bc8        0x8 /usr/local/devkitPro/libctru/lib/libctru.a(svc.o)
                0x0000000000100bc8                svcCloseHandle
 .text.svcWaitSynchronization
                0x0000000000100bd0        0x8 /usr/local/devkitPro/libctru/lib/libctru.a(svc.o)
                0x0000000000100bd0                svcWaitSynchronization
 .text.svcWaitSynchronizationN
                0x0000000000100bd8       0x28 /usr/local/devkitPro/libctru/lib/libctru.a(svc.o)
                0x0000000000100bd8                svcWaitSynchronizationN
 .text.svcDuplicateHandle
                0x0000000000100c00       0x14 /usr/local/devkitPro/libctru/lib/libctru.a(svc.o)
                0x0000000000100c00                svcDuplicateHandle
 .text.svcGetSystemTick
                0x0000000000100c14        0x8 /usr/local/devkitPro/libctru/lib/libctru.a(svc.o)
                0x0000000000100c14                svcGetSystemTick
 .text.svcGetSystemInfo
                0x0000000000100c1c       0x18 /usr/local/devkitPro/libctru/lib/libctru.a(svc.o)
                0x0000000000100c1c                svcGetSystemInfo
 .text.svcConnectToPort
                0x0000000000100c34       0x14 /usr/local/devkitPro/libctru/lib/libctru.a(svc.o)
                0x0000000000100c34                svcConnectToPort
 .text.svcSendSyncRequest
                0x0000000000100c48        0x8 /usr/local/devkitPro/libctru/lib/libctru.a(svc.o)
                0x0000000000100c48                svcSendSyncRequest
 .text.svcBreak
                0x0000000000100c50        0x8 /usr/local/devkitPro/libctru/lib/libctru.a(svc.o)
                0x0000000000100c50                svcBreak
 .text.sdmc_link
                0x0000000000100c58       0x10 /usr/local/devkitPro/libctru/lib/libctru.a(sdmc_dev.o)
 .text.sdmc_dirreset
                0x0000000000100c68       0x10 /usr/local/devkitPro/libctru/lib/libctru.a(sdmc_dev.o)
 .text.sdmc_fchmod
                0x0000000000100c78       0x10 /usr/local/devkitPro/libctru/lib/libctru.a(sdmc_dev.o)
 .text.error_cmp
                0x0000000000100c88       0x24 /usr/local/devkitPro/libctru/lib/libctru.a(sdmc_dev.o)
 .text.sdmc_translate_error
                0x0000000000100cac       0x50 /usr/local/devkitPro/libctru/lib/libctru.a(sdmc_dev.o)
 .text.sdmc_fsync
                0x0000000000100cfc       0x34 /usr/local/devkitPro/libctru/lib/libctru.a(sdmc_dev.o)
 .text.sdmc_ftruncate
                0x0000000000100d30       0x54 /usr/local/devkitPro/libctru/lib/libctru.a(sdmc_dev.o)
 .text.sdmc_statvfs
                0x0000000000100d84       0xb8 /usr/local/devkitPro/libctru/lib/libctru.a(sdmc_dev.o)
 .text.sdmc_dirclose
                0x0000000000100e3c       0x38 /usr/local/devkitPro/libctru/lib/libctru.a(sdmc_dev.o)
 .text.sdmc_dirnext
                0x0000000000100e74      0x138 /usr/local/devkitPro/libctru/lib/libctru.a(sdmc_dev.o)
 .text.sdmc_close
                0x0000000000100fac       0x34 /usr/local/devkitPro/libctru/lib/libctru.a(sdmc_dev.o)
 .text.sdmc_fstat
                0x0000000000100fe0       0x74 /usr/local/devkitPro/libctru/lib/libctru.a(sdmc_dev.o)
 .text.sdmc_seek
                0x0000000000101054       0xd8 /usr/local/devkitPro/libctru/lib/libctru.a(sdmc_dev.o)
 .text.sdmc_read
                0x000000000010112c       0x84 /usr/local/devkitPro/libctru/lib/libctru.a(sdmc_dev.o)
 .text.sdmc_write_safe
                0x00000000001011b0      0x110 /usr/local/devkitPro/libctru/lib/libctru.a(sdmc_dev.o)
 .text.sdmc_utf16path
                0x00000000001012c0      0x1b4 /usr/local/devkitPro/libctru/lib/libctru.a(sdmc_dev.o)
 .text.sdmc_rmdir
                0x0000000000101474       0x74 /usr/local/devkitPro/libctru/lib/libctru.a(sdmc_dev.o)
 .text.sdmc_diropen
                0x00000000001014e8       0xa4 /usr/local/devkitPro/libctru/lib/libctru.a(sdmc_dev.o)
 .text.sdmc_chdir
                0x000000000010158c       0xa0 /usr/local/devkitPro/libctru/lib/libctru.a(sdmc_dev.o)
 .text.sdmc_mkdir
                0x000000000010162c       0x98 /usr/local/devkitPro/libctru/lib/libctru.a(sdmc_dev.o)
 .text.sdmc_rename
                0x00000000001016c4      0x108 /usr/local/devkitPro/libctru/lib/libctru.a(sdmc_dev.o)
 .text.sdmc_unlink
                0x00000000001017cc       0x74 /usr/local/devkitPro/libctru/lib/libctru.a(sdmc_dev.o)
 .text.sdmc_stat
                0x0000000000101840      0x108 /usr/local/devkitPro/libctru/lib/libctru.a(sdmc_dev.o)
 .text.sdmc_open
                0x0000000000101948      0x188 /usr/local/devkitPro/libctru/lib/libctru.a(sdmc_dev.o)
 .text.sdmc_chmod
                0x0000000000101ad0       0x10 /usr/local/devkitPro/libctru/lib/libctru.a(sdmc_dev.o)
 .text.sdmcInit
                0x0000000000101ae0      0x15c /usr/local/devkitPro/libctru/lib/libctru.a(sdmc_dev.o)
                0x0000000000101ae0                sdmcInit
 .text.sdmcExit
                0x0000000000101c3c       0x58 /usr/local/devkitPro/libctru/lib/libctru.a(sdmc_dev.o)
                0x0000000000101c3c                sdmcExit
 .text.srvExit  0x0000000000101c94       0x50 /usr/local/devkitPro/libctru/lib/libctru.a(srv.o)
                0x0000000000101c94                srvExit
 .text.srvRegisterClient
                0x0000000000101ce4       0x38 /usr/local/devkitPro/libctru/lib/libctru.a(srv.o)
                0x0000000000101ce4                srvRegisterClient
 .text.srvInit  0x0000000000101d1c       0x78 /usr/local/devkitPro/libctru/lib/libctru.a(srv.o)
                0x0000000000101d1c                srvInit
 .text.srvGetServiceHandleDirect
                0x0000000000101d94       0x68 /usr/local/devkitPro/libctru/lib/libctru.a(srv.o)
                0x0000000000101d94                srvGetServiceHandleDirect
 .text.srvGetServiceHandle
                0x0000000000101dfc       0x38 /usr/local/devkitPro/libctru/lib/libctru.a(srv.o)
                0x0000000000101dfc                srvGetServiceHandle
 .text.getSysTime
                0x0000000000101e34       0x58 /usr/local/devkitPro/libctru/lib/libctru.a(os.o)
 .text.osGetMemRegionUsed
                0x0000000000101e8c       0x24 /usr/local/devkitPro/libctru/lib/libctru.a(os.o)
                0x0000000000101e8c                osGetMemRegionUsed
 .text.__libctru_gtod
                0x0000000000101eb0       0xf4 /usr/local/devkitPro/libctru/lib/libctru.a(os.o)
                0x0000000000101eb0                __libctru_gtod
 .text.__ctru_speedup_config
                0x0000000000101fa4       0x34 /usr/local/devkitPro/libctru/lib/libctru.a(os.o)
                0x0000000000101fa4                __ctru_speedup_config
 .text.envGetHandle
                0x0000000000101fd8       0x84 /usr/local/devkitPro/libctru/lib/libctru.a(env.o)
                0x0000000000101fd8                envGetHandle
 .text.envDestroyHandles
                0x000000000010205c       0x4c /usr/local/devkitPro/libctru/lib/libctru.a(env.o)
                0x000000000010205c                envDestroyHandles
 .text.LightLock_Unlock.part.1
                0x00000000001020a8       0x34 /usr/local/devkitPro/libctru/lib/libctru.a(synchronization.o)
 .text.__sync_init
                0x00000000001020dc        0xc /usr/local/devkitPro/libctru/lib/libctru.a(synchronization.o)
                0x00000000001020dc                __sync_init
 .text.__sync_fini
                0x00000000001020e8       0x18 /usr/local/devkitPro/libctru/lib/libctru.a(synchronization.o)
                0x00000000001020e8                __sync_fini
 .text.LightLock_Init
                0x0000000000102100       0x18 /usr/local/devkitPro/libctru/lib/libctru.a(synchronization.o)
                0x0000000000102100                LightLock_Init
 .text.LightLock_Lock
                0x0000000000102118       0xa0 /usr/local/devkitPro/libctru/lib/libctru.a(synchronization.o)
                0x0000000000102118                LightLock_Lock
 .text.LightLock_TryLock
                0x00000000001021b8       0x34 /usr/local/devkitPro/libctru/lib/libctru.a(synchronization.o)
                0x00000000001021b8                LightLock_TryLock
 .text.LightLock_Unlock
                0x00000000001021ec       0x20 /usr/local/devkitPro/libctru/lib/libctru.a(synchronization.o)
                0x00000000001021ec                LightLock_Unlock
 .text.RecursiveLock_Init
                0x000000000010220c       0x24 /usr/local/devkitPro/libctru/lib/libctru.a(synchronization.o)
                0x000000000010220c                RecursiveLock_Init
 .text.RecursiveLock_Lock
                0x0000000000102230       0x30 /usr/local/devkitPro/libctru/lib/libctru.a(synchronization.o)
                0x0000000000102230                RecursiveLock_Lock
 .text.RecursiveLock_TryLock
                0x0000000000102260       0x58 /usr/local/devkitPro/libctru/lib/libctru.a(synchronization.o)
                0x0000000000102260                RecursiveLock_TryLock
 .text.RecursiveLock_Unlock
                0x00000000001022b8       0x38 /usr/local/devkitPro/libctru/lib/libctru.a(synchronization.o)
                0x00000000001022b8                RecursiveLock_Unlock
 .text.LightEvent_Init
                0x00000000001022f0       0x38 /usr/local/devkitPro/libctru/lib/libctru.a(synchronization.o)
                0x00000000001022f0                LightEvent_Init
 .text.LightEvent_Signal
                0x0000000000102328       0xdc /usr/local/devkitPro/libctru/lib/libctru.a(synchronization.o)
                0x0000000000102328                LightEvent_Signal
 .text.fsSessionForArchive.part.0
                0x0000000000102404       0x28 /usr/local/devkitPro/libctru/lib/libctru.a(fs.o)
 .text.fsInit   0x000000000010242c       0xc8 /usr/local/devkitPro/libctru/lib/libctru.a(fs.o)
                0x000000000010242c                fsInit
 .text.fsExit   0x00000000001024f4       0x38 /usr/local/devkitPro/libctru/lib/libctru.a(fs.o)
                0x00000000001024f4                fsExit
 .text.fsExemptFromSession
                0x000000000010252c       0xa0 /usr/local/devkitPro/libctru/lib/libctru.a(fs.o)
                0x000000000010252c                fsExemptFromSession
 .text.fsUnexemptFromSession
                0x00000000001025cc       0x54 /usr/local/devkitPro/libctru/lib/libctru.a(fs.o)
                0x00000000001025cc                fsUnexemptFromSession
 .text.FSUSER_OpenFile
                0x0000000000102620       0xbc /usr/local/devkitPro/libctru/lib/libctru.a(fs.o)
                0x0000000000102620                FSUSER_OpenFile
 .text.FSUSER_DeleteFile
                0x00000000001026dc       0xa4 /usr/local/devkitPro/libctru/lib/libctru.a(fs.o)
                0x00000000001026dc                FSUSER_DeleteFile
 .text.FSUSER_RenameFile
                0x0000000000102780       0xe0 /usr/local/devkitPro/libctru/lib/libctru.a(fs.o)
                0x0000000000102780                FSUSER_RenameFile
 .text.FSUSER_DeleteDirectory
                0x0000000000102860       0xa4 /usr/local/devkitPro/libctru/lib/libctru.a(fs.o)
                0x0000000000102860                FSUSER_DeleteDirectory
 .text.FSUSER_CreateFile
                0x0000000000102904       0xbc /usr/local/devkitPro/libctru/lib/libctru.a(fs.o)
                0x0000000000102904                FSUSER_CreateFile
 .text.FSUSER_CreateDirectory
                0x00000000001029c0       0xac /usr/local/devkitPro/libctru/lib/libctru.a(fs.o)
                0x00000000001029c0                FSUSER_CreateDirectory
 .text.FSUSER_RenameDirectory
                0x0000000000102a6c       0xe0 /usr/local/devkitPro/libctru/lib/libctru.a(fs.o)
                0x0000000000102a6c                FSUSER_RenameDirectory
 .text.FSUSER_OpenDirectory
                0x0000000000102b4c       0xa4 /usr/local/devkitPro/libctru/lib/libctru.a(fs.o)
                0x0000000000102b4c                FSUSER_OpenDirectory
 .text.FSUSER_OpenArchive
                0x0000000000102bf0       0x98 /usr/local/devkitPro/libctru/lib/libctru.a(fs.o)
                0x0000000000102bf0                FSUSER_OpenArchive
 .text.FSUSER_CloseArchive
                0x0000000000102c88       0x74 /usr/local/devkitPro/libctru/lib/libctru.a(fs.o)
                0x0000000000102c88                FSUSER_CloseArchive
 .text.FSUSER_GetSdmcArchiveResource
                0x0000000000102cfc       0x78 /usr/local/devkitPro/libctru/lib/libctru.a(fs.o)
                0x0000000000102cfc                FSUSER_GetSdmcArchiveResource
 .text.FSUSER_IsSdmcWritable
                0x0000000000102d74       0x64 /usr/local/devkitPro/libctru/lib/libctru.a(fs.o)
                0x0000000000102d74                FSUSER_IsSdmcWritable
 .text.FSFILE_Read
                0x0000000000102dd8       0x5c /usr/local/devkitPro/libctru/lib/libctru.a(fs.o)
                0x0000000000102dd8                FSFILE_Read
 .text.FSFILE_Write
                0x0000000000102e34       0x64 /usr/local/devkitPro/libctru/lib/libctru.a(fs.o)
                0x0000000000102e34                FSFILE_Write
 .text.FSFILE_GetSize
                0x0000000000102e98       0x3c /usr/local/devkitPro/libctru/lib/libctru.a(fs.o)
                0x0000000000102e98                FSFILE_GetSize
 .text.FSFILE_SetSize
                0x0000000000102ed4       0x2c /usr/local/devkitPro/libctru/lib/libctru.a(fs.o)
                0x0000000000102ed4                FSFILE_SetSize
 .text.FSFILE_Close
                0x0000000000102f00       0x3c /usr/local/devkitPro/libctru/lib/libctru.a(fs.o)
                0x0000000000102f00                FSFILE_Close
 .text.FSFILE_Flush
                0x0000000000102f3c       0x24 /usr/local/devkitPro/libctru/lib/libctru.a(fs.o)
                0x0000000000102f3c                FSFILE_Flush
 .text.FSDIR_Read
                0x0000000000102f60       0x54 /usr/local/devkitPro/libctru/lib/libctru.a(fs.o)
                0x0000000000102f60                FSDIR_Read
 .text.FSDIR_Close
                0x0000000000102fb4       0x3c /usr/local/devkitPro/libctru/lib/libctru.a(fs.o)
                0x0000000000102fb4                FSDIR_Close
 .text.ptmSysmInit
                0x0000000000102ff0       0x70 /usr/local/devkitPro/libctru/lib/libctru.a(ptmsysm.o)
                0x0000000000102ff0                ptmSysmInit
 .text.ptmSysmExit
                0x0000000000103060       0x34 /usr/local/devkitPro/libctru/lib/libctru.a(ptmsysm.o)
                0x0000000000103060                ptmSysmExit
 .text.PTMSYSM_ConfigureNew3DSCPU
                0x0000000000103094       0x34 /usr/local/devkitPro/libctru/lib/libctru.a(ptmsysm.o)
                0x0000000000103094                PTMSYSM_ConfigureNew3DSCPU
 .text.hidExit  0x00000000001030c8       0xd0 /usr/local/devkitPro/libctru/lib/libctru.a(hid.o)
                0x00000000001030c8                hidExit
 .text.HIDUSER_GetHandles
                0x0000000000103198       0x90 /usr/local/devkitPro/libctru/lib/libctru.a(hid.o)
                0x0000000000103198                HIDUSER_GetHandles
 .text.hidInit  0x0000000000103228      0x18c /usr/local/devkitPro/libctru/lib/libctru.a(hid.o)
                0x0000000000103228                hidInit
 .text._aptDebug
                0x00000000001033b4        0x4 /usr/local/devkitPro/libctru/lib/libctru.a(apt.o)
                0x00000000001033b4                _aptDebug
 .text.aptSendCommand
                0x00000000001033b8      0x130 /usr/local/devkitPro/libctru/lib/libctru.a(apt.o)
                0x00000000001033b8                aptSendCommand
 .text.aptExitProcess
                0x00000000001034e8       0x3c /usr/local/devkitPro/libctru/lib/libctru.a(apt.o)
 .text.APT_InquireNotification
                0x0000000000103524       0x4c /usr/local/devkitPro/libctru/lib/libctru.a(apt.o)
                0x0000000000103524                APT_InquireNotification
 .text.aptEventHandler
                0x0000000000103570      0x19c /usr/local/devkitPro/libctru/lib/libctru.a(apt.o)
 .text.APT_AppletUtility
                0x000000000010370c       0x74 /usr/local/devkitPro/libctru/lib/libctru.a(apt.o)
                0x000000000010370c                APT_AppletUtility
 .text.APT_GlanceParameter
                0x0000000000103780       0xb4 /usr/local/devkitPro/libctru/lib/libctru.a(apt.o)
                0x0000000000103780                APT_GlanceParameter
 .text.APT_ReceiveParameter
                0x0000000000103834       0xc0 /usr/local/devkitPro/libctru/lib/libctru.a(apt.o)
                0x0000000000103834                APT_ReceiveParameter
 .text.aptReceiveParameter.constprop.1
                0x00000000001038f4       0xa8 /usr/local/devkitPro/libctru/lib/libctru.a(apt.o)
 .text.aptWaitForWakeUp
                0x000000000010399c      0x228 /usr/local/devkitPro/libctru/lib/libctru.a(apt.o)
 .text.APT_CancelParameter
                0x0000000000103bc4       0x70 /usr/local/devkitPro/libctru/lib/libctru.a(apt.o)
                0x0000000000103bc4                APT_CancelParameter
 .text.aptInit  0x0000000000103c34      0x230 /usr/local/devkitPro/libctru/lib/libctru.a(apt.o)
                0x0000000000103c34                aptInit
 .text.aptClearParamQueue
                0x0000000000103e64       0x8c /usr/local/devkitPro/libctru/lib/libctru.a(apt.o)
 .text.aptExit  0x0000000000103ef0      0x148 /usr/local/devkitPro/libctru/lib/libctru.a(apt.o)
                0x0000000000103ef0                aptExit
 .text.APT_CheckNew3DS
                0x0000000000104038       0x70 /usr/local/devkitPro/libctru/lib/libctru.a(apt.o)
                0x0000000000104038                APT_CheckNew3DS
 .text.GSPGPU_AcquireRight
                0x00000000001040a8       0x48 /usr/local/devkitPro/libctru/lib/libctru.a(gspgpu.o)
                0x00000000001040a8                GSPGPU_AcquireRight
 .text.GSPGPU_RestoreVramSysArea
                0x00000000001040f0       0x2c /usr/local/devkitPro/libctru/lib/libctru.a(gspgpu.o)
                0x00000000001040f0                GSPGPU_RestoreVramSysArea
 .text.IRRST_GetHandles
                0x000000000010411c       0x50 /usr/local/devkitPro/libctru/lib/libctru.a(irrst.o)
                0x000000000010411c                IRRST_GetHandles
 .text.irrstInit
                0x000000000010416c      0x150 /usr/local/devkitPro/libctru/lib/libctru.a(irrst.o)
                0x000000000010416c                irrstInit
 .text.IRRST_Shutdown
                0x00000000001042bc       0x2c /usr/local/devkitPro/libctru/lib/libctru.a(irrst.o)
                0x00000000001042bc                IRRST_Shutdown
 .text.irrstExit
                0x00000000001042e8       0xac /usr/local/devkitPro/libctru/lib/libctru.a(irrst.o)
                0x00000000001042e8                irrstExit
 .text.utf8_to_utf16
                0x0000000000104394       0xc0 /usr/local/devkitPro/libctru/lib/libctru.a(utf8_to_utf16.o)
                0x0000000000104394                utf8_to_utf16
 .text.decode_utf8
                0x0000000000104454      0x138 /usr/local/devkitPro/libctru/lib/libctru.a(decode_utf8.o)
                0x0000000000104454                decode_utf8
 .text.utf16_to_utf8
                0x000000000010458c       0xe8 /usr/local/devkitPro/libctru/lib/libctru.a(utf16_to_utf8.o)
                0x000000000010458c                utf16_to_utf8
 .text.encode_utf8
                0x0000000000104674      0x104 /usr/local/devkitPro/libctru/lib/libctru.a(encode_utf8.o)
                0x0000000000104674                encode_utf8
 .text.encode_utf16
                0x0000000000104778       0x68 /usr/local/devkitPro/libctru/lib/libctru.a(encode_utf16.o)
                0x0000000000104778                encode_utf16
 .text.__ctru_get_reent
                0x00000000001047e0       0x30 /usr/local/devkitPro/libctru/lib/libctru.a(syscalls.o)
 .text.__system_initSyscalls
                0x0000000000104810       0xe4 /usr/local/devkitPro/libctru/lib/libctru.a(syscalls.o)
                0x0000000000104810                __system_initSyscalls
 .text.__aeabi_read_tp
                0x00000000001048f4        0xc /usr/local/devkitPro/libctru/lib/libctru.a(readtp.o)
                0x00000000001048f4                __aeabi_read_tp
 .text._ZL21addrMapNodeComparatorPK11rbtree_nodeS1_
                0x0000000000104900       0x24 /usr/local/devkitPro/libctru/lib/libctru.a(mappable.o)
 .text._ZL21addrMapNodeDestructorP11rbtree_node
                0x0000000000104924        0x4 /usr/local/devkitPro/libctru/lib/libctru.a(mappable.o)
 .text.mappableAlloc
                0x0000000000104928       0xf4 /usr/local/devkitPro/libctru/lib/libctru.a(mappable.o)
                0x0000000000104928                mappableAlloc
 .text.mappableFree
                0x0000000000104a1c       0x50 /usr/local/devkitPro/libctru/lib/libctru.a(mappable.o)
                0x0000000000104a1c                mappableFree
 .text.threadCreate
                0x0000000000104a6c      0x1bc /usr/local/devkitPro/libctru/lib/libctru.a(thread.o)
                0x0000000000104a6c                threadCreate
 .text.threadJoin
                0x0000000000104c28       0x24 /usr/local/devkitPro/libctru/lib/libctru.a(thread.o)
                0x0000000000104c28                threadJoin
 .text.threadExit
                0x0000000000104c4c       0x70 /usr/local/devkitPro/libctru/lib/libctru.a(thread.o)
                0x0000000000104c4c                threadExit
 .text._thread_begin
                0x0000000000104cbc       0x40 /usr/local/devkitPro/libctru/lib/libctru.a(thread.o)
 .text.rbtree_find
                0x0000000000104cfc       0x70 /usr/local/devkitPro/libctru/lib/libctru.a(rbtree_find.o)
                0x0000000000104cfc                rbtree_find
 .text.rbtree_remove
                0x0000000000104d6c      0x324 /usr/local/devkitPro/libctru/lib/libctru.a(rbtree_remove.o)
                0x0000000000104d6c                rbtree_remove
 .text.rbtree_node_next
                0x0000000000105090       0x74 /usr/local/devkitPro/libctru/lib/libctru.a(rbtree_iterator.o)
                0x0000000000105090                rbtree_node_next
 .text.rbtree_rotate
                0x0000000000105104       0x94 /usr/local/devkitPro/libctru/lib/libctru.a(rbtree_rotate.o)
                0x0000000000105104                rbtree_rotate
 .text.do_insert
                0x0000000000105198      0x18c /usr/local/devkitPro/libctru/lib/libctru.a(rbtree_insert.o)
 .text.rbtree_insert
                0x0000000000105324        0x8 /usr/local/devkitPro/libctru/lib/libctru.a(rbtree_insert.o)
                0x0000000000105324                rbtree_insert
 .text.rbtree_init
                0x000000000010532c       0x14 /usr/local/devkitPro/libctru/lib/libctru.a(rbtree_init.o)
                0x000000000010532c                rbtree_init
 .text.decode_utf16
                0x0000000000105340       0x60 /usr/local/devkitPro/libctru/lib/libctru.a(decode_utf16.o)
                0x0000000000105340                decode_utf16
 .text._ZN7MemPool13CoalesceRightEP8MemBlock
                0x00000000001053a0       0x98 /usr/local/devkitPro/libctru/lib/libctru.a(mem_pool.o)
                0x00000000001053a0                MemPool::CoalesceRight(MemBlock*)
 .text._ZN7MemPool8AllocateER8MemChunkmi
                0x0000000000105438      0x178 /usr/local/devkitPro/libctru/lib/libctru.a(mem_pool.o)
                0x0000000000105438                MemPool::Allocate(MemChunk&, unsigned long, int)
 .text._ZN7MemPool10DeallocateERK8MemChunk
                0x00000000001055b0      0x100 /usr/local/devkitPro/libctru/lib/libctru.a(mem_pool.o)
                0x00000000001055b0                MemPool::Deallocate(MemChunk const&)
 .text.bsearch  0x00000000001056b0       0x74 /usr/local/devkitPro/devkitARM/bin/../lib/gcc/arm-none-eabi/6.3.0/../../../../arm-none-eabi/lib/armv6k/fpu/libg.a(lib_a-bsearch.o)
                0x00000000001056b0                bsearch
 .text.__libc_fini_array
                0x0000000000105724       0x40 /usr/local/devkitPro/devkitARM/bin/../lib/gcc/arm-none-eabi/6.3.0/../../../../arm-none-eabi/lib/armv6k/fpu/libg.a(lib_a-fini.o)
                0x0000000000105724                __libc_fini_array
 .text.__libc_init_array
                0x0000000000105764       0x78 /usr/local/devkitPro/devkitARM/bin/../lib/gcc/arm-none-eabi/6.3.0/../../../../arm-none-eabi/lib/armv6k/fpu/libg.a(lib_a-init.o)
                0x0000000000105764                __libc_init_array
 .text.memalign
                0x00000000001057dc       0x20 /usr/local/devkitPro/devkitARM/bin/../lib/gcc/arm-none-eabi/6.3.0/../../../../arm-none-eabi/lib/armv6k/fpu/libg.a(lib_a-malign.o)
                0x00000000001057dc                memalign
 .text._memalign_r
                0x00000000001057fc      0x158 /usr/local/devkitPro/devkitARM/bin/../lib/gcc/arm-none-eabi/6.3.0/../../../../arm-none-eabi/lib/armv6k/fpu/libg.a(lib_a-malignr.o)
                0x00000000001057fc                _memalign_r
 .text.malloc   0x0000000000105954       0x18 /usr/local/devkitPro/devkitARM/bin/../lib/gcc/arm-none-eabi/6.3.0/../../../../arm-none-eabi/lib/armv6k/fpu/libg.a(lib_a-malloc.o)
                0x0000000000105954                malloc
 .text.free     0x000000000010596c       0x18 /usr/local/devkitPro/devkitARM/bin/../lib/gcc/arm-none-eabi/6.3.0/../../../../arm-none-eabi/lib/armv6k/fpu/libg.a(lib_a-malloc.o)
                0x000000000010596c                free
 .text._malloc_r
                0x0000000000105984      0x78c /usr/local/devkitPro/devkitARM/bin/../lib/gcc/arm-none-eabi/6.3.0/../../../../arm-none-eabi/lib/armv6k/fpu/libg.a(lib_a-mallocr.o)
                0x0000000000105984                _malloc_r
 .text.memcpy   0x0000000000106110      0x114 /usr/local/devkitPro/devkitARM/bin/../lib/gcc/arm-none-eabi/6.3.0/../../../../arm-none-eabi/lib/armv6k/fpu/libg.a(lib_a-memcpy-stub.o)
                0x0000000000106110                memcpy
 .text.memset   0x0000000000106224      0x110 /usr/local/devkitPro/devkitARM/bin/../lib/gcc/arm-none-eabi/6.3.0/../../../../arm-none-eabi/lib/armv6k/fpu/libg.a(lib_a-memset.o)
                0x0000000000106224                memset
 .text.__malloc_lock
                0x0000000000106334        0xc /usr/local/devkitPro/devkitARM/bin/../lib/gcc/arm-none-eabi/6.3.0/../../../../arm-none-eabi/lib/armv6k/fpu/libg.a(lib_a-mlock.o)
                0x0000000000106334                __malloc_lock
 .text.__malloc_unlock
                0x0000000000106340        0xc /usr/local/devkitPro/devkitARM/bin/../lib/gcc/arm-none-eabi/6.3.0/../../../../arm-none-eabi/lib/armv6k/fpu/libg.a(lib_a-mlock.o)
                0x0000000000106340                __malloc_unlock
 .text.strlen   0x000000000010634c       0x5c /usr/local/devkitPro/devkitARM/bin/../lib/gcc/arm-none-eabi/6.3.0/../../../../arm-none-eabi/lib/armv6k/fpu/libg.a(lib_a-strlen-stub.o)
                0x000000000010634c                strlen
 .text.strncat  0x00000000001063a8       0x9c /usr/local/devkitPro/devkitARM/bin/../lib/gcc/arm-none-eabi/6.3.0/../../../../arm-none-eabi/lib/armv6k/fpu/libg.a(lib_a-strncat.o)
                0x00000000001063a8                strncat
 .text.strncpy  0x0000000000106444       0xd8 /usr/local/devkitPro/devkitARM/bin/../lib/gcc/arm-none-eabi/6.3.0/../../../../arm-none-eabi/lib/armv6k/fpu/libg.a(lib_a-strncpy.o)
                0x0000000000106444                strncpy
 .text._malloc_trim_r
                0x000000000010651c       0xf8 /usr/local/devkitPro/devkitARM/bin/../lib/gcc/arm-none-eabi/6.3.0/../../../../arm-none-eabi/lib/armv6k/fpu/libg.a(lib_a-freer.o)
                0x000000000010651c                _malloc_trim_r
 .text._free_r  0x0000000000106614      0x2e4 /usr/local/devkitPro/devkitARM/bin/../lib/gcc/arm-none-eabi/6.3.0/../../../../arm-none-eabi/lib/armv6k/fpu/libg.a(lib_a-freer.o)
                0x0000000000106614                _free_r
 .text.null_write
                0x00000000001068f8        0x8 /usr/local/devkitPro/devkitARM/bin/../lib/gcc/arm-none-eabi/6.3.0/../../../../arm-none-eabi/lib/armv6k/fpu/libsysbase.a(iosupport.o)
 .text.setDefaultDevice
                0x0000000000106900       0x18 /usr/local/devkitPro/devkitARM/bin/../lib/gcc/arm-none-eabi/6.3.0/../../../../arm-none-eabi/lib/armv6k/fpu/libsysbase.a(iosupport.o)
                0x0000000000106900                setDefaultDevice
 .text.FindDevice
                0x0000000000106918       0xcc /usr/local/devkitPro/devkitARM/bin/../lib/gcc/arm-none-eabi/6.3.0/../../../../arm-none-eabi/lib/armv6k/fpu/libsysbase.a(iosupport.o)
                0x0000000000106918                FindDevice
 .text.RemoveDevice
                0x00000000001069e4       0x28 /usr/local/devkitPro/devkitARM/bin/../lib/gcc/arm-none-eabi/6.3.0/../../../../arm-none-eabi/lib/armv6k/fpu/libsysbase.a(iosupport.o)
                0x00000000001069e4                RemoveDevice
 .text.AddDevice
                0x0000000000106a0c       0x98 /usr/local/devkitPro/devkitARM/bin/../lib/gcc/arm-none-eabi/6.3.0/../../../../arm-none-eabi/lib/armv6k/fpu/libsysbase.a(iosupport.o)
                0x0000000000106a0c                AddDevice
 .text._sbrk_r  0x0000000000106aa4       0x70 /usr/local/devkitPro/devkitARM/bin/../lib/gcc/arm-none-eabi/6.3.0/../../../../arm-none-eabi/lib/armv6k/fpu/libsysbase.a(sbrk.o)
                0x0000000000106aa4                _sbrk_r
 .text._concatenate_path
                0x0000000000106b14      0x1d4 /usr/local/devkitPro/devkitARM/bin/../lib/gcc/arm-none-eabi/6.3.0/../../../../arm-none-eabi/lib/armv6k/fpu/libsysbase.a(chdir.o)
                0x0000000000106b14                _concatenate_path
 .text.chdir    0x0000000000106ce8      0x15c /usr/local/devkitPro/devkitARM/bin/../lib/gcc/arm-none-eabi/6.3.0/../../../../arm-none-eabi/lib/armv6k/fpu/libsysbase.a(chdir.o)
                0x0000000000106ce8                chdir
 .text.__libc_lock_acquire_recursive
                0x0000000000106e44       0x18 /usr/local/devkitPro/devkitARM/bin/../lib/gcc/arm-none-eabi/6.3.0/../../../../arm-none-eabi/lib/armv6k/fpu/libsysbase.a(syscall_support.o)
                0x0000000000106e44                __libc_lock_acquire_recursive
 .text.__libc_lock_release_recursive
                0x0000000000106e5c       0x18 /usr/local/devkitPro/devkitARM/bin/../lib/gcc/arm-none-eabi/6.3.0/../../../../arm-none-eabi/lib/armv6k/fpu/libsysbase.a(syscall_support.o)
                0x0000000000106e5c                __libc_lock_release_recursive
 .text.__getreent
                0x0000000000106e74       0x28 /usr/local/devkitPro/devkitARM/bin/../lib/gcc/arm-none-eabi/6.3.0/../../../../arm-none-eabi/lib/armv6k/fpu/libsysbase.a(getreent.o)
                0x0000000000106e74                __getreent
 .text.__locale_ctype_ptr
                0x0000000000106e9c       0x24 /usr/local/devkitPro/devkitARM/bin/../lib/gcc/arm-none-eabi/6.3.0/../../../../arm-none-eabi/lib/armv6k/fpu/libg.a(lib_a-locale.o)
                0x0000000000106e9c                __locale_ctype_ptr
 .text.__utf8_mbtowc
                0x0000000000106ec0      0x300 /usr/local/devkitPro/devkitARM/bin/../lib/gcc/arm-none-eabi/6.3.0/../../../../arm-none-eabi/lib/armv6k/fpu/libg.a(lib_a-mbtowc_r.o)
                0x0000000000106ec0                __utf8_mbtowc
 .text.strchr   0x00000000001071c0      0x1ac /usr/local/devkitPro/devkitARM/bin/../lib/gcc/arm-none-eabi/6.3.0/../../../../arm-none-eabi/lib/armv6k/fpu/libg.a(lib_a-strchr.o)
                0x00000000001071c0                strchr
 .text.strncmp  0x000000000010736c      0x108 /usr/local/devkitPro/devkitARM/bin/../lib/gcc/arm-none-eabi/6.3.0/../../../../arm-none-eabi/lib/armv6k/fpu/libg.a(lib_a-strncmp.o)
                0x000000000010736c                strncmp
 .text.strnlen  0x0000000000107474       0x5c /usr/local/devkitPro/devkitARM/bin/../lib/gcc/arm-none-eabi/6.3.0/../../../../arm-none-eabi/lib/armv6k/fpu/libg.a(lib_a-strnlen.o)
                0x0000000000107474                strnlen
 .text.strrchr  0x00000000001074d0       0x44 /usr/local/devkitPro/devkitARM/bin/../lib/gcc/arm-none-eabi/6.3.0/../../../../arm-none-eabi/lib/armv6k/fpu/libg.a(lib_a-strrchr.o)
                0x00000000001074d0                strrchr
 .text.__utf8_wctomb
                0x0000000000107514       0xe8 /usr/local/devkitPro/devkitARM/bin/../lib/gcc/arm-none-eabi/6.3.0/../../../../arm-none-eabi/lib/armv6k/fpu/libg.a(lib_a-wctomb_r.o)
                0x0000000000107514                __utf8_wctomb
 *(.glue_7)
 .glue_7        0x00000000001075fc        0x0 linker stubs
 *(.glue_7t)
 .glue_7t       0x00000000001075fc        0x0 linker stubs
 *(.stub)
 *(.gnu.warning)
 *(.gnu.linkonce.t*)
                0x00000000001075fc                . = ALIGN (0x4)
 *(.fini)
 .fini          0x00000000001075fc        0xc /usr/local/devkitPro/devkitARM/bin/../lib/gcc/arm-none-eabi/6.3.0/armv6k/fpu/crti.o
                0x00000000001075fc                _fini
 .fini          0x0000000000107608        0xc /usr/local/devkitPro/devkitARM/bin/../lib/gcc/arm-none-eabi/6.3.0/armv6k/fpu/crtn.o
                0x0000000000107614                . = ALIGN (0x4)

.vfp11_veneer   0x0000000000107614        0x0
 .vfp11_veneer  0x0000000000107614        0x0 linker stubs

.v4_bx          0x0000000000107614        0x0
 .v4_bx         0x0000000000107614        0x0 linker stubs

.iplt           0x0000000000107614        0x0
 .iplt          0x0000000000107614        0x0 /usr/local/devkitPro/devkitARM/bin/../lib/gcc/arm-none-eabi/6.3.0/../../../../arm-none-eabi/lib/armv6k/fpu/3dsx_crt0.o

.rodata         0x0000000000108000      0x26c
 *(.rodata)
 .rodata        0x0000000000108000       0x3c /usr/local/devkitPro/libctru/lib/libctru.a(sdmc_dev.o)
 .rodata        0x000000000010803c        0xc /usr/local/devkitPro/libctru/lib/libctru.a(apt.o)
 *(.roda)
 *(.rodata.*)
 .rodata.str1.4
                0x0000000000108048        0xd /usr/local/devkitPro/libctru/lib/libctru.a(sdmc_dev.o)
                                         0x11 (size before relaxing)
 *fill*         0x0000000000108055        0x3 
 .rodata.str1.4
                0x0000000000108058        0x5 /usr/local/devkitPro/libctru/lib/libctru.a(srv.o)
 *fill*         0x000000000010805d        0x3 
 .rodata.str1.4
                0x0000000000108060        0x8 /usr/local/devkitPro/libctru/lib/libctru.a(fs.o)
                                          0x9 (size before relaxing)
 .rodata.str1.4
                0x0000000000108068        0x9 /usr/local/devkitPro/libctru/lib/libctru.a(ptmsysm.o)
 *fill*         0x0000000000108071        0x3 
 .rodata.str1.4
                0x0000000000108074       0x15 /usr/local/devkitPro/libctru/lib/libctru.a(hid.o)
 *fill*         0x0000000000108089        0x3 
 .rodata.str1.4
                0x000000000010808c       0x16 /usr/local/devkitPro/libctru/lib/libctru.a(apt.o)
 *fill*         0x00000000001080a2        0x2 
 .rodata.str1.4
                0x00000000001080a4        0x7 /usr/local/devkitPro/libctru/lib/libctru.a(irrst.o)
 *fill*         0x00000000001080ab        0x1 
 .rodata.AddDevice.str1.4
                0x00000000001080ac        0x8 /usr/local/devkitPro/devkitARM/bin/../lib/gcc/arm-none-eabi/6.3.0/../../../../arm-none-eabi/lib/armv6k/fpu/libsysbase.a(iosupport.o)
 .rodata.dotab_stdnull
                0x00000000001080b4       0x68 /usr/local/devkitPro/devkitARM/bin/../lib/gcc/arm-none-eabi/6.3.0/../../../../arm-none-eabi/lib/armv6k/fpu/libsysbase.a(iosupport.o)
                0x00000000001080b4                dotab_stdnull
 .rodata.DIRECTORY_PARENT
                0x000000000010811c        0x3 /usr/local/devkitPro/devkitARM/bin/../lib/gcc/arm-none-eabi/6.3.0/../../../../arm-none-eabi/lib/armv6k/fpu/libsysbase.a(chdir.o)
                0x000000000010811c                DIRECTORY_PARENT
 *fill*         0x000000000010811f        0x1 
 .rodata.str1.4
                0x0000000000108120       0x48 /usr/local/devkitPro/devkitARM/bin/../lib/gcc/arm-none-eabi/6.3.0/../../../../arm-none-eabi/lib/armv6k/fpu/libg.a(lib_a-locale.o)
                                         0x4c (size before relaxing)
 .rodata._ctype_
                0x0000000000108168      0x101 /usr/local/devkitPro/devkitARM/bin/../lib/gcc/arm-none-eabi/6.3.0/../../../../arm-none-eabi/lib/armv6k/fpu/libg.a(lib_a-ctype_.o)
                0x0000000000108168                _ctype_
 *all.rodata*(*)
 *(.gnu.linkonce.r*)
                0x000000000010826c                . = ALIGN (0x4)
 *fill*         0x0000000000108269        0x3 

.eh_frame       0x000000000010826c        0x0
 .eh_frame      0x000000000010826c        0x0 /usr/local/devkitPro/devkitARM/bin/../lib/gcc/arm-none-eabi/6.3.0/armv6k/fpu/crtbegin.o

.rel.dyn        0x000000000010826c        0x0
 .rel.iplt      0x000000000010826c        0x0 /usr/local/devkitPro/devkitARM/bin/../lib/gcc/arm-none-eabi/6.3.0/../../../../arm-none-eabi/lib/armv6k/fpu/3dsx_crt0.o

.ARM.extab
 *(.ARM.extab* .gnu.linkonce.armextab.*)
                0x000000000010826c                __exidx_start = .

ARM.exidx
 *(.ARM.exidx* .gnu.linkonce.armexidx.*)
                0x000000000010826c                __exidx_end = .

.data           0x0000000000109000     0x1eac
 *(.data)
 .data          0x0000000000109000        0x4 /usr/local/devkitPro/libctru/lib/libctru.a(stack_adjust.o)
                0x0000000000109000                __stacksize__
 .data          0x0000000000109004        0x4 /usr/local/devkitPro/libctru/lib/libctru.a(allocateHeaps.o)
                0x0000000000109004                __ctru_linear_heap_size
 .data          0x0000000000109008      0x46c /usr/local/devkitPro/libctru/lib/libctru.a(sdmc_dev.o)
 .data          0x0000000000109474        0x4 /usr/local/devkitPro/libctru/lib/libctru.a(apt.o)
 *(.data.*)
 .data._impure_ptr
                0x0000000000109478        0x4 /usr/local/devkitPro/devkitARM/bin/../lib/gcc/arm-none-eabi/6.3.0/../../../../arm-none-eabi/lib/armv6k/fpu/libg.a(lib_a-impure.o)
                0x0000000000109478                _impure_ptr
 *fill*         0x000000000010947c        0x4 
 .data.impure_data
                0x0000000000109480      0x460 /usr/local/devkitPro/devkitARM/bin/../lib/gcc/arm-none-eabi/6.3.0/../../../../arm-none-eabi/lib/armv6k/fpu/libg.a(lib_a-impure.o)
 .data.__malloc_av_
                0x00000000001098e0      0x408 /usr/local/devkitPro/devkitARM/bin/../lib/gcc/arm-none-eabi/6.3.0/../../../../arm-none-eabi/lib/armv6k/fpu/libg.a(lib_a-mallocr.o)
                0x00000000001098e0                __malloc_av_
 .data.__malloc_sbrk_base
                0x0000000000109ce8        0x4 /usr/local/devkitPro/devkitARM/bin/../lib/gcc/arm-none-eabi/6.3.0/../../../../arm-none-eabi/lib/armv6k/fpu/libg.a(lib_a-mallocr.o)
                0x0000000000109ce8                __malloc_sbrk_base
 .data.__malloc_trim_threshold
                0x0000000000109cec        0x4 /usr/local/devkitPro/devkitARM/bin/../lib/gcc/arm-none-eabi/6.3.0/../../../../arm-none-eabi/lib/armv6k/fpu/libg.a(lib_a-mallocr.o)
                0x0000000000109cec                __malloc_trim_threshold
 .data.__malloc_lock_object
                0x0000000000109cf0        0xc /usr/local/devkitPro/devkitARM/bin/../lib/gcc/arm-none-eabi/6.3.0/../../../../arm-none-eabi/lib/armv6k/fpu/libg.a(lib_a-mlock.o)
 .data.defaultDevice
                0x0000000000109cfc        0x4 /usr/local/devkitPro/devkitARM/bin/../lib/gcc/arm-none-eabi/6.3.0/../../../../arm-none-eabi/lib/armv6k/fpu/libsysbase.a(iosupport.o)
 .data.devoptab_list
                0x0000000000109d00       0x40 /usr/local/devkitPro/devkitARM/bin/../lib/gcc/arm-none-eabi/6.3.0/../../../../arm-none-eabi/lib/armv6k/fpu/libsysbase.a(iosupport.o)
                0x0000000000109d00                devoptab_list
 .data._current_working_directory
                0x0000000000109d40     0x1000 /usr/local/devkitPro/devkitARM/bin/../lib/gcc/arm-none-eabi/6.3.0/../../../../arm-none-eabi/lib/armv6k/fpu/libsysbase.a(chdir.o)
 .data.__global_locale
                0x000000000010ad40      0x16c /usr/local/devkitPro/devkitARM/bin/../lib/gcc/arm-none-eabi/6.3.0/../../../../arm-none-eabi/lib/armv6k/fpu/libg.a(lib_a-locale.o)
                0x000000000010ad40                __global_locale
 *(.gnu.linkonce.d*)
                0x000000000010aeac                . = ALIGN (0x4)

.igot.plt       0x000000000010aeac        0x0
 .igot.plt      0x000000000010aeac        0x0 /usr/local/devkitPro/devkitARM/bin/../lib/gcc/arm-none-eabi/6.3.0/../../../../arm-none-eabi/lib/armv6k/fpu/3dsx_crt0.o

.jcr            0x000000000010aeac        0x0
 .jcr           0x000000000010aeac        0x0 /usr/local/devkitPro/devkitARM/bin/../lib/gcc/arm-none-eabi/6.3.0/armv6k/fpu/crtbegin.o

.tm_clone_table
                0x000000000010aeac        0x0
 .tm_clone_table
                0x000000000010aeac        0x0 /usr/local/devkitPro/devkitARM/bin/../lib/gcc/arm-none-eabi/6.3.0/armv6k/fpu/crtbegin.o
 .tm_clone_table
                0x000000000010aeac        0x0 /usr/local/devkitPro/devkitARM/bin/../lib/gcc/arm-none-eabi/6.3.0/armv6k/fpu/crtend.o
                0x000000000010aeac                __TMC_END__

.tdata          0x000000000010aeac        0x0
                0x000000000010aeac                __tdata_lma = .
 *(.tdata)
 *(.tdata.*)
 *(.gnu.linkonce.td.*)
                0x000000000010aeac                . = ALIGN (0x4)
                0x000000000010aeac                __tdata_lma_end = .

.tbss           0x000000000010aeac     0x340c
 *(.tbss)
 .tbss          0x000000000010aeac     0x340a /usr/local/devkitPro/libctru/lib/libctru.a(sdmc_dev.o)
 *(.tbss.*)
 *(.gnu.linkonce.tb.*)
 *(.tcommon)
                0x000000000010e2b8                . = ALIGN (0x4)
 *fill*         0x000000000010e2b6        0x2 

.preinit_array  0x000000000010aeac        0x0
                0x000000000010aeac                PROVIDE (__preinit_array_start, .)
 *(.preinit_array)
                0x000000000010aeac                PROVIDE (__preinit_array_end, .)

.init_array     0x000000000010aeac        0x4
                0x000000000010aeac                PROVIDE (__init_array_start, .)
 *(SORT(.init_array.*))
 *(.init_array)
 .init_array    0x000000000010aeac        0x4 /usr/local/devkitPro/devkitARM/bin/../lib/gcc/arm-none-eabi/6.3.0/armv6k/fpu/crtbegin.o
                0x000000000010aeb0                PROVIDE (__init_array_end, .)

.fini_array     0x000000000010aeb0        0x4
                0x000000000010aeb0                PROVIDE (__fini_array_start, .)
 *(.fini_array)
 .fini_array    0x000000000010aeb0        0x4 /usr/local/devkitPro/devkitARM/bin/../lib/gcc/arm-none-eabi/6.3.0/armv6k/fpu/crtbegin.o
 *(SORT(.fini_array.*))
                0x000000000010aeb4                PROVIDE (__fini_array_end, .)

.ctors
 *crtbegin.o(.ctors)
 *(EXCLUDE_FILE(*crtend.o) .ctors)
 *(SORT(.ctors.*))
 *(.ctors)

.dtors
 *crtbegin.o(.dtors)
 *(EXCLUDE_FILE(*crtend.o) .dtors)
 *(SORT(.dtors.*))
 *(.dtors)
                0x000000000010aeb4                __bss_start__ = .

.bss            0x000000000010aeb4     0x5630
 *(.dynbss)
 *(.bss)
 .bss           0x000000000010aeb4        0x8 /usr/local/devkitPro/libctru/lib/libctru.a(stack_adjust.o)
 .bss           0x000000000010aebc        0x4 /usr/local/devkitPro/libctru/lib/libctru.a(allocateHeaps.o)
                0x000000000010aebc                __ctru_heap_size
 .bss           0x000000000010aec0        0x9 /usr/local/devkitPro/libctru/lib/libctru.a(sdmc_dev.o)
 *fill*         0x000000000010aec9        0x3 
 .bss           0x000000000010aecc        0x8 /usr/local/devkitPro/libctru/lib/libctru.a(srv.o)
 .bss           0x000000000010aed4        0x1 /usr/local/devkitPro/libctru/lib/libctru.a(os.o)
                0x000000000010aed4                __ctru_speedup
 *fill*         0x000000000010aed5        0x3 
 .bss           0x000000000010aed8        0x4 /usr/local/devkitPro/libctru/lib/libctru.a(synchronization.o)
 *fill*         0x000000000010aedc        0x4 
 .bss           0x000000000010aee0       0x88 /usr/local/devkitPro/libctru/lib/libctru.a(fs.o)
 .bss           0x000000000010af68        0x8 /usr/local/devkitPro/libctru/lib/libctru.a(ptmsysm.o)
 .bss           0x000000000010af70       0x2c /usr/local/devkitPro/libctru/lib/libctru.a(hid.o)
 .bss           0x000000000010af9c     0x103e /usr/local/devkitPro/libctru/lib/libctru.a(apt.o)
 *fill*         0x000000000010bfda        0x2 
 .bss           0x000000000010bfdc        0xc /usr/local/devkitPro/libctru/lib/libctru.a(irrst.o)
 .bss           0x000000000010bfe8       0x14 /usr/local/devkitPro/libctru/lib/libctru.a(mappable.o)
 *(.bss.*)
 .bss.completed.7620
                0x000000000010bffc        0x1 /usr/local/devkitPro/devkitARM/bin/../lib/gcc/arm-none-eabi/6.3.0/armv6k/fpu/crtbegin.o
 *fill*         0x000000000010bffd        0x3 
 .bss.object.7625
                0x000000000010c000       0x18 /usr/local/devkitPro/devkitARM/bin/../lib/gcc/arm-none-eabi/6.3.0/armv6k/fpu/crtbegin.o
 .bss.__malloc_current_mallinfo
                0x000000000010c018       0x28 /usr/local/devkitPro/devkitARM/bin/../lib/gcc/arm-none-eabi/6.3.0/../../../../arm-none-eabi/lib/armv6k/fpu/libg.a(lib_a-mallocr.o)
                0x000000000010c018                __malloc_current_mallinfo
 .bss.__malloc_max_sbrked_mem
                0x000000000010c040        0x4 /usr/local/devkitPro/devkitARM/bin/../lib/gcc/arm-none-eabi/6.3.0/../../../../arm-none-eabi/lib/armv6k/fpu/libg.a(lib_a-mallocr.o)
                0x000000000010c040                __malloc_max_sbrked_mem
 .bss.__malloc_max_total_mem
                0x000000000010c044        0x4 /usr/local/devkitPro/devkitARM/bin/../lib/gcc/arm-none-eabi/6.3.0/../../../../arm-none-eabi/lib/armv6k/fpu/libg.a(lib_a-mallocr.o)
                0x000000000010c044                __malloc_max_total_mem
 .bss.__malloc_top_pad
                0x000000000010c048        0x4 /usr/local/devkitPro/devkitARM/bin/../lib/gcc/arm-none-eabi/6.3.0/../../../../arm-none-eabi/lib/armv6k/fpu/libg.a(lib_a-mallocr.o)
                0x000000000010c048                __malloc_top_pad
 .bss.heap_start.6927
                0x000000000010c04c        0x4 /usr/local/devkitPro/devkitARM/bin/../lib/gcc/arm-none-eabi/6.3.0/../../../../arm-none-eabi/lib/armv6k/fpu/libsysbase.a(sbrk.o)
 .bss.fake_heap_end
                0x000000000010c050        0x4 /usr/local/devkitPro/devkitARM/bin/../lib/gcc/arm-none-eabi/6.3.0/../../../../arm-none-eabi/lib/armv6k/fpu/libsysbase.a(malloc_vars.o)
                0x000000000010c050                fake_heap_end
 .bss.fake_heap_start
                0x000000000010c054        0x4 /usr/local/devkitPro/devkitARM/bin/../lib/gcc/arm-none-eabi/6.3.0/../../../../arm-none-eabi/lib/armv6k/fpu/libsysbase.a(malloc_vars.o)
                0x000000000010c054                fake_heap_start
 .bss.temp_cwd  0x000000000010c058     0x1000 /usr/local/devkitPro/devkitARM/bin/../lib/gcc/arm-none-eabi/6.3.0/../../../../arm-none-eabi/lib/armv6k/fpu/libsysbase.a(chdir.o)
 .bss.__syscalls
                0x000000000010d058       0x38 /usr/local/devkitPro/devkitARM/bin/../lib/gcc/arm-none-eabi/6.3.0/../../../../arm-none-eabi/lib/armv6k/fpu/libsysbase.a(syscall_support.o)
                0x000000000010d058                __syscalls
 *(.gnu.linkonce.b*)
 *(COMMON)
 COMMON         0x000000000010d090        0x8 /usr/local/devkitPro/libctru/lib/libctru.a(initArgv.o)
                0x000000000010d090                __system_argv
                0x000000000010d094                __system_argc
 COMMON         0x000000000010d098        0x8 /usr/local/devkitPro/libctru/lib/libctru.a(allocateHeaps.o)
                0x000000000010d098                __ctru_linear_heap
                0x000000000010d09c                __ctru_heap
 COMMON         0x000000000010d0a0        0x4 /usr/local/devkitPro/libctru/lib/libctru.a(initSystem.o)
                0x000000000010d0a0                __system_retAddr
 COMMON         0x000000000010d0a4       0x20 /usr/local/devkitPro/libctru/lib/libctru.a(hid.o)
                0x000000000010d0a4                hidMemHandle
                0x000000000010d0a8                hidHandle
                0x000000000010d0ac                hidSharedMem
                0x000000000010d0b0                hidEvents
 COMMON         0x000000000010d0c4        0x4 /usr/local/devkitPro/libctru/lib/libctru.a(gspgpu.o)
                0x000000000010d0c4                gspGpuHandle
 COMMON         0x000000000010d0c8       0x10 /usr/local/devkitPro/libctru/lib/libctru.a(irrst.o)
                0x000000000010d0c8                irrstHandle
                0x000000000010d0cc                irrstEvent
                0x000000000010d0d0                irrstMemHandle
                0x000000000010d0d4                irrstSharedMem
                0x000000000010d0d8                . = ALIGN (0x4)
                0x000000000010d0d8                __tls_start = .
                0x00000000001104e4                . = (. + (SIZEOF (.tdata) + SIZEOF (.tbss)))
 *fill*         0x000000000010d0d8     0x340c 
                0x00000000001104e4                __tls_end = .
                0x00000000001104e4                __bss_end__ = .
                0x00000000001104e4                __end__ = ABSOLUTE (.)

/DISCARD/
 *(.group .comment .note)

.stab
 *(.stab)

.stabstr
 *(.stabstr)

.stab.excl
 *(.stab.excl)

.stab.exclstr
 *(.stab.exclstr)

.stab.index
 *(.stab.index)

.stab.indexstr
 *(.stab.indexstr)

.debug
 *(.debug)

.line
 *(.line)

.debug_srcinfo
 *(.debug_srcinfo)

.debug_sfnames
 *(.debug_sfnames)

.debug_aranges  0x0000000000000000     0x1118
 *(.debug_aranges)
 .debug_aranges
                0x0000000000000000       0x20 /usr/local/devkitPro/libctru/lib/libctru.a(initArgv.o)
 .debug_aranges
                0x0000000000000020       0x20 /usr/local/devkitPro/libctru/lib/libctru.a(stack_adjust.o)
 .debug_aranges
                0x0000000000000040       0x20 /usr/local/devkitPro/libctru/lib/libctru.a(ctru_exit.o)
 .debug_aranges
                0x0000000000000060       0x20 /usr/local/devkitPro/libctru/lib/libctru.a(appExit.o)
 .debug_aranges
                0x0000000000000080       0x28 /usr/local/devkitPro/libctru/lib/libctru.a(allocateHeaps.o)
 .debug_aranges
                0x00000000000000a8       0x20 /usr/local/devkitPro/libctru/lib/libctru.a(appInit.o)
 .debug_aranges
                0x00000000000000c8       0x20 /usr/local/devkitPro/libctru/lib/libctru.a(initSystem.o)
 .debug_aranges
                0x00000000000000e8      0x2c8 /usr/local/devkitPro/libctru/lib/libctru.a(svc.o)
 .debug_aranges
                0x00000000000003b0      0x100 /usr/local/devkitPro/libctru/lib/libctru.a(sdmc_dev.o)
 .debug_aranges
                0x00000000000004b0       0xa8 /usr/local/devkitPro/libctru/lib/libctru.a(srv.o)
 .debug_aranges
                0x0000000000000558       0x68 /usr/local/devkitPro/libctru/lib/libctru.a(os.o)
 .debug_aranges
                0x00000000000005c0       0x28 /usr/local/devkitPro/libctru/lib/libctru.a(env.o)
 .debug_aranges
                0x00000000000005e8       0xa8 /usr/local/devkitPro/libctru/lib/libctru.a(synchronization.o)
 .debug_aranges
                0x0000000000000690      0x3c0 /usr/local/devkitPro/libctru/lib/libctru.a(fs.o)
 .debug_aranges
                0x0000000000000a50       0x48 /usr/local/devkitPro/libctru/lib/libctru.a(ptmsysm.o)
 .debug_aranges
                0x0000000000000a98       0xb0 /usr/local/devkitPro/libctru/lib/libctru.a(hid.o)
 .debug_aranges
                0x0000000000000b48      0x1e0 /usr/local/devkitPro/libctru/lib/libctru.a(apt.o)
 .debug_aranges
                0x0000000000000d28       0xd8 /usr/local/devkitPro/libctru/lib/libctru.a(gspgpu.o)
 .debug_aranges
                0x0000000000000e00       0x68 /usr/local/devkitPro/libctru/lib/libctru.a(irrst.o)
 .debug_aranges
                0x0000000000000e68       0x20 /usr/local/devkitPro/libctru/lib/libctru.a(utf8_to_utf16.o)
 .debug_aranges
                0x0000000000000e88       0x20 /usr/local/devkitPro/libctru/lib/libctru.a(decode_utf8.o)
 .debug_aranges
                0x0000000000000ea8       0x20 /usr/local/devkitPro/libctru/lib/libctru.a(utf16_to_utf8.o)
 .debug_aranges
                0x0000000000000ec8       0x20 /usr/local/devkitPro/libctru/lib/libctru.a(encode_utf8.o)
 .debug_aranges
                0x0000000000000ee8       0x20 /usr/local/devkitPro/libctru/lib/libctru.a(encode_utf16.o)
 .debug_aranges
                0x0000000000000f08       0x28 /usr/local/devkitPro/libctru/lib/libctru.a(syscalls.o)
 .debug_aranges
                0x0000000000000f30       0x20 /usr/local/devkitPro/libctru/lib/libctru.a(readtp.o)
 .debug_aranges
                0x0000000000000f50       0x40 /usr/local/devkitPro/libctru/lib/libctru.a(mappable.o)
 .debug_aranges
                0x0000000000000f90       0x58 /usr/local/devkitPro/libctru/lib/libctru.a(thread.o)
 .debug_aranges
                0x0000000000000fe8       0x20 /usr/local/devkitPro/libctru/lib/libctru.a(rbtree_find.o)
 .debug_aranges
                0x0000000000001008       0x20 /usr/local/devkitPro/libctru/lib/libctru.a(rbtree_remove.o)
 .debug_aranges
                0x0000000000001028       0x28 /usr/local/devkitPro/libctru/lib/libctru.a(rbtree_iterator.o)
 .debug_aranges
                0x0000000000001050       0x20 /usr/local/devkitPro/libctru/lib/libctru.a(rbtree_rotate.o)
 .debug_aranges
                0x0000000000001070       0x30 /usr/local/devkitPro/libctru/lib/libctru.a(rbtree_insert.o)
 .debug_aranges
                0x00000000000010a0       0x20 /usr/local/devkitPro/libctru/lib/libctru.a(rbtree_init.o)
 .debug_aranges
                0x00000000000010c0       0x20 /usr/local/devkitPro/libctru/lib/libctru.a(decode_utf16.o)
 .debug_aranges
                0x00000000000010e0       0x38 /usr/local/devkitPro/libctru/lib/libctru.a(mem_pool.o)

.debug_pubnames
 *(.debug_pubnames)

.debug_info     0x0000000000000000    0x200b3
 *(.debug_info)
 .debug_info    0x0000000000000000      0xa0d /usr/local/devkitPro/libctru/lib/libctru.a(initArgv.o)
 .debug_info    0x0000000000000a0d       0xb7 /usr/local/devkitPro/libctru/lib/libctru.a(stack_adjust.o)
 .debug_info    0x0000000000000ac4      0x21a /usr/local/devkitPro/libctru/lib/libctru.a(ctru_exit.o)
 .debug_info    0x0000000000000cde      0x1b8 /usr/local/devkitPro/libctru/lib/libctru.a(appExit.o)
 .debug_info    0x0000000000000e96      0x3a2 /usr/local/devkitPro/libctru/lib/libctru.a(allocateHeaps.o)
 .debug_info    0x0000000000001238      0x1b8 /usr/local/devkitPro/libctru/lib/libctru.a(appInit.o)
 .debug_info    0x00000000000013f0     0x124b /usr/local/devkitPro/libctru/lib/libctru.a(initSystem.o)
 .debug_info    0x000000000000263b       0xa3 /usr/local/devkitPro/libctru/lib/libctru.a(svc.o)
 .debug_info    0x00000000000026de     0x2d29 /usr/local/devkitPro/libctru/lib/libctru.a(sdmc_dev.o)
 .debug_info    0x0000000000005407     0x14c3 /usr/local/devkitPro/libctru/lib/libctru.a(srv.o)
 .debug_info    0x00000000000068ca      0xe67 /usr/local/devkitPro/libctru/lib/libctru.a(os.o)
 .debug_info    0x0000000000007731      0x248 /usr/local/devkitPro/libctru/lib/libctru.a(env.o)
 .debug_info    0x0000000000007979     0x18ee /usr/local/devkitPro/libctru/lib/libctru.a(synchronization.o)
 .debug_info    0x0000000000009267     0x6bb1 /usr/local/devkitPro/libctru/lib/libctru.a(fs.o)
 .debug_info    0x000000000000fe18      0xcad /usr/local/devkitPro/libctru/lib/libctru.a(ptmsysm.o)
 .debug_info    0x0000000000010ac5     0x1652 /usr/local/devkitPro/libctru/lib/libctru.a(hid.o)
 .debug_info    0x0000000000012117     0x4029 /usr/local/devkitPro/libctru/lib/libctru.a(apt.o)
 .debug_info    0x0000000000016140     0x1db7 /usr/local/devkitPro/libctru/lib/libctru.a(gspgpu.o)
 .debug_info    0x0000000000017ef7     0x1099 /usr/local/devkitPro/libctru/lib/libctru.a(irrst.o)
 .debug_info    0x0000000000018f90      0x1d2 /usr/local/devkitPro/libctru/lib/libctru.a(utf8_to_utf16.o)
 .debug_info    0x0000000000019162      0x143 /usr/local/devkitPro/libctru/lib/libctru.a(decode_utf8.o)
 .debug_info    0x00000000000192a5      0x1d2 /usr/local/devkitPro/libctru/lib/libctru.a(utf16_to_utf8.o)
 .debug_info    0x0000000000019477      0x100 /usr/local/devkitPro/libctru/lib/libctru.a(encode_utf8.o)
 .debug_info    0x0000000000019577      0x100 /usr/local/devkitPro/libctru/lib/libctru.a(encode_utf16.o)
 .debug_info    0x0000000000019677     0x13a9 /usr/local/devkitPro/libctru/lib/libctru.a(syscalls.o)
 .debug_info    0x000000000001aa20       0xb1 /usr/local/devkitPro/libctru/lib/libctru.a(readtp.o)
 .debug_info    0x000000000001aad1     0x165f /usr/local/devkitPro/libctru/lib/libctru.a(mappable.o)
 .debug_info    0x000000000001c130     0x107f /usr/local/devkitPro/libctru/lib/libctru.a(thread.o)
 .debug_info    0x000000000001d1af      0x1d0 /usr/local/devkitPro/libctru/lib/libctru.a(rbtree_find.o)
 .debug_info    0x000000000001d37f      0x7f4 /usr/local/devkitPro/libctru/lib/libctru.a(rbtree_remove.o)
 .debug_info    0x000000000001db73      0x2ee /usr/local/devkitPro/libctru/lib/libctru.a(rbtree_iterator.o)
 .debug_info    0x000000000001de61      0x2eb /usr/local/devkitPro/libctru/lib/libctru.a(rbtree_rotate.o)
 .debug_info    0x000000000001e14c      0x5e3 /usr/local/devkitPro/libctru/lib/libctru.a(rbtree_insert.o)
 .debug_info    0x000000000001e72f      0x17f /usr/local/devkitPro/libctru/lib/libctru.a(rbtree_init.o)
 .debug_info    0x000000000001e8ae      0x127 /usr/local/devkitPro/libctru/lib/libctru.a(decode_utf16.o)
 .debug_info    0x000000000001e9d5     0x16de /usr/local/devkitPro/libctru/lib/libctru.a(mem_pool.o)

.debug_abbrev   0x0000000000000000     0x4fa6
 *(.debug_abbrev)
 .debug_abbrev  0x0000000000000000      0x23c /usr/local/devkitPro/libctru/lib/libctru.a(initArgv.o)
 .debug_abbrev  0x000000000000023c       0x14 /usr/local/devkitPro/libctru/lib/libctru.a(stack_adjust.o)
 .debug_abbrev  0x0000000000000250      0x10e /usr/local/devkitPro/libctru/lib/libctru.a(ctru_exit.o)
 .debug_abbrev  0x000000000000035e       0xbb /usr/local/devkitPro/libctru/lib/libctru.a(appExit.o)
 .debug_abbrev  0x0000000000000419      0x159 /usr/local/devkitPro/libctru/lib/libctru.a(allocateHeaps.o)
 .debug_abbrev  0x0000000000000572       0xbb /usr/local/devkitPro/libctru/lib/libctru.a(appInit.o)
 .debug_abbrev  0x000000000000062d      0x23a /usr/local/devkitPro/libctru/lib/libctru.a(initSystem.o)
 .debug_abbrev  0x0000000000000867       0x12 /usr/local/devkitPro/libctru/lib/libctru.a(svc.o)
 .debug_abbrev  0x0000000000000879      0x4ab /usr/local/devkitPro/libctru/lib/libctru.a(sdmc_dev.o)
 .debug_abbrev  0x0000000000000d24      0x34f /usr/local/devkitPro/libctru/lib/libctru.a(srv.o)
 .debug_abbrev  0x0000000000001073      0x31b /usr/local/devkitPro/libctru/lib/libctru.a(os.o)
 .debug_abbrev  0x000000000000138e      0x1a2 /usr/local/devkitPro/libctru/lib/libctru.a(env.o)
 .debug_abbrev  0x0000000000001530      0x3ee /usr/local/devkitPro/libctru/lib/libctru.a(synchronization.o)
 .debug_abbrev  0x000000000000191e      0x4e9 /usr/local/devkitPro/libctru/lib/libctru.a(fs.o)
 .debug_abbrev  0x0000000000001e07      0x2ec /usr/local/devkitPro/libctru/lib/libctru.a(ptmsysm.o)
 .debug_abbrev  0x00000000000020f3      0x432 /usr/local/devkitPro/libctru/lib/libctru.a(hid.o)
 .debug_abbrev  0x0000000000002525      0x62e /usr/local/devkitPro/libctru/lib/libctru.a(apt.o)
 .debug_abbrev  0x0000000000002b53      0x4c4 /usr/local/devkitPro/libctru/lib/libctru.a(gspgpu.o)
 .debug_abbrev  0x0000000000003017      0x3d6 /usr/local/devkitPro/libctru/lib/libctru.a(irrst.o)
 .debug_abbrev  0x00000000000033ed       0xe6 /usr/local/devkitPro/libctru/lib/libctru.a(utf8_to_utf16.o)
 .debug_abbrev  0x00000000000034d3       0x8e /usr/local/devkitPro/libctru/lib/libctru.a(decode_utf8.o)
 .debug_abbrev  0x0000000000003561       0xe6 /usr/local/devkitPro/libctru/lib/libctru.a(utf16_to_utf8.o)
 .debug_abbrev  0x0000000000003647       0x6b /usr/local/devkitPro/libctru/lib/libctru.a(encode_utf8.o)
 .debug_abbrev  0x00000000000036b2       0x6b /usr/local/devkitPro/libctru/lib/libctru.a(encode_utf16.o)
 .debug_abbrev  0x000000000000371d      0x2b7 /usr/local/devkitPro/libctru/lib/libctru.a(syscalls.o)
 .debug_abbrev  0x00000000000039d4       0x14 /usr/local/devkitPro/libctru/lib/libctru.a(readtp.o)
 .debug_abbrev  0x00000000000039e8      0x479 /usr/local/devkitPro/libctru/lib/libctru.a(mappable.o)
 .debug_abbrev  0x0000000000003e61      0x3d7 /usr/local/devkitPro/libctru/lib/libctru.a(thread.o)
 .debug_abbrev  0x0000000000004238       0xec /usr/local/devkitPro/libctru/lib/libctru.a(rbtree_find.o)
 .debug_abbrev  0x0000000000004324      0x1f2 /usr/local/devkitPro/libctru/lib/libctru.a(rbtree_remove.o)
 .debug_abbrev  0x0000000000004516      0x15e /usr/local/devkitPro/libctru/lib/libctru.a(rbtree_iterator.o)
 .debug_abbrev  0x0000000000004674      0x18a /usr/local/devkitPro/libctru/lib/libctru.a(rbtree_rotate.o)
 .debug_abbrev  0x00000000000047fe      0x224 /usr/local/devkitPro/libctru/lib/libctru.a(rbtree_insert.o)
 .debug_abbrev  0x0000000000004a22       0xb0 /usr/local/devkitPro/libctru/lib/libctru.a(rbtree_init.o)
 .debug_abbrev  0x0000000000004ad2       0x90 /usr/local/devkitPro/libctru/lib/libctru.a(decode_utf16.o)
 .debug_abbrev  0x0000000000004b62      0x444 /usr/local/devkitPro/libctru/lib/libctru.a(mem_pool.o)

.debug_line     0x0000000000000000     0x8ff2
 *(.debug_line)
 .debug_line    0x0000000000000000      0x22c /usr/local/devkitPro/libctru/lib/libctru.a(initArgv.o)
 .debug_line    0x000000000000022c       0x9b /usr/local/devkitPro/libctru/lib/libctru.a(stack_adjust.o)
 .debug_line    0x00000000000002c7      0x16d /usr/local/devkitPro/libctru/lib/libctru.a(ctru_exit.o)
 .debug_line    0x0000000000000434      0x1d9 /usr/local/devkitPro/libctru/lib/libctru.a(appExit.o)
 .debug_line    0x000000000000060d      0x1bd /usr/local/devkitPro/libctru/lib/libctru.a(allocateHeaps.o)
 .debug_line    0x00000000000007ca      0x1d9 /usr/local/devkitPro/libctru/lib/libctru.a(appInit.o)
 .debug_line    0x00000000000009a3      0x254 /usr/local/devkitPro/libctru/lib/libctru.a(initSystem.o)
 .debug_line    0x0000000000000bf7      0x6c4 /usr/local/devkitPro/libctru/lib/libctru.a(svc.o)
 .debug_line    0x00000000000012bb      0x7fc /usr/local/devkitPro/libctru/lib/libctru.a(sdmc_dev.o)
 .debug_line    0x0000000000001ab7      0x492 /usr/local/devkitPro/libctru/lib/libctru.a(srv.o)
 .debug_line    0x0000000000001f49      0x395 /usr/local/devkitPro/libctru/lib/libctru.a(os.o)
 .debug_line    0x00000000000022de      0x189 /usr/local/devkitPro/libctru/lib/libctru.a(env.o)
 .debug_line    0x0000000000002467      0x568 /usr/local/devkitPro/libctru/lib/libctru.a(synchronization.o)
 .debug_line    0x00000000000029cf     0x1fff /usr/local/devkitPro/libctru/lib/libctru.a(fs.o)
 .debug_line    0x00000000000049ce      0x2cd /usr/local/devkitPro/libctru/lib/libctru.a(ptmsysm.o)
 .debug_line    0x0000000000004c9b      0x555 /usr/local/devkitPro/libctru/lib/libctru.a(hid.o)
 .debug_line    0x00000000000051f0      0xe11 /usr/local/devkitPro/libctru/lib/libctru.a(apt.o)
 .debug_line    0x0000000000006001      0x6ce /usr/local/devkitPro/libctru/lib/libctru.a(gspgpu.o)
 .debug_line    0x00000000000066cf      0x43e /usr/local/devkitPro/libctru/lib/libctru.a(irrst.o)
 .debug_line    0x0000000000006b0d      0x1e3 /usr/local/devkitPro/libctru/lib/libctru.a(utf8_to_utf16.o)
 .debug_line    0x0000000000006cf0      0x151 /usr/local/devkitPro/libctru/lib/libctru.a(decode_utf8.o)
 .debug_line    0x0000000000006e41      0x1e9 /usr/local/devkitPro/libctru/lib/libctru.a(utf16_to_utf8.o)
 .debug_line    0x000000000000702a      0x15d /usr/local/devkitPro/libctru/lib/libctru.a(encode_utf8.o)
 .debug_line    0x0000000000007187      0x136 /usr/local/devkitPro/libctru/lib/libctru.a(encode_utf16.o)
 .debug_line    0x00000000000072bd      0x30e /usr/local/devkitPro/libctru/lib/libctru.a(syscalls.o)
 .debug_line    0x00000000000075cb       0x7d /usr/local/devkitPro/libctru/lib/libctru.a(readtp.o)
 .debug_line    0x0000000000007648      0x3d9 /usr/local/devkitPro/libctru/lib/libctru.a(mappable.o)
 .debug_line    0x0000000000007a21      0x35d /usr/local/devkitPro/libctru/lib/libctru.a(thread.o)
 .debug_line    0x0000000000007d7e      0x1c0 /usr/local/devkitPro/libctru/lib/libctru.a(rbtree_find.o)
 .debug_line    0x0000000000007f3e      0x30d /usr/local/devkitPro/libctru/lib/libctru.a(rbtree_remove.o)
 .debug_line    0x000000000000824b      0x1dc /usr/local/devkitPro/libctru/lib/libctru.a(rbtree_iterator.o)
 .debug_line    0x0000000000008427      0x204 /usr/local/devkitPro/libctru/lib/libctru.a(rbtree_rotate.o)
 .debug_line    0x000000000000862b      0x27b /usr/local/devkitPro/libctru/lib/libctru.a(rbtree_insert.o)
 .debug_line    0x00000000000088a6      0x1ab /usr/local/devkitPro/libctru/lib/libctru.a(rbtree_init.o)
 .debug_line    0x0000000000008a51      0x12c /usr/local/devkitPro/libctru/lib/libctru.a(decode_utf16.o)
 .debug_line    0x0000000000008b7d      0x475 /usr/local/devkitPro/libctru/lib/libctru.a(mem_pool.o)

.debug_frame    0x0000000000000000     0x2a68
 *(.debug_frame)
 .debug_frame   0x0000000000000000       0x2c /usr/local/devkitPro/libctru/lib/libctru.a(initArgv.o)
 .debug_frame   0x000000000000002c       0x28 /usr/local/devkitPro/libctru/lib/libctru.a(ctru_exit.o)
 .debug_frame   0x0000000000000054       0x2c /usr/local/devkitPro/libctru/lib/libctru.a(appExit.o)
 .debug_frame   0x0000000000000080       0x58 /usr/local/devkitPro/libctru/lib/libctru.a(allocateHeaps.o)
 .debug_frame   0x00000000000000d8       0x2c /usr/local/devkitPro/libctru/lib/libctru.a(appInit.o)
 .debug_frame   0x0000000000000104       0x2c /usr/local/devkitPro/libctru/lib/libctru.a(initSystem.o)
 .debug_frame   0x0000000000000130      0x43c /usr/local/devkitPro/libctru/lib/libctru.a(sdmc_dev.o)
 .debug_frame   0x000000000000056c      0x200 /usr/local/devkitPro/libctru/lib/libctru.a(srv.o)
 .debug_frame   0x000000000000076c       0xfc /usr/local/devkitPro/libctru/lib/libctru.a(os.o)
 .debug_frame   0x0000000000000868       0x50 /usr/local/devkitPro/libctru/lib/libctru.a(env.o)
 .debug_frame   0x00000000000008b8      0x1d0 /usr/local/devkitPro/libctru/lib/libctru.a(synchronization.o)
 .debug_frame   0x0000000000000a88      0xd60 /usr/local/devkitPro/libctru/lib/libctru.a(fs.o)
 .debug_frame   0x00000000000017e8       0x98 /usr/local/devkitPro/libctru/lib/libctru.a(ptmsysm.o)
 .debug_frame   0x0000000000001880      0x204 /usr/local/devkitPro/libctru/lib/libctru.a(hid.o)
 .debug_frame   0x0000000000001a84      0x764 /usr/local/devkitPro/libctru/lib/libctru.a(apt.o)
 .debug_frame   0x00000000000021e8      0x2b0 /usr/local/devkitPro/libctru/lib/libctru.a(gspgpu.o)
 .debug_frame   0x0000000000002498      0x114 /usr/local/devkitPro/libctru/lib/libctru.a(irrst.o)
 .debug_frame   0x00000000000025ac       0x3c /usr/local/devkitPro/libctru/lib/libctru.a(utf8_to_utf16.o)
 .debug_frame   0x00000000000025e8       0x30 /usr/local/devkitPro/libctru/lib/libctru.a(decode_utf8.o)
 .debug_frame   0x0000000000002618       0x3c /usr/local/devkitPro/libctru/lib/libctru.a(utf16_to_utf8.o)
 .debug_frame   0x0000000000002654       0x20 /usr/local/devkitPro/libctru/lib/libctru.a(encode_utf8.o)
 .debug_frame   0x0000000000002674       0x20 /usr/local/devkitPro/libctru/lib/libctru.a(encode_utf16.o)
 .debug_frame   0x0000000000002694       0x4c /usr/local/devkitPro/libctru/lib/libctru.a(syscalls.o)
 .debug_frame   0x00000000000026e0       0x88 /usr/local/devkitPro/libctru/lib/libctru.a(mappable.o)
 .debug_frame   0x0000000000002768       0xdc /usr/local/devkitPro/libctru/lib/libctru.a(thread.o)
 .debug_frame   0x0000000000002844       0x30 /usr/local/devkitPro/libctru/lib/libctru.a(rbtree_find.o)
 .debug_frame   0x0000000000002874       0x40 /usr/local/devkitPro/libctru/lib/libctru.a(rbtree_remove.o)
 .debug_frame   0x00000000000028b4       0x30 /usr/local/devkitPro/libctru/lib/libctru.a(rbtree_iterator.o)
 .debug_frame   0x00000000000028e4       0x2c /usr/local/devkitPro/libctru/lib/libctru.a(rbtree_rotate.o)
 .debug_frame   0x0000000000002910       0x54 /usr/local/devkitPro/libctru/lib/libctru.a(rbtree_insert.o)
 .debug_frame   0x0000000000002964       0x20 /usr/local/devkitPro/libctru/lib/libctru.a(rbtree_init.o)
 .debug_frame   0x0000000000002984       0x28 /usr/local/devkitPro/libctru/lib/libctru.a(decode_utf16.o)
 .debug_frame   0x00000000000029ac       0xbc /usr/local/devkitPro/libctru/lib/libctru.a(mem_pool.o)

.debug_str      0x0000000000000000     0x59c1
 *(.debug_str)
 .debug_str     0x0000000000000000      0x590 /usr/local/devkitPro/libctru/lib/libctru.a(initArgv.o)
                                        0x65b (size before relaxing)
 .debug_str     0x0000000000000590      0x1b9 /usr/local/devkitPro/libctru/lib/libctru.a(ctru_exit.o)
                                        0x300 (size before relaxing)
 .debug_str     0x0000000000000749      0x12c /usr/local/devkitPro/libctru/lib/libctru.a(appExit.o)
                                        0x282 (size before relaxing)
 .debug_str     0x0000000000000875      0x195 /usr/local/devkitPro/libctru/lib/libctru.a(allocateHeaps.o)
                                        0x42c (size before relaxing)
 .debug_str     0x0000000000000a0a       0x81 /usr/local/devkitPro/libctru/lib/libctru.a(appInit.o)
                                        0x282 (size before relaxing)
 .debug_str     0x0000000000000a8b      0x442 /usr/local/devkitPro/libctru/lib/libctru.a(initSystem.o)
                                        0xab7 (size before relaxing)
 .debug_str     0x0000000000000ecd      0x999 /usr/local/devkitPro/libctru/lib/libctru.a(sdmc_dev.o)
                                       0x140c (size before relaxing)
 .debug_str     0x0000000000001866      0x302 /usr/local/devkitPro/libctru/lib/libctru.a(srv.o)
                                        0x8e3 (size before relaxing)
 .debug_str     0x0000000000001b68      0x198 /usr/local/devkitPro/libctru/lib/libctru.a(os.o)
                                        0x8ae (size before relaxing)
 .debug_str     0x0000000000001d00       0x74 /usr/local/devkitPro/libctru/lib/libctru.a(env.o)
                                        0x20a (size before relaxing)
 .debug_str     0x0000000000001d74      0x2ea /usr/local/devkitPro/libctru/lib/libctru.a(synchronization.o)
                                        0x8cb (size before relaxing)
 .debug_str     0x000000000000205e     0x10a0 /usr/local/devkitPro/libctru/lib/libctru.a(fs.o)
                                       0x1cce (size before relaxing)
 .debug_str     0x00000000000030fe       0xb5 /usr/local/devkitPro/libctru/lib/libctru.a(ptmsysm.o)
                                        0x759 (size before relaxing)
 .debug_str     0x00000000000031b3      0x4e9 /usr/local/devkitPro/libctru/lib/libctru.a(hid.o)
                                        0xbdf (size before relaxing)
 .debug_str     0x000000000000369c     0x10b2 /usr/local/devkitPro/libctru/lib/libctru.a(apt.o)
                                       0x1906 (size before relaxing)
 .debug_str     0x000000000000474e      0x443 /usr/local/devkitPro/libctru/lib/libctru.a(gspgpu.o)
                                        0xe19 (size before relaxing)
 .debug_str     0x0000000000004b91      0x102 /usr/local/devkitPro/libctru/lib/libctru.a(irrst.o)
                                        0x90f (size before relaxing)
 .debug_str     0x0000000000004c93       0x6c /usr/local/devkitPro/libctru/lib/libctru.a(utf8_to_utf16.o)
                                        0x253 (size before relaxing)
 .debug_str     0x0000000000004cff       0x6d /usr/local/devkitPro/libctru/lib/libctru.a(decode_utf8.o)
                                        0x213 (size before relaxing)
 .debug_str     0x0000000000004d6c       0x70 /usr/local/devkitPro/libctru/lib/libctru.a(utf16_to_utf8.o)
                                        0x253 (size before relaxing)
 .debug_str     0x0000000000004ddc       0x55 /usr/local/devkitPro/libctru/lib/libctru.a(encode_utf8.o)
                                        0x1fb (size before relaxing)
 .debug_str     0x0000000000004e31       0x56 /usr/local/devkitPro/libctru/lib/libctru.a(encode_utf16.o)
                                        0x1ff (size before relaxing)
 .debug_str     0x0000000000004e87       0x92 /usr/local/devkitPro/libctru/lib/libctru.a(syscalls.o)
                                        0xb6a (size before relaxing)
 .debug_str     0x0000000000004f19      0x52f /usr/local/devkitPro/libctru/lib/libctru.a(mappable.o)
                                        0xb18 (size before relaxing)
 .debug_str     0x0000000000005448      0x15b /usr/local/devkitPro/libctru/lib/libctru.a(thread.o)
                                        0x879 (size before relaxing)
 .debug_str     0x00000000000055a3       0x5d /usr/local/devkitPro/libctru/lib/libctru.a(rbtree_find.o)
                                        0x21c (size before relaxing)
 .debug_str     0x0000000000005600      0x11f /usr/local/devkitPro/libctru/lib/libctru.a(rbtree_remove.o)
                                        0x2f2 (size before relaxing)
 .debug_str     0x000000000000571f       0x78 /usr/local/devkitPro/libctru/lib/libctru.a(rbtree_iterator.o)
                                        0x21c (size before relaxing)
 .debug_str     0x0000000000005797       0x5a /usr/local/devkitPro/libctru/lib/libctru.a(rbtree_rotate.o)
                                        0x269 (size before relaxing)
 .debug_str     0x00000000000057f1       0x8a /usr/local/devkitPro/libctru/lib/libctru.a(rbtree_insert.o)
                                        0x2d4 (size before relaxing)
 .debug_str     0x000000000000587b       0x58 /usr/local/devkitPro/libctru/lib/libctru.a(rbtree_init.o)
                                        0x212 (size before relaxing)
 .debug_str     0x00000000000058d3       0x56 /usr/local/devkitPro/libctru/lib/libctru.a(decode_utf16.o)
                                        0x20b (size before relaxing)
 .debug_str     0x0000000000005929       0x98 /usr/local/devkitPro/libctru/lib/libctru.a(mem_pool.o)
                                        0xa07 (size before relaxing)

.debug_loc      0x0000000000000000     0xab8b
 *(.debug_loc)
 .debug_loc     0x0000000000000000       0xcd /usr/local/devkitPro/libctru/lib/libctru.a(initArgv.o)
 .debug_loc     0x00000000000000cd       0x21 /usr/local/devkitPro/libctru/lib/libctru.a(ctru_exit.o)
 .debug_loc     0x00000000000000ee       0x49 /usr/local/devkitPro/libctru/lib/libctru.a(allocateHeaps.o)
 .debug_loc     0x0000000000000137       0x21 /usr/local/devkitPro/libctru/lib/libctru.a(initSystem.o)
 .debug_loc     0x0000000000000158     0x1415 /usr/local/devkitPro/libctru/lib/libctru.a(sdmc_dev.o)
 .debug_loc     0x000000000000156d      0x5b2 /usr/local/devkitPro/libctru/lib/libctru.a(srv.o)
 .debug_loc     0x0000000000001b1f      0x2e4 /usr/local/devkitPro/libctru/lib/libctru.a(os.o)
 .debug_loc     0x0000000000001e03      0x103 /usr/local/devkitPro/libctru/lib/libctru.a(env.o)
 .debug_loc     0x0000000000001f06      0x961 /usr/local/devkitPro/libctru/lib/libctru.a(synchronization.o)
 .debug_loc     0x0000000000002867     0x3510 /usr/local/devkitPro/libctru/lib/libctru.a(fs.o)
 .debug_loc     0x0000000000005d77       0xbd /usr/local/devkitPro/libctru/lib/libctru.a(ptmsysm.o)
 .debug_loc     0x0000000000005e34      0x582 /usr/local/devkitPro/libctru/lib/libctru.a(hid.o)
 .debug_loc     0x00000000000063b6     0x1733 /usr/local/devkitPro/libctru/lib/libctru.a(apt.o)
 .debug_loc     0x0000000000007ae9      0xa01 /usr/local/devkitPro/libctru/lib/libctru.a(gspgpu.o)
 .debug_loc     0x00000000000084ea      0x320 /usr/local/devkitPro/libctru/lib/libctru.a(irrst.o)
 .debug_loc     0x000000000000880a       0xd2 /usr/local/devkitPro/libctru/lib/libctru.a(utf8_to_utf16.o)
 .debug_loc     0x00000000000088dc      0x209 /usr/local/devkitPro/libctru/lib/libctru.a(decode_utf8.o)
 .debug_loc     0x0000000000008ae5       0xec /usr/local/devkitPro/libctru/lib/libctru.a(utf16_to_utf8.o)
 .debug_loc     0x0000000000008bd1      0x1aa /usr/local/devkitPro/libctru/lib/libctru.a(encode_utf8.o)
 .debug_loc     0x0000000000008d7b       0xdc /usr/local/devkitPro/libctru/lib/libctru.a(encode_utf16.o)
 .debug_loc     0x0000000000008e57       0x23 /usr/local/devkitPro/libctru/lib/libctru.a(syscalls.o)
 .debug_loc     0x0000000000008e7a      0x1bf /usr/local/devkitPro/libctru/lib/libctru.a(mappable.o)
 .debug_loc     0x0000000000009039      0x393 /usr/local/devkitPro/libctru/lib/libctru.a(thread.o)
 .debug_loc     0x00000000000093cc      0x10d /usr/local/devkitPro/libctru/lib/libctru.a(rbtree_find.o)
 .debug_loc     0x00000000000094d9      0x4b5 /usr/local/devkitPro/libctru/lib/libctru.a(rbtree_remove.o)
 .debug_loc     0x000000000000998e      0x39c /usr/local/devkitPro/libctru/lib/libctru.a(rbtree_iterator.o)
 .debug_loc     0x0000000000009d2a       0x8e /usr/local/devkitPro/libctru/lib/libctru.a(rbtree_rotate.o)
 .debug_loc     0x0000000000009db8      0x397 /usr/local/devkitPro/libctru/lib/libctru.a(rbtree_insert.o)
 .debug_loc     0x000000000000a14f       0xc4 /usr/local/devkitPro/libctru/lib/libctru.a(decode_utf16.o)
 .debug_loc     0x000000000000a213      0x978 /usr/local/devkitPro/libctru/lib/libctru.a(mem_pool.o)

.debug_macinfo
 *(.debug_macinfo)
LOAD /usr/local/devkitPro/devkitARM/bin/../lib/gcc/arm-none-eabi/6.3.0/../../../../arm-none-eabi/lib/armv6k/fpu/3dsx_crt0.o
LOAD /usr/local/devkitPro/devkitARM/bin/../lib/gcc/arm-none-eabi/6.3.0/armv6k/fpu/crti.o
LOAD /usr/local/devkitPro/devkitARM/bin/../lib/gcc/arm-none-eabi/6.3.0/armv6k/fpu/crtbegin.o
LOAD /usr/local/devkitPro/libctru/lib/libsf2d.a
LOAD /usr/local/devkitPro/libctru/lib/libcitro3d.a
LOAD /usr/local/devkitPro/libctru/lib/libctru.a
LOAD /usr/local/devkitPro/devkitARM/bin/../lib/gcc/arm-none-eabi/6.3.0/../../../../arm-none-eabi/lib/armv6k/fpu/libm.a
START GROUP
LOAD /usr/local/devkitPro/devkitARM/bin/../lib/gcc/arm-none-eabi/6.3.0/armv6k/fpu/libgcc.a
LOAD /usr/local/devkitPro/devkitARM/bin/../lib/gcc/arm-none-eabi/6.3.0/../../../../arm-none-eabi/lib/armv6k/fpu/libg.a
LOAD /usr/local/devkitPro/devkitARM/bin/../lib/gcc/arm-none-eabi/6.3.0/../../../../arm-none-eabi/lib/armv6k/fpu/libc.a
LOAD /usr/local/devkitPro/devkitARM/bin/../lib/gcc/arm-none-eabi/6.3.0/../../../../arm-none-eabi/lib/armv6k/fpu/libsysbase.a
END GROUP
LOAD /usr/local/devkitPro/devkitARM/bin/../lib/gcc/arm-none-eabi/6.3.0/armv6k/fpu/crtend.o
LOAD /usr/local/devkitPro/devkitARM/bin/../lib/gcc/arm-none-eabi/6.3.0/armv6k/fpu/crtn.o
OUTPUT(/media/sf_C/NewHappyLand/sf2d_sample.elf elf32-littlearm)

.ARM.attributes
                0x0000000000000000       0x30
 .ARM.attributes
                0x0000000000000000       0x1e /usr/local/devkitPro/devkitARM/bin/../lib/gcc/arm-none-eabi/6.3.0/../../../../arm-none-eabi/lib/armv6k/fpu/3dsx_crt0.o
 .ARM.attributes
                0x000000000000001e       0x1c /usr/local/devkitPro/devkitARM/bin/../lib/gcc/arm-none-eabi/6.3.0/armv6k/fpu/crti.o
 .ARM.attributes
                0x000000000000003a       0x30 /usr/local/devkitPro/devkitARM/bin/../lib/gcc/arm-none-eabi/6.3.0/armv6k/fpu/crtbegin.o
 .ARM.attributes
                0x000000000000006a       0x30 /usr/local/devkitPro/libctru/lib/libctru.a(initArgv.o)
 .ARM.attributes
                0x000000000000009a       0x1a /usr/local/devkitPro/libctru/lib/libctru.a(stack_adjust.o)
 .ARM.attributes
                0x00000000000000b4       0x30 /usr/local/devkitPro/libctru/lib/libctru.a(ctru_exit.o)
 .ARM.attributes
                0x00000000000000e4       0x30 /usr/local/devkitPro/libctru/lib/libctru.a(appExit.o)
 .ARM.attributes
                0x0000000000000114       0x30 /usr/local/devkitPro/libctru/lib/libctru.a(allocateHeaps.o)
 .ARM.attributes
                0x0000000000000144       0x30 /usr/local/devkitPro/libctru/lib/libctru.a(appInit.o)
 .ARM.attributes
                0x0000000000000174       0x30 /usr/local/devkitPro/libctru/lib/libctru.a(initSystem.o)
 .ARM.attributes
                0x00000000000001a4       0x1a /usr/local/devkitPro/libctru/lib/libctru.a(svc.o)
 .ARM.attributes
                0x00000000000001be       0x30 /usr/local/devkitPro/libctru/lib/libctru.a(sdmc_dev.o)
 .ARM.attributes
                0x00000000000001ee       0x30 /usr/local/devkitPro/libctru/lib/libctru.a(srv.o)
 .ARM.attributes
                0x000000000000021e       0x30 /usr/local/devkitPro/libctru/lib/libctru.a(os.o)
 .ARM.attributes
                0x000000000000024e       0x30 /usr/local/devkitPro/libctru/lib/libctru.a(env.o)
 .ARM.attributes
                0x000000000000027e       0x30 /usr/local/devkitPro/libctru/lib/libctru.a(synchronization.o)
 .ARM.attributes
                0x00000000000002ae       0x30 /usr/local/devkitPro/libctru/lib/libctru.a(fs.o)
 .ARM.attributes
                0x00000000000002de       0x30 /usr/local/devkitPro/libctru/lib/libctru.a(ptmsysm.o)
 .ARM.attributes
                0x000000000000030e       0x30 /usr/local/devkitPro/libctru/lib/libctru.a(hid.o)
 .ARM.attributes
                0x000000000000033e       0x30 /usr/local/devkitPro/libctru/lib/libctru.a(apt.o)
 .ARM.attributes
                0x000000000000036e       0x30 /usr/local/devkitPro/libctru/lib/libctru.a(gspgpu.o)
 .ARM.attributes
                0x000000000000039e       0x30 /usr/local/devkitPro/libctru/lib/libctru.a(irrst.o)
 .ARM.attributes
                0x00000000000003ce       0x30 /usr/local/devkitPro/libctru/lib/libctru.a(utf8_to_utf16.o)
 .ARM.attributes
                0x00000000000003fe       0x30 /usr/local/devkitPro/libctru/lib/libctru.a(decode_utf8.o)
 .ARM.attributes
                0x000000000000042e       0x30 /usr/local/devkitPro/libctru/lib/libctru.a(utf16_to_utf8.o)
 .ARM.attributes
                0x000000000000045e       0x30 /usr/local/devkitPro/libctru/lib/libctru.a(encode_utf8.o)
 .ARM.attributes
                0x000000000000048e       0x30 /usr/local/devkitPro/libctru/lib/libctru.a(encode_utf16.o)
 .ARM.attributes
                0x00000000000004be       0x30 /usr/local/devkitPro/libctru/lib/libctru.a(syscalls.o)
 .ARM.attributes
                0x00000000000004ee       0x1a /usr/local/devkitPro/libctru/lib/libctru.a(readtp.o)
 .ARM.attributes
                0x0000000000000508       0x30 /usr/local/devkitPro/libctru/lib/libctru.a(mappable.o)
 .ARM.attributes
                0x0000000000000538       0x30 /usr/local/devkitPro/libctru/lib/libctru.a(thread.o)
 .ARM.attributes
                0x0000000000000568       0x30 /usr/local/devkitPro/libctru/lib/libctru.a(rbtree_find.o)
 .ARM.attributes
                0x0000000000000598       0x30 /usr/local/devkitPro/libctru/lib/libctru.a(rbtree_remove.o)
 .ARM.attributes
                0x00000000000005c8       0x30 /usr/local/devkitPro/libctru/lib/libctru.a(rbtree_iterator.o)
 .ARM.attributes
                0x00000000000005f8       0x30 /usr/local/devkitPro/libctru/lib/libctru.a(rbtree_rotate.o)
 .ARM.attributes
                0x0000000000000628       0x30 /usr/local/devkitPro/libctru/lib/libctru.a(rbtree_insert.o)
 .ARM.attributes
                0x0000000000000658       0x30 /usr/local/devkitPro/libctru/lib/libctru.a(rbtree_init.o)
 .ARM.attributes
                0x0000000000000688       0x30 /usr/local/devkitPro/libctru/lib/libctru.a(decode_utf16.o)
 .ARM.attributes
                0x00000000000006b8       0x30 /usr/local/devkitPro/libctru/lib/libctru.a(mem_pool.o)
 .ARM.attributes
                0x00000000000006e8       0x1c /usr/local/devkitPro/devkitARM/bin/../lib/gcc/arm-none-eabi/6.3.0/armv6k/fpu/libgcc.a(_dvmd_tls.o)
 .ARM.attributes
                0x0000000000000704       0x30 /usr/local/devkitPro/devkitARM/bin/../lib/gcc/arm-none-eabi/6.3.0/../../../../arm-none-eabi/lib/armv6k/fpu/libg.a(lib_a-bsearch.o)
 .ARM.attributes
                0x0000000000000734       0x30 /usr/local/devkitPro/devkitARM/bin/../lib/gcc/arm-none-eabi/6.3.0/../../../../arm-none-eabi/lib/armv6k/fpu/libg.a(lib_a-fini.o)
 .ARM.attributes
                0x0000000000000764       0x2e /usr/local/devkitPro/devkitARM/bin/../lib/gcc/arm-none-eabi/6.3.0/../../../../arm-none-eabi/lib/armv6k/fpu/libg.a(lib_a-impure.o)
 .ARM.attributes
                0x0000000000000792       0x30 /usr/local/devkitPro/devkitARM/bin/../lib/gcc/arm-none-eabi/6.3.0/../../../../arm-none-eabi/lib/armv6k/fpu/libg.a(lib_a-init.o)
 .ARM.attributes
                0x00000000000007c2       0x30 /usr/local/devkitPro/devkitARM/bin/../lib/gcc/arm-none-eabi/6.3.0/../../../../arm-none-eabi/lib/armv6k/fpu/libg.a(lib_a-malign.o)
 .ARM.attributes
                0x00000000000007f2       0x30 /usr/local/devkitPro/devkitARM/bin/../lib/gcc/arm-none-eabi/6.3.0/../../../../arm-none-eabi/lib/armv6k/fpu/libg.a(lib_a-malignr.o)
 .ARM.attributes
                0x0000000000000822       0x30 /usr/local/devkitPro/devkitARM/bin/../lib/gcc/arm-none-eabi/6.3.0/../../../../arm-none-eabi/lib/armv6k/fpu/libg.a(lib_a-malloc.o)
 .ARM.attributes
                0x0000000000000852       0x30 /usr/local/devkitPro/devkitARM/bin/../lib/gcc/arm-none-eabi/6.3.0/../../../../arm-none-eabi/lib/armv6k/fpu/libg.a(lib_a-mallocr.o)
 .ARM.attributes
                0x0000000000000882       0x30 /usr/local/devkitPro/devkitARM/bin/../lib/gcc/arm-none-eabi/6.3.0/../../../../arm-none-eabi/lib/armv6k/fpu/libg.a(lib_a-memcpy-stub.o)
 .ARM.attributes
                0x00000000000008b2       0x30 /usr/local/devkitPro/devkitARM/bin/../lib/gcc/arm-none-eabi/6.3.0/../../../../arm-none-eabi/lib/armv6k/fpu/libg.a(lib_a-memset.o)
 .ARM.attributes
                0x00000000000008e2       0x30 /usr/local/devkitPro/devkitARM/bin/../lib/gcc/arm-none-eabi/6.3.0/../../../../arm-none-eabi/lib/armv6k/fpu/libg.a(lib_a-mlock.o)
 .ARM.attributes
                0x0000000000000912       0x30 /usr/local/devkitPro/devkitARM/bin/../lib/gcc/arm-none-eabi/6.3.0/../../../../arm-none-eabi/lib/armv6k/fpu/libg.a(lib_a-strlen-stub.o)
 .ARM.attributes
                0x0000000000000942       0x30 /usr/local/devkitPro/devkitARM/bin/../lib/gcc/arm-none-eabi/6.3.0/../../../../arm-none-eabi/lib/armv6k/fpu/libg.a(lib_a-strncat.o)
 .ARM.attributes
                0x0000000000000972       0x30 /usr/local/devkitPro/devkitARM/bin/../lib/gcc/arm-none-eabi/6.3.0/../../../../arm-none-eabi/lib/armv6k/fpu/libg.a(lib_a-strncpy.o)
 .ARM.attributes
                0x00000000000009a2       0x30 /usr/local/devkitPro/devkitARM/bin/../lib/gcc/arm-none-eabi/6.3.0/../../../../arm-none-eabi/lib/armv6k/fpu/libg.a(lib_a-freer.o)
 .ARM.attributes
                0x00000000000009d2       0x30 /usr/local/devkitPro/devkitARM/bin/../lib/gcc/arm-none-eabi/6.3.0/../../../../arm-none-eabi/lib/armv6k/fpu/libsysbase.a(iosupport.o)
 .ARM.attributes
                0x0000000000000a02       0x30 /usr/local/devkitPro/devkitARM/bin/../lib/gcc/arm-none-eabi/6.3.0/../../../../arm-none-eabi/lib/armv6k/fpu/libsysbase.a(sbrk.o)
 .ARM.attributes
                0x0000000000000a32       0x2e /usr/local/devkitPro/devkitARM/bin/../lib/gcc/arm-none-eabi/6.3.0/../../../../arm-none-eabi/lib/armv6k/fpu/libsysbase.a(malloc_vars.o)
 .ARM.attributes
                0x0000000000000a60       0x30 /usr/local/devkitPro/devkitARM/bin/../lib/gcc/arm-none-eabi/6.3.0/../../../../arm-none-eabi/lib/armv6k/fpu/libsysbase.a(chdir.o)
 .ARM.attributes
                0x0000000000000a90       0x30 /usr/local/devkitPro/devkitARM/bin/../lib/gcc/arm-none-eabi/6.3.0/../../../../arm-none-eabi/lib/armv6k/fpu/libsysbase.a(syscall_support.o)
 .ARM.attributes
                0x0000000000000ac0       0x30 /usr/local/devkitPro/devkitARM/bin/../lib/gcc/arm-none-eabi/6.3.0/../../../../arm-none-eabi/lib/armv6k/fpu/libsysbase.a(getreent.o)
 .ARM.attributes
                0x0000000000000af0       0x1c /usr/local/devkitPro/devkitARM/bin/../lib/gcc/arm-none-eabi/6.3.0/armv6k/fpu/libgcc.a(_udivsi3.o)
 .ARM.attributes
                0x0000000000000b0c       0x30 /usr/local/devkitPro/devkitARM/bin/../lib/gcc/arm-none-eabi/6.3.0/../../../../arm-none-eabi/lib/armv6k/fpu/libg.a(lib_a-locale.o)
 .ARM.attributes
                0x0000000000000b3c       0x30 /usr/local/devkitPro/devkitARM/bin/../lib/gcc/arm-none-eabi/6.3.0/../../../../arm-none-eabi/lib/armv6k/fpu/libg.a(lib_a-mbtowc_r.o)
 .ARM.attributes
                0x0000000000000b6c       0x30 /usr/local/devkitPro/devkitARM/bin/../lib/gcc/arm-none-eabi/6.3.0/../../../../arm-none-eabi/lib/armv6k/fpu/libg.a(lib_a-strchr.o)
 .ARM.attributes